[20:22:41] ============================================================
[20:22:41]  auto_loop.py — 全自动调优编排器
[20:22:41] ============================================================
[20:22:41]  Log:        D:\download\BlastGame\hermes\auto-log\20260806_202241.log
[20:22:41]  Levels:     [102, 130, 132, 153, 154]
[20:22:41]  Tiers:      [1, 2, 3, 4, 5]
[20:22:41]  Games/tier: 400
[20:22:41]  Strategy:   scoring_opt_vg
[20:22:41]  Max rounds: 6
[20:22:41]  Unity EXE:  C:\Program Files\Unity\Hub\Editor\6000.0.60f1\Editor\Unity.exe
[20:22:41]  Repo:       C:\Users\Administrator\Documents\BlastGame
[20:22:41] 
[20:22:41] [Auto-recovery] 检查 Unity 进程...
[20:22:41]   无 Unity 进程
[20:22:41] 
[20:22:41] ————————————————————————————————————————————————————————————
[20:22:41]  ROUND 1/6
[20:22:41]  Pending (5): 102, 130, 132, 153, 154
[20:22:41] ————————————————————————————————————————————————————————————
[20:22:41] 
[20:22:41] [Phase 1/5] agent_analyze → combo + design_probes
[20:22:41]   CMD [attempt 1/2]: D:\software\Python 3.13.2\python.exe -X utf8 D:\download\BlastGame\hermes\tools\planner.py --levels 102,130,132,153,154 --output json
[20:22:45]   L102: 5 probes, judge=合格, combo quality=48.1
[20:22:45]   L102: 5/5 tiers configured
[20:22:45]   L130: 5 probes, judge=合格, combo quality=45.4
[20:22:45]   L130: 5/5 tiers configured
[20:22:45]   L132: 5 probes, judge=不合格, combo quality=71.8
[20:22:45]   L132: 5/5 tiers configured
[20:22:45]   L153: 5 probes, judge=不合格, combo quality=68.0
[20:22:45]   L153: 5/5 tiers configured
[20:22:45]   L154: 5 probes, judge=接近, combo quality=36.6
[20:22:45]   L154: 5/5 tiers configured
[20:22:45] [Phase 2/5] apply_probes → write asset
[20:22:45]   probe_configs.json updated: 5 levels
[20:22:45]   CMD [attempt 1/2]: D:\software\Python 3.13.2\python.exe -X utf8 D:\download\BlastGame\hermes\tools\apply_probes.py 102,130,132,153,154
[20:22:45]     L130: ✅ Warden 通过 (5槽完整)
[20:22:45]     L130: ✅ 写入成功
[20:22:45]     L132: ✅ Warden 通过 (5槽完整)
[20:22:45]     L132: ✅ 写入成功
[20:22:45]     L153: ✅ Warden 通过 (5槽完整)
[20:22:45]     L153: ✅ 写入成功
[20:22:45]     L154: ✅ Warden 通过 (5槽完整)
[20:22:45]     L154: ✅ 写入成功
[20:22:45]     ✅ 全部完成
[20:22:45] [Preflight] asset & config check...
[20:22:45]   ✅ Preflight passed
[20:22:45] [Warden] pre-batch check...
[20:22:45]   ✅ Warden passed
[20:22:45] [Phase 3/5] submit_batch_unity → Unity bot batch
[20:22:45]   adaptive_stop=ON (round 1/6)
[20:22:45]   Submitting Unity batch: 5 levels × 5 tiers, timeout=7500s (125min)
[20:22:45]   CMD [attempt 1/2]: D:\software\Python 3.13.2\python.exe -X utf8 D:\download\BlastGame\hermes\scripts\submit_batch_unity.py 102,130,132,153,154 --tiers 1,2,3,4,5 --games 400 --strategy scoring_opt_vg --yes --skip-agent-pipeline --adaptive-stop
