[12:19:49] ============================================================
[12:19:49]  auto_loop.py — 全自动调优编排器
[12:19:49] ============================================================
[12:19:49]  Log:        D:\download\BlastGame\hermes\auto-log\20260731_121949.log
[12:19:49]  Levels:     [136, 176]
[12:19:49]  Tiers:      [1, 2, 3, 4, 5]
[12:19:49]  Games/tier: 400
[12:19:49]  Strategy:   scoring_opt_vg
[12:19:49]  Max rounds: 6
[12:19:49]  Unity EXE:  C:\Program Files\Unity\Hub\Editor\6000.0.60f1\Editor\Unity.exe
[12:19:49]  Repo:       C:\Users\Administrator\Documents\BlastGame
[12:19:49] 
[12:19:49] 
[12:19:49] ————————————————————————————————————————————————————————————
[12:19:49]  ROUND 1/6
[12:19:49]  Pending (2): 136, 176
[12:19:49] ————————————————————————————————————————————————————————————
[12:19:49] 
[12:19:49] [Phase 1/5] agent_analyze → combo + design_probes
[12:19:49]   CMD [attempt 1/2]: C:\Users\Administrator\AppData\Local\hermes\hermes-agent\venv\Scripts\python.exe -X utf8 D:\download\BlastGame\hermes\tools\agent_analyze.py --levels 136,176 --filter-verified --output json
[12:19:50]   L136: 5 probes, combo quality=55.5
[12:19:50]   L136: 5/5 tiers configured
[12:19:50]   L176: 5 probes, combo quality=46.8
[12:19:50]   L176: 5/5 tiers configured
[12:19:50] [Phase 2/5] apply_probes → write asset
[12:19:50]   probe_configs.json updated: 2 levels
[12:19:50]   CMD [attempt 1/2]: C:\Users\Administrator\AppData\Local\hermes\hermes-agent\venv\Scripts\python.exe -X utf8 D:\download\BlastGame\hermes\tools\apply_probes.py 136,176
[12:19:50]     L136: ✅ 写入成功
[12:19:50]     L176: ✅ 写入成功
[12:19:50]     ✅ 全部完成
[12:19:50] [Phase 3/5] submit_batch_unity → Unity bot batch
[12:19:50]   Submitting Unity batch: 2 levels × 5 tiers, timeout=7200s (120min)
[12:19:50]   CMD [attempt 1/2]: C:\Users\Administrator\AppData\Local\hermes\hermes-agent\venv\Scripts\python.exe -X utf8 D:\download\BlastGame\hermes\scripts\submit_batch_unity.py 136,176 --tiers 1,2,3,4,5 --games 400 --strategy scoring_opt_vg --yes
[12:35:06]   Unity batch completed
[12:35:06]     === DONE ===
[12:35:06] [Phase 4/5] dump_level_pools → refresh stage-data
[12:35:06]   CMD [attempt 1/2]: C:\Users\Administrator\AppData\Local\hermes\hermes-agent\venv\Scripts\python.exe -X utf8 D:\download\BlastGame\hermes\tools\dump_level_pools.py
[12:35:14]     可靠池覆盖分布:
[12:35:14]     ✅ D:\download\BlastGame\hermes\stage-data\_summary.json
[12:35:14]     总计: 150 关, 1334 条可靠, 1823 条参考
[12:35:14]     ✅ 完成！stage-data 已更新。
[12:35:14] [Phase 5/5] judge_level → review & verdict
[12:35:14]   ✅ L136 [normal] r0/6: 合格 — 入库 — 97.0% → 97.0% → 80.0% → 66.8% → 66.8%
[12:35:14]     • T3→T5 gap=13.2<15pp
[12:35:14]   🔄 L176 [normal] r1/6: 不合格 — 下一轮(1/6) — 84.2% → 84.2% → 72.2% → 60.0% → 60.0%
[12:35:14]     • T1→T3 gap=12.0<15pp
[12:35:14]     • T3→T5 gap=12.2<15pp
[12:35:14]   ✅ L136 PASSED → 已入库 (round 1)
[12:35:14]   Round 1 done: 1 passed, 1 pending, 0 failed
[12:35:14] 
[12:35:14] ————————————————————————————————————————————————————————————
[12:35:14]  ROUND 2/6
[12:35:14]  Pending (1): 176
[12:35:14] ————————————————————————————————————————————————————————————
[12:35:14] 
[12:35:14] [Phase 1/5] agent_analyze → combo + design_probes
[12:35:14]   CMD [attempt 1/2]: C:\Users\Administrator\AppData\Local\hermes\hermes-agent\venv\Scripts\python.exe -X utf8 D:\download\BlastGame\hermes\tools\agent_analyze.py --levels 176 --filter-verified --output json
[12:35:15]   L176: 5 probes, combo quality=46.8
[12:35:15]   L176: 5/5 tiers configured
[12:35:15] [Phase 2/5] apply_probes → write asset
[12:35:15]   probe_configs.json updated: 1 levels
[12:35:15]   CMD [attempt 1/2]: C:\Users\Administrator\AppData\Local\hermes\hermes-agent\venv\Scripts\python.exe -X utf8 D:\download\BlastGame\hermes\tools\apply_probes.py 176
[12:35:15]     L176: ✅ 写入成功
[12:35:15]     ✅ 全部完成
[12:35:15] [Phase 3/5] submit_batch_unity → Unity bot batch
[12:35:15]   Submitting Unity batch: 1 levels × 5 tiers, timeout=7200s (120min)
[12:35:15]   CMD [attempt 1/2]: C:\Users\Administrator\AppData\Local\hermes\hermes-agent\venv\Scripts\python.exe -X utf8 D:\download\BlastGame\hermes\scripts\submit_batch_unity.py 176 --tiers 1,2,3,4,5 --games 400 --strategy scoring_opt_vg --yes
[12:42:02]   Unity batch completed
[12:42:02]     === DONE ===
[12:42:02] [Phase 4/5] dump_level_pools → refresh stage-data
[12:42:02]   CMD [attempt 1/2]: C:\Users\Administrator\AppData\Local\hermes\hermes-agent\venv\Scripts\python.exe -X utf8 D:\download\BlastGame\hermes\tools\dump_level_pools.py
[12:42:04]     可靠池覆盖分布:
[12:42:04]     ✅ D:\download\BlastGame\hermes\stage-data\_summary.json
[12:42:04]     总计: 150 关, 1334 条可靠, 1823 条参考
[12:42:04]     ✅ 完成！stage-data 已更新。
[12:42:04] [Phase 5/5] judge_level → review & verdict
[12:42:04]   🔄 L176 [normal] r2/6: 不合格 — 下一轮(2/6) — 84.2% → 84.2% → 72.2% → 60.0% → 60.0%
[12:42:04]     • T1→T3 gap=12.0<15pp
[12:42:04]     • T3→T5 gap=12.2<15pp
[12:42:04]   Round 2 done: 1 passed, 1 pending, 0 failed
[12:42:04] 
[12:42:04] ————————————————————————————————————————————————————————————
[12:42:04]  ROUND 3/6
[12:42:04]  Pending (1): 176
[12:42:04] ————————————————————————————————————————————————————————————
[12:42:04] 
[12:42:04] [Phase 1/5] agent_analyze → combo + design_probes
[12:42:04]   CMD [attempt 1/2]: C:\Users\Administrator\AppData\Local\hermes\hermes-agent\venv\Scripts\python.exe -X utf8 D:\download\BlastGame\hermes\tools\agent_analyze.py --levels 176 --filter-verified --output json
[12:42:05]   L176: 5 probes, combo quality=46.8
[12:42:05]   L176: 5/5 tiers configured
[12:42:05] [Phase 2/5] apply_probes → write asset
[12:42:05]   probe_configs.json updated: 1 levels
[12:42:05]   CMD [attempt 1/2]: C:\Users\Administrator\AppData\Local\hermes\hermes-agent\venv\Scripts\python.exe -X utf8 D:\download\BlastGame\hermes\tools\apply_probes.py 176
[12:42:05]     L176: ✅ 写入成功
[12:42:05]     ✅ 全部完成
[12:42:05] [Phase 3/5] submit_batch_unity → Unity bot batch
[12:42:05]   Submitting Unity batch: 1 levels × 5 tiers, timeout=7200s (120min)
[12:42:05]   CMD [attempt 1/2]: C:\Users\Administrator\AppData\Local\hermes\hermes-agent\venv\Scripts\python.exe -X utf8 D:\download\BlastGame\hermes\scripts\submit_batch_unity.py 176 --tiers 1,2,3,4,5 --games 400 --strategy scoring_opt_vg --yes
[12:48:51]   Unity batch completed
[12:48:51]     === DONE ===
[12:48:51] [Phase 4/5] dump_level_pools → refresh stage-data
[12:48:51]   CMD [attempt 1/2]: C:\Users\Administrator\AppData\Local\hermes\hermes-agent\venv\Scripts\python.exe -X utf8 D:\download\BlastGame\hermes\tools\dump_level_pools.py
[12:48:54]     可靠池覆盖分布:
[12:48:54]     ✅ D:\download\BlastGame\hermes\stage-data\_summary.json
[12:48:54]     总计: 150 关, 1334 条可靠, 1823 条参考
[12:48:54]     ✅ 完成！stage-data 已更新。
[12:48:54] [Phase 5/5] judge_level → review & verdict
[12:48:54]   🔄 L176 [normal] r3/6: 不合格 — 下一轮(3/6) — 84.2% → 84.2% → 72.2% → 60.0% → 60.0%
[12:48:54]     • T1→T3 gap=12.0<15pp
[12:48:54]     • T3→T5 gap=12.2<15pp
[12:48:54]   Round 3 done: 1 passed, 1 pending, 0 failed
[12:48:54] 
[12:48:54] ————————————————————————————————————————————————————————————
[12:48:54]  ROUND 4/6
[12:48:54]  Pending (1): 176
[12:48:54] ————————————————————————————————————————————————————————————
[12:48:54] 
[12:48:54] [Phase 1/5] agent_analyze → combo + design_probes
[12:48:54]   CMD [attempt 1/2]: C:\Users\Administrator\AppData\Local\hermes\hermes-agent\venv\Scripts\python.exe -X utf8 D:\download\BlastGame\hermes\tools\agent_analyze.py --levels 176 --filter-verified --output json
[12:48:54]   L176: 5 probes, combo quality=46.8
[12:48:54]   L176: 5/5 tiers configured
[12:48:54] [Phase 2/5] apply_probes → write asset
[12:48:54]   probe_configs.json updated: 1 levels
[12:48:54]   CMD [attempt 1/2]: C:\Users\Administrator\AppData\Local\hermes\hermes-agent\venv\Scripts\python.exe -X utf8 D:\download\BlastGame\hermes\tools\apply_probes.py 176
[12:48:54]     L176: ✅ 写入成功
[12:48:54]     ✅ 全部完成
[12:48:54] [Phase 3/5] submit_batch_unity → Unity bot batch
[12:48:54]   Submitting Unity batch: 1 levels × 5 tiers, timeout=7200s (120min)
[12:48:54]   CMD [attempt 1/2]: C:\Users\Administrator\AppData\Local\hermes\hermes-agent\venv\Scripts\python.exe -X utf8 D:\download\BlastGame\hermes\scripts\submit_batch_unity.py 176 --tiers 1,2,3,4,5 --games 400 --strategy scoring_opt_vg --yes
[12:55:44]   Unity batch completed
[12:55:44]     === DONE ===
[12:55:44] [Phase 4/5] dump_level_pools → refresh stage-data
[12:55:44]   CMD [attempt 1/2]: C:\Users\Administrator\AppData\Local\hermes\hermes-agent\venv\Scripts\python.exe -X utf8 D:\download\BlastGame\hermes\tools\dump_level_pools.py
[12:55:46]     可靠池覆盖分布:
[12:55:46]     ✅ D:\download\BlastGame\hermes\stage-data\_summary.json
[12:55:46]     总计: 150 关, 1334 条可靠, 1823 条参考
[12:55:46]     ✅ 完成！stage-data 已更新。
[12:55:46] [Phase 5/5] judge_level → review & verdict
[12:55:46]   🔄 L176 [normal] r4/6: 不合格 — 下一轮(4/6) — 84.2% → 84.2% → 72.2% → 60.0% → 60.0%
[12:55:46]     • T1→T3 gap=12.0<15pp
[12:55:46]     • T3→T5 gap=12.2<15pp
[12:55:46]   Round 4 done: 1 passed, 1 pending, 0 failed
[12:55:46] 
[12:55:46] ————————————————————————————————————————————————————————————
[12:55:46]  ROUND 5/6
[12:55:46]  Pending (1): 176
[12:55:46] ————————————————————————————————————————————————————————————
[12:55:46] 
[12:55:46] [Phase 1/5] agent_analyze → combo + design_probes
[12:55:46]   CMD [attempt 1/2]: C:\Users\Administrator\AppData\Local\hermes\hermes-agent\venv\Scripts\python.exe -X utf8 D:\download\BlastGame\hermes\tools\agent_analyze.py --levels 176 --filter-verified --output json
[12:55:47]   L176: 5 probes, combo quality=46.8
[12:55:47]   L176: 5/5 tiers configured
[12:55:47] [Phase 2/5] apply_probes → write asset
[12:55:47]   probe_configs.json updated: 1 levels
[12:55:47]   CMD [attempt 1/2]: C:\Users\Administrator\AppData\Local\hermes\hermes-agent\venv\Scripts\python.exe -X utf8 D:\download\BlastGame\hermes\tools\apply_probes.py 176
[12:55:47]     L176: ✅ 写入成功
[12:55:47]     ✅ 全部完成
[12:55:47] [Phase 3/5] submit_batch_unity → Unity bot batch
[12:55:47]   Submitting Unity batch: 1 levels × 5 tiers, timeout=7200s (120min)
[12:55:47]   CMD [attempt 1/2]: C:\Users\Administrator\AppData\Local\hermes\hermes-agent\venv\Scripts\python.exe -X utf8 D:\download\BlastGame\hermes\scripts\submit_batch_unity.py 176 --tiers 1,2,3,4,5 --games 400 --strategy scoring_opt_vg --yes
[13:02:28]   Unity batch completed
[13:02:28]     === DONE ===
[13:02:28] [Phase 4/5] dump_level_pools → refresh stage-data
[13:02:28]   CMD [attempt 1/2]: C:\Users\Administrator\AppData\Local\hermes\hermes-agent\venv\Scripts\python.exe -X utf8 D:\download\BlastGame\hermes\tools\dump_level_pools.py
[13:02:30]     可靠池覆盖分布:
[13:02:30]     ✅ D:\download\BlastGame\hermes\stage-data\_summary.json
[13:02:30]     总计: 150 关, 1334 条可靠, 1823 条参考
[13:02:30]     ✅ 完成！stage-data 已更新。
[13:02:30] [Phase 5/5] judge_level → review & verdict
[13:02:30]   🔄 L176 [normal] r5/6: 不合格 — 下一轮(5/6) — 84.2% → 84.2% → 72.2% → 60.0% → 60.0%
[13:02:30]     • T1→T3 gap=12.0<15pp
[13:02:30]     • T3→T5 gap=12.2<15pp
[13:02:30]   Round 5 done: 1 passed, 1 pending, 0 failed
[13:02:30] 
[13:02:30] ————————————————————————————————————————————————————————————
[13:02:30]  ROUND 6/6
[13:02:30]  Pending (1): 176
[13:02:30] ————————————————————————————————————————————————————————————
[13:02:30] 
[13:02:30] [Phase 1/5] agent_analyze → combo + design_probes
[13:02:30]   CMD [attempt 1/2]: C:\Users\Administrator\AppData\Local\hermes\hermes-agent\venv\Scripts\python.exe -X utf8 D:\download\BlastGame\hermes\tools\agent_analyze.py --levels 176 --filter-verified --output json
[13:02:31]   L176: 5 probes, combo quality=46.8
[13:02:31]   L176: 5/5 tiers configured
[13:02:31] [Phase 2/5] apply_probes → write asset
[13:02:31]   probe_configs.json updated: 1 levels
[13:02:31]   CMD [attempt 1/2]: C:\Users\Administrator\AppData\Local\hermes\hermes-agent\venv\Scripts\python.exe -X utf8 D:\download\BlastGame\hermes\tools\apply_probes.py 176
[13:02:31]     L176: ✅ 写入成功
[13:02:31]     ✅ 全部完成
[13:02:31] [Phase 3/5] submit_batch_unity → Unity bot batch
[13:02:31]   Submitting Unity batch: 1 levels × 5 tiers, timeout=7200s (120min)
[13:02:31]   CMD [attempt 1/2]: C:\Users\Administrator\AppData\Local\hermes\hermes-agent\venv\Scripts\python.exe -X utf8 D:\download\BlastGame\hermes\scripts\submit_batch_unity.py 176 --tiers 1,2,3,4,5 --games 400 --strategy scoring_opt_vg --yes
[13:09:18]   Unity batch completed
[13:09:18]     === DONE ===
[13:09:18] [Phase 4/5] dump_level_pools → refresh stage-data
[13:09:18]   CMD [attempt 1/2]: C:\Users\Administrator\AppData\Local\hermes\hermes-agent\venv\Scripts\python.exe -X utf8 D:\download\BlastGame\hermes\tools\dump_level_pools.py
[13:09:21]     可靠池覆盖分布:
[13:09:21]     ✅ D:\download\BlastGame\hermes\stage-data\_summary.json
[13:09:21]     总计: 150 关, 1334 条可靠, 1823 条参考
[13:09:21]     ✅ 完成！stage-data 已更新。
[13:09:21] [Phase 5/5] judge_level → review & verdict
[13:09:21]   🔄 L176 [normal] r5/6: 不合格 — 改关卡 — 84.2% → 84.2% → 72.2% → 60.0% → 60.0%
[13:09:21]     • T1→T3 gap=12.0<15pp
[13:09:21]     • T3→T5 gap=12.2<15pp
[13:09:21]   Round 6 done: 1 passed, 1 pending, 0 failed
[13:09:21] 
[13:09:21] ============================================================
[13:09:21]  FINAL SUMMARY
[13:09:21] ============================================================
[13:09:21]  ✅ Passed (入库):  1 levels
[13:09:21]     L136 [normal] r0  97.0% → 97.0% → 80.0% → 66.8% → 66.8%
[13:09:21]  ❌ Failed (改关卡): 0 levels
[13:09:21]  ⚠ Errors:           0 levels
[13:09:21]  🔄 Still pending:    1 levels
[13:09:21]     L176
[13:09:21] 
[13:09:21]  Full log: D:\download\BlastGame\hermes\auto-log\20260731_121949.log
