[09:54:47] ============================================================
[09:54:47]  auto_loop.py — 全自动调优编排器
[09:54:47] ============================================================
[09:54:47]  Log:        D:\download\BlastGame\hermes\auto-log\20260804_095447.log
[09:54:47]  Levels:     [159, 174, 186, 197]
[09:54:47]  Tiers:      [1, 2, 3, 4, 5]
[09:54:47]  Games/tier: 400
[09:54:47]  Strategy:   scoring_opt_vg
[09:54:47]  Max rounds: 6
[09:54:47]  Unity EXE:  C:\Program Files\Unity\Hub\Editor\6000.0.60f1\Editor\Unity.exe
[09:54:47]  Repo:       C:\Users\Administrator\Documents\BlastGame
[09:54:47] 
[09:54:47] [Auto-recovery] 检查 Unity 进程...
[09:54:48]   无 Unity 进程
[09:54:48] 
[09:54:48] ————————————————————————————————————————————————————————————
[09:54:48]  ROUND 1/6
[09:54:48]  Pending (4): 159, 174, 186, 197
[09:54:48] ————————————————————————————————————————————————————————————
[09:54:48] 
[09:54:48] [Phase 1/5] agent_analyze → combo + design_probes
[09:54:48]   CMD [attempt 1/2]: C:\Users\Administrator\AppData\Local\hermes\hermes-agent\venv\Scripts\python.exe -X utf8 D:\download\BlastGame\hermes\tools\planner.py --levels 159,174,186,197 --output json
[09:54:50]   L159: 5 probes, judge=不合格, combo quality=55.1
[09:54:50]   L159: 5/5 tiers configured
[09:54:50]   L174: 5 probes, judge=不合格, combo quality=100.6
[09:54:50]   L174: 5/5 tiers configured
[09:54:50]   L186: 5 probes, judge=不合格, combo quality=95.6
[09:54:50]   L186: 5/5 tiers configured
[09:54:50]   L197: 5 probes, judge=不合格, combo quality=139.7
[09:54:50]   L197: 5/5 tiers configured
[09:54:50] [Phase 2/5] apply_probes → write asset
[09:54:50]   probe_configs.json updated: 4 levels
[09:54:50]   CMD [attempt 1/2]: C:\Users\Administrator\AppData\Local\hermes\hermes-agent\venv\Scripts\python.exe -X utf8 D:\download\BlastGame\hermes\tools\apply_probes.py 159,174,186,197
[09:54:51]   FAIL (exit=1) attempt 1/2
[09:54:51]   Retrying in 5s...
[09:54:56]   CMD [attempt 2/2]: C:\Users\Administrator\AppData\Local\hermes\hermes-agent\venv\Scripts\python.exe -X utf8 D:\download\BlastGame\hermes\tools\apply_probes.py 159,174,186,197
[09:54:56]   FAIL (exit=1) attempt 2/2
[09:54:56]   All retries exhausted — giving up
[09:54:56]   apply_probes FAILED
[09:54:56]   apply_probes failed — skipping this round
[09:54:56] 
[09:54:56] ————————————————————————————————————————————————————————————
[09:54:56]  ROUND 2/6
[09:54:56]  Pending (4): 159, 174, 186, 197
[09:54:56] ————————————————————————————————————————————————————————————
[09:54:56] 
[09:54:56] [Phase 1/5] agent_analyze → combo + design_probes
[09:54:56]   CMD [attempt 1/2]: C:\Users\Administrator\AppData\Local\hermes\hermes-agent\venv\Scripts\python.exe -X utf8 D:\download\BlastGame\hermes\tools\planner.py --levels 159,174,186,197 --output json
[09:54:59]   L159: 5 probes, judge=不合格, combo quality=55.1
[09:54:59]   L159: 5/5 tiers configured
[09:54:59]   L174: 5 probes, judge=不合格, combo quality=100.6
[09:54:59]   L174: 5/5 tiers configured
[09:54:59]   L186: 5 probes, judge=不合格, combo quality=95.6
[09:54:59]   L186: 5/5 tiers configured
[09:54:59]   L197: 5 probes, judge=不合格, combo quality=139.7
[09:54:59]   L197: 5/5 tiers configured
[09:54:59] [Phase 2/5] apply_probes → write asset
[09:54:59]   probe_configs.json updated: 4 levels
[09:54:59]   CMD [attempt 1/2]: C:\Users\Administrator\AppData\Local\hermes\hermes-agent\venv\Scripts\python.exe -X utf8 D:\download\BlastGame\hermes\tools\apply_probes.py 159,174,186,197
[09:54:59]   FAIL (exit=1) attempt 1/2
[09:54:59]   Retrying in 5s...
[09:55:04]   CMD [attempt 2/2]: C:\Users\Administrator\AppData\Local\hermes\hermes-agent\venv\Scripts\python.exe -X utf8 D:\download\BlastGame\hermes\tools\apply_probes.py 159,174,186,197
[09:55:04]   FAIL (exit=1) attempt 2/2
[09:55:04]   All retries exhausted — giving up
[09:55:04]   apply_probes FAILED
[09:55:04]   apply_probes failed — skipping this round
[09:55:04] 
[09:55:04] ————————————————————————————————————————————————————————————
[09:55:04]  ROUND 3/6
[09:55:04]  Pending (4): 159, 174, 186, 197
[09:55:04] ————————————————————————————————————————————————————————————
[09:55:04] 
[09:55:04] [Phase 1/5] agent_analyze → combo + design_probes
[09:55:04]   CMD [attempt 1/2]: C:\Users\Administrator\AppData\Local\hermes\hermes-agent\venv\Scripts\python.exe -X utf8 D:\download\BlastGame\hermes\tools\planner.py --levels 159,174,186,197 --output json
[09:55:07]   L159: 5 probes, judge=不合格, combo quality=55.1
[09:55:07]   L159: 5/5 tiers configured
[09:55:07]   L174: 5 probes, judge=不合格, combo quality=100.6
[09:55:07]   L174: 5/5 tiers configured
[09:55:07]   L186: 5 probes, judge=不合格, combo quality=95.6
[09:55:07]   L186: 5/5 tiers configured
[09:55:07]   L197: 5 probes, judge=不合格, combo quality=139.7
[09:55:07]   L197: 5/5 tiers configured
[09:55:07] [Phase 2/5] apply_probes → write asset
[09:55:07]   probe_configs.json updated: 4 levels
[09:55:07]   CMD [attempt 1/2]: C:\Users\Administrator\AppData\Local\hermes\hermes-agent\venv\Scripts\python.exe -X utf8 D:\download\BlastGame\hermes\tools\apply_probes.py 159,174,186,197
[09:55:07]   FAIL (exit=1) attempt 1/2
[09:55:07]   Retrying in 5s...
[09:55:12]   CMD [attempt 2/2]: C:\Users\Administrator\AppData\Local\hermes\hermes-agent\venv\Scripts\python.exe -X utf8 D:\download\BlastGame\hermes\tools\apply_probes.py 159,174,186,197
[09:55:12]   FAIL (exit=1) attempt 2/2
[09:55:12]   All retries exhausted — giving up
[09:55:12]   apply_probes FAILED
[09:55:12]   apply_probes failed — skipping this round
[09:55:12] 
[09:55:12] ————————————————————————————————————————————————————————————
[09:55:12]  ROUND 4/6
[09:55:12]  Pending (4): 159, 174, 186, 197
[09:55:12] ————————————————————————————————————————————————————————————
[09:55:12] 
[09:55:12] [Phase 1/5] agent_analyze → combo + design_probes
[09:55:12]   CMD [attempt 1/2]: C:\Users\Administrator\AppData\Local\hermes\hermes-agent\venv\Scripts\python.exe -X utf8 D:\download\BlastGame\hermes\tools\planner.py --levels 159,174,186,197 --output json
[09:55:15]   L159: 5 probes, judge=不合格, combo quality=55.1
[09:55:15]   L159: 5/5 tiers configured
[09:55:15]   L174: 5 probes, judge=不合格, combo quality=100.6
[09:55:15]   L174: 5/5 tiers configured
[09:55:15]   L186: 5 probes, judge=不合格, combo quality=95.6
[09:55:15]   L186: 5/5 tiers configured
[09:55:15]   L197: 5 probes, judge=不合格, combo quality=139.7
[09:55:15]   L197: 5/5 tiers configured
[09:55:15] [Phase 2/5] apply_probes → write asset
[09:55:15]   probe_configs.json updated: 4 levels
[09:55:15]   CMD [attempt 1/2]: C:\Users\Administrator\AppData\Local\hermes\hermes-agent\venv\Scripts\python.exe -X utf8 D:\download\BlastGame\hermes\tools\apply_probes.py 159,174,186,197
[09:55:15]   FAIL (exit=1) attempt 1/2
[09:55:15]   Retrying in 5s...
[09:55:20]   CMD [attempt 2/2]: C:\Users\Administrator\AppData\Local\hermes\hermes-agent\venv\Scripts\python.exe -X utf8 D:\download\BlastGame\hermes\tools\apply_probes.py 159,174,186,197
[09:55:20]   FAIL (exit=1) attempt 2/2
[09:55:20]   All retries exhausted — giving up
[09:55:20]   apply_probes FAILED
[09:55:20]   apply_probes failed — skipping this round
[09:55:20] 
[09:55:20] ————————————————————————————————————————————————————————————
[09:55:20]  ROUND 5/6
[09:55:20]  Pending (4): 159, 174, 186, 197
[09:55:20] ————————————————————————————————————————————————————————————
[09:55:20] 
[09:55:20] [Phase 1/5] agent_analyze → combo + design_probes
[09:55:20]   CMD [attempt 1/2]: C:\Users\Administrator\AppData\Local\hermes\hermes-agent\venv\Scripts\python.exe -X utf8 D:\download\BlastGame\hermes\tools\planner.py --levels 159,174,186,197 --output json
[09:55:23]   L159: 5 probes, judge=不合格, combo quality=55.1
[09:55:23]   L159: 5/5 tiers configured
[09:55:23]   L174: 5 probes, judge=不合格, combo quality=100.6
[09:55:23]   L174: 5/5 tiers configured
[09:55:23]   L186: 5 probes, judge=不合格, combo quality=95.6
[09:55:23]   L186: 5/5 tiers configured
[09:55:23]   L197: 5 probes, judge=不合格, combo quality=139.7
[09:55:23]   L197: 5/5 tiers configured
[09:55:23] [Phase 2/5] apply_probes → write asset
[09:55:23]   probe_configs.json updated: 4 levels
[09:55:23]   CMD [attempt 1/2]: C:\Users\Administrator\AppData\Local\hermes\hermes-agent\venv\Scripts\python.exe -X utf8 D:\download\BlastGame\hermes\tools\apply_probes.py 159,174,186,197
[09:55:23]   FAIL (exit=1) attempt 1/2
[09:55:23]   Retrying in 5s...
[09:55:28]   CMD [attempt 2/2]: C:\Users\Administrator\AppData\Local\hermes\hermes-agent\venv\Scripts\python.exe -X utf8 D:\download\BlastGame\hermes\tools\apply_probes.py 159,174,186,197
[09:55:28]   FAIL (exit=1) attempt 2/2
[09:55:28]   All retries exhausted — giving up
[09:55:28]   apply_probes FAILED
[09:55:28]   apply_probes failed — skipping this round
[09:55:28] 
[09:55:28] ————————————————————————————————————————————————————————————
[09:55:28]  ROUND 6/6
[09:55:28]  Pending (4): 159, 174, 186, 197
[09:55:28] ————————————————————————————————————————————————————————————
[09:55:28] 
[09:55:28] [Phase 1/5] agent_analyze → combo + design_probes
[09:55:28]   CMD [attempt 1/2]: C:\Users\Administrator\AppData\Local\hermes\hermes-agent\venv\Scripts\python.exe -X utf8 D:\download\BlastGame\hermes\tools\planner.py --levels 159,174,186,197 --output json
[09:55:31]   L159: 5 probes, judge=不合格, combo quality=55.1
[09:55:31]   L159: 5/5 tiers configured
[09:55:31]   L174: 5 probes, judge=不合格, combo quality=100.6
[09:55:31]   L174: 5/5 tiers configured
[09:55:31]   L186: 5 probes, judge=不合格, combo quality=95.6
[09:55:31]   L186: 5/5 tiers configured
[09:55:31]   L197: 5 probes, judge=不合格, combo quality=139.7
[09:55:31]   L197: 5/5 tiers configured
[09:55:31] [Phase 2/5] apply_probes → write asset
[09:55:31]   probe_configs.json updated: 4 levels
[09:55:31]   CMD [attempt 1/2]: C:\Users\Administrator\AppData\Local\hermes\hermes-agent\venv\Scripts\python.exe -X utf8 D:\download\BlastGame\hermes\tools\apply_probes.py 159,174,186,197
[09:55:31]   FAIL (exit=1) attempt 1/2
[09:55:31]   Retrying in 5s...
[09:55:36]   CMD [attempt 2/2]: C:\Users\Administrator\AppData\Local\hermes\hermes-agent\venv\Scripts\python.exe -X utf8 D:\download\BlastGame\hermes\tools\apply_probes.py 159,174,186,197
[09:55:36]   FAIL (exit=1) attempt 2/2
[09:55:36]   All retries exhausted — giving up
[09:55:36]   apply_probes FAILED
[09:55:36]   apply_probes failed — skipping this round
[09:55:36] 
[09:55:36] ============================================================
[09:55:36]  FINAL SUMMARY
[09:55:36] ============================================================
[09:55:36]  ✅ Passed (入库):  0 levels
[09:55:36]  ❌ Failed (改关卡): 0 levels
[09:55:36]  ⚠ Errors:           0 levels
[09:55:36]  🔄 Still pending:    4 levels
[09:55:36]     L159
[09:55:36]     L174
[09:55:36]     L186
[09:55:36]     L197
[09:55:36] 
[09:55:36]  Full log: D:\download\BlastGame\hermes\auto-log\20260804_095447.log
[09:55:37]  Curator: pattern analysis complete
