[10:47:22] ============================================================
[10:47:22]  auto_loop.py — 全自动调优编排器
[10:47:22] ============================================================
[10:47:22]  Log:        D:\download\BlastGame\hermes\auto-log\20260805_104722.log
[10:47:22]  Levels:     [154, 162, 165, 176, 182, 198]
[10:47:22]  Tiers:      [1, 2, 3, 4, 5]
[10:47:22]  Games/tier: 400
[10:47:22]  Strategy:   scoring_opt_vg
[10:47:22]  Max rounds: 6
[10:47:22]  Unity EXE:  C:\Program Files\Unity\Hub\Editor\6000.0.60f1\Editor\Unity.exe
[10:47:22]  Repo:       C:\Users\Administrator\Documents\BlastGame
[10:47:22] 
[10:47:22] [Auto-recovery] 检查 Unity 进程...
[10:47:22]   无 Unity 进程
[10:47:22] 
[10:47:22] ————————————————————————————————————————————————————————————
[10:47:22]  ROUND 1/6
[10:47:22]  Pending (6): 154, 162, 165, 176, 182, 198
[10:47:22] ————————————————————————————————————————————————————————————
[10:47:22] 
[10:47:22] [Phase 1/5] agent_analyze → combo + design_probes
[10:47:22]   CMD [attempt 1/2]: C:\Users\Administrator\AppData\Local\hermes\hermes-agent\venv\Scripts\python.exe -X utf8 D:\download\BlastGame\hermes\tools\planner.py --levels 154,162,165,176,182,198 --output json
[10:52:45]   L154: 5 probes, judge=接近, combo quality=56.5
[10:52:45]   L154: 5/5 tiers configured
[10:52:45]   L162: 5 probes, judge=no_combo, combo quality=?
[10:52:45]   L162: 5/5 tiers configured
[10:52:45]   L165: 5 probes, judge=不合格, combo quality=182.5
[10:52:45]   L165: 5/5 tiers configured
[10:52:45]   L176: 5 probes, judge=不合格, combo quality=226.2
[10:52:45]   L176: 5/5 tiers configured
[10:52:45]   L182: 5 probes, judge=不合格, combo quality=61.6
[10:52:45]   L182: 5/5 tiers configured
[10:52:45]   L198: 5 probes, judge=不合格, combo quality=46.2
[10:52:45]   L198: 5/5 tiers configured
[10:52:45] [Phase 2/5] apply_probes → write asset
[10:52:45]   probe_configs.json updated: 6 levels
[10:52:45]   CMD [attempt 1/2]: C:\Users\Administrator\AppData\Local\hermes\hermes-agent\venv\Scripts\python.exe -X utf8 D:\download\BlastGame\hermes\tools\apply_probes.py 154,162,165,176,182,198
[10:52:46]     L165: ✅ Warden 通过 (sd跨度/5槽/ratios多样性)
[10:52:46]     L165: ✅ 写入成功
[10:52:46]     L176: ✅ Warden 通过 (sd跨度/5槽/ratios多样性)
[10:52:46]     L176: ✅ 写入成功
[10:52:46]     L182: ✅ Warden 通过 (sd跨度/5槽/ratios多样性)
[10:52:46]     L182: ✅ 写入成功
[10:52:46]     L198: ✅ Warden 通过 (sd跨度/5槽/ratios多样性)
[10:52:46]     L198: ✅ 写入成功
[10:52:46]     ✅ 全部完成
[10:52:46] [Preflight] asset & config check...
[10:52:46]   ✅ Preflight passed
[10:52:46] [Warden] pre-batch check...
[10:52:47]   ✅ Warden passed
[10:52:47] [Phase 3/5] submit_batch_unity → Unity bot batch
[10:52:47]   adaptive_stop=ON (round 1/6)
[10:52:47]   Submitting Unity batch: 6 levels × 5 tiers, timeout=9000s (150min)
[10:52:47]   CMD [attempt 1/2]: C:\Users\Administrator\AppData\Local\hermes\hermes-agent\venv\Scripts\python.exe -X utf8 D:\download\BlastGame\hermes\scripts\submit_batch_unity.py 154,162,165,176,182,198 --tiers 1,2,3,4,5 --games 400 --strategy scoring_opt_vg --yes --skip-agent-pipeline --adaptive-stop
[11:22:15]   FAIL (exit=1) attempt 1/2
[11:22:15]   stderr:   File "C:\Users\Administrator\AppData\Roaming\uv\python\cpython-3.11-windows-x86_64-none\Lib\subprocess.py", line 1630, in _communicate
    raise TimeoutExpired(self.args, orig_timeout)
subprocess.TimeoutExpired: Command '['C:\\Users\\Administrator\\AppData\\Local\\hermes\\hermes-agent\\venv\\Scripts\\python.exe', '-X', 'utf8', 'D:\\download\\BlastGame\\hermes\\tools\\agent_analyze.py', '--levels', '154,162,165,176,182,198', '--filter-verified', '--output', 'json']' timed out after 120 seconds

[11:22:15]   Retrying in 5s...
[11:22:20]   CMD [attempt 2/2]: C:\Users\Administrator\AppData\Local\hermes\hermes-agent\venv\Scripts\python.exe -X utf8 D:\download\BlastGame\hermes\scripts\submit_batch_unity.py 154,162,165,176,182,198 --tiers 1,2,3,4,5 --games 400 --strategy scoring_opt_vg --yes --skip-agent-pipeline --adaptive-stop
