[09:46:38] ============================================================
[09:46:38]  auto_loop.py — 全自动调优编排器
[09:46:38] ============================================================
[09:46:38]  Log:        D:\download\BlastGame\hermes\auto-log\20260804_094638.log
[09:46:38]  Levels:     [159, 174, 186, 197]
[09:46:38]  Tiers:      [1, 2, 3, 4, 5]
[09:46:38]  Games/tier: 400
[09:46:38]  Strategy:   scoring_opt_vg
[09:46:38]  Max rounds: 6
[09:46:38]  Unity EXE:  C:\Program Files\Unity\Hub\Editor\6000.0.60f1\Editor\Unity.exe
[09:46:38]  Repo:       C:\Users\Administrator\Documents\BlastGame
[09:46:38] 
[09:46:38] [Auto-recovery] 检查 Unity 进程...
[09:46:38]   无 Unity 进程
[09:46:38] 
[09:46:38] ————————————————————————————————————————————————————————————
[09:46:38]  ROUND 1/6
[09:46:38]  Pending (4): 159, 174, 186, 197
[09:46:38] ————————————————————————————————————————————————————————————
[09:46:38] 
[09:46:38] [Phase 1/5] agent_analyze → combo + design_probes
[09:46:38]   CMD [attempt 1/2]: C:\Users\Administrator\AppData\Local\hermes\hermes-agent\venv\Scripts\python.exe -X utf8 D:\download\BlastGame\hermes\tools\planner.py --levels 159,174,186,197 --output json
[09:46:41]   L159: 5 probes, judge=不合格, combo quality=55.1
[09:46:41]   L159: 5/5 tiers configured
[09:46:41]   L174: 5 probes, judge=不合格, combo quality=100.6
[09:46:41]   L174: 5/5 tiers configured
[09:46:41]   L186: 5 probes, judge=不合格, combo quality=95.6
[09:46:41]   L186: 5/5 tiers configured
[09:46:41]   L197: 5 probes, judge=不合格, combo quality=139.7
[09:46:41]   L197: 5/5 tiers configured
[09:46:41] [Phase 2/5] apply_probes → write asset
[09:46:41]   probe_configs.json updated: 4 levels
[09:46:41]   CMD [attempt 1/2]: C:\Users\Administrator\AppData\Local\hermes\hermes-agent\venv\Scripts\python.exe -X utf8 D:\download\BlastGame\hermes\tools\apply_probes.py 159,174,186,197
[09:46:41]   FAIL (exit=1) attempt 1/2
[09:46:41]   Retrying in 5s...
[09:46:46]   CMD [attempt 2/2]: C:\Users\Administrator\AppData\Local\hermes\hermes-agent\venv\Scripts\python.exe -X utf8 D:\download\BlastGame\hermes\tools\apply_probes.py 159,174,186,197
[09:46:47]   FAIL (exit=1) attempt 2/2
[09:46:47]   All retries exhausted — giving up
[09:46:47]   apply_probes FAILED
[09:46:47]   apply_probes failed — skipping this round
[09:46:47] 
[09:46:47] ————————————————————————————————————————————————————————————
[09:46:47]  ROUND 2/6
[09:46:47]  Pending (4): 159, 174, 186, 197
[09:46:47] ————————————————————————————————————————————————————————————
[09:46:47] 
[09:46:47] [Phase 1/5] agent_analyze → combo + design_probes
[09:46:47]   CMD [attempt 1/2]: C:\Users\Administrator\AppData\Local\hermes\hermes-agent\venv\Scripts\python.exe -X utf8 D:\download\BlastGame\hermes\tools\planner.py --levels 159,174,186,197 --output json
[09:46:50]   L159: 5 probes, judge=不合格, combo quality=55.1
[09:46:50]   L159: 5/5 tiers configured
[09:46:50]   L174: 5 probes, judge=不合格, combo quality=100.6
[09:46:50]   L174: 5/5 tiers configured
[09:46:50]   L186: 5 probes, judge=不合格, combo quality=95.6
[09:46:50]   L186: 5/5 tiers configured
[09:46:50]   L197: 5 probes, judge=不合格, combo quality=139.7
[09:46:50]   L197: 5/5 tiers configured
[09:46:50] [Phase 2/5] apply_probes → write asset
[09:46:50]   probe_configs.json updated: 4 levels
[09:46:50]   CMD [attempt 1/2]: C:\Users\Administrator\AppData\Local\hermes\hermes-agent\venv\Scripts\python.exe -X utf8 D:\download\BlastGame\hermes\tools\apply_probes.py 159,174,186,197
[09:46:50]   FAIL (exit=1) attempt 1/2
[09:46:50]   Retrying in 5s...
[09:46:55]   CMD [attempt 2/2]: C:\Users\Administrator\AppData\Local\hermes\hermes-agent\venv\Scripts\python.exe -X utf8 D:\download\BlastGame\hermes\tools\apply_probes.py 159,174,186,197
[09:46:55]   FAIL (exit=1) attempt 2/2
[09:46:55]   All retries exhausted — giving up
[09:46:55]   apply_probes FAILED
[09:46:55]   apply_probes failed — skipping this round
[09:46:55] 
[09:46:55] ————————————————————————————————————————————————————————————
[09:46:55]  ROUND 3/6
[09:46:55]  Pending (4): 159, 174, 186, 197
[09:46:55] ————————————————————————————————————————————————————————————
[09:46:55] 
[09:46:55] [Phase 1/5] agent_analyze → combo + design_probes
[09:46:55]   CMD [attempt 1/2]: C:\Users\Administrator\AppData\Local\hermes\hermes-agent\venv\Scripts\python.exe -X utf8 D:\download\BlastGame\hermes\tools\planner.py --levels 159,174,186,197 --output json
[09:46:58]   L159: 5 probes, judge=不合格, combo quality=55.1
[09:46:58]   L159: 5/5 tiers configured
[09:46:58]   L174: 5 probes, judge=不合格, combo quality=100.6
[09:46:58]   L174: 5/5 tiers configured
[09:46:58]   L186: 5 probes, judge=不合格, combo quality=95.6
[09:46:58]   L186: 5/5 tiers configured
[09:46:58]   L197: 5 probes, judge=不合格, combo quality=139.7
[09:46:58]   L197: 5/5 tiers configured
[09:46:58] [Phase 2/5] apply_probes → write asset
[09:46:58]   probe_configs.json updated: 4 levels
[09:46:58]   CMD [attempt 1/2]: C:\Users\Administrator\AppData\Local\hermes\hermes-agent\venv\Scripts\python.exe -X utf8 D:\download\BlastGame\hermes\tools\apply_probes.py 159,174,186,197
[09:46:58]   FAIL (exit=1) attempt 1/2
[09:46:58]   Retrying in 5s...
[09:47:03]   CMD [attempt 2/2]: C:\Users\Administrator\AppData\Local\hermes\hermes-agent\venv\Scripts\python.exe -X utf8 D:\download\BlastGame\hermes\tools\apply_probes.py 159,174,186,197
[09:47:03]   FAIL (exit=1) attempt 2/2
[09:47:03]   All retries exhausted — giving up
[09:47:03]   apply_probes FAILED
[09:47:03]   apply_probes failed — skipping this round
[09:47:03] 
[09:47:03] ————————————————————————————————————————————————————————————
[09:47:03]  ROUND 4/6
[09:47:03]  Pending (4): 159, 174, 186, 197
[09:47:03] ————————————————————————————————————————————————————————————
[09:47:03] 
[09:47:03] [Phase 1/5] agent_analyze → combo + design_probes
[09:47:03]   CMD [attempt 1/2]: C:\Users\Administrator\AppData\Local\hermes\hermes-agent\venv\Scripts\python.exe -X utf8 D:\download\BlastGame\hermes\tools\planner.py --levels 159,174,186,197 --output json
[09:47:06]   L159: 5 probes, judge=不合格, combo quality=55.1
[09:47:06]   L159: 5/5 tiers configured
[09:47:06]   L174: 5 probes, judge=不合格, combo quality=100.6
[09:47:06]   L174: 5/5 tiers configured
[09:47:06]   L186: 5 probes, judge=不合格, combo quality=95.6
[09:47:06]   L186: 5/5 tiers configured
[09:47:06]   L197: 5 probes, judge=不合格, combo quality=139.7
[09:47:06]   L197: 5/5 tiers configured
[09:47:06] [Phase 2/5] apply_probes → write asset
[09:47:06]   probe_configs.json updated: 4 levels
[09:47:06]   CMD [attempt 1/2]: C:\Users\Administrator\AppData\Local\hermes\hermes-agent\venv\Scripts\python.exe -X utf8 D:\download\BlastGame\hermes\tools\apply_probes.py 159,174,186,197
[09:47:06]   FAIL (exit=1) attempt 1/2
[09:47:06]   Retrying in 5s...
[09:47:11]   CMD [attempt 2/2]: C:\Users\Administrator\AppData\Local\hermes\hermes-agent\venv\Scripts\python.exe -X utf8 D:\download\BlastGame\hermes\tools\apply_probes.py 159,174,186,197
[09:47:11]   FAIL (exit=1) attempt 2/2
[09:47:11]   All retries exhausted — giving up
[09:47:11]   apply_probes FAILED
[09:47:11]   apply_probes failed — skipping this round
[09:47:11] 
[09:47:11] ————————————————————————————————————————————————————————————
[09:47:11]  ROUND 5/6
[09:47:11]  Pending (4): 159, 174, 186, 197
[09:47:11] ————————————————————————————————————————————————————————————
[09:47:11] 
[09:47:11] [Phase 1/5] agent_analyze → combo + design_probes
[09:47:11]   CMD [attempt 1/2]: C:\Users\Administrator\AppData\Local\hermes\hermes-agent\venv\Scripts\python.exe -X utf8 D:\download\BlastGame\hermes\tools\planner.py --levels 159,174,186,197 --output json
[09:47:14]   L159: 5 probes, judge=不合格, combo quality=55.1
[09:47:14]   L159: 5/5 tiers configured
[09:47:14]   L174: 5 probes, judge=不合格, combo quality=100.6
[09:47:14]   L174: 5/5 tiers configured
[09:47:14]   L186: 5 probes, judge=不合格, combo quality=95.6
[09:47:14]   L186: 5/5 tiers configured
[09:47:14]   L197: 5 probes, judge=不合格, combo quality=139.7
[09:47:14]   L197: 5/5 tiers configured
[09:47:14] [Phase 2/5] apply_probes → write asset
[09:47:14]   probe_configs.json updated: 4 levels
[09:47:14]   CMD [attempt 1/2]: C:\Users\Administrator\AppData\Local\hermes\hermes-agent\venv\Scripts\python.exe -X utf8 D:\download\BlastGame\hermes\tools\apply_probes.py 159,174,186,197
[09:47:14]   FAIL (exit=1) attempt 1/2
[09:47:14]   Retrying in 5s...
[09:47:19]   CMD [attempt 2/2]: C:\Users\Administrator\AppData\Local\hermes\hermes-agent\venv\Scripts\python.exe -X utf8 D:\download\BlastGame\hermes\tools\apply_probes.py 159,174,186,197
[09:47:19]   FAIL (exit=1) attempt 2/2
[09:47:19]   All retries exhausted — giving up
[09:47:19]   apply_probes FAILED
[09:47:19]   apply_probes failed — skipping this round
[09:47:19] 
[09:47:19] ————————————————————————————————————————————————————————————
[09:47:19]  ROUND 6/6
[09:47:19]  Pending (4): 159, 174, 186, 197
[09:47:19] ————————————————————————————————————————————————————————————
[09:47:19] 
[09:47:19] [Phase 1/5] agent_analyze → combo + design_probes
[09:47:19]   CMD [attempt 1/2]: C:\Users\Administrator\AppData\Local\hermes\hermes-agent\venv\Scripts\python.exe -X utf8 D:\download\BlastGame\hermes\tools\planner.py --levels 159,174,186,197 --output json
[09:47:22]   L159: 5 probes, judge=不合格, combo quality=55.1
[09:47:22]   L159: 5/5 tiers configured
[09:47:22]   L174: 5 probes, judge=不合格, combo quality=100.6
[09:47:22]   L174: 5/5 tiers configured
[09:47:22]   L186: 5 probes, judge=不合格, combo quality=95.6
[09:47:22]   L186: 5/5 tiers configured
[09:47:22]   L197: 5 probes, judge=不合格, combo quality=139.7
[09:47:22]   L197: 5/5 tiers configured
[09:47:22] [Phase 2/5] apply_probes → write asset
[09:47:22]   probe_configs.json updated: 4 levels
[09:47:22]   CMD [attempt 1/2]: C:\Users\Administrator\AppData\Local\hermes\hermes-agent\venv\Scripts\python.exe -X utf8 D:\download\BlastGame\hermes\tools\apply_probes.py 159,174,186,197
[09:47:22]   FAIL (exit=1) attempt 1/2
[09:47:22]   Retrying in 5s...
[09:47:27]   CMD [attempt 2/2]: C:\Users\Administrator\AppData\Local\hermes\hermes-agent\venv\Scripts\python.exe -X utf8 D:\download\BlastGame\hermes\tools\apply_probes.py 159,174,186,197
[09:47:27]   FAIL (exit=1) attempt 2/2
[09:47:27]   All retries exhausted — giving up
[09:47:27]   apply_probes FAILED
[09:47:27]   apply_probes failed — skipping this round
[09:47:27] 
[09:47:27] ============================================================
[09:47:27]  FINAL SUMMARY
[09:47:27] ============================================================
[09:47:27]  ✅ Passed (入库):  0 levels
[09:47:27]  ❌ Failed (改关卡): 0 levels
[09:47:27]  ⚠ Errors:           0 levels
[09:47:27]  🔄 Still pending:    4 levels
[09:47:27]     L159
[09:47:27]     L174
[09:47:27]     L186
[09:47:27]     L197
[09:47:27] 
[09:47:27]  Full log: D:\download\BlastGame\hermes\auto-log\20260804_094638.log
[09:47:27]  Curator: pattern analysis complete
