[18:30:40] ============================================================
[18:30:40]  auto_loop.py — 全自动调优编排器
[18:30:40] ============================================================
[18:30:40]  Log:        D:\download\BlastGame\hermes\auto-log\20260809_183040.log
[18:30:40]  Levels:     [57, 85, 138]
[18:30:40]  Tiers:      [1, 2, 3, 4, 5]
[18:30:40]  Games/tier: 400
[18:30:40]  Strategy:   scoring_opt_vg
[18:30:40]  Max rounds: 6
[18:30:40]  Unity EXE:  C:\Program Files\Unity\Hub\Editor\6000.0.60f1\Editor\Unity.exe
[18:30:40]  Repo:       C:\Users\Administrator\Documents\BlastGame
[18:30:40] 
[18:30:40] [Auto-recovery] 检查 Unity 进程...
[18:30:40]   无 Unity 进程
[18:30:40] 
[18:30:40] ————————————————————————————————————————————————————————————
[18:30:40]  ROUND 1/6
[18:30:40]  Pending (3): 57, 85, 138
[18:30:40] ————————————————————————————————————————————————————————————
[18:30:40] 
[18:30:40] [Phase 1/5] agent_analyze → combo + design_probes
[18:30:40]   CMD [attempt 1/2]: D:\software\Python 3.13.2\python.exe -X utf8 D:\download\BlastGame\hermes\tools\planner.py --levels 57,85,138 --output json
[18:30:42]   L57: 5 probes, judge=不合格, combo quality=103.4
[18:30:42]   L57: 5/5 tiers configured
[18:30:42]   L85: 5 probes, judge=不合格, combo quality=184.1
[18:30:42]   L85: 5/5 tiers configured
[18:30:42]   L138: 5 probes, judge=不合格, combo quality=156.4
[18:30:42]   L138: 5/5 tiers configured
[18:30:42] [Phase 2/5] apply_probes → write asset
[18:30:42]   probe_configs.json updated: 3 levels
[18:30:42]   CMD [attempt 1/2]: D:\software\Python 3.13.2\python.exe -X utf8 D:\download\BlastGame\hermes\tools\apply_probes.py 57,85,138
[18:30:42]     L57: ✅ Warden 通过 (5槽完整)
[18:30:42]     L57: ✅ 写入成功
[18:30:42]     L85: ✅ Warden 通过 (5槽完整)
[18:30:42]     L85: ✅ 写入成功
[18:30:42]     L138: ✅ Warden 通过 (5槽完整)
[18:30:42]     L138: ✅ 写入成功
[18:30:42]     ✅ 全部完成
[18:30:42] [Preflight] asset & config check...
[18:30:42]   ✅ Preflight passed
[18:30:42] [Warden] pre-batch check...
[18:30:43]   ✅ Warden passed
[18:30:43] [Phase 3/5] submit_batch_unity → Unity bot batch
[18:30:43]   adaptive_stop=ON (round 1/6)
[18:30:43]   Submitting Unity batch: 3 levels × 5 tiers, timeout=7200s (120min)
[18:30:43]   CMD [attempt 1/2]: D:\software\Python 3.13.2\python.exe -X utf8 D:\download\BlastGame\hermes\scripts\submit_batch_unity.py 57,85,138 --tiers 1,2,3,4,5 --games 400 --strategy scoring_opt_vg --yes --skip-agent-pipeline --adaptive-stop
[18:59:50]   Unity batch completed
[18:59:50]     === DONE ===
[18:59:50] [Phase 4/5] dump_level_pools → refresh stage-data
[18:59:50]   CMD [attempt 1/2]: D:\software\Python 3.13.2\python.exe -X utf8 D:\download\BlastGame\hermes\tools\dump_level_pools.py
[18:59:54]     可靠池覆盖分布:
[18:59:54]     ✅ D:\download\BlastGame\hermes\stage-data\_summary.json
[18:59:54]     总计: 150 关, 2789 条可靠, 2440 条参考
[18:59:54]     ✅ 完成！stage-data 已更新。
[18:59:54] [Phase 5/5] judge_level → review & verdict
[18:59:55]   ✅ L57 [normal] r1/6: 合格 — 入库 — 93.3% → 93.3% → 64.0% → 49.0% → 49.0%
[18:59:55]   🔄 L85 [normal] r7/6: 不合格 — 改关卡 — 72.5% → 72.5% → 61.8% → 44.8% → 44.8%
[18:59:55]     • T1→T3 gap=10.7<15.0pp (接近)
[18:59:55]     • 硬性违规: 目标偏差超标 — T1=72.5% 离目标90.0%偏差17.5pp>15.0pp; T2=72.5% 离目标90.0%偏差17.5pp>15.0pp; T4=44.8% 离目标60.0%偏差15.2pp>15.0pp; T5=44.8% 离目标60.0%偏差15.2pp>15.0pp
[18:59:55]   🔄 L138 [normal] r2/6: 不合格 — 下一轮(2/6) — 70.9% → 70.9% → 50.2% → 43.6% → 43.6%
[18:59:55]     • 硬性违规: Normal T3=50.2<60%
[18:59:55]     • T3→T5 gap=6.7<10pp
[18:59:55]   ✅ L57 PASSED → 已入库 (round 1)
[18:59:55]     ⏳ L57 合格待确认入库（未落盘）: WR=['93.3%', '93.3%', '64.0%', '49.0%', '49.0%']
[18:59:55]     ⏳   配置: sd10/5/1,1,1,10,1/of0.5 | sd10/5/1,1,1,10,1/of0.5 | sd10/5/10,10,0,10,10/of0.25 | sd10/5/10,1,1,1,10/of0.25 | sd10/5/10,1,1,1,10/of0.25
[18:59:55]     ⏳   难度=normal 目标=[90.0, 90.0, 75.0, 60.0, 60.0]
[18:59:55]     ⏳   确认后由主 agent 用 reimport.py 落盘 asset/Excel/board
[18:59:55]   ❌ L85 MAX ROUNDS (6) → 待用户确认改关卡
[18:59:55]     ⏳ L85 满 6 轮仍不合格，待用户确认是否改关卡
[18:59:55]     ⏳   判定原因: T1→T3 gap=10.7<15.0pp (接近); 硬性违规: 目标偏差超标 — T1=72.5% 离目标90.0%偏差17.5pp>15.0pp; T2=72.5% 离目标90.0%偏差17.5pp>15.0pp; T4=44.8% 离目标60.0%偏差15.2pp>15.0pp; T5=44.8% 离目标60.0%偏差15.2pp>15.0pp
[18:59:55]     ⏳   需要时由主 agent 手动 retire_level 设时间防线
[18:59:55]   Round 1 done: 1 passed, 1 pending, 1 failed
[18:59:55] 
[18:59:55] ————————————————————————————————————————————————————————————
[18:59:55]  ROUND 2/6
[18:59:55]  Pending (1): 138
[18:59:55] ————————————————————————————————————————————————————————————
[18:59:55] 
[18:59:55] [Phase 1/5] agent_analyze → combo + design_probes
[18:59:55]   CMD [attempt 1/2]: D:\software\Python 3.13.2\python.exe -X utf8 D:\download\BlastGame\hermes\tools\planner.py --levels 138 --output json
[18:59:57]   L138: 5 probes, judge=不合格, combo quality=156.4
[18:59:57]   L138: 5/5 tiers configured
[18:59:57] [Phase 2/5] apply_probes → write asset
[18:59:57]   probe_configs.json updated: 1 levels
[18:59:57]   CMD [attempt 1/2]: D:\software\Python 3.13.2\python.exe -X utf8 D:\download\BlastGame\hermes\tools\apply_probes.py 138
[18:59:57]     L138: ✅ Warden 通过 (5槽完整)
[18:59:57]     L138: ✅ 写入成功
[18:59:57]     ✅ 全部完成
[18:59:57] [Preflight] asset & config check...
[18:59:57]   ✅ Preflight passed
[18:59:57] [Warden] pre-batch check...
[18:59:57]   ✅ Warden passed
[18:59:57] [Phase 3/5] submit_batch_unity → Unity bot batch
[18:59:57]   adaptive_stop=ON (round 2/6)
[18:59:57]   Submitting Unity batch: 1 levels × 5 tiers, timeout=7200s (120min)
[18:59:57]   CMD [attempt 1/2]: D:\software\Python 3.13.2\python.exe -X utf8 D:\download\BlastGame\hermes\scripts\submit_batch_unity.py 138 --tiers 1,2,3,4,5 --games 400 --strategy scoring_opt_vg --yes --skip-agent-pipeline --adaptive-stop
[19:03:07]   Unity batch completed
[19:03:07]     === DONE ===
[19:03:07] [Phase 4/5] dump_level_pools → refresh stage-data
[19:03:07]   CMD [attempt 1/2]: D:\software\Python 3.13.2\python.exe -X utf8 D:\download\BlastGame\hermes\tools\dump_level_pools.py
[19:03:11]     可靠池覆盖分布:
[19:03:11]     ✅ D:\download\BlastGame\hermes\stage-data\_summary.json
[19:03:11]     总计: 150 关, 2791 条可靠, 2439 条参考
[19:03:11]     ✅ 完成！stage-data 已更新。
[19:03:11] [Phase 5/5] judge_level → review & verdict
[19:03:11]   🔄 L138 [normal] r3/6: 不合格 — 下一轮(3/6) — 70.9% → 70.9% → 50.2% → 43.6% → 43.6%
[19:03:11]     • 硬性违规: Normal T3=50.2<60%
[19:03:11]     • T3→T5 gap=6.7<10pp
[19:03:11]   Round 2 done: 1 passed, 1 pending, 1 failed
[19:03:11] 
[19:03:11] ————————————————————————————————————————————————————————————
[19:03:11]  ROUND 3/6
[19:03:11]  Pending (1): 138
[19:03:11] ————————————————————————————————————————————————————————————
[19:03:11] 
[19:03:11] [Phase 1/5] agent_analyze → combo + design_probes
[19:03:11]   CMD [attempt 1/2]: D:\software\Python 3.13.2\python.exe -X utf8 D:\download\BlastGame\hermes\tools\planner.py --levels 138 --output json
[19:03:13]   L138: 5 probes, judge=不合格, combo quality=156.4
[19:03:13]   L138: 5/5 tiers configured
[19:03:13] [Phase 2/5] apply_probes → write asset
[19:03:13]   probe_configs.json updated: 1 levels
[19:03:13]   CMD [attempt 1/2]: D:\software\Python 3.13.2\python.exe -X utf8 D:\download\BlastGame\hermes\tools\apply_probes.py 138
[19:03:13]     L138: ✅ Warden 通过 (5槽完整)
[19:03:13]     L138: ✅ 写入成功
[19:03:13]     ✅ 全部完成
[19:03:13] [Preflight] asset & config check...
[19:03:13]   ✅ Preflight passed
[19:03:13] [Warden] pre-batch check...
[19:03:14]   ✅ Warden passed
[19:03:14] [Phase 3/5] submit_batch_unity → Unity bot batch
[19:03:14]   adaptive_stop=ON (round 3/6)
[19:03:14]   Submitting Unity batch: 1 levels × 5 tiers, timeout=7200s (120min)
[19:03:14]   CMD [attempt 1/2]: D:\software\Python 3.13.2\python.exe -X utf8 D:\download\BlastGame\hermes\scripts\submit_batch_unity.py 138 --tiers 1,2,3,4,5 --games 400 --strategy scoring_opt_vg --yes --skip-agent-pipeline --adaptive-stop
[19:06:26]   Unity batch completed
[19:06:26]     === DONE ===
[19:06:26] [Phase 4/5] dump_level_pools → refresh stage-data
[19:06:26]   CMD [attempt 1/2]: D:\software\Python 3.13.2\python.exe -X utf8 D:\download\BlastGame\hermes\tools\dump_level_pools.py
[19:06:30]     可靠池覆盖分布:
[19:06:30]     ✅ D:\download\BlastGame\hermes\stage-data\_summary.json
[19:06:30]     总计: 150 关, 2793 条可靠, 2437 条参考
[19:06:30]     ✅ 完成！stage-data 已更新。
[19:06:30] [Phase 5/5] judge_level → review & verdict
[19:06:30]   🔄 L138 [normal] r4/6: 不合格 — 下一轮(4/6) — 70.9% → 70.9% → 50.2% → 43.6% → 43.6%
[19:06:30]     • 硬性违规: Normal T3=50.2<60%
[19:06:30]     • T3→T5 gap=6.7<10pp
[19:06:30]   Round 3 done: 1 passed, 1 pending, 1 failed
[19:06:30] 
[19:06:30] ————————————————————————————————————————————————————————————
[19:06:30]  ROUND 4/6
[19:06:30]  Pending (1): 138
[19:06:30] ————————————————————————————————————————————————————————————
[19:06:30] 
[19:06:30] [Phase 1/5] agent_analyze → combo + design_probes
[19:06:30]   CMD [attempt 1/2]: D:\software\Python 3.13.2\python.exe -X utf8 D:\download\BlastGame\hermes\tools\planner.py --levels 138 --output json
[19:06:32]   L138: 5 probes, judge=不合格, combo quality=156.4
[19:06:32]   L138: 5/5 tiers configured
[19:06:32] [Phase 2/5] apply_probes → write asset
[19:06:32]   probe_configs.json updated: 1 levels
[19:06:32]   CMD [attempt 1/2]: D:\software\Python 3.13.2\python.exe -X utf8 D:\download\BlastGame\hermes\tools\apply_probes.py 138
[19:06:32]     L138: ✅ Warden 通过 (5槽完整)
[19:06:32]     L138: ✅ 写入成功
[19:06:32]     ✅ 全部完成
[19:06:32] [Preflight] asset & config check...
[19:06:32]   ✅ Preflight passed
[19:06:32] [Warden] pre-batch check...
[19:06:33]   ✅ Warden passed
[19:06:33] [Phase 3/5] submit_batch_unity → Unity bot batch
[19:06:33]   adaptive_stop=ON (round 4/6)
[19:06:33]   Submitting Unity batch: 1 levels × 5 tiers, timeout=7200s (120min)
[19:06:33]   CMD [attempt 1/2]: D:\software\Python 3.13.2\python.exe -X utf8 D:\download\BlastGame\hermes\scripts\submit_batch_unity.py 138 --tiers 1,2,3,4,5 --games 400 --strategy scoring_opt_vg --yes --skip-agent-pipeline --adaptive-stop
[19:09:36]   Unity batch completed
[19:09:36]     === DONE ===
[19:09:36] [Phase 4/5] dump_level_pools → refresh stage-data
[19:09:36]   CMD [attempt 1/2]: D:\software\Python 3.13.2\python.exe -X utf8 D:\download\BlastGame\hermes\tools\dump_level_pools.py
[19:09:41]     可靠池覆盖分布:
[19:09:41]     ✅ D:\download\BlastGame\hermes\stage-data\_summary.json
[19:09:41]     总计: 150 关, 2797 条可靠, 2436 条参考
[19:09:41]     ✅ 完成！stage-data 已更新。
[19:09:41] [Phase 5/5] judge_level → review & verdict
[19:09:41]   🔄 L138 [normal] r5/6: 不合格 — 下一轮(5/6) — 70.9% → 70.9% → 50.2% → 43.6% → 43.6%
[19:09:41]     • 硬性违规: Normal T3=50.2<60%
[19:09:41]     • T3→T5 gap=6.7<10pp
[19:09:41]   Round 4 done: 1 passed, 1 pending, 1 failed
[19:09:41] 
[19:09:41] ————————————————————————————————————————————————————————————
[19:09:41]  ROUND 5/6
[19:09:41]  Pending (1): 138
[19:09:41] ————————————————————————————————————————————————————————————
[19:09:41] 
[19:09:41] [Phase 1/5] agent_analyze → combo + design_probes
[19:09:41]   CMD [attempt 1/2]: D:\software\Python 3.13.2\python.exe -X utf8 D:\download\BlastGame\hermes\tools\planner.py --levels 138 --output json
[19:09:43]   L138: 5 probes, judge=不合格, combo quality=156.4
[19:09:43]   L138: 5/5 tiers configured
[19:09:43] [Phase 2/5] apply_probes → write asset
[19:09:43]   probe_configs.json updated: 1 levels
[19:09:43]   CMD [attempt 1/2]: D:\software\Python 3.13.2\python.exe -X utf8 D:\download\BlastGame\hermes\tools\apply_probes.py 138
[19:09:43]     L138: ✅ Warden 通过 (5槽完整)
[19:09:43]     L138: ✅ 写入成功
[19:09:43]     ✅ 全部完成
[19:09:43] [Preflight] asset & config check...
[19:09:43]   ✅ Preflight passed
[19:09:43] [Warden] pre-batch check...
[19:09:44]   ✅ Warden passed
[19:09:44] [Phase 3/5] submit_batch_unity → Unity bot batch
[19:09:44]   adaptive_stop=ON (round 5/6)
[19:09:44]   Submitting Unity batch: 1 levels × 5 tiers, timeout=7200s (120min)
[19:09:44]   CMD [attempt 1/2]: D:\software\Python 3.13.2\python.exe -X utf8 D:\download\BlastGame\hermes\scripts\submit_batch_unity.py 138 --tiers 1,2,3,4,5 --games 400 --strategy scoring_opt_vg --yes --skip-agent-pipeline --adaptive-stop
[19:12:37]   Unity batch completed
[19:12:37]     === DONE ===
[19:12:37] [Phase 4/5] dump_level_pools → refresh stage-data
[19:12:37]   CMD [attempt 1/2]: D:\software\Python 3.13.2\python.exe -X utf8 D:\download\BlastGame\hermes\tools\dump_level_pools.py
[19:12:42]     可靠池覆盖分布:
[19:12:42]     ✅ D:\download\BlastGame\hermes\stage-data\_summary.json
[19:12:42]     总计: 150 关, 2802 条可靠, 2434 条参考
[19:12:42]     ✅ 完成！stage-data 已更新。
[19:12:42] [Phase 5/5] judge_level → review & verdict
[19:12:42]   🔄 L138 [normal] r6/6: 不合格 — 改关卡 — 70.9% → 70.9% → 50.2% → 43.6% → 43.6%
[19:12:42]     • 硬性违规: Normal T3=50.2<60%
[19:12:42]     • T3→T5 gap=6.7<10pp
[19:12:42]   ❌ L138 MAX ROUNDS (6) → 待用户确认改关卡
[19:12:42]     ⏳ L138 满 6 轮仍不合格，待用户确认是否改关卡
[19:12:42]     ⏳   判定原因: 硬性违规: Normal T3=50.2<60%; T3→T5 gap=6.7<10pp
[19:12:42]     ⏳   需要时由主 agent 手动 retire_level 设时间防线
[19:12:42]   Round 5 done: 1 passed, 0 pending, 2 failed
[19:12:42]  FINAL SUMMARY
[19:12:42] ============================================================
[19:12:42]  ✅ Passed (入库):  1 levels
[19:12:42]     L57 [normal] r1  93.3% → 93.3% → 64.0% → 49.0% → 49.0%
[19:12:42]  ❌ Failed (改关卡): 2 levels
[19:12:42]     L85 [normal] r7 — 72.5% → 72.5% → 61.8% → 44.8% → 44.8%
[19:12:42]         T1→T3 gap=10.7<15.0pp (接近); 硬性违规: 目标偏差超标 — T1=72.5% 离目标90.0%偏差17.5pp>15.0pp; T2=72.5% 离目标90.0%偏差17.5pp>15.0pp; T4=44.8% 离目标60.0%偏差15.2pp>15.0pp; T5=44.8% 离目标60.0%偏差15.2pp>15.0pp
[19:12:42]     L138 [normal] r6 — 70.9% → 70.9% → 50.2% → 43.6% → 43.6%
[19:12:42]         硬性违规: Normal T3=50.2<60%; T3→T5 gap=6.7<10pp
[19:12:42]  ⚠ Errors:           0 levels
[19:12:42]  🔄 Still pending:    0 levels
[19:12:42] 
[19:12:42]  Full log: D:\download\BlastGame\hermes\auto-log\20260809_183040.log
[19:12:42]  Curator: pattern analysis complete
