[09:50:53] ============================================================
[09:50:53]  auto_loop.py — 全自动调优编排器
[09:50:53] ============================================================
[09:50:53]  Log:        D:\download\BlastGame\hermes\auto-log\20260804_095053.log
[09:50:53]  Levels:     [159, 174, 186, 197]
[09:50:53]  Tiers:      [1, 2, 3, 4, 5]
[09:50:53]  Games/tier: 400
[09:50:53]  Strategy:   scoring_opt_vg
[09:50:53]  Max rounds: 6
[09:50:53]  Unity EXE:  C:\Program Files\Unity\Hub\Editor\6000.0.60f1\Editor\Unity.exe
[09:50:53]  Repo:       C:\Users\Administrator\Documents\BlastGame
[09:50:53] 
[09:50:53] [Auto-recovery] 检查 Unity 进程...
[09:50:53]   无 Unity 进程
[09:50:53] 
[09:50:53] ————————————————————————————————————————————————————————————
[09:50:53]  ROUND 1/6
[09:50:53]  Pending (4): 159, 174, 186, 197
[09:50:53] ————————————————————————————————————————————————————————————
[09:50:53] 
[09:50:53] [Phase 1/5] agent_analyze → combo + design_probes
[09:50:53]   CMD [attempt 1/2]: C:\Users\Administrator\AppData\Local\hermes\hermes-agent\venv\Scripts\python.exe -X utf8 D:\download\BlastGame\hermes\tools\planner.py --levels 159,174,186,197 --output json
[09:50:56]   L159: 5 probes, judge=不合格, combo quality=55.1
[09:50:56]   L159: 5/5 tiers configured
[09:50:56]   L174: 5 probes, judge=不合格, combo quality=100.6
[09:50:56]   L174: 5/5 tiers configured
[09:50:56]   L186: 5 probes, judge=不合格, combo quality=95.6
[09:50:56]   L186: 5/5 tiers configured
[09:50:56]   L197: 5 probes, judge=不合格, combo quality=139.7
[09:50:56]   L197: 5/5 tiers configured
[09:50:56] [Phase 2/5] apply_probes → write asset
[09:50:56]   probe_configs.json updated: 4 levels
[09:50:56]   CMD [attempt 1/2]: C:\Users\Administrator\AppData\Local\hermes\hermes-agent\venv\Scripts\python.exe -X utf8 D:\download\BlastGame\hermes\tools\apply_probes.py 159,174,186,197
[09:50:56]   FAIL (exit=1) attempt 1/2
[09:50:56]   Retrying in 5s...
[09:51:01]   CMD [attempt 2/2]: C:\Users\Administrator\AppData\Local\hermes\hermes-agent\venv\Scripts\python.exe -X utf8 D:\download\BlastGame\hermes\tools\apply_probes.py 159,174,186,197
[09:51:01]   FAIL (exit=1) attempt 2/2
[09:51:01]   All retries exhausted — giving up
[09:51:01]   apply_probes FAILED
[09:51:01]   apply_probes failed — skipping this round
[09:51:01] 
[09:51:01] ————————————————————————————————————————————————————————————
[09:51:01]  ROUND 2/6
[09:51:01]  Pending (4): 159, 174, 186, 197
[09:51:01] ————————————————————————————————————————————————————————————
[09:51:01] 
[09:51:01] [Phase 1/5] agent_analyze → combo + design_probes
[09:51:01]   CMD [attempt 1/2]: C:\Users\Administrator\AppData\Local\hermes\hermes-agent\venv\Scripts\python.exe -X utf8 D:\download\BlastGame\hermes\tools\planner.py --levels 159,174,186,197 --output json
[09:51:04]   L159: 5 probes, judge=不合格, combo quality=55.1
[09:51:04]   L159: 5/5 tiers configured
[09:51:04]   L174: 5 probes, judge=不合格, combo quality=100.6
[09:51:04]   L174: 5/5 tiers configured
[09:51:04]   L186: 5 probes, judge=不合格, combo quality=95.6
[09:51:04]   L186: 5/5 tiers configured
[09:51:04]   L197: 5 probes, judge=不合格, combo quality=139.7
[09:51:04]   L197: 5/5 tiers configured
[09:51:04] [Phase 2/5] apply_probes → write asset
[09:51:04]   probe_configs.json updated: 4 levels
[09:51:04]   CMD [attempt 1/2]: C:\Users\Administrator\AppData\Local\hermes\hermes-agent\venv\Scripts\python.exe -X utf8 D:\download\BlastGame\hermes\tools\apply_probes.py 159,174,186,197
[09:51:04]   FAIL (exit=1) attempt 1/2
[09:51:04]   Retrying in 5s...
[09:51:09]   CMD [attempt 2/2]: C:\Users\Administrator\AppData\Local\hermes\hermes-agent\venv\Scripts\python.exe -X utf8 D:\download\BlastGame\hermes\tools\apply_probes.py 159,174,186,197
[09:51:09]   FAIL (exit=1) attempt 2/2
[09:51:09]   All retries exhausted — giving up
[09:51:09]   apply_probes FAILED
[09:51:09]   apply_probes failed — skipping this round
[09:51:09] 
[09:51:09] ————————————————————————————————————————————————————————————
[09:51:09]  ROUND 3/6
[09:51:09]  Pending (4): 159, 174, 186, 197
[09:51:09] ————————————————————————————————————————————————————————————
[09:51:09] 
[09:51:09] [Phase 1/5] agent_analyze → combo + design_probes
[09:51:09]   CMD [attempt 1/2]: C:\Users\Administrator\AppData\Local\hermes\hermes-agent\venv\Scripts\python.exe -X utf8 D:\download\BlastGame\hermes\tools\planner.py --levels 159,174,186,197 --output json
[09:51:12]   L159: 5 probes, judge=不合格, combo quality=55.1
[09:51:12]   L159: 5/5 tiers configured
[09:51:12]   L174: 5 probes, judge=不合格, combo quality=100.6
[09:51:12]   L174: 5/5 tiers configured
[09:51:12]   L186: 5 probes, judge=不合格, combo quality=95.6
[09:51:12]   L186: 5/5 tiers configured
[09:51:12]   L197: 5 probes, judge=不合格, combo quality=139.7
[09:51:12]   L197: 5/5 tiers configured
[09:51:12] [Phase 2/5] apply_probes → write asset
[09:51:12]   probe_configs.json updated: 4 levels
[09:51:12]   CMD [attempt 1/2]: C:\Users\Administrator\AppData\Local\hermes\hermes-agent\venv\Scripts\python.exe -X utf8 D:\download\BlastGame\hermes\tools\apply_probes.py 159,174,186,197
[09:51:12]   FAIL (exit=1) attempt 1/2
[09:51:12]   Retrying in 5s...
[09:51:17]   CMD [attempt 2/2]: C:\Users\Administrator\AppData\Local\hermes\hermes-agent\venv\Scripts\python.exe -X utf8 D:\download\BlastGame\hermes\tools\apply_probes.py 159,174,186,197
[09:51:18]   FAIL (exit=1) attempt 2/2
[09:51:18]   All retries exhausted — giving up
[09:51:18]   apply_probes FAILED
[09:51:18]   apply_probes failed — skipping this round
[09:51:18] 
[09:51:18] ————————————————————————————————————————————————————————————
[09:51:18]  ROUND 4/6
[09:51:18]  Pending (4): 159, 174, 186, 197
[09:51:18] ————————————————————————————————————————————————————————————
[09:51:18] 
[09:51:18] [Phase 1/5] agent_analyze → combo + design_probes
[09:51:18]   CMD [attempt 1/2]: C:\Users\Administrator\AppData\Local\hermes\hermes-agent\venv\Scripts\python.exe -X utf8 D:\download\BlastGame\hermes\tools\planner.py --levels 159,174,186,197 --output json
[09:51:20]   L159: 5 probes, judge=不合格, combo quality=55.1
[09:51:20]   L159: 5/5 tiers configured
[09:51:20]   L174: 5 probes, judge=不合格, combo quality=100.6
[09:51:20]   L174: 5/5 tiers configured
[09:51:20]   L186: 5 probes, judge=不合格, combo quality=95.6
[09:51:20]   L186: 5/5 tiers configured
[09:51:20]   L197: 5 probes, judge=不合格, combo quality=139.7
[09:51:20]   L197: 5/5 tiers configured
[09:51:20] [Phase 2/5] apply_probes → write asset
[09:51:20]   probe_configs.json updated: 4 levels
[09:51:20]   CMD [attempt 1/2]: C:\Users\Administrator\AppData\Local\hermes\hermes-agent\venv\Scripts\python.exe -X utf8 D:\download\BlastGame\hermes\tools\apply_probes.py 159,174,186,197
[09:51:21]   FAIL (exit=1) attempt 1/2
[09:51:21]   Retrying in 5s...
[09:51:26]   CMD [attempt 2/2]: C:\Users\Administrator\AppData\Local\hermes\hermes-agent\venv\Scripts\python.exe -X utf8 D:\download\BlastGame\hermes\tools\apply_probes.py 159,174,186,197
[09:51:26]   FAIL (exit=1) attempt 2/2
[09:51:26]   All retries exhausted — giving up
[09:51:26]   apply_probes FAILED
[09:51:26]   apply_probes failed — skipping this round
[09:51:26] 
[09:51:26] ————————————————————————————————————————————————————————————
[09:51:26]  ROUND 5/6
[09:51:26]  Pending (4): 159, 174, 186, 197
[09:51:26] ————————————————————————————————————————————————————————————
[09:51:26] 
[09:51:26] [Phase 1/5] agent_analyze → combo + design_probes
[09:51:26]   CMD [attempt 1/2]: C:\Users\Administrator\AppData\Local\hermes\hermes-agent\venv\Scripts\python.exe -X utf8 D:\download\BlastGame\hermes\tools\planner.py --levels 159,174,186,197 --output json
[09:51:29]   L159: 5 probes, judge=不合格, combo quality=55.1
[09:51:29]   L159: 5/5 tiers configured
[09:51:29]   L174: 5 probes, judge=不合格, combo quality=100.6
[09:51:29]   L174: 5/5 tiers configured
[09:51:29]   L186: 5 probes, judge=不合格, combo quality=95.6
[09:51:29]   L186: 5/5 tiers configured
[09:51:29]   L197: 5 probes, judge=不合格, combo quality=139.7
[09:51:29]   L197: 5/5 tiers configured
[09:51:29] [Phase 2/5] apply_probes → write asset
[09:51:29]   probe_configs.json updated: 4 levels
[09:51:29]   CMD [attempt 1/2]: C:\Users\Administrator\AppData\Local\hermes\hermes-agent\venv\Scripts\python.exe -X utf8 D:\download\BlastGame\hermes\tools\apply_probes.py 159,174,186,197
[09:51:29]   FAIL (exit=1) attempt 1/2
[09:51:29]   Retrying in 5s...
[09:51:34]   CMD [attempt 2/2]: C:\Users\Administrator\AppData\Local\hermes\hermes-agent\venv\Scripts\python.exe -X utf8 D:\download\BlastGame\hermes\tools\apply_probes.py 159,174,186,197
[09:51:34]   FAIL (exit=1) attempt 2/2
[09:51:34]   All retries exhausted — giving up
[09:51:34]   apply_probes FAILED
[09:51:34]   apply_probes failed — skipping this round
[09:51:34] 
[09:51:34] ————————————————————————————————————————————————————————————
[09:51:34]  ROUND 6/6
[09:51:34]  Pending (4): 159, 174, 186, 197
[09:51:34] ————————————————————————————————————————————————————————————
[09:51:34] 
[09:51:34] [Phase 1/5] agent_analyze → combo + design_probes
[09:51:34]   CMD [attempt 1/2]: C:\Users\Administrator\AppData\Local\hermes\hermes-agent\venv\Scripts\python.exe -X utf8 D:\download\BlastGame\hermes\tools\planner.py --levels 159,174,186,197 --output json
[09:51:37]   L159: 5 probes, judge=不合格, combo quality=55.1
[09:51:37]   L159: 5/5 tiers configured
[09:51:37]   L174: 5 probes, judge=不合格, combo quality=100.6
[09:51:37]   L174: 5/5 tiers configured
[09:51:37]   L186: 5 probes, judge=不合格, combo quality=95.6
[09:51:37]   L186: 5/5 tiers configured
[09:51:37]   L197: 5 probes, judge=不合格, combo quality=139.7
[09:51:37]   L197: 5/5 tiers configured
[09:51:37] [Phase 2/5] apply_probes → write asset
[09:51:37]   probe_configs.json updated: 4 levels
[09:51:37]   CMD [attempt 1/2]: C:\Users\Administrator\AppData\Local\hermes\hermes-agent\venv\Scripts\python.exe -X utf8 D:\download\BlastGame\hermes\tools\apply_probes.py 159,174,186,197
[09:51:37]   FAIL (exit=1) attempt 1/2
[09:51:37]   Retrying in 5s...
[09:51:42]   CMD [attempt 2/2]: C:\Users\Administrator\AppData\Local\hermes\hermes-agent\venv\Scripts\python.exe -X utf8 D:\download\BlastGame\hermes\tools\apply_probes.py 159,174,186,197
[09:51:42]   FAIL (exit=1) attempt 2/2
[09:51:42]   All retries exhausted — giving up
[09:51:42]   apply_probes FAILED
[09:51:42]   apply_probes failed — skipping this round
[09:51:42] 
[09:51:42] ============================================================
[09:51:42]  FINAL SUMMARY
[09:51:42] ============================================================
[09:51:42]  ✅ Passed (入库):  0 levels
[09:51:42]  ❌ Failed (改关卡): 0 levels
[09:51:42]  ⚠ Errors:           0 levels
[09:51:42]  🔄 Still pending:    4 levels
[09:51:42]     L159
[09:51:42]     L174
[09:51:42]     L186
[09:51:42]     L197
[09:51:42] 
[09:51:42]  Full log: D:\download\BlastGame\hermes\auto-log\20260804_095053.log
[09:51:42]  Curator: pattern analysis complete
