[11:23:04] ============================================================
[11:23:04]  auto_loop.py — 全自动调优编排器
[11:23:04] ============================================================
[11:23:04]  Log:        D:\download\BlastGame\hermes\auto-log\20260803_112304.log
[11:23:04]  Levels:     [153, 154, 182, 198]
[11:23:04]  Tiers:      [1, 2, 3, 4, 5]
[11:23:04]  Games/tier: 400
[11:23:04]  Strategy:   scoring_opt_vg
[11:23:04]  Max rounds: 6
[11:23:04]  Unity EXE:  C:\Program Files\Unity\Hub\Editor\6000.0.60f1\Editor\Unity.exe
[11:23:04]  Repo:       C:\Users\Administrator\Documents\BlastGame
[11:23:04] 
[11:23:04] 
[11:23:04] ————————————————————————————————————————————————————————————
[11:23:04]  ROUND 1/6
[11:23:04]  Pending (4): 153, 154, 182, 198
[11:23:04] ————————————————————————————————————————————————————————————
[11:23:04] 
[11:23:04] [Phase 1/5] agent_analyze → combo + design_probes
[11:23:04]   CMD [attempt 1/2]: C:\Users\Administrator\AppData\Local\hermes\hermes-agent\venv\Scripts\python.exe -X utf8 D:\download\BlastGame\hermes\tools\planner.py --levels 153,154,182,198 --output json
[11:23:07]   L153: 0 probes, judge=不合格, combo quality=65.8
[11:23:07]   L153: 5/5 tiers configured
[11:23:07]   L154: 0 probes, judge=不合格, combo quality=107.2
[11:23:07]   L154: 5/5 tiers configured
[11:23:07]   L182: 0 probes, judge=不合格, combo quality=158.6
[11:23:07]   L182: 5/5 tiers configured
[11:23:07]   L198: 0 probes, judge=不合格, combo quality=20.7
[11:23:07]   L198: 5/5 tiers configured
[11:23:07] [Phase 2/5] apply_probes → write asset
[11:23:07]   probe_configs.json updated: 4 levels
[11:23:07]   CMD [attempt 1/2]: C:\Users\Administrator\AppData\Local\hermes\hermes-agent\venv\Scripts\python.exe -X utf8 D:\download\BlastGame\hermes\tools\apply_probes.py 153,154,182,198
[11:23:07]     L153: ✅ Warden 通过 (sd跨度/5槽/ratios多样性)
[11:23:07]     L153: ✅ 写入成功
[11:23:07]     L154: ✅ Warden 通过 (sd跨度/5槽/ratios多样性)
[11:23:07]     L154: ✅ 写入成功
[11:23:07]     L182: ✅ Warden 通过 (sd跨度/5槽/ratios多样性)
[11:23:07]     L182: ✅ 写入成功
[11:23:07]     L198: ✅ Warden 通过 (sd跨度/5槽/ratios多样性)
[11:23:07]     L198: ✅ 写入成功
[11:23:07]     ✅ 全部完成
[11:23:07] [Preflight] asset & config check...
[11:23:07]   ✅ Preflight passed
[11:23:07] [Warden] pre-batch check...
[11:23:08]   ✅ Warden passed
[11:23:08] [Phase 3/5] submit_batch_unity → Unity bot batch
[11:23:08]   Submitting Unity batch: 4 levels × 5 tiers, timeout=7200s (120min)
[11:23:08]   CMD [attempt 1/2]: C:\Users\Administrator\AppData\Local\hermes\hermes-agent\venv\Scripts\python.exe -X utf8 D:\download\BlastGame\hermes\scripts\submit_batch_unity.py 153,154,182,198 --tiers 1,2,3,4,5 --games 400 --strategy scoring_opt_vg --yes --skip-agent-pipeline
[11:46:04]   Unity batch completed
[11:46:04]     === DONE ===
[11:46:04] [Phase 4/5] dump_level_pools → refresh stage-data
[11:46:04]   CMD [attempt 1/2]: C:\Users\Administrator\AppData\Local\hermes\hermes-agent\venv\Scripts\python.exe -X utf8 D:\download\BlastGame\hermes\tools\dump_level_pools.py
[11:46:06]     可靠池覆盖分布:
[11:46:06]     ✅ D:\download\BlastGame\hermes\stage-data\_summary.json
[11:46:06]     总计: 150 关, 1474 条可靠, 1760 条参考
[11:46:06]     ✅ 完成！stage-data 已更新。
[11:46:06] [Phase 5/5] judge_level → review & verdict
[11:46:06]   🔄 L153 [normal] r1/6: 不合格 — 下一轮(1/6) — 80.5% → 80.5% → 68.0% → 38.5% → 38.5%
[11:46:06]     • T1→T3 gap=12.5<15pp
[11:46:06]     • (接近) 目标偏差超标: T4=38.5% 离目标50%偏差11.5pp>10.0pp; T5=38.5% 离目标50%偏差11.5pp>10.0pp
[11:46:07]   🔄 L154 [superhard] r1/6: 不合格 — 下一轮(1/6) — 40.5% → 26.8% → 20.5% → 14.3% → 5.0%
[11:46:07]     • T1→T2 gap=13.8<15pp (接近)
[11:46:07]     • T2→T3 gap=6.2<10pp
[11:46:07]     • T3→T4 gap=6.2<7pp
[11:46:07]   🔄 L182 [normal] r1/6: 不合格 — 下一轮(1/6) — 64.8% → 64.8% → 49.2% → 41.8% → 41.8%
[11:46:07]     • 硬性违规: Normal T3=49.2<60%
[11:46:07]     • T1→T3 gap=15.5<20pp (接近)
[11:46:07]     • T3→T5 gap=7.5<10pp
[11:46:07]   🔄 L198 [normal] r1/6: 不合格 — 下一轮(1/6) — 72.8% → 72.8% → 70.8% → 54.0% → 54.0%
[11:46:07]     • T1→T3 gap=2.0<15pp
[11:46:07]     • (接近) 目标偏差超标: T1=72.8% 离目标85%偏差12.2pp>10.0pp; T2=72.8% 离目标85%偏差12.2pp>10.0pp
[11:46:07]   Round 1 done: 0 passed, 4 pending, 0 failed
[11:46:07] 
[11:46:07] ————————————————————————————————————————————————————————————
[11:46:07]  ROUND 2/6
[11:46:07]  Pending (4): 153, 154, 182, 198
[11:46:07] ————————————————————————————————————————————————————————————
[11:46:07] 
[11:46:07] [Phase 1/5] agent_analyze → combo + design_probes
[11:46:07]   CMD [attempt 1/2]: C:\Users\Administrator\AppData\Local\hermes\hermes-agent\venv\Scripts\python.exe -X utf8 D:\download\BlastGame\hermes\tools\planner.py --levels 153,154,182,198 --output json
[11:46:10]   L153: 5 probes, judge=不合格, combo quality=81.5
[11:46:10]   L153: 5/5 tiers configured
[11:46:10]   L154: 5 probes, judge=不合格, combo quality=102.9
[11:46:10]   L154: 5/5 tiers configured
[11:46:10]   L182: 5 probes, judge=不合格, combo quality=129.2
[11:46:10]   L182: 5/5 tiers configured
[11:46:10]   L198: 5 probes, judge=不合格, combo quality=22.0
[11:46:10]   L198: 5/5 tiers configured
[11:46:10] [Phase 2/5] apply_probes → write asset
[11:46:10]   probe_configs.json updated: 4 levels
[11:46:10]   CMD [attempt 1/2]: C:\Users\Administrator\AppData\Local\hermes\hermes-agent\venv\Scripts\python.exe -X utf8 D:\download\BlastGame\hermes\tools\apply_probes.py 153,154,182,198
[11:46:10]   FAIL (exit=1) attempt 1/2
[11:46:10]   Retrying in 5s...
[11:46:15]   CMD [attempt 2/2]: C:\Users\Administrator\AppData\Local\hermes\hermes-agent\venv\Scripts\python.exe -X utf8 D:\download\BlastGame\hermes\tools\apply_probes.py 153,154,182,198
[11:46:15]   FAIL (exit=1) attempt 2/2
[11:46:15]   All retries exhausted — giving up
[11:46:15]   apply_probes FAILED
[11:46:15]   apply_probes failed — skipping this round
[11:46:15] 
[11:46:15] ————————————————————————————————————————————————————————————
[11:46:15]  ROUND 3/6
[11:46:15]  Pending (4): 153, 154, 182, 198
[11:46:15] ————————————————————————————————————————————————————————————
[11:46:15] 
[11:46:15] [Phase 1/5] agent_analyze → combo + design_probes
[11:46:15]   CMD [attempt 1/2]: C:\Users\Administrator\AppData\Local\hermes\hermes-agent\venv\Scripts\python.exe -X utf8 D:\download\BlastGame\hermes\tools\planner.py --levels 153,154,182,198 --output json
[11:46:18]   L153: 5 probes, judge=不合格, combo quality=81.5
[11:46:18]   L153: 5/5 tiers configured
[11:46:18]   L154: 5 probes, judge=不合格, combo quality=102.9
[11:46:18]   L154: 5/5 tiers configured
[11:46:18]   L182: 5 probes, judge=不合格, combo quality=129.2
[11:46:18]   L182: 5/5 tiers configured
[11:46:18]   L198: 5 probes, judge=不合格, combo quality=22.0
[11:46:18]   L198: 5/5 tiers configured
[11:46:18] [Phase 2/5] apply_probes → write asset
[11:46:18]   probe_configs.json updated: 4 levels
[11:46:18]   CMD [attempt 1/2]: C:\Users\Administrator\AppData\Local\hermes\hermes-agent\venv\Scripts\python.exe -X utf8 D:\download\BlastGame\hermes\tools\apply_probes.py 153,154,182,198
[11:46:18]   FAIL (exit=1) attempt 1/2
[11:46:18]   Retrying in 5s...
[11:46:23]   CMD [attempt 2/2]: C:\Users\Administrator\AppData\Local\hermes\hermes-agent\venv\Scripts\python.exe -X utf8 D:\download\BlastGame\hermes\tools\apply_probes.py 153,154,182,198
[11:46:23]   FAIL (exit=1) attempt 2/2
[11:46:23]   All retries exhausted — giving up
[11:46:23]   apply_probes FAILED
[11:46:23]   apply_probes failed — skipping this round
[11:46:23] 
[11:46:23] ————————————————————————————————————————————————————————————
[11:46:23]  ROUND 4/6
[11:46:23]  Pending (4): 153, 154, 182, 198
[11:46:23] ————————————————————————————————————————————————————————————
[11:46:23] 
[11:46:23] [Phase 1/5] agent_analyze → combo + design_probes
[11:46:23]   CMD [attempt 1/2]: C:\Users\Administrator\AppData\Local\hermes\hermes-agent\venv\Scripts\python.exe -X utf8 D:\download\BlastGame\hermes\tools\planner.py --levels 153,154,182,198 --output json
[11:46:26]   L153: 5 probes, judge=不合格, combo quality=81.5
[11:46:26]   L153: 5/5 tiers configured
[11:46:26]   L154: 5 probes, judge=不合格, combo quality=102.9
[11:46:26]   L154: 5/5 tiers configured
[11:46:26]   L182: 5 probes, judge=不合格, combo quality=129.2
[11:46:26]   L182: 5/5 tiers configured
[11:46:26]   L198: 5 probes, judge=不合格, combo quality=22.0
[11:46:26]   L198: 5/5 tiers configured
[11:46:26] [Phase 2/5] apply_probes → write asset
[11:46:26]   probe_configs.json updated: 4 levels
[11:46:26]   CMD [attempt 1/2]: C:\Users\Administrator\AppData\Local\hermes\hermes-agent\venv\Scripts\python.exe -X utf8 D:\download\BlastGame\hermes\tools\apply_probes.py 153,154,182,198
[11:46:26]   FAIL (exit=1) attempt 1/2
[11:46:26]   Retrying in 5s...
[11:46:31]   CMD [attempt 2/2]: C:\Users\Administrator\AppData\Local\hermes\hermes-agent\venv\Scripts\python.exe -X utf8 D:\download\BlastGame\hermes\tools\apply_probes.py 153,154,182,198
[11:46:31]   FAIL (exit=1) attempt 2/2
[11:46:31]   All retries exhausted — giving up
[11:46:31]   apply_probes FAILED
[11:46:31]   apply_probes failed — skipping this round
[11:46:31] 
[11:46:31] ————————————————————————————————————————————————————————————
[11:46:31]  ROUND 5/6
[11:46:31]  Pending (4): 153, 154, 182, 198
[11:46:31] ————————————————————————————————————————————————————————————
[11:46:31] 
[11:46:31] [Phase 1/5] agent_analyze → combo + design_probes
[11:46:31]   CMD [attempt 1/2]: C:\Users\Administrator\AppData\Local\hermes\hermes-agent\venv\Scripts\python.exe -X utf8 D:\download\BlastGame\hermes\tools\planner.py --levels 153,154,182,198 --output json
[11:46:34]   L153: 5 probes, judge=不合格, combo quality=81.5
[11:46:34]   L153: 5/5 tiers configured
[11:46:34]   L154: 5 probes, judge=不合格, combo quality=102.9
[11:46:34]   L154: 5/5 tiers configured
[11:46:34]   L182: 5 probes, judge=不合格, combo quality=129.2
[11:46:34]   L182: 5/5 tiers configured
[11:46:34]   L198: 5 probes, judge=不合格, combo quality=22.0
[11:46:34]   L198: 5/5 tiers configured
[11:46:34] [Phase 2/5] apply_probes → write asset
[11:46:34]   probe_configs.json updated: 4 levels
[11:46:34]   CMD [attempt 1/2]: C:\Users\Administrator\AppData\Local\hermes\hermes-agent\venv\Scripts\python.exe -X utf8 D:\download\BlastGame\hermes\tools\apply_probes.py 153,154,182,198
[11:46:34]   FAIL (exit=1) attempt 1/2
[11:46:34]   Retrying in 5s...
[11:46:39]   CMD [attempt 2/2]: C:\Users\Administrator\AppData\Local\hermes\hermes-agent\venv\Scripts\python.exe -X utf8 D:\download\BlastGame\hermes\tools\apply_probes.py 153,154,182,198
[11:46:40]   FAIL (exit=1) attempt 2/2
[11:46:40]   All retries exhausted — giving up
[11:46:40]   apply_probes FAILED
[11:46:40]   apply_probes failed — skipping this round
[11:46:40] 
[11:46:40] ————————————————————————————————————————————————————————————
[11:46:40]  ROUND 6/6
[11:46:40]  Pending (4): 153, 154, 182, 198
[11:46:40] ————————————————————————————————————————————————————————————
[11:46:40] 
[11:46:40] [Phase 1/5] agent_analyze → combo + design_probes
[11:46:40]   CMD [attempt 1/2]: C:\Users\Administrator\AppData\Local\hermes\hermes-agent\venv\Scripts\python.exe -X utf8 D:\download\BlastGame\hermes\tools\planner.py --levels 153,154,182,198 --output json
[11:46:42]   L153: 5 probes, judge=不合格, combo quality=81.5
[11:46:42]   L153: 5/5 tiers configured
[11:46:42]   L154: 5 probes, judge=不合格, combo quality=102.9
[11:46:42]   L154: 5/5 tiers configured
[11:46:42]   L182: 5 probes, judge=不合格, combo quality=129.2
[11:46:42]   L182: 5/5 tiers configured
[11:46:42]   L198: 5 probes, judge=不合格, combo quality=22.0
[11:46:42]   L198: 5/5 tiers configured
[11:46:42] [Phase 2/5] apply_probes → write asset
[11:46:42]   probe_configs.json updated: 4 levels
[11:46:42]   CMD [attempt 1/2]: C:\Users\Administrator\AppData\Local\hermes\hermes-agent\venv\Scripts\python.exe -X utf8 D:\download\BlastGame\hermes\tools\apply_probes.py 153,154,182,198
[11:46:43]   FAIL (exit=1) attempt 1/2
[11:46:43]   Retrying in 5s...
[11:46:48]   CMD [attempt 2/2]: C:\Users\Administrator\AppData\Local\hermes\hermes-agent\venv\Scripts\python.exe -X utf8 D:\download\BlastGame\hermes\tools\apply_probes.py 153,154,182,198
[11:46:48]   FAIL (exit=1) attempt 2/2
[11:46:48]   All retries exhausted — giving up
[11:46:48]   apply_probes FAILED
[11:46:48]   apply_probes failed — skipping this round
[11:46:48] 
[11:46:48] ============================================================
[11:46:48]  FINAL SUMMARY
[11:46:48] ============================================================
[11:46:48]  ✅ Passed (入库):  0 levels
[11:46:48]  ❌ Failed (改关卡): 0 levels
[11:46:48]  ⚠ Errors:           0 levels
[11:46:48]  🔄 Still pending:    4 levels
[11:46:48]     L153
[11:46:48]     L154
[11:46:48]     L182
[11:46:48]     L198
[11:46:48] 
[11:46:48]  Full log: D:\download\BlastGame\hermes\auto-log\20260803_112304.log
[11:46:48]  Curator: pattern analysis complete
