[10:05:04] ============================================================
[10:05:04]  auto_loop.py — 全自动调优编排器
[10:05:04] ============================================================
[10:05:04]  Log:        D:\download\BlastGame\hermes\auto-log\20260804_100504.log
[10:05:04]  Levels:     [159, 174, 186, 197]
[10:05:04]  Tiers:      [1, 2, 3, 4, 5]
[10:05:04]  Games/tier: 400
[10:05:04]  Strategy:   scoring_opt_vg
[10:05:04]  Max rounds: 6
[10:05:04]  Unity EXE:  C:\Program Files\Unity\Hub\Editor\6000.0.60f1\Editor\Unity.exe
[10:05:04]  Repo:       C:\Users\Administrator\Documents\BlastGame
[10:05:04] 
[10:05:04] [Auto-recovery] 检查 Unity 进程...
[10:05:04]   无 Unity 进程
[10:05:04] 
[10:05:04] ————————————————————————————————————————————————————————————
[10:05:04]  ROUND 1/6
[10:05:04]  Pending (4): 159, 174, 186, 197
[10:05:04] ————————————————————————————————————————————————————————————
[10:05:04] 
[10:05:04] [Phase 1/5] agent_analyze → combo + design_probes
[10:05:04]   CMD [attempt 1/2]: C:\Users\Administrator\AppData\Local\hermes\hermes-agent\venv\Scripts\python.exe -X utf8 D:\download\BlastGame\hermes\tools\planner.py --levels 159,174,186,197 --output json
[10:05:07]   L159: 5 probes, judge=不合格, combo quality=55.1
[10:05:07]   L159: 5/5 tiers configured
[10:05:07]   L174: 5 probes, judge=不合格, combo quality=100.6
[10:05:07]   L174: 5/5 tiers configured
[10:05:07]   L186: 5 probes, judge=不合格, combo quality=95.6
[10:05:07]   L186: 5/5 tiers configured
[10:05:07]   L197: 5 probes, judge=不合格, combo quality=139.7
[10:05:07]   L197: 5/5 tiers configured
[10:05:07] [Phase 2/5] apply_probes → write asset
[10:05:07]   probe_configs.json updated: 4 levels
[10:05:07]   CMD [attempt 1/2]: C:\Users\Administrator\AppData\Local\hermes\hermes-agent\venv\Scripts\python.exe -X utf8 D:\download\BlastGame\hermes\tools\apply_probes.py 159,174,186,197
[10:05:07]     L159: ✅ Warden 通过 (sd跨度/5槽/ratios多样性)
[10:05:07]     L159: ✅ 写入成功
[10:05:07]     L174: ✅ Warden 通过 (sd跨度/5槽/ratios多样性)
[10:05:07]     L174: ✅ 写入成功
[10:05:07]     L186: ✅ Warden 通过 (sd跨度/5槽/ratios多样性)
[10:05:07]     L186: ✅ 写入成功
[10:05:07]     L197: ✅ Warden 通过 (sd跨度/5槽/ratios多样性)
[10:05:07]     L197: ✅ 写入成功
[10:05:07]     ✅ 全部完成
[10:05:07] [Preflight] asset & config check...
[10:05:07]   ✅ Preflight passed
[10:05:07] [Warden] pre-batch check...
[10:05:07]   ✅ Warden passed
[10:05:07] [Phase 3/5] submit_batch_unity → Unity bot batch
[10:05:07]   Submitting Unity batch: 4 levels × 5 tiers, timeout=7200s (120min)
[10:05:07]   CMD [attempt 1/2]: C:\Users\Administrator\AppData\Local\hermes\hermes-agent\venv\Scripts\python.exe -X utf8 D:\download\BlastGame\hermes\scripts\submit_batch_unity.py 159,174,186,197 --tiers 1,2,3,4,5 --games 400 --strategy scoring_opt_vg --yes --skip-agent-pipeline
[10:45:04]   FAIL (exit=1) attempt 1/2
[10:45:04]   stderr: ^^^^^^^
  File "C:\Users\Administrator\AppData\Roaming\uv\python\cpython-3.11-windows-x86_64-none\Lib\subprocess.py", line 1630, in _communicate
    raise TimeoutExpired(self.args, orig_timeout)
subprocess.TimeoutExpired: Command '['C:\\Users\\Administrator\\AppData\\Local\\hermes\\hermes-agent\\venv\\Scripts\\python.exe', '-X', 'utf8', 'D:\\download\\BlastGame\\hermes\\tools\\agent_analyze.py', '--levels', '159,174,186,197', '--filter-verified', '--output', 'json']' timed out after 120 seconds

[10:45:04]   Retrying in 5s...
[10:45:09]   CMD [attempt 2/2]: C:\Users\Administrator\AppData\Local\hermes\hermes-agent\venv\Scripts\python.exe -X utf8 D:\download\BlastGame\hermes\scripts\submit_batch_unity.py 159,174,186,197 --tiers 1,2,3,4,5 --games 400 --strategy scoring_opt_vg --yes --skip-agent-pipeline
