[12:16:25] ============================================================
[12:16:25]  auto_loop.py — 全自动调优编排器
[12:16:25] ============================================================
[12:16:25]  Log:        D:\download\BlastGame\hermes\auto-log\20260806_121625.log
[12:16:25]  Levels:     [102, 110, 136, 154, 198]
[12:16:25]  Tiers:      [1, 2, 3, 4, 5]
[12:16:25]  Games/tier: 400
[12:16:25]  Strategy:   scoring_opt_vg
[12:16:25]  Max rounds: 6
[12:16:25]  Unity EXE:  C:\Program Files\Unity\Hub\Editor\6000.0.60f1\Editor\Unity.exe
[12:16:25]  Repo:       C:\Users\Administrator\Documents\BlastGame
[12:16:25] 
[12:16:25] [Auto-recovery] 检查 Unity 进程...
[12:16:25]   Unity.exe 仍在运行，自动关闭...
[12:16:25]   Unity.exe 已关闭
[12:16:25] 
[12:16:25] ————————————————————————————————————————————————————————————
[12:16:25]  ROUND 1/6
[12:16:25]  Pending (5): 102, 110, 136, 154, 198
[12:16:25] ————————————————————————————————————————————————————————————
[12:16:25] 
[12:16:25] [Phase 1/5] agent_analyze → combo + design_probes
[12:16:25]   CMD [attempt 1/2]: C:\Users\Administrator\AppData\Local\hermes\hermes-agent\venv\Scripts\python.exe -X utf8 D:\download\BlastGame\hermes\tools\planner.py --levels 102,110,136,154,198 --output json
[12:16:29]   L102: 5 probes, judge=不合格, combo quality=147.9
[12:16:29]   L102: 5/5 tiers configured
[12:16:29]   L110: 5 probes, judge=不合格, combo quality=1031.8
[12:16:29]   L110: 5/5 tiers configured
[12:16:29]   L136: 5 probes, judge=不合格, combo quality=320.9
[12:16:29]   L136: 5/5 tiers configured
[12:16:29]   L154: 5 probes, judge=不合格, combo quality=96.5
[12:16:29]   L154: 5/5 tiers configured
[12:16:29]   L198: 5 probes, judge=no_combo, combo quality=?
[12:16:29]   L198: 5/5 tiers configured
[12:16:29] [Phase 2/5] apply_probes → write asset
[12:16:29]   probe_configs.json updated: 5 levels
[12:16:29]   CMD [attempt 1/2]: C:\Users\Administrator\AppData\Local\hermes\hermes-agent\venv\Scripts\python.exe -X utf8 D:\download\BlastGame\hermes\tools\apply_probes.py 102,110,136,154,198
[12:16:29]   FAIL (exit=1) attempt 1/2
[12:16:29]   Retrying in 5s...
[12:16:34]   CMD [attempt 2/2]: C:\Users\Administrator\AppData\Local\hermes\hermes-agent\venv\Scripts\python.exe -X utf8 D:\download\BlastGame\hermes\tools\apply_probes.py 102,110,136,154,198
[12:16:34]   FAIL (exit=1) attempt 2/2
[12:16:34]   All retries exhausted — giving up
[12:16:34]   apply_probes FAILED
[12:16:34]   apply_probes failed — skipping this round
[12:16:34] 
[12:16:34] ————————————————————————————————————————————————————————————
[12:16:34]  ROUND 2/6
[12:16:34]  Pending (5): 102, 110, 136, 154, 198
[12:16:34] ————————————————————————————————————————————————————————————
[12:16:34] 
[12:16:34] [Phase 1/5] agent_analyze → combo + design_probes
[12:16:34]   CMD [attempt 1/2]: C:\Users\Administrator\AppData\Local\hermes\hermes-agent\venv\Scripts\python.exe -X utf8 D:\download\BlastGame\hermes\tools\planner.py --levels 102,110,136,154,198 --output json
[12:16:38]   L102: 5 probes, judge=不合格, combo quality=147.9
[12:16:38]   L102: 5/5 tiers configured
[12:16:38]   L110: 5 probes, judge=不合格, combo quality=1031.8
[12:16:38]   L110: 5/5 tiers configured
[12:16:38]   L136: 5 probes, judge=不合格, combo quality=320.9
[12:16:38]   L136: 5/5 tiers configured
[12:16:38]   L154: 5 probes, judge=不合格, combo quality=96.5
[12:16:38]   L154: 5/5 tiers configured
[12:16:38]   L198: 5 probes, judge=no_combo, combo quality=?
[12:16:38]   L198: 5/5 tiers configured
[12:16:38] [Phase 2/5] apply_probes → write asset
[12:16:38]   probe_configs.json updated: 5 levels
[12:16:38]   CMD [attempt 1/2]: C:\Users\Administrator\AppData\Local\hermes\hermes-agent\venv\Scripts\python.exe -X utf8 D:\download\BlastGame\hermes\tools\apply_probes.py 102,110,136,154,198
[12:16:38]   FAIL (exit=1) attempt 1/2
[12:16:38]   Retrying in 5s...
[12:16:43]   CMD [attempt 2/2]: C:\Users\Administrator\AppData\Local\hermes\hermes-agent\venv\Scripts\python.exe -X utf8 D:\download\BlastGame\hermes\tools\apply_probes.py 102,110,136,154,198
[12:16:43]   FAIL (exit=1) attempt 2/2
[12:16:43]   All retries exhausted — giving up
[12:16:43]   apply_probes FAILED
[12:16:43]   apply_probes failed — skipping this round
[12:16:43] 
[12:16:43] ————————————————————————————————————————————————————————————
[12:16:43]  ROUND 3/6
[12:16:43]  Pending (5): 102, 110, 136, 154, 198
[12:16:43] ————————————————————————————————————————————————————————————
[12:16:43] 
[12:16:43] [Phase 1/5] agent_analyze → combo + design_probes
[12:16:43]   CMD [attempt 1/2]: C:\Users\Administrator\AppData\Local\hermes\hermes-agent\venv\Scripts\python.exe -X utf8 D:\download\BlastGame\hermes\tools\planner.py --levels 102,110,136,154,198 --output json
[12:16:46]   L102: 5 probes, judge=不合格, combo quality=147.9
[12:16:46]   L102: 5/5 tiers configured
[12:16:46]   L110: 5 probes, judge=不合格, combo quality=1031.8
[12:16:46]   L110: 5/5 tiers configured
[12:16:46]   L136: 5 probes, judge=不合格, combo quality=320.9
[12:16:46]   L136: 5/5 tiers configured
[12:16:46]   L154: 5 probes, judge=不合格, combo quality=96.5
[12:16:46]   L154: 5/5 tiers configured
[12:16:46]   L198: 5 probes, judge=no_combo, combo quality=?
[12:16:46]   L198: 5/5 tiers configured
[12:16:46] [Phase 2/5] apply_probes → write asset
[12:16:46]   probe_configs.json updated: 5 levels
[12:16:46]   CMD [attempt 1/2]: C:\Users\Administrator\AppData\Local\hermes\hermes-agent\venv\Scripts\python.exe -X utf8 D:\download\BlastGame\hermes\tools\apply_probes.py 102,110,136,154,198
[12:16:47]   FAIL (exit=1) attempt 1/2
[12:16:47]   Retrying in 5s...
