[19:33:12] ============================================================
[19:33:12]  auto_loop.py — 全自动调优编排器
[19:33:12] ============================================================
[19:33:12]  Log:        D:\download\BlastGame\hermes\auto-log\20260803_193312.log
[19:33:12]  Levels:     [159, 174, 186, 197]
[19:33:12]  Tiers:      [1, 2, 3, 4, 5]
[19:33:12]  Games/tier: 400
[19:33:12]  Strategy:   scoring_opt_vg
[19:33:12]  Max rounds: 6
[19:33:12]  Unity EXE:  C:\Program Files\Unity\Hub\Editor\6000.0.60f1\Editor\Unity.exe
[19:33:12]  Repo:       C:\Users\Administrator\Documents\BlastGame
[19:33:12] 
[19:33:12] 
[19:33:12] ————————————————————————————————————————————————————————————
[19:33:12]  ROUND 1/6
[19:33:12]  Pending (4): 159, 174, 186, 197
[19:33:12] ————————————————————————————————————————————————————————————
[19:33:12] 
[19:33:12] [Phase 1/5] agent_analyze → combo + design_probes
[19:33:12]   CMD [attempt 1/2]: C:\Users\Administrator\AppData\Local\hermes\hermes-agent\venv\Scripts\python.exe -X utf8 D:\download\BlastGame\hermes\tools\planner.py --levels 159,174,186,197 --output json
[19:33:15]   L159: planner error — agent_analyze exit=1
[19:33:15]   L174: planner error — agent_analyze exit=1
[19:33:15]   L186: planner error — agent_analyze exit=1
[19:33:15]   L197: planner error — agent_analyze exit=1
[19:33:15]   4 level(s) missing probes — running fallback design_probes...
[19:33:15]   CMD [attempt 1/2]: C:\Users\Administrator\AppData\Local\hermes\hermes-agent\venv\Scripts\python.exe -X utf8 D:\download\BlastGame\hermes\tools\design_probes.py 159 --write
[19:33:15]   FAIL (exit=1) attempt 1/2
[19:33:15]   stderr: e 278, in <module>
    main()
  File "D:\download\BlastGame\hermes\tools\design_probes.py", line 269, in main
    probes = design(str(lv))
             ^^^^^^^^^^^^^^^
  File "D:\download\BlastGame\hermes\tools\design_probes.py", line 37, in design
    uniq = pool.dedup_records(recs)
           ^^^^^^^^^^^^^^^^^^^^^^^^
  File "D:\download\BlastGame\hermes\tools\..\tools\data\pool.py", line 129, in dedup_records
    if key not in seen:
                  ^^^^
NameError: name 'seen' is not defined

[19:33:15]   Retrying in 5s...
[19:33:20]   CMD [attempt 2/2]: C:\Users\Administrator\AppData\Local\hermes\hermes-agent\venv\Scripts\python.exe -X utf8 D:\download\BlastGame\hermes\tools\design_probes.py 159 --write
[19:33:21]   FAIL (exit=1) attempt 2/2
[19:33:21]   stderr: e 278, in <module>
    main()
  File "D:\download\BlastGame\hermes\tools\design_probes.py", line 269, in main
    probes = design(str(lv))
             ^^^^^^^^^^^^^^^
  File "D:\download\BlastGame\hermes\tools\design_probes.py", line 37, in design
    uniq = pool.dedup_records(recs)
           ^^^^^^^^^^^^^^^^^^^^^^^^
  File "D:\download\BlastGame\hermes\tools\..\tools\data\pool.py", line 129, in dedup_records
    if key not in seen:
                  ^^^^
NameError: name 'seen' is not defined

[19:33:21]   All retries exhausted — giving up
[19:33:21]   L159: design_probes --write FAILED
[19:33:21]   CMD [attempt 1/2]: C:\Users\Administrator\AppData\Local\hermes\hermes-agent\venv\Scripts\python.exe -X utf8 D:\download\BlastGame\hermes\tools\design_probes.py 174 --write
[19:33:21]   FAIL (exit=1) attempt 1/2
[19:33:21]   stderr: e 278, in <module>
    main()
  File "D:\download\BlastGame\hermes\tools\design_probes.py", line 269, in main
    probes = design(str(lv))
             ^^^^^^^^^^^^^^^
  File "D:\download\BlastGame\hermes\tools\design_probes.py", line 37, in design
    uniq = pool.dedup_records(recs)
           ^^^^^^^^^^^^^^^^^^^^^^^^
  File "D:\download\BlastGame\hermes\tools\..\tools\data\pool.py", line 129, in dedup_records
    if key not in seen:
                  ^^^^
NameError: name 'seen' is not defined

[19:33:21]   Retrying in 5s...
[19:33:26]   CMD [attempt 2/2]: C:\Users\Administrator\AppData\Local\hermes\hermes-agent\venv\Scripts\python.exe -X utf8 D:\download\BlastGame\hermes\tools\design_probes.py 174 --write
[19:33:27]   FAIL (exit=1) attempt 2/2
[19:33:27]   stderr: e 278, in <module>
    main()
  File "D:\download\BlastGame\hermes\tools\design_probes.py", line 269, in main
    probes = design(str(lv))
             ^^^^^^^^^^^^^^^
  File "D:\download\BlastGame\hermes\tools\design_probes.py", line 37, in design
    uniq = pool.dedup_records(recs)
           ^^^^^^^^^^^^^^^^^^^^^^^^
  File "D:\download\BlastGame\hermes\tools\..\tools\data\pool.py", line 129, in dedup_records
    if key not in seen:
                  ^^^^
NameError: name 'seen' is not defined

[19:33:27]   All retries exhausted — giving up
[19:33:27]   L174: design_probes --write FAILED
[19:33:27]   CMD [attempt 1/2]: C:\Users\Administrator\AppData\Local\hermes\hermes-agent\venv\Scripts\python.exe -X utf8 D:\download\BlastGame\hermes\tools\design_probes.py 186 --write
[19:33:27]   FAIL (exit=1) attempt 1/2
[19:33:27]   stderr: e 278, in <module>
    main()
  File "D:\download\BlastGame\hermes\tools\design_probes.py", line 269, in main
    probes = design(str(lv))
             ^^^^^^^^^^^^^^^
  File "D:\download\BlastGame\hermes\tools\design_probes.py", line 37, in design
    uniq = pool.dedup_records(recs)
           ^^^^^^^^^^^^^^^^^^^^^^^^
  File "D:\download\BlastGame\hermes\tools\..\tools\data\pool.py", line 129, in dedup_records
    if key not in seen:
                  ^^^^
NameError: name 'seen' is not defined

[19:33:27]   Retrying in 5s...
[19:33:32]   CMD [attempt 2/2]: C:\Users\Administrator\AppData\Local\hermes\hermes-agent\venv\Scripts\python.exe -X utf8 D:\download\BlastGame\hermes\tools\design_probes.py 186 --write
[19:33:33]   FAIL (exit=1) attempt 2/2
[19:33:33]   stderr: e 278, in <module>
    main()
  File "D:\download\BlastGame\hermes\tools\design_probes.py", line 269, in main
    probes = design(str(lv))
             ^^^^^^^^^^^^^^^
  File "D:\download\BlastGame\hermes\tools\design_probes.py", line 37, in design
    uniq = pool.dedup_records(recs)
           ^^^^^^^^^^^^^^^^^^^^^^^^
  File "D:\download\BlastGame\hermes\tools\..\tools\data\pool.py", line 129, in dedup_records
    if key not in seen:
                  ^^^^
NameError: name 'seen' is not defined

[19:33:33]   All retries exhausted — giving up
[19:33:33]   L186: design_probes --write FAILED
[19:33:33]   CMD [attempt 1/2]: C:\Users\Administrator\AppData\Local\hermes\hermes-agent\venv\Scripts\python.exe -X utf8 D:\download\BlastGame\hermes\tools\design_probes.py 197 --write
[19:33:34]   FAIL (exit=1) attempt 1/2
[19:33:34]   stderr: e 278, in <module>
    main()
  File "D:\download\BlastGame\hermes\tools\design_probes.py", line 269, in main
    probes = design(str(lv))
             ^^^^^^^^^^^^^^^
  File "D:\download\BlastGame\hermes\tools\design_probes.py", line 37, in design
    uniq = pool.dedup_records(recs)
           ^^^^^^^^^^^^^^^^^^^^^^^^
  File "D:\download\BlastGame\hermes\tools\..\tools\data\pool.py", line 129, in dedup_records
    if key not in seen:
                  ^^^^
NameError: name 'seen' is not defined

[19:33:34]   Retrying in 5s...
[19:33:39]   CMD [attempt 2/2]: C:\Users\Administrator\AppData\Local\hermes\hermes-agent\venv\Scripts\python.exe -X utf8 D:\download\BlastGame\hermes\tools\design_probes.py 197 --write
[19:33:39]   FAIL (exit=1) attempt 2/2
[19:33:39]   stderr: e 278, in <module>
    main()
  File "D:\download\BlastGame\hermes\tools\design_probes.py", line 269, in main
    probes = design(str(lv))
             ^^^^^^^^^^^^^^^
  File "D:\download\BlastGame\hermes\tools\design_probes.py", line 37, in design
    uniq = pool.dedup_records(recs)
           ^^^^^^^^^^^^^^^^^^^^^^^^
  File "D:\download\BlastGame\hermes\tools\..\tools\data\pool.py", line 129, in dedup_records
    if key not in seen:
                  ^^^^
NameError: name 'seen' is not defined

[19:33:39]   All retries exhausted — giving up
[19:33:39]   L197: design_probes --write FAILED
[19:33:39]   CMD [attempt 1/2]: C:\Users\Administrator\AppData\Local\hermes\hermes-agent\venv\Scripts\python.exe -X utf8 D:\download\BlastGame\hermes\tools\planner.py --levels  --output json
[19:33:40] [Phase 2/5] apply_probes → write asset
[19:33:40]   probe_configs.json updated: 0 levels
[19:33:40]   CMD [attempt 1/2]: C:\Users\Administrator\AppData\Local\hermes\hermes-agent\venv\Scripts\python.exe -X utf8 D:\download\BlastGame\hermes\tools\apply_probes.py 
[19:33:40]     ✅ 全部完成
[19:33:40] [Preflight] asset & config check...
[19:33:40]   ⛔ Preflight FAILED:
[19:33:40]     ✅ asset 5 档完整
[19:33:40]     ❌ L159: probe_configs 中无此关卡
[19:33:40]     ❌ L186: probe_configs 中无此关卡
[19:33:40]     ❌ L197: probe_configs 中无此关卡
[19:33:40]     📊 数据源预览:
[19:33:40]   ⚠ Continuing despite preflight warnings...
[19:33:40] [Warden] pre-batch check...
[19:33:40]   ⛔ Warden BLOCKED batch. Fix violations before retry.
[19:33:40]     [WARDEN] BLOCKED:
[19:33:40]     [W04] unity_lock — 检查异常: argument of type 'NoneType' is not iterable
[19:33:40]     [W05] no_git — warden.py:77 含危险 git 命令: if 'git checkout' in line or 'git reset' in line or 'git cle
[19:33:40]     [W06] asset_hash — asset 签名检查异常: No module named 'tools.asset_patcher'
[19:33:40] 
[19:33:40] ————————————————————————————————————————————————————————————
[19:33:40]  ROUND 2/6
[19:33:40]  Pending (4): 159, 174, 186, 197
[19:33:40] ————————————————————————————————————————————————————————————
[19:33:40] 
[19:33:40] [Phase 1/5] agent_analyze → combo + design_probes
[19:33:40]   CMD [attempt 1/2]: C:\Users\Administrator\AppData\Local\hermes\hermes-agent\venv\Scripts\python.exe -X utf8 D:\download\BlastGame\hermes\tools\planner.py --levels 159,174,186,197 --output json
[19:33:42]   L159: planner error — agent_analyze exit=1
[19:33:42]   L174: planner error — agent_analyze exit=1
[19:33:42]   L186: planner error — agent_analyze exit=1
[19:33:42]   L197: planner error — agent_analyze exit=1
[19:33:42]   4 level(s) missing probes — running fallback design_probes...
[19:33:42]   CMD [attempt 1/2]: C:\Users\Administrator\AppData\Local\hermes\hermes-agent\venv\Scripts\python.exe -X utf8 D:\download\BlastGame\hermes\tools\design_probes.py 159 --write
[19:33:43]   FAIL (exit=1) attempt 1/2
[19:33:43]   stderr: e 278, in <module>
    main()
  File "D:\download\BlastGame\hermes\tools\design_probes.py", line 269, in main
    probes = design(str(lv))
             ^^^^^^^^^^^^^^^
  File "D:\download\BlastGame\hermes\tools\design_probes.py", line 37, in design
    uniq = pool.dedup_records(recs)
           ^^^^^^^^^^^^^^^^^^^^^^^^
  File "D:\download\BlastGame\hermes\tools\..\tools\data\pool.py", line 129, in dedup_records
    if key not in seen:
                  ^^^^
NameError: name 'seen' is not defined

[19:33:43]   Retrying in 5s...
[19:33:48]   CMD [attempt 2/2]: C:\Users\Administrator\AppData\Local\hermes\hermes-agent\venv\Scripts\python.exe -X utf8 D:\download\BlastGame\hermes\tools\design_probes.py 159 --write
[19:33:48]   FAIL (exit=1) attempt 2/2
[19:33:48]   stderr: e 278, in <module>
    main()
  File "D:\download\BlastGame\hermes\tools\design_probes.py", line 269, in main
    probes = design(str(lv))
             ^^^^^^^^^^^^^^^
  File "D:\download\BlastGame\hermes\tools\design_probes.py", line 37, in design
    uniq = pool.dedup_records(recs)
           ^^^^^^^^^^^^^^^^^^^^^^^^
  File "D:\download\BlastGame\hermes\tools\..\tools\data\pool.py", line 129, in dedup_records
    if key not in seen:
                  ^^^^
NameError: name 'seen' is not defined

[19:33:48]   All retries exhausted — giving up
[19:33:48]   L159: design_probes --write FAILED
[19:33:48]   CMD [attempt 1/2]: C:\Users\Administrator\AppData\Local\hermes\hermes-agent\venv\Scripts\python.exe -X utf8 D:\download\BlastGame\hermes\tools\design_probes.py 174 --write
[19:33:49]   FAIL (exit=1) attempt 1/2
[19:33:49]   stderr: e 278, in <module>
    main()
  File "D:\download\BlastGame\hermes\tools\design_probes.py", line 269, in main
    probes = design(str(lv))
             ^^^^^^^^^^^^^^^
  File "D:\download\BlastGame\hermes\tools\design_probes.py", line 37, in design
    uniq = pool.dedup_records(recs)
           ^^^^^^^^^^^^^^^^^^^^^^^^
  File "D:\download\BlastGame\hermes\tools\..\tools\data\pool.py", line 129, in dedup_records
    if key not in seen:
                  ^^^^
NameError: name 'seen' is not defined

[19:33:49]   Retrying in 5s...
[19:33:54]   CMD [attempt 2/2]: C:\Users\Administrator\AppData\Local\hermes\hermes-agent\venv\Scripts\python.exe -X utf8 D:\download\BlastGame\hermes\tools\design_probes.py 174 --write
[19:33:55]   FAIL (exit=1) attempt 2/2
[19:33:55]   stderr: e 278, in <module>
    main()
  File "D:\download\BlastGame\hermes\tools\design_probes.py", line 269, in main
    probes = design(str(lv))
             ^^^^^^^^^^^^^^^
  File "D:\download\BlastGame\hermes\tools\design_probes.py", line 37, in design
    uniq = pool.dedup_records(recs)
           ^^^^^^^^^^^^^^^^^^^^^^^^
  File "D:\download\BlastGame\hermes\tools\..\tools\data\pool.py", line 129, in dedup_records
    if key not in seen:
                  ^^^^
NameError: name 'seen' is not defined

[19:33:55]   All retries exhausted — giving up
[19:33:55]   L174: design_probes --write FAILED
[19:33:55]   CMD [attempt 1/2]: C:\Users\Administrator\AppData\Local\hermes\hermes-agent\venv\Scripts\python.exe -X utf8 D:\download\BlastGame\hermes\tools\design_probes.py 186 --write
[19:33:55]   FAIL (exit=1) attempt 1/2
[19:33:55]   stderr: e 278, in <module>
    main()
  File "D:\download\BlastGame\hermes\tools\design_probes.py", line 269, in main
    probes = design(str(lv))
             ^^^^^^^^^^^^^^^
  File "D:\download\BlastGame\hermes\tools\design_probes.py", line 37, in design
    uniq = pool.dedup_records(recs)
           ^^^^^^^^^^^^^^^^^^^^^^^^
  File "D:\download\BlastGame\hermes\tools\..\tools\data\pool.py", line 129, in dedup_records
    if key not in seen:
                  ^^^^
NameError: name 'seen' is not defined

[19:33:55]   Retrying in 5s...
[19:34:00]   CMD [attempt 2/2]: C:\Users\Administrator\AppData\Local\hermes\hermes-agent\venv\Scripts\python.exe -X utf8 D:\download\BlastGame\hermes\tools\design_probes.py 186 --write
[19:34:01]   FAIL (exit=1) attempt 2/2
[19:34:01]   stderr: e 278, in <module>
    main()
  File "D:\download\BlastGame\hermes\tools\design_probes.py", line 269, in main
    probes = design(str(lv))
             ^^^^^^^^^^^^^^^
  File "D:\download\BlastGame\hermes\tools\design_probes.py", line 37, in design
    uniq = pool.dedup_records(recs)
           ^^^^^^^^^^^^^^^^^^^^^^^^
  File "D:\download\BlastGame\hermes\tools\..\tools\data\pool.py", line 129, in dedup_records
    if key not in seen:
                  ^^^^
NameError: name 'seen' is not defined

[19:34:01]   All retries exhausted — giving up
[19:34:01]   L186: design_probes --write FAILED
[19:34:01]   CMD [attempt 1/2]: C:\Users\Administrator\AppData\Local\hermes\hermes-agent\venv\Scripts\python.exe -X utf8 D:\download\BlastGame\hermes\tools\design_probes.py 197 --write
[19:34:01]   FAIL (exit=1) attempt 1/2
[19:34:01]   stderr: e 278, in <module>
    main()
  File "D:\download\BlastGame\hermes\tools\design_probes.py", line 269, in main
    probes = design(str(lv))
             ^^^^^^^^^^^^^^^
  File "D:\download\BlastGame\hermes\tools\design_probes.py", line 37, in design
    uniq = pool.dedup_records(recs)
           ^^^^^^^^^^^^^^^^^^^^^^^^
  File "D:\download\BlastGame\hermes\tools\..\tools\data\pool.py", line 129, in dedup_records
    if key not in seen:
                  ^^^^
NameError: name 'seen' is not defined

[19:34:01]   Retrying in 5s...
[19:34:06]   CMD [attempt 2/2]: C:\Users\Administrator\AppData\Local\hermes\hermes-agent\venv\Scripts\python.exe -X utf8 D:\download\BlastGame\hermes\tools\design_probes.py 197 --write
[19:34:07]   FAIL (exit=1) attempt 2/2
[19:34:07]   stderr: e 278, in <module>
    main()
  File "D:\download\BlastGame\hermes\tools\design_probes.py", line 269, in main
    probes = design(str(lv))
             ^^^^^^^^^^^^^^^
  File "D:\download\BlastGame\hermes\tools\design_probes.py", line 37, in design
    uniq = pool.dedup_records(recs)
           ^^^^^^^^^^^^^^^^^^^^^^^^
  File "D:\download\BlastGame\hermes\tools\..\tools\data\pool.py", line 129, in dedup_records
    if key not in seen:
                  ^^^^
NameError: name 'seen' is not defined

[19:34:07]   All retries exhausted — giving up
[19:34:07]   L197: design_probes --write FAILED
[19:34:07]   CMD [attempt 1/2]: C:\Users\Administrator\AppData\Local\hermes\hermes-agent\venv\Scripts\python.exe -X utf8 D:\download\BlastGame\hermes\tools\planner.py --levels  --output json
[19:34:07] [Phase 2/5] apply_probes → write asset
[19:34:07]   probe_configs.json updated: 0 levels
[19:34:07]   CMD [attempt 1/2]: C:\Users\Administrator\AppData\Local\hermes\hermes-agent\venv\Scripts\python.exe -X utf8 D:\download\BlastGame\hermes\tools\apply_probes.py 
[19:34:07]     ✅ 全部完成
[19:34:07] [Preflight] asset & config check...
[19:34:07]   ⛔ Preflight FAILED:
[19:34:07]     ✅ asset 5 档完整
[19:34:07]     ❌ L159: probe_configs 中无此关卡
[19:34:07]     ❌ L186: probe_configs 中无此关卡
[19:34:07]     ❌ L197: probe_configs 中无此关卡
[19:34:07]     📊 数据源预览:
[19:34:07]   ⚠ Continuing despite preflight warnings...
[19:34:07] [Warden] pre-batch check...
[19:34:08]   ⛔ Warden BLOCKED batch. Fix violations before retry.
[19:34:08]     [WARDEN] BLOCKED:
[19:34:08]     [W04] unity_lock — 检查异常: argument of type 'NoneType' is not iterable
[19:34:08]     [W05] no_git — warden.py:77 含危险 git 命令: if 'git checkout' in line or 'git reset' in line or 'git cle
[19:34:08]     [W06] asset_hash — asset 签名检查异常: No module named 'tools.asset_patcher'
[19:34:08] 
[19:34:08] ————————————————————————————————————————————————————————————
[19:34:08]  ROUND 3/6
[19:34:08]  Pending (4): 159, 174, 186, 197
[19:34:08] ————————————————————————————————————————————————————————————
[19:34:08] 
[19:34:08] [Phase 1/5] agent_analyze → combo + design_probes
[19:34:08]   CMD [attempt 1/2]: C:\Users\Administrator\AppData\Local\hermes\hermes-agent\venv\Scripts\python.exe -X utf8 D:\download\BlastGame\hermes\tools\planner.py --levels 159,174,186,197 --output json
[19:34:10]   L159: planner error — agent_analyze exit=1
[19:34:10]   L174: planner error — agent_analyze exit=1
[19:34:10]   L186: planner error — agent_analyze exit=1
[19:34:10]   L197: planner error — agent_analyze exit=1
[19:34:10]   4 level(s) missing probes — running fallback design_probes...
[19:34:10]   CMD [attempt 1/2]: C:\Users\Administrator\AppData\Local\hermes\hermes-agent\venv\Scripts\python.exe -X utf8 D:\download\BlastGame\hermes\tools\design_probes.py 159 --write
[19:34:10]   FAIL (exit=1) attempt 1/2
[19:34:10]   stderr: e 278, in <module>
    main()
  File "D:\download\BlastGame\hermes\tools\design_probes.py", line 269, in main
    probes = design(str(lv))
             ^^^^^^^^^^^^^^^
  File "D:\download\BlastGame\hermes\tools\design_probes.py", line 37, in design
    uniq = pool.dedup_records(recs)
           ^^^^^^^^^^^^^^^^^^^^^^^^
  File "D:\download\BlastGame\hermes\tools\..\tools\data\pool.py", line 129, in dedup_records
    if key not in seen:
                  ^^^^
NameError: name 'seen' is not defined

[19:34:10]   Retrying in 5s...
[19:34:15]   CMD [attempt 2/2]: C:\Users\Administrator\AppData\Local\hermes\hermes-agent\venv\Scripts\python.exe -X utf8 D:\download\BlastGame\hermes\tools\design_probes.py 159 --write
[19:34:16]   FAIL (exit=1) attempt 2/2
[19:34:16]   stderr: e 278, in <module>
    main()
  File "D:\download\BlastGame\hermes\tools\design_probes.py", line 269, in main
    probes = design(str(lv))
             ^^^^^^^^^^^^^^^
  File "D:\download\BlastGame\hermes\tools\design_probes.py", line 37, in design
    uniq = pool.dedup_records(recs)
           ^^^^^^^^^^^^^^^^^^^^^^^^
  File "D:\download\BlastGame\hermes\tools\..\tools\data\pool.py", line 129, in dedup_records
    if key not in seen:
                  ^^^^
NameError: name 'seen' is not defined

[19:34:16]   All retries exhausted — giving up
[19:34:16]   L159: design_probes --write FAILED
[19:34:16]   CMD [attempt 1/2]: C:\Users\Administrator\AppData\Local\hermes\hermes-agent\venv\Scripts\python.exe -X utf8 D:\download\BlastGame\hermes\tools\design_probes.py 174 --write
[19:34:16]   FAIL (exit=1) attempt 1/2
[19:34:16]   stderr: e 278, in <module>
    main()
  File "D:\download\BlastGame\hermes\tools\design_probes.py", line 269, in main
    probes = design(str(lv))
             ^^^^^^^^^^^^^^^
  File "D:\download\BlastGame\hermes\tools\design_probes.py", line 37, in design
    uniq = pool.dedup_records(recs)
           ^^^^^^^^^^^^^^^^^^^^^^^^
  File "D:\download\BlastGame\hermes\tools\..\tools\data\pool.py", line 129, in dedup_records
    if key not in seen:
                  ^^^^
NameError: name 'seen' is not defined

[19:34:16]   Retrying in 5s...
[19:34:21]   CMD [attempt 2/2]: C:\Users\Administrator\AppData\Local\hermes\hermes-agent\venv\Scripts\python.exe -X utf8 D:\download\BlastGame\hermes\tools\design_probes.py 174 --write
[19:34:22]   FAIL (exit=1) attempt 2/2
[19:34:22]   stderr: e 278, in <module>
    main()
  File "D:\download\BlastGame\hermes\tools\design_probes.py", line 269, in main
    probes = design(str(lv))
             ^^^^^^^^^^^^^^^
  File "D:\download\BlastGame\hermes\tools\design_probes.py", line 37, in design
    uniq = pool.dedup_records(recs)
           ^^^^^^^^^^^^^^^^^^^^^^^^
  File "D:\download\BlastGame\hermes\tools\..\tools\data\pool.py", line 129, in dedup_records
    if key not in seen:
                  ^^^^
NameError: name 'seen' is not defined

[19:34:22]   All retries exhausted — giving up
[19:34:22]   L174: design_probes --write FAILED
[19:34:22]   CMD [attempt 1/2]: C:\Users\Administrator\AppData\Local\hermes\hermes-agent\venv\Scripts\python.exe -X utf8 D:\download\BlastGame\hermes\tools\design_probes.py 186 --write
[19:34:22]   FAIL (exit=1) attempt 1/2
[19:34:22]   stderr: e 278, in <module>
    main()
  File "D:\download\BlastGame\hermes\tools\design_probes.py", line 269, in main
    probes = design(str(lv))
             ^^^^^^^^^^^^^^^
  File "D:\download\BlastGame\hermes\tools\design_probes.py", line 37, in design
    uniq = pool.dedup_records(recs)
           ^^^^^^^^^^^^^^^^^^^^^^^^
  File "D:\download\BlastGame\hermes\tools\..\tools\data\pool.py", line 129, in dedup_records
    if key not in seen:
                  ^^^^
NameError: name 'seen' is not defined

[19:34:22]   Retrying in 5s...
[19:34:27]   CMD [attempt 2/2]: C:\Users\Administrator\AppData\Local\hermes\hermes-agent\venv\Scripts\python.exe -X utf8 D:\download\BlastGame\hermes\tools\design_probes.py 186 --write
[19:34:28]   FAIL (exit=1) attempt 2/2
[19:34:28]   stderr: e 278, in <module>
    main()
  File "D:\download\BlastGame\hermes\tools\design_probes.py", line 269, in main
    probes = design(str(lv))
             ^^^^^^^^^^^^^^^
  File "D:\download\BlastGame\hermes\tools\design_probes.py", line 37, in design
    uniq = pool.dedup_records(recs)
           ^^^^^^^^^^^^^^^^^^^^^^^^
  File "D:\download\BlastGame\hermes\tools\..\tools\data\pool.py", line 129, in dedup_records
    if key not in seen:
                  ^^^^
NameError: name 'seen' is not defined

[19:34:28]   All retries exhausted — giving up
[19:34:28]   L186: design_probes --write FAILED
[19:34:28]   CMD [attempt 1/2]: C:\Users\Administrator\AppData\Local\hermes\hermes-agent\venv\Scripts\python.exe -X utf8 D:\download\BlastGame\hermes\tools\design_probes.py 197 --write
[19:34:28]   FAIL (exit=1) attempt 1/2
[19:34:28]   stderr: e 278, in <module>
    main()
  File "D:\download\BlastGame\hermes\tools\design_probes.py", line 269, in main
    probes = design(str(lv))
             ^^^^^^^^^^^^^^^
  File "D:\download\BlastGame\hermes\tools\design_probes.py", line 37, in design
    uniq = pool.dedup_records(recs)
           ^^^^^^^^^^^^^^^^^^^^^^^^
  File "D:\download\BlastGame\hermes\tools\..\tools\data\pool.py", line 129, in dedup_records
    if key not in seen:
                  ^^^^
NameError: name 'seen' is not defined

[19:34:28]   Retrying in 5s...
[19:34:33]   CMD [attempt 2/2]: C:\Users\Administrator\AppData\Local\hermes\hermes-agent\venv\Scripts\python.exe -X utf8 D:\download\BlastGame\hermes\tools\design_probes.py 197 --write
[19:34:34]   FAIL (exit=1) attempt 2/2
[19:34:34]   stderr: e 278, in <module>
    main()
  File "D:\download\BlastGame\hermes\tools\design_probes.py", line 269, in main
    probes = design(str(lv))
             ^^^^^^^^^^^^^^^
  File "D:\download\BlastGame\hermes\tools\design_probes.py", line 37, in design
    uniq = pool.dedup_records(recs)
           ^^^^^^^^^^^^^^^^^^^^^^^^
  File "D:\download\BlastGame\hermes\tools\..\tools\data\pool.py", line 129, in dedup_records
    if key not in seen:
                  ^^^^
NameError: name 'seen' is not defined

[19:34:34]   All retries exhausted — giving up
[19:34:34]   L197: design_probes --write FAILED
[19:34:34]   CMD [attempt 1/2]: C:\Users\Administrator\AppData\Local\hermes\hermes-agent\venv\Scripts\python.exe -X utf8 D:\download\BlastGame\hermes\tools\planner.py --levels  --output json
[19:34:35] [Phase 2/5] apply_probes → write asset
[19:34:35]   probe_configs.json updated: 0 levels
[19:34:35]   CMD [attempt 1/2]: C:\Users\Administrator\AppData\Local\hermes\hermes-agent\venv\Scripts\python.exe -X utf8 D:\download\BlastGame\hermes\tools\apply_probes.py 
[19:34:35]     ✅ 全部完成
[19:34:35] [Preflight] asset & config check...
[19:34:35]   ⛔ Preflight FAILED:
[19:34:35]     ✅ asset 5 档完整
[19:34:35]     ❌ L159: probe_configs 中无此关卡
[19:34:35]     ❌ L186: probe_configs 中无此关卡
[19:34:35]     ❌ L197: probe_configs 中无此关卡
[19:34:35]     📊 数据源预览:
[19:34:35]   ⚠ Continuing despite preflight warnings...
[19:34:35] [Warden] pre-batch check...
[19:34:35]   ⛔ Warden BLOCKED batch. Fix violations before retry.
[19:34:36]     [WARDEN] BLOCKED:
[19:34:36]     [W04] unity_lock — 检查异常: argument of type 'NoneType' is not iterable
[19:34:36]     [W05] no_git — warden.py:77 含危险 git 命令: if 'git checkout' in line or 'git reset' in line or 'git cle
[19:34:36]     [W06] asset_hash — asset 签名检查异常: No module named 'tools.asset_patcher'
[19:34:36] 
[19:34:36] ————————————————————————————————————————————————————————————
[19:34:36]  ROUND 4/6
[19:34:36]  Pending (4): 159, 174, 186, 197
[19:34:36] ————————————————————————————————————————————————————————————
[19:34:36] 
[19:34:36] [Phase 1/5] agent_analyze → combo + design_probes
[19:34:36]   CMD [attempt 1/2]: C:\Users\Administrator\AppData\Local\hermes\hermes-agent\venv\Scripts\python.exe -X utf8 D:\download\BlastGame\hermes\tools\planner.py --levels 159,174,186,197 --output json
[19:34:38]   L159: planner error — agent_analyze exit=1
[19:34:38]   L174: planner error — agent_analyze exit=1
[19:34:38]   L186: planner error — agent_analyze exit=1
[19:34:38]   L197: planner error — agent_analyze exit=1
[19:34:38]   4 level(s) missing probes — running fallback design_probes...
[19:34:38]   CMD [attempt 1/2]: C:\Users\Administrator\AppData\Local\hermes\hermes-agent\venv\Scripts\python.exe -X utf8 D:\download\BlastGame\hermes\tools\design_probes.py 159 --write
[19:34:39]   FAIL (exit=1) attempt 1/2
[19:34:39]   stderr: e 278, in <module>
    main()
  File "D:\download\BlastGame\hermes\tools\design_probes.py", line 269, in main
    probes = design(str(lv))
             ^^^^^^^^^^^^^^^
  File "D:\download\BlastGame\hermes\tools\design_probes.py", line 37, in design
    uniq = pool.dedup_records(recs)
           ^^^^^^^^^^^^^^^^^^^^^^^^
  File "D:\download\BlastGame\hermes\tools\..\tools\data\pool.py", line 129, in dedup_records
    if key not in seen:
                  ^^^^
NameError: name 'seen' is not defined

[19:34:39]   Retrying in 5s...
[19:34:44]   CMD [attempt 2/2]: C:\Users\Administrator\AppData\Local\hermes\hermes-agent\venv\Scripts\python.exe -X utf8 D:\download\BlastGame\hermes\tools\design_probes.py 159 --write
[19:34:44]   FAIL (exit=1) attempt 2/2
[19:34:44]   stderr: e 278, in <module>
    main()
  File "D:\download\BlastGame\hermes\tools\design_probes.py", line 269, in main
    probes = design(str(lv))
             ^^^^^^^^^^^^^^^
  File "D:\download\BlastGame\hermes\tools\design_probes.py", line 37, in design
    uniq = pool.dedup_records(recs)
           ^^^^^^^^^^^^^^^^^^^^^^^^
  File "D:\download\BlastGame\hermes\tools\..\tools\data\pool.py", line 129, in dedup_records
    if key not in seen:
                  ^^^^
NameError: name 'seen' is not defined

[19:34:44]   All retries exhausted — giving up
[19:34:44]   L159: design_probes --write FAILED
[19:34:44]   CMD [attempt 1/2]: C:\Users\Administrator\AppData\Local\hermes\hermes-agent\venv\Scripts\python.exe -X utf8 D:\download\BlastGame\hermes\tools\design_probes.py 174 --write
[19:34:45]   FAIL (exit=1) attempt 1/2
[19:34:45]   stderr: e 278, in <module>
    main()
  File "D:\download\BlastGame\hermes\tools\design_probes.py", line 269, in main
    probes = design(str(lv))
             ^^^^^^^^^^^^^^^
  File "D:\download\BlastGame\hermes\tools\design_probes.py", line 37, in design
    uniq = pool.dedup_records(recs)
           ^^^^^^^^^^^^^^^^^^^^^^^^
  File "D:\download\BlastGame\hermes\tools\..\tools\data\pool.py", line 129, in dedup_records
    if key not in seen:
                  ^^^^
NameError: name 'seen' is not defined

[19:34:45]   Retrying in 5s...
[19:34:50]   CMD [attempt 2/2]: C:\Users\Administrator\AppData\Local\hermes\hermes-agent\venv\Scripts\python.exe -X utf8 D:\download\BlastGame\hermes\tools\design_probes.py 174 --write
[19:34:50]   FAIL (exit=1) attempt 2/2
[19:34:50]   stderr: e 278, in <module>
    main()
  File "D:\download\BlastGame\hermes\tools\design_probes.py", line 269, in main
    probes = design(str(lv))
             ^^^^^^^^^^^^^^^
  File "D:\download\BlastGame\hermes\tools\design_probes.py", line 37, in design
    uniq = pool.dedup_records(recs)
           ^^^^^^^^^^^^^^^^^^^^^^^^
  File "D:\download\BlastGame\hermes\tools\..\tools\data\pool.py", line 129, in dedup_records
    if key not in seen:
                  ^^^^
NameError: name 'seen' is not defined

[19:34:50]   All retries exhausted — giving up
[19:34:50]   L174: design_probes --write FAILED
[19:34:50]   CMD [attempt 1/2]: C:\Users\Administrator\AppData\Local\hermes\hermes-agent\venv\Scripts\python.exe -X utf8 D:\download\BlastGame\hermes\tools\design_probes.py 186 --write
[19:34:51]   FAIL (exit=1) attempt 1/2
[19:34:51]   stderr: e 278, in <module>
    main()
  File "D:\download\BlastGame\hermes\tools\design_probes.py", line 269, in main
    probes = design(str(lv))
             ^^^^^^^^^^^^^^^
  File "D:\download\BlastGame\hermes\tools\design_probes.py", line 37, in design
    uniq = pool.dedup_records(recs)
           ^^^^^^^^^^^^^^^^^^^^^^^^
  File "D:\download\BlastGame\hermes\tools\..\tools\data\pool.py", line 129, in dedup_records
    if key not in seen:
                  ^^^^
NameError: name 'seen' is not defined

[19:34:51]   Retrying in 5s...
[19:34:56]   CMD [attempt 2/2]: C:\Users\Administrator\AppData\Local\hermes\hermes-agent\venv\Scripts\python.exe -X utf8 D:\download\BlastGame\hermes\tools\design_probes.py 186 --write
[19:34:56]   FAIL (exit=1) attempt 2/2
[19:34:56]   stderr: e 278, in <module>
    main()
  File "D:\download\BlastGame\hermes\tools\design_probes.py", line 269, in main
    probes = design(str(lv))
             ^^^^^^^^^^^^^^^
  File "D:\download\BlastGame\hermes\tools\design_probes.py", line 37, in design
    uniq = pool.dedup_records(recs)
           ^^^^^^^^^^^^^^^^^^^^^^^^
  File "D:\download\BlastGame\hermes\tools\..\tools\data\pool.py", line 129, in dedup_records
    if key not in seen:
                  ^^^^
NameError: name 'seen' is not defined

[19:34:56]   All retries exhausted — giving up
[19:34:56]   L186: design_probes --write FAILED
[19:34:56]   CMD [attempt 1/2]: C:\Users\Administrator\AppData\Local\hermes\hermes-agent\venv\Scripts\python.exe -X utf8 D:\download\BlastGame\hermes\tools\design_probes.py 197 --write
[19:34:57]   FAIL (exit=1) attempt 1/2
[19:34:57]   stderr: e 278, in <module>
    main()
  File "D:\download\BlastGame\hermes\tools\design_probes.py", line 269, in main
    probes = design(str(lv))
             ^^^^^^^^^^^^^^^
  File "D:\download\BlastGame\hermes\tools\design_probes.py", line 37, in design
    uniq = pool.dedup_records(recs)
           ^^^^^^^^^^^^^^^^^^^^^^^^
  File "D:\download\BlastGame\hermes\tools\..\tools\data\pool.py", line 129, in dedup_records
    if key not in seen:
                  ^^^^
NameError: name 'seen' is not defined

[19:34:57]   Retrying in 5s...
[19:35:02]   CMD [attempt 2/2]: C:\Users\Administrator\AppData\Local\hermes\hermes-agent\venv\Scripts\python.exe -X utf8 D:\download\BlastGame\hermes\tools\design_probes.py 197 --write
[19:35:02]   FAIL (exit=1) attempt 2/2
[19:35:02]   stderr: e 278, in <module>
    main()
  File "D:\download\BlastGame\hermes\tools\design_probes.py", line 269, in main
    probes = design(str(lv))
             ^^^^^^^^^^^^^^^
  File "D:\download\BlastGame\hermes\tools\design_probes.py", line 37, in design
    uniq = pool.dedup_records(recs)
           ^^^^^^^^^^^^^^^^^^^^^^^^
  File "D:\download\BlastGame\hermes\tools\..\tools\data\pool.py", line 129, in dedup_records
    if key not in seen:
                  ^^^^
NameError: name 'seen' is not defined

[19:35:02]   All retries exhausted — giving up
[19:35:02]   L197: design_probes --write FAILED
[19:35:02]   CMD [attempt 1/2]: C:\Users\Administrator\AppData\Local\hermes\hermes-agent\venv\Scripts\python.exe -X utf8 D:\download\BlastGame\hermes\tools\planner.py --levels  --output json
[19:35:03] [Phase 2/5] apply_probes → write asset
[19:35:03]   probe_configs.json updated: 0 levels
[19:35:03]   CMD [attempt 1/2]: C:\Users\Administrator\AppData\Local\hermes\hermes-agent\venv\Scripts\python.exe -X utf8 D:\download\BlastGame\hermes\tools\apply_probes.py 
[19:35:03]     ✅ 全部完成
[19:35:03] [Preflight] asset & config check...
[19:35:03]   ⛔ Preflight FAILED:
[19:35:03]     ✅ asset 5 档完整
[19:35:03]     ❌ L159: probe_configs 中无此关卡
[19:35:03]     ❌ L186: probe_configs 中无此关卡
[19:35:03]     ❌ L197: probe_configs 中无此关卡
[19:35:03]     📊 数据源预览:
[19:35:03]   ⚠ Continuing despite preflight warnings...
[19:35:03] [Warden] pre-batch check...
[19:35:03]   ⛔ Warden BLOCKED batch. Fix violations before retry.
[19:35:03]     [WARDEN] BLOCKED:
[19:35:03]     [W04] unity_lock — 检查异常: argument of type 'NoneType' is not iterable
[19:35:03]     [W05] no_git — warden.py:77 含危险 git 命令: if 'git checkout' in line or 'git reset' in line or 'git cle
[19:35:03]     [W06] asset_hash — asset 签名检查异常: No module named 'tools.asset_patcher'
[19:35:03] 
[19:35:03] ————————————————————————————————————————————————————————————
[19:35:03]  ROUND 5/6
[19:35:03]  Pending (4): 159, 174, 186, 197
[19:35:03] ————————————————————————————————————————————————————————————
[19:35:03] 
[19:35:03] [Phase 1/5] agent_analyze → combo + design_probes
[19:35:03]   CMD [attempt 1/2]: C:\Users\Administrator\AppData\Local\hermes\hermes-agent\venv\Scripts\python.exe -X utf8 D:\download\BlastGame\hermes\tools\planner.py --levels 159,174,186,197 --output json
[19:35:05]   L159: planner error — agent_analyze exit=1
[19:35:05]   L174: planner error — agent_analyze exit=1
[19:35:05]   L186: planner error — agent_analyze exit=1
[19:35:05]   L197: planner error — agent_analyze exit=1
[19:35:05]   4 level(s) missing probes — running fallback design_probes...
[19:35:05]   CMD [attempt 1/2]: C:\Users\Administrator\AppData\Local\hermes\hermes-agent\venv\Scripts\python.exe -X utf8 D:\download\BlastGame\hermes\tools\design_probes.py 159 --write
[19:35:06]   FAIL (exit=1) attempt 1/2
[19:35:06]   stderr: e 278, in <module>
    main()
  File "D:\download\BlastGame\hermes\tools\design_probes.py", line 269, in main
    probes = design(str(lv))
             ^^^^^^^^^^^^^^^
  File "D:\download\BlastGame\hermes\tools\design_probes.py", line 37, in design
    uniq = pool.dedup_records(recs)
           ^^^^^^^^^^^^^^^^^^^^^^^^
  File "D:\download\BlastGame\hermes\tools\..\tools\data\pool.py", line 129, in dedup_records
    if key not in seen:
                  ^^^^
NameError: name 'seen' is not defined

[19:35:06]   Retrying in 5s...
[19:35:11]   CMD [attempt 2/2]: C:\Users\Administrator\AppData\Local\hermes\hermes-agent\venv\Scripts\python.exe -X utf8 D:\download\BlastGame\hermes\tools\design_probes.py 159 --write
[19:35:12]   FAIL (exit=1) attempt 2/2
[19:35:12]   stderr: e 278, in <module>
    main()
  File "D:\download\BlastGame\hermes\tools\design_probes.py", line 269, in main
    probes = design(str(lv))
             ^^^^^^^^^^^^^^^
  File "D:\download\BlastGame\hermes\tools\design_probes.py", line 37, in design
    uniq = pool.dedup_records(recs)
           ^^^^^^^^^^^^^^^^^^^^^^^^
  File "D:\download\BlastGame\hermes\tools\..\tools\data\pool.py", line 129, in dedup_records
    if key not in seen:
                  ^^^^
NameError: name 'seen' is not defined

[19:35:12]   All retries exhausted — giving up
[19:35:12]   L159: design_probes --write FAILED
[19:35:12]   CMD [attempt 1/2]: C:\Users\Administrator\AppData\Local\hermes\hermes-agent\venv\Scripts\python.exe -X utf8 D:\download\BlastGame\hermes\tools\design_probes.py 174 --write
[19:35:12]   FAIL (exit=1) attempt 1/2
[19:35:12]   stderr: e 278, in <module>
    main()
  File "D:\download\BlastGame\hermes\tools\design_probes.py", line 269, in main
    probes = design(str(lv))
             ^^^^^^^^^^^^^^^
  File "D:\download\BlastGame\hermes\tools\design_probes.py", line 37, in design
    uniq = pool.dedup_records(recs)
           ^^^^^^^^^^^^^^^^^^^^^^^^
  File "D:\download\BlastGame\hermes\tools\..\tools\data\pool.py", line 129, in dedup_records
    if key not in seen:
                  ^^^^
NameError: name 'seen' is not defined

[19:35:12]   Retrying in 5s...
[19:35:17]   CMD [attempt 2/2]: C:\Users\Administrator\AppData\Local\hermes\hermes-agent\venv\Scripts\python.exe -X utf8 D:\download\BlastGame\hermes\tools\design_probes.py 174 --write
[19:35:18]   FAIL (exit=1) attempt 2/2
[19:35:18]   stderr: e 278, in <module>
    main()
  File "D:\download\BlastGame\hermes\tools\design_probes.py", line 269, in main
    probes = design(str(lv))
             ^^^^^^^^^^^^^^^
  File "D:\download\BlastGame\hermes\tools\design_probes.py", line 37, in design
    uniq = pool.dedup_records(recs)
           ^^^^^^^^^^^^^^^^^^^^^^^^
  File "D:\download\BlastGame\hermes\tools\..\tools\data\pool.py", line 129, in dedup_records
    if key not in seen:
                  ^^^^
NameError: name 'seen' is not defined

[19:35:18]   All retries exhausted — giving up
[19:35:18]   L174: design_probes --write FAILED
[19:35:18]   CMD [attempt 1/2]: C:\Users\Administrator\AppData\Local\hermes\hermes-agent\venv\Scripts\python.exe -X utf8 D:\download\BlastGame\hermes\tools\design_probes.py 186 --write
[19:35:18]   FAIL (exit=1) attempt 1/2
[19:35:18]   stderr: e 278, in <module>
    main()
  File "D:\download\BlastGame\hermes\tools\design_probes.py", line 269, in main
    probes = design(str(lv))
             ^^^^^^^^^^^^^^^
  File "D:\download\BlastGame\hermes\tools\design_probes.py", line 37, in design
    uniq = pool.dedup_records(recs)
           ^^^^^^^^^^^^^^^^^^^^^^^^
  File "D:\download\BlastGame\hermes\tools\..\tools\data\pool.py", line 129, in dedup_records
    if key not in seen:
                  ^^^^
NameError: name 'seen' is not defined

[19:35:18]   Retrying in 5s...
[19:35:23]   CMD [attempt 2/2]: C:\Users\Administrator\AppData\Local\hermes\hermes-agent\venv\Scripts\python.exe -X utf8 D:\download\BlastGame\hermes\tools\design_probes.py 186 --write
[19:35:24]   FAIL (exit=1) attempt 2/2
[19:35:24]   stderr: e 278, in <module>
    main()
  File "D:\download\BlastGame\hermes\tools\design_probes.py", line 269, in main
    probes = design(str(lv))
             ^^^^^^^^^^^^^^^
  File "D:\download\BlastGame\hermes\tools\design_probes.py", line 37, in design
    uniq = pool.dedup_records(recs)
           ^^^^^^^^^^^^^^^^^^^^^^^^
  File "D:\download\BlastGame\hermes\tools\..\tools\data\pool.py", line 129, in dedup_records
    if key not in seen:
                  ^^^^
NameError: name 'seen' is not defined

[19:35:24]   All retries exhausted — giving up
[19:35:24]   L186: design_probes --write FAILED
[19:35:24]   CMD [attempt 1/2]: C:\Users\Administrator\AppData\Local\hermes\hermes-agent\venv\Scripts\python.exe -X utf8 D:\download\BlastGame\hermes\tools\design_probes.py 197 --write
[19:35:24]   FAIL (exit=1) attempt 1/2
[19:35:24]   stderr: e 278, in <module>
    main()
  File "D:\download\BlastGame\hermes\tools\design_probes.py", line 269, in main
    probes = design(str(lv))
             ^^^^^^^^^^^^^^^
  File "D:\download\BlastGame\hermes\tools\design_probes.py", line 37, in design
    uniq = pool.dedup_records(recs)
           ^^^^^^^^^^^^^^^^^^^^^^^^
  File "D:\download\BlastGame\hermes\tools\..\tools\data\pool.py", line 129, in dedup_records
    if key not in seen:
                  ^^^^
NameError: name 'seen' is not defined

[19:35:24]   Retrying in 5s...
[19:35:29]   CMD [attempt 2/2]: C:\Users\Administrator\AppData\Local\hermes\hermes-agent\venv\Scripts\python.exe -X utf8 D:\download\BlastGame\hermes\tools\design_probes.py 197 --write
[19:35:30]   FAIL (exit=1) attempt 2/2
[19:35:30]   stderr: e 278, in <module>
    main()
  File "D:\download\BlastGame\hermes\tools\design_probes.py", line 269, in main
    probes = design(str(lv))
             ^^^^^^^^^^^^^^^
  File "D:\download\BlastGame\hermes\tools\design_probes.py", line 37, in design
    uniq = pool.dedup_records(recs)
           ^^^^^^^^^^^^^^^^^^^^^^^^
  File "D:\download\BlastGame\hermes\tools\..\tools\data\pool.py", line 129, in dedup_records
    if key not in seen:
                  ^^^^
NameError: name 'seen' is not defined

[19:35:30]   All retries exhausted — giving up
[19:35:30]   L197: design_probes --write FAILED
[19:35:30]   CMD [attempt 1/2]: C:\Users\Administrator\AppData\Local\hermes\hermes-agent\venv\Scripts\python.exe -X utf8 D:\download\BlastGame\hermes\tools\planner.py --levels  --output json
[19:35:31] [Phase 2/5] apply_probes → write asset
[19:35:31]   probe_configs.json updated: 0 levels
[19:35:31]   CMD [attempt 1/2]: C:\Users\Administrator\AppData\Local\hermes\hermes-agent\venv\Scripts\python.exe -X utf8 D:\download\BlastGame\hermes\tools\apply_probes.py 
[19:35:31]     ✅ 全部完成
[19:35:31] [Preflight] asset & config check...
[19:35:31]   ⛔ Preflight FAILED:
[19:35:31]     ✅ asset 5 档完整
[19:35:31]     ❌ L159: probe_configs 中无此关卡
[19:35:31]     ❌ L186: probe_configs 中无此关卡
[19:35:31]     ❌ L197: probe_configs 中无此关卡
[19:35:31]     📊 数据源预览:
[19:35:31]   ⚠ Continuing despite preflight warnings...
[19:35:31] [Warden] pre-batch check...
[19:35:31]   ⛔ Warden BLOCKED batch. Fix violations before retry.
[19:35:31]     [WARDEN] BLOCKED:
[19:35:31]     [W04] unity_lock — 检查异常: argument of type 'NoneType' is not iterable
[19:35:31]     [W05] no_git — warden.py:77 含危险 git 命令: if 'git checkout' in line or 'git reset' in line or 'git cle
[19:35:31]     [W06] asset_hash — asset 签名检查异常: No module named 'tools.asset_patcher'
[19:35:31] 
[19:35:31] ————————————————————————————————————————————————————————————
[19:35:31]  ROUND 6/6
[19:35:31]  Pending (4): 159, 174, 186, 197
[19:35:31] ————————————————————————————————————————————————————————————
[19:35:31] 
[19:35:31] [Phase 1/5] agent_analyze → combo + design_probes
[19:35:31]   CMD [attempt 1/2]: C:\Users\Administrator\AppData\Local\hermes\hermes-agent\venv\Scripts\python.exe -X utf8 D:\download\BlastGame\hermes\tools\planner.py --levels 159,174,186,197 --output json
[19:35:33]   L159: planner error — agent_analyze exit=1
[19:35:33]   L174: planner error — agent_analyze exit=1
[19:35:33]   L186: planner error — agent_analyze exit=1
[19:35:33]   L197: planner error — agent_analyze exit=1
[19:35:33]   4 level(s) missing probes — running fallback design_probes...
[19:35:33]   CMD [attempt 1/2]: C:\Users\Administrator\AppData\Local\hermes\hermes-agent\venv\Scripts\python.exe -X utf8 D:\download\BlastGame\hermes\tools\design_probes.py 159 --write
[19:35:34]   FAIL (exit=1) attempt 1/2
[19:35:34]   stderr: e 278, in <module>
    main()
  File "D:\download\BlastGame\hermes\tools\design_probes.py", line 269, in main
    probes = design(str(lv))
             ^^^^^^^^^^^^^^^
  File "D:\download\BlastGame\hermes\tools\design_probes.py", line 37, in design
    uniq = pool.dedup_records(recs)
           ^^^^^^^^^^^^^^^^^^^^^^^^
  File "D:\download\BlastGame\hermes\tools\..\tools\data\pool.py", line 129, in dedup_records
    if key not in seen:
                  ^^^^
NameError: name 'seen' is not defined

[19:35:34]   Retrying in 5s...
[19:35:39]   CMD [attempt 2/2]: C:\Users\Administrator\AppData\Local\hermes\hermes-agent\venv\Scripts\python.exe -X utf8 D:\download\BlastGame\hermes\tools\design_probes.py 159 --write
[19:35:39]   FAIL (exit=1) attempt 2/2
[19:35:39]   stderr: e 278, in <module>
    main()
  File "D:\download\BlastGame\hermes\tools\design_probes.py", line 269, in main
    probes = design(str(lv))
             ^^^^^^^^^^^^^^^
  File "D:\download\BlastGame\hermes\tools\design_probes.py", line 37, in design
    uniq = pool.dedup_records(recs)
           ^^^^^^^^^^^^^^^^^^^^^^^^
  File "D:\download\BlastGame\hermes\tools\..\tools\data\pool.py", line 129, in dedup_records
    if key not in seen:
                  ^^^^
NameError: name 'seen' is not defined

[19:35:39]   All retries exhausted — giving up
[19:35:39]   L159: design_probes --write FAILED
[19:35:39]   CMD [attempt 1/2]: C:\Users\Administrator\AppData\Local\hermes\hermes-agent\venv\Scripts\python.exe -X utf8 D:\download\BlastGame\hermes\tools\design_probes.py 174 --write
[19:35:40]   FAIL (exit=1) attempt 1/2
[19:35:40]   stderr: e 278, in <module>
    main()
  File "D:\download\BlastGame\hermes\tools\design_probes.py", line 269, in main
    probes = design(str(lv))
             ^^^^^^^^^^^^^^^
  File "D:\download\BlastGame\hermes\tools\design_probes.py", line 37, in design
    uniq = pool.dedup_records(recs)
           ^^^^^^^^^^^^^^^^^^^^^^^^
  File "D:\download\BlastGame\hermes\tools\..\tools\data\pool.py", line 129, in dedup_records
    if key not in seen:
                  ^^^^
NameError: name 'seen' is not defined

[19:35:40]   Retrying in 5s...
[19:35:45]   CMD [attempt 2/2]: C:\Users\Administrator\AppData\Local\hermes\hermes-agent\venv\Scripts\python.exe -X utf8 D:\download\BlastGame\hermes\tools\design_probes.py 174 --write
[19:35:45]   FAIL (exit=1) attempt 2/2
[19:35:45]   stderr: e 278, in <module>
    main()
  File "D:\download\BlastGame\hermes\tools\design_probes.py", line 269, in main
    probes = design(str(lv))
             ^^^^^^^^^^^^^^^
  File "D:\download\BlastGame\hermes\tools\design_probes.py", line 37, in design
    uniq = pool.dedup_records(recs)
           ^^^^^^^^^^^^^^^^^^^^^^^^
  File "D:\download\BlastGame\hermes\tools\..\tools\data\pool.py", line 129, in dedup_records
    if key not in seen:
                  ^^^^
NameError: name 'seen' is not defined

[19:35:45]   All retries exhausted — giving up
[19:35:45]   L174: design_probes --write FAILED
[19:35:45]   CMD [attempt 1/2]: C:\Users\Administrator\AppData\Local\hermes\hermes-agent\venv\Scripts\python.exe -X utf8 D:\download\BlastGame\hermes\tools\design_probes.py 186 --write
[19:35:46]   FAIL (exit=1) attempt 1/2
[19:35:46]   stderr: e 278, in <module>
    main()
  File "D:\download\BlastGame\hermes\tools\design_probes.py", line 269, in main
    probes = design(str(lv))
             ^^^^^^^^^^^^^^^
  File "D:\download\BlastGame\hermes\tools\design_probes.py", line 37, in design
    uniq = pool.dedup_records(recs)
           ^^^^^^^^^^^^^^^^^^^^^^^^
  File "D:\download\BlastGame\hermes\tools\..\tools\data\pool.py", line 129, in dedup_records
    if key not in seen:
                  ^^^^
NameError: name 'seen' is not defined

[19:35:46]   Retrying in 5s...
[19:35:51]   CMD [attempt 2/2]: C:\Users\Administrator\AppData\Local\hermes\hermes-agent\venv\Scripts\python.exe -X utf8 D:\download\BlastGame\hermes\tools\design_probes.py 186 --write
[19:35:51]   FAIL (exit=1) attempt 2/2
[19:35:51]   stderr: e 278, in <module>
    main()
  File "D:\download\BlastGame\hermes\tools\design_probes.py", line 269, in main
    probes = design(str(lv))
             ^^^^^^^^^^^^^^^
  File "D:\download\BlastGame\hermes\tools\design_probes.py", line 37, in design
    uniq = pool.dedup_records(recs)
           ^^^^^^^^^^^^^^^^^^^^^^^^
  File "D:\download\BlastGame\hermes\tools\..\tools\data\pool.py", line 129, in dedup_records
    if key not in seen:
                  ^^^^
NameError: name 'seen' is not defined

[19:35:51]   All retries exhausted — giving up
[19:35:51]   L186: design_probes --write FAILED
[19:35:51]   CMD [attempt 1/2]: C:\Users\Administrator\AppData\Local\hermes\hermes-agent\venv\Scripts\python.exe -X utf8 D:\download\BlastGame\hermes\tools\design_probes.py 197 --write
[19:35:52]   FAIL (exit=1) attempt 1/2
[19:35:52]   stderr: e 278, in <module>
    main()
  File "D:\download\BlastGame\hermes\tools\design_probes.py", line 269, in main
    probes = design(str(lv))
             ^^^^^^^^^^^^^^^
  File "D:\download\BlastGame\hermes\tools\design_probes.py", line 37, in design
    uniq = pool.dedup_records(recs)
           ^^^^^^^^^^^^^^^^^^^^^^^^
  File "D:\download\BlastGame\hermes\tools\..\tools\data\pool.py", line 129, in dedup_records
    if key not in seen:
                  ^^^^
NameError: name 'seen' is not defined

[19:35:52]   Retrying in 5s...
[19:35:57]   CMD [attempt 2/2]: C:\Users\Administrator\AppData\Local\hermes\hermes-agent\venv\Scripts\python.exe -X utf8 D:\download\BlastGame\hermes\tools\design_probes.py 197 --write
[19:35:57]   FAIL (exit=1) attempt 2/2
[19:35:57]   stderr: e 278, in <module>
    main()
  File "D:\download\BlastGame\hermes\tools\design_probes.py", line 269, in main
    probes = design(str(lv))
             ^^^^^^^^^^^^^^^
  File "D:\download\BlastGame\hermes\tools\design_probes.py", line 37, in design
    uniq = pool.dedup_records(recs)
           ^^^^^^^^^^^^^^^^^^^^^^^^
  File "D:\download\BlastGame\hermes\tools\..\tools\data\pool.py", line 129, in dedup_records
    if key not in seen:
                  ^^^^
NameError: name 'seen' is not defined

[19:35:57]   All retries exhausted — giving up
[19:35:57]   L197: design_probes --write FAILED
[19:35:57]   CMD [attempt 1/2]: C:\Users\Administrator\AppData\Local\hermes\hermes-agent\venv\Scripts\python.exe -X utf8 D:\download\BlastGame\hermes\tools\planner.py --levels  --output json
[19:35:58] [Phase 2/5] apply_probes → write asset
[19:35:58]   probe_configs.json updated: 0 levels
[19:35:58]   CMD [attempt 1/2]: C:\Users\Administrator\AppData\Local\hermes\hermes-agent\venv\Scripts\python.exe -X utf8 D:\download\BlastGame\hermes\tools\apply_probes.py 
[19:35:58]     ✅ 全部完成
[19:35:58] [Preflight] asset & config check...
[19:35:58]   ⛔ Preflight FAILED:
[19:35:58]     ✅ asset 5 档完整
[19:35:58]     ❌ L159: probe_configs 中无此关卡
[19:35:58]     ❌ L186: probe_configs 中无此关卡
[19:35:58]     ❌ L197: probe_configs 中无此关卡
[19:35:58]     📊 数据源预览:
[19:35:58]   ⚠ Continuing despite preflight warnings...
[19:35:58] [Warden] pre-batch check...
[19:35:58]   ⛔ Warden BLOCKED batch. Fix violations before retry.
[19:35:58]     [WARDEN] BLOCKED:
[19:35:58]     [W04] unity_lock — 检查异常: argument of type 'NoneType' is not iterable
[19:35:58]     [W05] no_git — warden.py:77 含危险 git 命令: if 'git checkout' in line or 'git reset' in line or 'git cle
[19:35:58]     [W06] asset_hash — asset 签名检查异常: No module named 'tools.asset_patcher'
[19:35:58] 
[19:35:58] ============================================================
[19:35:58]  FINAL SUMMARY
[19:35:58] ============================================================
[19:35:58]  ✅ Passed (入库):  0 levels
[19:35:58]  ❌ Failed (改关卡): 0 levels
[19:35:58]  ⚠ Errors:           0 levels
[19:35:58]  🔄 Still pending:    4 levels
[19:35:58]     L159
[19:35:58]     L174
[19:35:58]     L186
[19:35:58]     L197
[19:35:58] 
[19:35:58]  Full log: D:\download\BlastGame\hermes\auto-log\20260803_193312.log
[19:35:59]  Curator: pattern analysis complete
