[21:27:35] ============================================================
[21:27:35]  auto_loop.py — 全自动调优编排器
[21:27:35] ============================================================
[21:27:35]  Log:        D:\download\BlastGame\hermes\auto-log\20260806_212735.log
[21:27:35]  Levels:     [102, 132, 153]
[21:27:35]  Tiers:      [1, 2, 3, 4, 5]
[21:27:35]  Games/tier: 400
[21:27:35]  Strategy:   scoring_opt_vg
[21:27:35]  Max rounds: 6
[21:27:35]  Unity EXE:  C:\Program Files\Unity\Hub\Editor\6000.0.60f1\Editor\Unity.exe
[21:27:35]  Repo:       C:\Users\Administrator\Documents\BlastGame
[21:27:35] 
[21:27:35] [Auto-recovery] 检查 Unity 进程...
[21:27:35]   无 Unity 进程
[21:27:35] 
[21:27:35] ————————————————————————————————————————————————————————————
[21:27:35]  ROUND 1/6
[21:27:35]  Pending (3): 102, 132, 153
[21:27:35] ————————————————————————————————————————————————————————————
[21:27:35] 
[21:27:35] [Phase 1/5] agent_analyze → combo + design_probes
[21:27:35]   CMD [attempt 1/2]: D:\software\Python 3.13.2\python.exe -X utf8 D:\download\BlastGame\hermes\tools\planner.py --levels 102,132,153 --output json
[21:27:38]   L102: 5 probes, judge=合格, combo quality=48.1
[21:27:38]   L102: 5/5 tiers configured
[21:27:38]   L132: 5 probes, judge=不合格, combo quality=32.7
[21:27:38]   L132: 5/5 tiers configured
[21:27:38]   L153: 5 probes, judge=不合格, combo quality=68.0
[21:27:38]   L153: 5/5 tiers configured
[21:27:38] [Phase 2/5] apply_probes → write asset
[21:27:38]   probe_configs.json updated: 3 levels
[21:27:38]   CMD [attempt 1/2]: D:\software\Python 3.13.2\python.exe -X utf8 D:\download\BlastGame\hermes\tools\apply_probes.py 102,132,153
[21:27:38]     L102: ✅ Warden 通过 (5槽完整)
[21:27:38]     L102: ✅ 写入成功
[21:27:38]     L132: ✅ Warden 通过 (5槽完整)
[21:27:38]     L132: ✅ 写入成功
[21:27:38]     L153: ✅ Warden 通过 (5槽完整)
[21:27:38]     L153: ✅ 写入成功
[21:27:38]     ✅ 全部完成
[21:27:38] [Preflight] asset & config check...
[21:27:38]   ✅ Preflight passed
[21:27:38] [Warden] pre-batch check...
[21:27:38]   ✅ Warden passed
[21:27:38] [Phase 3/5] submit_batch_unity → Unity bot batch
[21:27:38]   adaptive_stop=ON (round 1/6)
[21:27:38]   Submitting Unity batch: 3 levels × 5 tiers, timeout=7200s (120min)
[21:27:38]   CMD [attempt 1/2]: D:\software\Python 3.13.2\python.exe -X utf8 D:\download\BlastGame\hermes\scripts\submit_batch_unity.py 102,132,153 --tiers 1,2,3,4,5 --games 400 --strategy scoring_opt_vg --yes --skip-agent-pipeline --adaptive-stop
