[09:44:26] ============================================================
[09:44:26]  auto_loop.py — 全自动调优编排器
[09:44:26] ============================================================
[09:44:26]  Log:        D:\download\BlastGame\hermes\auto-log\20260804_094426.log
[09:44:26]  Levels:     [159, 174, 186, 197]
[09:44:26]  Tiers:      [1, 2, 3, 4, 5]
[09:44:26]  Games/tier: 400
[09:44:26]  Strategy:   scoring_opt_vg
[09:44:26]  Max rounds: 6
[09:44:26]  Unity EXE:  C:\Program Files\Unity\Hub\Editor\6000.0.60f1\Editor\Unity.exe
[09:44:26]  Repo:       C:\Users\Administrator\Documents\BlastGame
[09:44:26] 
[09:44:26] [Auto-recovery] 检查 Unity 进程...
[09:44:26]   无 Unity 进程
[09:44:26] 
[09:44:26] ————————————————————————————————————————————————————————————
[09:44:26]  ROUND 1/6
[09:44:26]  Pending (4): 159, 174, 186, 197
[09:44:26] ————————————————————————————————————————————————————————————
[09:44:26] 
[09:44:26] [Phase 1/5] agent_analyze → combo + design_probes
[09:44:26]   CMD [attempt 1/2]: C:\Users\Administrator\AppData\Local\hermes\hermes-agent\venv\Scripts\python.exe -X utf8 D:\download\BlastGame\hermes\tools\planner.py --levels 159,174,186,197 --output json
[09:44:27]   FAIL (exit=1) attempt 1/2
[09:44:27]   stderr: Traceback (most recent call last):
  File "D:\download\BlastGame\hermes\tools\planner.py", line 119, in <module>
    main()
  File "D:\download\BlastGame\hermes\tools\planner.py", line 107, in main
    results[lv] = analyze_level(lv)
                  ^^^^^^^^^^^^^^^^^
  File "D:\download\BlastGame\hermes\tools\planner.py", line 45, in analyze_level
    from tools.judge_level import check_judgment, get_round
ModuleNotFoundError: No module named 'tools.judge_level'

[09:44:27]   Retrying in 5s...
[09:44:32]   CMD [attempt 2/2]: C:\Users\Administrator\AppData\Local\hermes\hermes-agent\venv\Scripts\python.exe -X utf8 D:\download\BlastGame\hermes\tools\planner.py --levels 159,174,186,197 --output json
[09:44:33]   FAIL (exit=1) attempt 2/2
[09:44:33]   stderr: Traceback (most recent call last):
  File "D:\download\BlastGame\hermes\tools\planner.py", line 119, in <module>
    main()
  File "D:\download\BlastGame\hermes\tools\planner.py", line 107, in main
    results[lv] = analyze_level(lv)
                  ^^^^^^^^^^^^^^^^^
  File "D:\download\BlastGame\hermes\tools\planner.py", line 45, in analyze_level
    from tools.judge_level import check_judgment, get_round
ModuleNotFoundError: No module named 'tools.judge_level'

[09:44:33]   All retries exhausted — giving up
[09:44:33]   planner FAILED after retries
[09:44:33]   4 level(s) missing probes — running fallback design_probes...
[09:44:33]   CMD [attempt 1/2]: C:\Users\Administrator\AppData\Local\hermes\hermes-agent\venv\Scripts\python.exe -X utf8 D:\download\BlastGame\hermes\tools\design_probes.py 159 --write
[09:44:33]   L159: design_probes --write OK
[09:44:33]   CMD [attempt 1/2]: C:\Users\Administrator\AppData\Local\hermes\hermes-agent\venv\Scripts\python.exe -X utf8 D:\download\BlastGame\hermes\tools\design_probes.py 174 --write
[09:44:34]   L174: design_probes --write OK
[09:44:34]   CMD [attempt 1/2]: C:\Users\Administrator\AppData\Local\hermes\hermes-agent\venv\Scripts\python.exe -X utf8 D:\download\BlastGame\hermes\tools\design_probes.py 186 --write
[09:44:34]   L186: design_probes --write OK
[09:44:34]   CMD [attempt 1/2]: C:\Users\Administrator\AppData\Local\hermes\hermes-agent\venv\Scripts\python.exe -X utf8 D:\download\BlastGame\hermes\tools\design_probes.py 197 --write
[09:44:35]   L197: design_probes --write OK
[09:44:35]   CMD [attempt 1/2]: C:\Users\Administrator\AppData\Local\hermes\hermes-agent\venv\Scripts\python.exe -X utf8 D:\download\BlastGame\hermes\tools\planner.py --levels 186,174,197,159 --output json
[09:44:35]   FAIL (exit=1) attempt 1/2
[09:44:35]   stderr: Traceback (most recent call last):
  File "D:\download\BlastGame\hermes\tools\planner.py", line 119, in <module>
    main()
  File "D:\download\BlastGame\hermes\tools\planner.py", line 107, in main
    results[lv] = analyze_level(lv)
                  ^^^^^^^^^^^^^^^^^
  File "D:\download\BlastGame\hermes\tools\planner.py", line 45, in analyze_level
    from tools.judge_level import check_judgment, get_round
ModuleNotFoundError: No module named 'tools.judge_level'

[09:44:35]   Retrying in 5s...
[09:44:40]   CMD [attempt 2/2]: C:\Users\Administrator\AppData\Local\hermes\hermes-agent\venv\Scripts\python.exe -X utf8 D:\download\BlastGame\hermes\tools\planner.py --levels 186,174,197,159 --output json
[09:44:41]   FAIL (exit=1) attempt 2/2
[09:44:41]   stderr: Traceback (most recent call last):
  File "D:\download\BlastGame\hermes\tools\planner.py", line 119, in <module>
    main()
  File "D:\download\BlastGame\hermes\tools\planner.py", line 107, in main
    results[lv] = analyze_level(lv)
                  ^^^^^^^^^^^^^^^^^
  File "D:\download\BlastGame\hermes\tools\planner.py", line 45, in analyze_level
    from tools.judge_level import check_judgment, get_round
ModuleNotFoundError: No module named 'tools.judge_level'

[09:44:41]   All retries exhausted — giving up
[09:44:41]   planner FAILED after retries
[09:44:41]   ❌ 4 level(s) still missing probes after fallback: ['186', '174', '197', '159']
[09:44:41]   No pending levels remain after probe design — stopping
[09:44:41] 
[09:44:41] ============================================================
[09:44:41]  FINAL SUMMARY
[09:44:41] ============================================================
[09:44:41]  ✅ Passed (入库):  0 levels
[09:44:41]  ❌ Failed (改关卡): 0 levels
[09:44:41]  ⚠ Errors:           4 levels
[09:44:41]     L159: probe_design_failed_r1
[09:44:41]     L174: probe_design_failed_r1
[09:44:41]     L186: probe_design_failed_r1
[09:44:41]     L197: probe_design_failed_r1
[09:44:41]  🔄 Still pending:    0 levels
[09:44:41] 
[09:44:41]  Full log: D:\download\BlastGame\hermes\auto-log\20260804_094426.log
[09:44:41]  Curator: pattern analysis complete
