[09:48:20] ============================================================
[09:48:20]  auto_loop.py — 全自动调优编排器
[09:48:20] ============================================================
[09:48:20]  Log:        D:\download\BlastGame\hermes\auto-log\20260804_094820.log
[09:48:20]  Levels:     [159, 174, 186, 197]
[09:48:20]  Tiers:      [1, 2, 3, 4, 5]
[09:48:20]  Games/tier: 400
[09:48:20]  Strategy:   scoring_opt_vg
[09:48:20]  Max rounds: 6
[09:48:20]  Unity EXE:  C:\Program Files\Unity\Hub\Editor\6000.0.60f1\Editor\Unity.exe
[09:48:20]  Repo:       C:\Users\Administrator\Documents\BlastGame
[09:48:20] 
[09:48:20] [Auto-recovery] 检查 Unity 进程...
[09:48:20]   无 Unity 进程
[09:48:20] 
[09:48:20] ————————————————————————————————————————————————————————————
[09:48:20]  ROUND 1/6
[09:48:20]  Pending (4): 159, 174, 186, 197
[09:48:20] ————————————————————————————————————————————————————————————
[09:48:20] 
[09:48:20] [Phase 1/5] agent_analyze → combo + design_probes
[09:48:20]   CMD [attempt 1/2]: C:\Users\Administrator\AppData\Local\hermes\hermes-agent\venv\Scripts\python.exe -X utf8 D:\download\BlastGame\hermes\tools\planner.py --levels 159,174,186,197 --output json
[09:48:23]   L159: 5 probes, judge=不合格, combo quality=55.1
[09:48:23]   L159: 5/5 tiers configured
[09:48:23]   L174: 5 probes, judge=不合格, combo quality=100.6
[09:48:23]   L174: 5/5 tiers configured
[09:48:23]   L186: 5 probes, judge=不合格, combo quality=95.6
[09:48:23]   L186: 5/5 tiers configured
[09:48:23]   L197: 5 probes, judge=不合格, combo quality=139.7
[09:48:23]   L197: 5/5 tiers configured
[09:48:23] [Phase 2/5] apply_probes → write asset
[09:48:23]   probe_configs.json updated: 4 levels
[09:48:23]   CMD [attempt 1/2]: C:\Users\Administrator\AppData\Local\hermes\hermes-agent\venv\Scripts\python.exe -X utf8 D:\download\BlastGame\hermes\tools\apply_probes.py 159,174,186,197
[09:48:23]   FAIL (exit=1) attempt 1/2
[09:48:23]   Retrying in 5s...
[09:48:28]   CMD [attempt 2/2]: C:\Users\Administrator\AppData\Local\hermes\hermes-agent\venv\Scripts\python.exe -X utf8 D:\download\BlastGame\hermes\tools\apply_probes.py 159,174,186,197
[09:48:28]   FAIL (exit=1) attempt 2/2
[09:48:28]   All retries exhausted — giving up
[09:48:28]   apply_probes FAILED
[09:48:28]   apply_probes failed — skipping this round
[09:48:28] 
[09:48:28] ————————————————————————————————————————————————————————————
[09:48:28]  ROUND 2/6
[09:48:28]  Pending (4): 159, 174, 186, 197
[09:48:28] ————————————————————————————————————————————————————————————
[09:48:28] 
[09:48:28] [Phase 1/5] agent_analyze → combo + design_probes
[09:48:28]   CMD [attempt 1/2]: C:\Users\Administrator\AppData\Local\hermes\hermes-agent\venv\Scripts\python.exe -X utf8 D:\download\BlastGame\hermes\tools\planner.py --levels 159,174,186,197 --output json
[09:48:31]   L159: 5 probes, judge=不合格, combo quality=55.1
[09:48:31]   L159: 5/5 tiers configured
[09:48:31]   L174: 5 probes, judge=不合格, combo quality=100.6
[09:48:31]   L174: 5/5 tiers configured
[09:48:31]   L186: 5 probes, judge=不合格, combo quality=95.6
[09:48:31]   L186: 5/5 tiers configured
[09:48:31]   L197: 5 probes, judge=不合格, combo quality=139.7
[09:48:31]   L197: 5/5 tiers configured
[09:48:31] [Phase 2/5] apply_probes → write asset
[09:48:31]   probe_configs.json updated: 4 levels
[09:48:31]   CMD [attempt 1/2]: C:\Users\Administrator\AppData\Local\hermes\hermes-agent\venv\Scripts\python.exe -X utf8 D:\download\BlastGame\hermes\tools\apply_probes.py 159,174,186,197
[09:48:31]   FAIL (exit=1) attempt 1/2
[09:48:31]   Retrying in 5s...
[09:48:36]   CMD [attempt 2/2]: C:\Users\Administrator\AppData\Local\hermes\hermes-agent\venv\Scripts\python.exe -X utf8 D:\download\BlastGame\hermes\tools\apply_probes.py 159,174,186,197
[09:48:36]   FAIL (exit=1) attempt 2/2
[09:48:36]   All retries exhausted — giving up
[09:48:36]   apply_probes FAILED
[09:48:36]   apply_probes failed — skipping this round
[09:48:36] 
[09:48:36] ————————————————————————————————————————————————————————————
[09:48:36]  ROUND 3/6
[09:48:36]  Pending (4): 159, 174, 186, 197
[09:48:36] ————————————————————————————————————————————————————————————
[09:48:36] 
[09:48:36] [Phase 1/5] agent_analyze → combo + design_probes
[09:48:36]   CMD [attempt 1/2]: C:\Users\Administrator\AppData\Local\hermes\hermes-agent\venv\Scripts\python.exe -X utf8 D:\download\BlastGame\hermes\tools\planner.py --levels 159,174,186,197 --output json
[09:48:39]   L159: 5 probes, judge=不合格, combo quality=55.1
[09:48:39]   L159: 5/5 tiers configured
[09:48:39]   L174: 5 probes, judge=不合格, combo quality=100.6
[09:48:39]   L174: 5/5 tiers configured
[09:48:39]   L186: 5 probes, judge=不合格, combo quality=95.6
[09:48:39]   L186: 5/5 tiers configured
[09:48:39]   L197: 5 probes, judge=不合格, combo quality=139.7
[09:48:39]   L197: 5/5 tiers configured
[09:48:39] [Phase 2/5] apply_probes → write asset
[09:48:39]   probe_configs.json updated: 4 levels
[09:48:39]   CMD [attempt 1/2]: C:\Users\Administrator\AppData\Local\hermes\hermes-agent\venv\Scripts\python.exe -X utf8 D:\download\BlastGame\hermes\tools\apply_probes.py 159,174,186,197
[09:48:39]   FAIL (exit=1) attempt 1/2
[09:48:39]   Retrying in 5s...
[09:48:44]   CMD [attempt 2/2]: C:\Users\Administrator\AppData\Local\hermes\hermes-agent\venv\Scripts\python.exe -X utf8 D:\download\BlastGame\hermes\tools\apply_probes.py 159,174,186,197
[09:48:44]   FAIL (exit=1) attempt 2/2
[09:48:44]   All retries exhausted — giving up
[09:48:44]   apply_probes FAILED
[09:48:44]   apply_probes failed — skipping this round
[09:48:44] 
[09:48:44] ————————————————————————————————————————————————————————————
[09:48:44]  ROUND 4/6
[09:48:44]  Pending (4): 159, 174, 186, 197
[09:48:44] ————————————————————————————————————————————————————————————
[09:48:44] 
[09:48:44] [Phase 1/5] agent_analyze → combo + design_probes
[09:48:44]   CMD [attempt 1/2]: C:\Users\Administrator\AppData\Local\hermes\hermes-agent\venv\Scripts\python.exe -X utf8 D:\download\BlastGame\hermes\tools\planner.py --levels 159,174,186,197 --output json
[09:48:47]   L159: 5 probes, judge=不合格, combo quality=55.1
[09:48:47]   L159: 5/5 tiers configured
[09:48:47]   L174: 5 probes, judge=不合格, combo quality=100.6
[09:48:47]   L174: 5/5 tiers configured
[09:48:47]   L186: 5 probes, judge=不合格, combo quality=95.6
[09:48:47]   L186: 5/5 tiers configured
[09:48:47]   L197: 5 probes, judge=不合格, combo quality=139.7
[09:48:47]   L197: 5/5 tiers configured
[09:48:47] [Phase 2/5] apply_probes → write asset
[09:48:47]   probe_configs.json updated: 4 levels
[09:48:47]   CMD [attempt 1/2]: C:\Users\Administrator\AppData\Local\hermes\hermes-agent\venv\Scripts\python.exe -X utf8 D:\download\BlastGame\hermes\tools\apply_probes.py 159,174,186,197
[09:48:47]   FAIL (exit=1) attempt 1/2
[09:48:47]   Retrying in 5s...
[09:48:52]   CMD [attempt 2/2]: C:\Users\Administrator\AppData\Local\hermes\hermes-agent\venv\Scripts\python.exe -X utf8 D:\download\BlastGame\hermes\tools\apply_probes.py 159,174,186,197
[09:48:52]   FAIL (exit=1) attempt 2/2
[09:48:52]   All retries exhausted — giving up
[09:48:52]   apply_probes FAILED
[09:48:52]   apply_probes failed — skipping this round
[09:48:52] 
[09:48:52] ————————————————————————————————————————————————————————————
[09:48:52]  ROUND 5/6
[09:48:52]  Pending (4): 159, 174, 186, 197
[09:48:52] ————————————————————————————————————————————————————————————
[09:48:52] 
[09:48:52] [Phase 1/5] agent_analyze → combo + design_probes
[09:48:52]   CMD [attempt 1/2]: C:\Users\Administrator\AppData\Local\hermes\hermes-agent\venv\Scripts\python.exe -X utf8 D:\download\BlastGame\hermes\tools\planner.py --levels 159,174,186,197 --output json
[09:48:55]   L159: 5 probes, judge=不合格, combo quality=55.1
[09:48:55]   L159: 5/5 tiers configured
[09:48:55]   L174: 5 probes, judge=不合格, combo quality=100.6
[09:48:55]   L174: 5/5 tiers configured
[09:48:55]   L186: 5 probes, judge=不合格, combo quality=95.6
[09:48:55]   L186: 5/5 tiers configured
[09:48:55]   L197: 5 probes, judge=不合格, combo quality=139.7
[09:48:55]   L197: 5/5 tiers configured
[09:48:55] [Phase 2/5] apply_probes → write asset
[09:48:55]   probe_configs.json updated: 4 levels
[09:48:55]   CMD [attempt 1/2]: C:\Users\Administrator\AppData\Local\hermes\hermes-agent\venv\Scripts\python.exe -X utf8 D:\download\BlastGame\hermes\tools\apply_probes.py 159,174,186,197
[09:48:55]   FAIL (exit=1) attempt 1/2
[09:48:55]   Retrying in 5s...
[09:49:00]   CMD [attempt 2/2]: C:\Users\Administrator\AppData\Local\hermes\hermes-agent\venv\Scripts\python.exe -X utf8 D:\download\BlastGame\hermes\tools\apply_probes.py 159,174,186,197
[09:49:00]   FAIL (exit=1) attempt 2/2
[09:49:00]   All retries exhausted — giving up
[09:49:00]   apply_probes FAILED
[09:49:00]   apply_probes failed — skipping this round
[09:49:00] 
[09:49:00] ————————————————————————————————————————————————————————————
[09:49:00]  ROUND 6/6
[09:49:00]  Pending (4): 159, 174, 186, 197
[09:49:00] ————————————————————————————————————————————————————————————
[09:49:00] 
[09:49:00] [Phase 1/5] agent_analyze → combo + design_probes
[09:49:00]   CMD [attempt 1/2]: C:\Users\Administrator\AppData\Local\hermes\hermes-agent\venv\Scripts\python.exe -X utf8 D:\download\BlastGame\hermes\tools\planner.py --levels 159,174,186,197 --output json
[09:49:03]   L159: 5 probes, judge=不合格, combo quality=55.1
[09:49:03]   L159: 5/5 tiers configured
[09:49:03]   L174: 5 probes, judge=不合格, combo quality=100.6
[09:49:03]   L174: 5/5 tiers configured
[09:49:03]   L186: 5 probes, judge=不合格, combo quality=95.6
[09:49:03]   L186: 5/5 tiers configured
[09:49:03]   L197: 5 probes, judge=不合格, combo quality=139.7
[09:49:03]   L197: 5/5 tiers configured
[09:49:03] [Phase 2/5] apply_probes → write asset
[09:49:03]   probe_configs.json updated: 4 levels
[09:49:03]   CMD [attempt 1/2]: C:\Users\Administrator\AppData\Local\hermes\hermes-agent\venv\Scripts\python.exe -X utf8 D:\download\BlastGame\hermes\tools\apply_probes.py 159,174,186,197
[09:49:03]   FAIL (exit=1) attempt 1/2
[09:49:03]   Retrying in 5s...
[09:49:08]   CMD [attempt 2/2]: C:\Users\Administrator\AppData\Local\hermes\hermes-agent\venv\Scripts\python.exe -X utf8 D:\download\BlastGame\hermes\tools\apply_probes.py 159,174,186,197
[09:49:08]   FAIL (exit=1) attempt 2/2
[09:49:08]   All retries exhausted — giving up
[09:49:08]   apply_probes FAILED
[09:49:08]   apply_probes failed — skipping this round
[09:49:08] 
[09:49:08] ============================================================
[09:49:08]  FINAL SUMMARY
[09:49:08] ============================================================
[09:49:08]  ✅ Passed (入库):  0 levels
[09:49:08]  ❌ Failed (改关卡): 0 levels
[09:49:08]  ⚠ Errors:           0 levels
[09:49:08]  🔄 Still pending:    4 levels
[09:49:08]     L159
[09:49:08]     L174
[09:49:08]     L186
[09:49:08]     L197
[09:49:08] 
[09:49:08]  Full log: D:\download\BlastGame\hermes\auto-log\20260804_094820.log
[09:49:09]  Curator: pattern analysis complete
