[11:10:53] ============================================================
[11:10:53]  auto_loop.py — 全自动调优编排器
[11:10:53] ============================================================
[11:10:53]  Log:        D:\download\BlastGame\hermes\auto-log\20260810_111053.log
[11:10:53]  Levels:     [57, 147, 163]
[11:10:53]  Tiers:      [1, 2, 3, 4, 5]
[11:10:53]  Games/tier: 400
[11:10:53]  Strategy:   scoring_opt_vg
[11:10:53]  Max rounds: 6
[11:10:53]  Unity EXE:  C:\Program Files\Unity\Hub\Editor\6000.0.60f1\Editor\Unity.exe
[11:10:53]  Repo:       C:\Users\Administrator\Documents\BlastGame
[11:10:53] 
[11:10:53] [Auto-recovery] 检查 Unity 进程...
[11:10:53]   无 Unity 进程
[11:10:53] 
[11:10:53] ————————————————————————————————————————————————————————————
[11:10:53]  ROUND 1/6
[11:10:53]  Pending (3): 57, 147, 163
[11:10:53] ————————————————————————————————————————————————————————————
[11:10:53] 
[11:10:53] [Phase 1/5] agent_analyze → combo + design_probes
[11:10:53]   CMD [attempt 1/2]: D:\software\Python 3.13.2\python.exe -X utf8 D:\download\BlastGame\hermes\tools\planner.py --levels 57,147,163 --output json
[11:10:55]   L57: 5 probes, judge=不合格, combo quality=31.4
[11:10:55]   L57: 5/5 tiers configured
[11:10:55]   L147: 5 probes, judge=不合格, combo quality=36.1
[11:10:55]   L147: 5/5 tiers configured
[11:10:55]   L163: 5 probes, judge=不合格, combo quality=26.4
[11:10:55]   L163: 5/5 tiers configured
[11:10:55] [Phase 2/5] apply_probes → write asset
[11:10:55]   💾 调优前 asset 备份: 3 关 → pre_tune_backup_20260810/
[11:10:55]   probe_configs.json updated: 3 levels
[11:10:55]   CMD [attempt 1/2]: D:\software\Python 3.13.2\python.exe -X utf8 D:\download\BlastGame\hermes\tools\apply_probes.py 57,147,163
[11:10:55]     L57: ✅ Warden 通过 (5槽完整)
[11:10:55]     L57: ✅ 写入成功
[11:10:55]     L147: ✅ Warden 通过 (5槽完整)
[11:10:55]     L147: ✅ 写入成功
[11:10:55]     L163: ✅ Warden 通过 (5槽完整)
[11:10:55]     L163: ✅ 写入成功
[11:10:55]     ✅ 全部完成
[11:10:55] [Preflight] asset & config check...
[11:10:55]   ✅ Preflight passed
[11:10:55] [Warden] pre-batch check...
[11:10:56]   ✅ Warden passed
[11:10:56] [Phase 3/5] submit_batch_unity → Unity bot batch
[11:10:56]   adaptive_stop=ON (round 1/6)
[11:10:56]   Submitting Unity batch: 3 levels × 5 tiers, timeout=7200s (120min)
[11:10:56]   CMD [attempt 1/2]: D:\software\Python 3.13.2\python.exe -X utf8 D:\download\BlastGame\hermes\scripts\submit_batch_unity.py 57,147,163 --tiers 1,2,3,4,5 --games 400 --strategy scoring_opt_vg --yes --skip-agent-pipeline --adaptive-stop
[11:35:33]   Unity batch completed
[11:35:33]     === DONE ===
[11:35:33] [Phase 4/5] dump_level_pools → refresh stage-data
[11:35:33]   CMD [attempt 1/2]: D:\software\Python 3.13.2\python.exe -X utf8 D:\download\BlastGame\hermes\tools\dump_level_pools.py
[11:35:38]     可靠池覆盖分布:
[11:35:38]     ✅ D:\download\BlastGame\hermes\stage-data\_summary.json
[11:35:38]     总计: 150 关, 2862 条可靠, 2436 条参考
[11:35:38]     ✅ 完成！stage-data 已更新。
[11:35:38] [Phase 5/5] judge_level → review & verdict
[11:35:38]   🔄 L57 [normal] r4/6: 不合格 — 下一轮(4/6) — 93.3% → 93.3% → 64.0% → 50.5% → 50.5%
[11:35:38]     • 硬性违规: 目标偏差超标 — T3=64.0% 离目标75.0%偏差11.0pp>10.0pp
[11:35:38]   ✅ L147 [superhard] r0/6: 合格 — 入库 — 57.7% → 49.0% → 39.0% → 27.8% → 6.7%
[11:35:38]   🔄 L163 [normal] r1/6: 不合格 — 下一轮(1/6) — 90.7% → 90.7% → 65.0% → 39.5% → 39.5%
[11:35:38]     • 硬性违规: 目标偏差超标 — T4=39.5% 离目标50.0%偏差10.5pp>10.0pp; T5=39.5% 离目标50.0%偏差10.5pp>10.0pp
[11:35:38]   ✅ L147 PASSED → 已入库 (round 0)
[11:35:38]     ⏳ L147 合格待确认入库（未落盘）: WR=['57.7%', '49.0%', '39.0%', '27.8%', '6.7%']
[11:35:38]     ⏳   配置: sd19/5/1,1,10,1,1/of0.5 | sd40/5/1,1,1,1,1/of0.5 | sd40/5/10,1,1,1,1/of0.5 | sd20/5/1,10,10,10,1/of0.5 | sd20/5/1,10,1,10,1/of0.5
[11:35:38]     ⏳   难度=superhard 目标=[50.0, 40.0, 30.0, 20.0, 10.0]
[11:35:38]     ⏳   确认后由主 agent 用 reimport.py 落盘 asset/Excel/board
[11:35:38]   Round 1 done: 1 passed, 2 pending, 0 failed
[11:35:38]   💾 checkpoint saved: round 1, pending=2
[11:35:38] 
[11:35:38] ————————————————————————————————————————————————————————————
[11:35:38]  ROUND 2/6
[11:35:38]  Pending (2): 57, 163
[11:35:38] ————————————————————————————————————————————————————————————
[11:35:38] 
[11:35:38] [Phase 1/5] agent_analyze → combo + design_probes
[11:35:38]   CMD [attempt 1/2]: D:\software\Python 3.13.2\python.exe -X utf8 D:\download\BlastGame\hermes\tools\planner.py --levels 57,163 --output json
[11:35:40]   L57: 5 probes, judge=不合格, combo quality=31.4
[11:35:40]   L57: 5/5 tiers configured
[11:35:40]   L163: 5 probes, judge=不合格, combo quality=26.4
[11:35:40]   L163: 5/5 tiers configured
[11:35:40] [Phase 2/5] apply_probes → write asset
[11:35:40]   probe_configs.json updated: 2 levels
[11:35:40]   CMD [attempt 1/2]: D:\software\Python 3.13.2\python.exe -X utf8 D:\download\BlastGame\hermes\tools\apply_probes.py 57,163
[11:35:40]     L57: ✅ Warden 通过 (5槽完整)
[11:35:40]     L57: ✅ 写入成功
[11:35:40]     L163: ✅ Warden 通过 (5槽完整)
[11:35:40]     L163: ✅ 写入成功
[11:35:40]     ✅ 全部完成
[11:35:40] [Preflight] asset & config check...
[11:35:41]   ✅ Preflight passed
[11:35:41] [Warden] pre-batch check...
[11:35:41]   ✅ Warden passed
[11:35:41] [Phase 3/5] submit_batch_unity → Unity bot batch
[11:35:41]   adaptive_stop=ON (round 2/6)
[11:35:41]   Submitting Unity batch: 2 levels × 5 tiers, timeout=7200s (120min)
[11:35:41]   CMD [attempt 1/2]: D:\software\Python 3.13.2\python.exe -X utf8 D:\download\BlastGame\hermes\scripts\submit_batch_unity.py 57,163 --tiers 1,2,3,4,5 --games 400 --strategy scoring_opt_vg --yes --skip-agent-pipeline --adaptive-stop
[11:54:10]   Unity batch completed
[11:54:10]     === DONE ===
[11:54:10] [Phase 4/5] dump_level_pools → refresh stage-data
[11:54:10]   CMD [attempt 1/2]: D:\software\Python 3.13.2\python.exe -X utf8 D:\download\BlastGame\hermes\tools\dump_level_pools.py
[11:54:15]     可靠池覆盖分布:
[11:54:15]     ✅ D:\download\BlastGame\hermes\stage-data\_summary.json
[11:54:15]     总计: 150 关, 2865 条可靠, 2436 条参考
[11:54:15]     ✅ 完成！stage-data 已更新。
[11:54:15] [Phase 5/5] judge_level → review & verdict
[11:54:15]   🔄 L57 [normal] r5/6: 不合格 — 下一轮(5/6) — 93.3% → 93.3% → 64.0% → 50.5% → 50.5%
[11:54:15]     • 硬性违规: 目标偏差超标 — T3=64.0% 离目标75.0%偏差11.0pp>10.0pp
[11:54:15]   🔄 L163 [normal] r2/6: 不合格 — 下一轮(2/6) — 90.7% → 90.7% → 65.0% → 39.5% → 39.5%
[11:54:15]     • 硬性违规: 目标偏差超标 — T4=39.5% 离目标50.0%偏差10.5pp>10.0pp; T5=39.5% 离目标50.0%偏差10.5pp>10.0pp
[11:54:15]   Round 2 done: 1 passed, 2 pending, 0 failed
[11:54:15]   💾 checkpoint saved: round 2, pending=2
[11:54:15] 
[11:54:15] ————————————————————————————————————————————————————————————
[11:54:15]  ROUND 3/6
[11:54:15]  Pending (2): 57, 163
[11:54:15] ————————————————————————————————————————————————————————————
[11:54:15] 
[11:54:15] [Phase 1/5] agent_analyze → combo + design_probes
[11:54:15]   CMD [attempt 1/2]: D:\software\Python 3.13.2\python.exe -X utf8 D:\download\BlastGame\hermes\tools\planner.py --levels 57,163 --output json
[11:54:18]   L57: 5 probes, judge=不合格, combo quality=31.4
[11:54:18]   L57: 5/5 tiers configured
[11:54:18]   L163: 5 probes, judge=不合格, combo quality=26.4
[11:54:18]   L163: 5/5 tiers configured
[11:54:18] [Phase 2/5] apply_probes → write asset
[11:54:18]   probe_configs.json updated: 2 levels
[11:54:18]   CMD [attempt 1/2]: D:\software\Python 3.13.2\python.exe -X utf8 D:\download\BlastGame\hermes\tools\apply_probes.py 57,163
[11:54:18]     L57: ✅ Warden 通过 (5槽完整)
[11:54:18]     L57: ✅ 写入成功
[11:54:18]     L163: ✅ Warden 通过 (5槽完整)
[11:54:18]     L163: ✅ 写入成功
[11:54:18]     ✅ 全部完成
[11:54:18] [Preflight] asset & config check...
[11:54:18]   ✅ Preflight passed
[11:54:18] [Warden] pre-batch check...
[11:54:18]   ✅ Warden passed
[11:54:18] [Phase 3/5] submit_batch_unity → Unity bot batch
[11:54:18]   adaptive_stop=ON (round 3/6)
[11:54:18]   Submitting Unity batch: 2 levels × 5 tiers, timeout=7200s (120min)
[11:54:18]   CMD [attempt 1/2]: D:\software\Python 3.13.2\python.exe -X utf8 D:\download\BlastGame\hermes\scripts\submit_batch_unity.py 57,163 --tiers 1,2,3,4,5 --games 400 --strategy scoring_opt_vg --yes --skip-agent-pipeline --adaptive-stop
[12:12:36]   Unity batch completed
[12:12:36]     === DONE ===
[12:12:36] [Phase 4/5] dump_level_pools → refresh stage-data
[12:12:36]   CMD [attempt 1/2]: D:\software\Python 3.13.2\python.exe -X utf8 D:\download\BlastGame\hermes\tools\dump_level_pools.py
[12:12:41]     可靠池覆盖分布:
[12:12:41]     ✅ D:\download\BlastGame\hermes\stage-data\_summary.json
[12:12:41]     总计: 150 关, 2865 条可靠, 2436 条参考
[12:12:41]     ✅ 完成！stage-data 已更新。
[12:12:41] [Phase 5/5] judge_level → review & verdict
[12:12:41]   🔄 L57 [normal] r6/6: 不合格 — 改关卡 — 93.3% → 93.3% → 64.0% → 51.0% → 51.0%
[12:12:41]     • 硬性违规: 目标偏差超标 — T3=64.0% 离目标75.0%偏差11.0pp>10.0pp
[12:12:41]   🔄 L163 [normal] r3/6: 不合格 — 下一轮(3/6) — 90.7% → 90.7% → 65.0% → 39.5% → 39.5%
[12:12:41]     • 硬性违规: 目标偏差超标 — T4=39.5% 离目标50.0%偏差10.5pp>10.0pp; T5=39.5% 离目标50.0%偏差10.5pp>10.0pp
[12:12:41]   ❌ L57 MAX ROUNDS (6) → 待用户确认改关卡
[12:12:41]     ⏳ L57 满 6 轮仍不合格，待用户确认是否改关卡
[12:12:41]     ⏳   判定原因: 硬性违规: 目标偏差超标 — T3=64.0% 离目标75.0%偏差11.0pp>10.0pp
[12:12:41]     ⏳   需要时由主 agent 手动 retire_level 设时间防线
[12:12:41]   Round 3 done: 1 passed, 1 pending, 1 failed
[12:12:41]   💾 checkpoint saved: round 3, pending=1
[12:12:41] 
[12:12:41] ————————————————————————————————————————————————————————————
[12:12:41]  ROUND 4/6
[12:12:41]  Pending (1): 163
[12:12:41] ————————————————————————————————————————————————————————————
[12:12:41] 
[12:12:41] [Phase 1/5] agent_analyze → combo + design_probes
[12:12:41]   CMD [attempt 1/2]: D:\software\Python 3.13.2\python.exe -X utf8 D:\download\BlastGame\hermes\tools\planner.py --levels 163 --output json
[12:12:43]   L163: 5 probes, judge=不合格, combo quality=26.4
[12:12:43]   L163: 5/5 tiers configured
[12:12:43] [Phase 2/5] apply_probes → write asset
[12:12:43]   probe_configs.json updated: 1 levels
[12:12:43]   CMD [attempt 1/2]: D:\software\Python 3.13.2\python.exe -X utf8 D:\download\BlastGame\hermes\tools\apply_probes.py 163
[12:12:43]     L163: ✅ Warden 通过 (5槽完整)
[12:12:43]     L163: ✅ 写入成功
[12:12:43]     ✅ 全部完成
[12:12:43] [Preflight] asset & config check...
[12:12:43]   ✅ Preflight passed
[12:12:43] [Warden] pre-batch check...
[12:12:43]   ✅ Warden passed
[12:12:43] [Phase 3/5] submit_batch_unity → Unity bot batch
[12:12:43]   adaptive_stop=ON (round 4/6)
[12:12:43]   Submitting Unity batch: 1 levels × 5 tiers, timeout=7200s (120min)
[12:12:43]   CMD [attempt 1/2]: D:\software\Python 3.13.2\python.exe -X utf8 D:\download\BlastGame\hermes\scripts\submit_batch_unity.py 163 --tiers 1,2,3,4,5 --games 400 --strategy scoring_opt_vg --yes --skip-agent-pipeline --adaptive-stop
