[12:30:55] ============================================================
[12:30:55]  auto_loop.py — 全自动调优编排器
[12:30:55] ============================================================
[12:30:55]  Log:        D:\download\BlastGame\hermes\auto-log\20260810_123055.log
[12:30:55]  Levels:     [57, 163]
[12:30:55]  Tiers:      [1, 2, 3, 4, 5]
[12:30:55]  Games/tier: 400
[12:30:55]  Strategy:   scoring_opt_vg
[12:30:55]  Max rounds: 6
[12:30:55]  Unity EXE:  C:\Program Files\Unity\Hub\Editor\6000.0.60f1\Editor\Unity.exe
[12:30:55]  Repo:       C:\Users\Administrator\Documents\BlastGame
[12:30:55] 
[12:30:55] [Auto-recovery] 检查 Unity 进程...
[12:30:55]   无 Unity 进程
[12:30:55] 
[12:30:55] ————————————————————————————————————————————————————————————
[12:30:55]  ROUND 1/6
[12:30:55]  Pending (2): 57, 163
[12:30:55] ————————————————————————————————————————————————————————————
[12:30:55] 
[12:30:55] [Phase 1/5] agent_analyze → combo + design_probes
[12:30:55]   CMD [attempt 1/2]: D:\software\Python 3.13.2\python.exe -X utf8 D:\download\BlastGame\hermes\tools\planner.py --levels 57,163 --output json
[12:30:57]   L57: 5 probes, judge=不合格, combo quality=30.4
[12:30:57]   L57: 5/5 tiers configured
[12:30:57]   L163: 5 probes, judge=不合格, combo quality=26.4
[12:30:57]   L163: 5/5 tiers configured
[12:30:57] [Phase 2/5] apply_probes → write asset
[12:30:57]   💾 调优前 asset 备份: 2 关 → pre_tune_backup_20260810/
[12:30:57]   probe_configs.json updated: 2 levels
[12:30:57]   CMD [attempt 1/2]: D:\software\Python 3.13.2\python.exe -X utf8 D:\download\BlastGame\hermes\tools\apply_probes.py 57,163
[12:30:57]     L57: ✅ Warden 通过 (5槽完整)
[12:30:57]     L57: ✅ 写入成功
[12:30:57]     L163: ✅ Warden 通过 (5槽完整)
[12:30:57]     L163: ✅ 写入成功
[12:30:57]     ✅ 全部完成
[12:30:57] [Preflight] asset & config check...
[12:30:57]   ✅ Preflight passed
[12:30:57] [Warden] pre-batch check...
[12:30:58]   ✅ Warden passed
[12:30:58] [Phase 3/5] submit_batch_unity → Unity bot batch
[12:30:58]   adaptive_stop=ON (round 1/6)
[12:30:58]   games=200 (探针轮200/验证轮400)
[12:30:58]   Submitting Unity batch: 2 levels × 5 tiers, timeout=7200s (120min)
[12:30:58]   CMD [attempt 1/2]: D:\software\Python 3.13.2\python.exe -X utf8 D:\download\BlastGame\hermes\scripts\submit_batch_unity.py 57,163 --tiers 1,2,3,4,5 --games 200 --strategy scoring_opt_vg --yes --skip-agent-pipeline --adaptive-stop
[12:41:41]   Unity batch completed
[12:41:41]     === DONE ===
[12:41:41] [Phase 4/5] dump_level_pools → refresh stage-data
[12:41:41]   CMD [attempt 1/2]: D:\software\Python 3.13.2\python.exe -X utf8 D:\download\BlastGame\hermes\tools\dump_level_pools.py
[12:41:45]     可靠池覆盖分布:
[12:41:45]     ✅ D:\download\BlastGame\hermes\stage-data\_summary.json
[12:41:45]     总计: 150 关, 2873 条可靠, 2436 条参考
[12:41:45]     ✅ 完成！stage-data 已更新。
[12:41:45] [Phase 5/5] judge_level → review & verdict
[12:41:46]   🔄 L57 [normal] r7/6: 不合格 — 改关卡 — 93.3% → 93.3% → 64.0% → 51.0% → 51.0%
[12:41:46]     • 硬性违规: 目标偏差超标 — T3=64.0% 离目标75.0%偏差11.0pp>10.0pp
[12:41:46]   ✅ L163 [normal] r3/6: 合格 — 入库 — 90.7% → 90.7% → 65.0% → 50.0% → 50.0%
[12:41:46]   ❌ L57 MAX ROUNDS (6) → 待用户确认改关卡
[12:41:46]     ⏳ L57 满 6 轮仍不合格，待用户确认是否改关卡
[12:41:46]     ⏳   判定原因: 硬性违规: 目标偏差超标 — T3=64.0% 离目标75.0%偏差11.0pp>10.0pp
[12:41:46]     ⏳   需要时由主 agent 手动 retire_level 设时间防线
[12:41:46]   ✅ L163 PASSED → 已入库 (round 3)
[12:41:46]     ⏳ L163 合格待确认入库（未落盘）: WR=['90.7%', '90.7%', '65.0%', '50.0%', '50.0%']
[12:41:46]     ⏳   配置: sd37/4/5,3,3,5/of0.24 | sd37/4/5,3,3,5/of0.24 | sd16/5/8,8,8,3,0/of0.5 | sd37/5/1,10,1,1,1/of0.0 | sd37/5/1,10,1,1,1/of0.0
[12:41:46]     ⏳   难度=normal 目标=[85.0, 85.0, 65.0, 50.0, 50.0]
[12:41:46]     ⏳   确认后由主 agent 用 reimport.py 落盘 asset/Excel/board
[12:41:46]   Round 1 done: 1 passed, 0 pending, 1 failed
[12:41:46]   💾 checkpoint saved: round 1, pending=0
[12:41:46]  FINAL SUMMARY
[12:41:46] ============================================================
[12:41:46]  ✅ Passed (入库):  1 levels
[12:41:46]     L163 [normal] r3  90.7% → 90.7% → 65.0% → 50.0% → 50.0%
[12:41:46]  ❌ Failed (改关卡): 1 levels
[12:41:46]     L57 [normal] r7 — 93.3% → 93.3% → 64.0% → 51.0% → 51.0%
[12:41:46]         硬性违规: 目标偏差超标 — T3=64.0% 离目标75.0%偏差11.0pp>10.0pp
[12:41:46]  ⚠ Errors:           0 levels
[12:41:46]  🔄 Still pending:    0 levels
[12:41:46] 
[12:41:46]  Full log: D:\download\BlastGame\hermes\auto-log\20260810_123055.log
[12:41:46]  Curator: pattern analysis complete
