[18:26:34] ============================================================
[18:26:34]  auto_loop.py — 全自动调优编排器
[18:26:34] ============================================================
[18:26:34]  Log:        D:\download\BlastGame\hermes\auto-log\20260731_182634.log
[18:26:34]  Levels:     [136, 176]
[18:26:34]  Tiers:      [1, 2, 3, 4, 5]
[18:26:34]  Games/tier: 400
[18:26:34]  Strategy:   scoring_opt_vg
[18:26:34]  Max rounds: 6
[18:26:34]  Unity EXE:  C:\Program Files\Unity\Hub\Editor\6000.0.60f1\Editor\Unity.exe
[18:26:34]  Repo:       C:\Users\Administrator\Documents\BlastGame
[18:26:34] 
[18:26:34] 
[18:26:34] ————————————————————————————————————————————————————————————
[18:26:34]  ROUND 1/6
[18:26:34]  Pending (2): 136, 176
[18:26:34] ————————————————————————————————————————————————————————————
[18:26:34] 
[18:26:34] [Phase 1/5] agent_analyze → combo + design_probes
[18:26:34]   CMD [attempt 1/2]: C:\Users\Administrator\AppData\Local\hermes\hermes-agent\venv\Scripts\python.exe -X utf8 D:\download\BlastGame\hermes\tools\planner.py --levels 136,176 --output json
[18:26:37]   L136: 5 probes, judge=接近, combo quality=66.0
[18:26:37]   L136: 5/5 tiers configured
[18:26:37]   L176: 5 probes, judge=不合格, combo quality=101.8
[18:26:37]   L176: 5/5 tiers configured
[18:26:37] [Phase 2/5] apply_probes → write asset
[18:26:37]   probe_configs.json updated: 2 levels
[18:26:37]   CMD [attempt 1/2]: C:\Users\Administrator\AppData\Local\hermes\hermes-agent\venv\Scripts\python.exe -X utf8 D:\download\BlastGame\hermes\tools\apply_probes.py 136,176
[18:26:37]     L136: ✅ Warden 通过 (sd跨度/5槽/ratios多样性)
[18:26:37]     L136: ✅ 写入成功
[18:26:37]     L176: ✅ Warden 通过 (sd跨度/5槽/ratios多样性)
[18:26:37]     L176: ✅ 写入成功
[18:26:37]     ✅ 全部完成
[18:26:37] [Preflight] asset & config check...
[18:26:37]   ✅ Preflight passed
[18:26:37] [Warden] pre-batch check...
[18:26:37]   ✅ Warden passed
[18:26:37] [Phase 3/5] submit_batch_unity → Unity bot batch
[18:26:37]   Submitting Unity batch: 2 levels × 5 tiers, timeout=7200s (120min)
[18:26:37]   CMD [attempt 1/2]: C:\Users\Administrator\AppData\Local\hermes\hermes-agent\venv\Scripts\python.exe -X utf8 D:\download\BlastGame\hermes\scripts\submit_batch_unity.py 136,176 --tiers 1,2,3,4,5 --games 400 --strategy scoring_opt_vg --yes --skip-agent-pipeline
[18:40:23]   FAIL (exit=1) attempt 1/2
[18:40:23]   stderr: Traceback (most recent call last):
  File "D:\download\BlastGame\hermes\scripts\submit_batch_unity.py", line 201, in <module>
    if os.path.exists(agent_data):
                      ^^^^^^^^^^
NameError: name 'agent_data' is not defined

[18:40:23]   Retrying in 5s...
[18:40:28]   CMD [attempt 2/2]: C:\Users\Administrator\AppData\Local\hermes\hermes-agent\venv\Scripts\python.exe -X utf8 D:\download\BlastGame\hermes\scripts\submit_batch_unity.py 136,176 --tiers 1,2,3,4,5 --games 400 --strategy scoring_opt_vg --yes --skip-agent-pipeline
[18:54:13]   FAIL (exit=1) attempt 2/2
[18:54:13]   stderr: Traceback (most recent call last):
  File "D:\download\BlastGame\hermes\scripts\submit_batch_unity.py", line 201, in <module>
    if os.path.exists(agent_data):
                      ^^^^^^^^^^
NameError: name 'agent_data' is not defined

[18:54:13]   All retries exhausted — giving up
[18:54:13]   Unity batch FAILED
[18:54:13]   Unity batch failed — skipping this round
[18:54:13] 
[18:54:13] ————————————————————————————————————————————————————————————
[18:54:13]  ROUND 2/6
[18:54:13]  Pending (2): 136, 176
[18:54:13] ————————————————————————————————————————————————————————————
[18:54:13] 
[18:54:13] [Phase 1/5] agent_analyze → combo + design_probes
[18:54:13]   CMD [attempt 1/2]: C:\Users\Administrator\AppData\Local\hermes\hermes-agent\venv\Scripts\python.exe -X utf8 D:\download\BlastGame\hermes\tools\planner.py --levels 136,176 --output json
[18:54:16]   L136: 5 probes, judge=接近, combo quality=65.8
[18:54:16]   L136: 5/5 tiers configured
[18:54:16]   L176: 5 probes, judge=不合格, combo quality=101.8
[18:54:16]   L176: 5/5 tiers configured
[18:54:16] [Phase 2/5] apply_probes → write asset
[18:54:16]   probe_configs.json updated: 2 levels
[18:54:16]   CMD [attempt 1/2]: C:\Users\Administrator\AppData\Local\hermes\hermes-agent\venv\Scripts\python.exe -X utf8 D:\download\BlastGame\hermes\tools\apply_probes.py 136,176
[18:54:16]     L136: ✅ Warden 通过 (sd跨度/5槽/ratios多样性)
[18:54:16]     L136: ✅ 写入成功
[18:54:16]     L176: ✅ Warden 通过 (sd跨度/5槽/ratios多样性)
[18:54:16]     L176: ✅ 写入成功
[18:54:16]     ✅ 全部完成
[18:54:16] [Preflight] asset & config check...
[18:54:16]   ✅ Preflight passed
[18:54:16] [Warden] pre-batch check...
[18:54:16]   ✅ Warden passed
[18:54:16] [Phase 3/5] submit_batch_unity → Unity bot batch
[18:54:16]   Submitting Unity batch: 2 levels × 5 tiers, timeout=7200s (120min)
[18:54:16]   CMD [attempt 1/2]: C:\Users\Administrator\AppData\Local\hermes\hermes-agent\venv\Scripts\python.exe -X utf8 D:\download\BlastGame\hermes\scripts\submit_batch_unity.py 136,176 --tiers 1,2,3,4,5 --games 400 --strategy scoring_opt_vg --yes --skip-agent-pipeline
[19:07:07]   FAIL (exit=1) attempt 1/2
[19:07:07]   stderr: Traceback (most recent call last):
  File "D:\download\BlastGame\hermes\scripts\submit_batch_unity.py", line 201, in <module>
    if os.path.exists(agent_data):
                      ^^^^^^^^^^
NameError: name 'agent_data' is not defined

[19:07:07]   Retrying in 5s...
[19:07:12]   CMD [attempt 2/2]: C:\Users\Administrator\AppData\Local\hermes\hermes-agent\venv\Scripts\python.exe -X utf8 D:\download\BlastGame\hermes\scripts\submit_batch_unity.py 136,176 --tiers 1,2,3,4,5 --games 400 --strategy scoring_opt_vg --yes --skip-agent-pipeline
[19:20:18]   FAIL (exit=1) attempt 2/2
[19:20:18]   stderr: Traceback (most recent call last):
  File "D:\download\BlastGame\hermes\scripts\submit_batch_unity.py", line 201, in <module>
    if os.path.exists(agent_data):
                      ^^^^^^^^^^
NameError: name 'agent_data' is not defined

[19:20:18]   All retries exhausted — giving up
[19:20:18]   Unity batch FAILED
[19:20:18]   Unity batch failed — skipping this round
[19:20:18] 
[19:20:18] ————————————————————————————————————————————————————————————
[19:20:18]  ROUND 3/6
[19:20:18]  Pending (2): 136, 176
[19:20:18] ————————————————————————————————————————————————————————————
[19:20:18] 
[19:20:18] [Phase 1/5] agent_analyze → combo + design_probes
[19:20:18]   CMD [attempt 1/2]: C:\Users\Administrator\AppData\Local\hermes\hermes-agent\venv\Scripts\python.exe -X utf8 D:\download\BlastGame\hermes\tools\planner.py --levels 136,176 --output json
[19:20:21]   L136: 5 probes, judge=接近, combo quality=65.8
[19:20:21]   L136: 5/5 tiers configured
[19:20:21]   L176: 5 probes, judge=不合格, combo quality=101.8
[19:20:21]   L176: 5/5 tiers configured
[19:20:21] [Phase 2/5] apply_probes → write asset
[19:20:21]   probe_configs.json updated: 2 levels
[19:20:21]   CMD [attempt 1/2]: C:\Users\Administrator\AppData\Local\hermes\hermes-agent\venv\Scripts\python.exe -X utf8 D:\download\BlastGame\hermes\tools\apply_probes.py 136,176
[19:20:21]     L136: ✅ Warden 通过 (sd跨度/5槽/ratios多样性)
[19:20:21]     L136: ✅ 写入成功
[19:20:21]     L176: ✅ Warden 通过 (sd跨度/5槽/ratios多样性)
[19:20:21]     L176: ✅ 写入成功
[19:20:21]     ✅ 全部完成
[19:20:21] [Preflight] asset & config check...
[19:20:21]   ✅ Preflight passed
[19:20:21] [Warden] pre-batch check...
[19:20:21]   ✅ Warden passed
[19:20:21] [Phase 3/5] submit_batch_unity → Unity bot batch
[19:20:21]   Submitting Unity batch: 2 levels × 5 tiers, timeout=7200s (120min)
[19:20:21]   CMD [attempt 1/2]: C:\Users\Administrator\AppData\Local\hermes\hermes-agent\venv\Scripts\python.exe -X utf8 D:\download\BlastGame\hermes\scripts\submit_batch_unity.py 136,176 --tiers 1,2,3,4,5 --games 400 --strategy scoring_opt_vg --yes --skip-agent-pipeline
[19:33:23]   FAIL (exit=1) attempt 1/2
[19:33:23]   stderr: Traceback (most recent call last):
  File "D:\download\BlastGame\hermes\scripts\submit_batch_unity.py", line 201, in <module>
    if os.path.exists(agent_data):
                      ^^^^^^^^^^
NameError: name 'agent_data' is not defined

[19:33:23]   Retrying in 5s...
[19:33:28]   CMD [attempt 2/2]: C:\Users\Administrator\AppData\Local\hermes\hermes-agent\venv\Scripts\python.exe -X utf8 D:\download\BlastGame\hermes\scripts\submit_batch_unity.py 136,176 --tiers 1,2,3,4,5 --games 400 --strategy scoring_opt_vg --yes --skip-agent-pipeline
[19:46:29]   FAIL (exit=1) attempt 2/2
[19:46:29]   stderr: Traceback (most recent call last):
  File "D:\download\BlastGame\hermes\scripts\submit_batch_unity.py", line 201, in <module>
    if os.path.exists(agent_data):
                      ^^^^^^^^^^
NameError: name 'agent_data' is not defined

[19:46:29]   All retries exhausted — giving up
[19:46:29]   Unity batch FAILED
[19:46:29]   Unity batch failed — skipping this round
[19:46:29] 
[19:46:29] ————————————————————————————————————————————————————————————
[19:46:29]  ROUND 4/6
[19:46:29]  Pending (2): 136, 176
[19:46:29] ————————————————————————————————————————————————————————————
[19:46:29] 
[19:46:29] [Phase 1/5] agent_analyze → combo + design_probes
[19:46:29]   CMD [attempt 1/2]: C:\Users\Administrator\AppData\Local\hermes\hermes-agent\venv\Scripts\python.exe -X utf8 D:\download\BlastGame\hermes\tools\planner.py --levels 136,176 --output json
[19:46:32]   L136: 5 probes, judge=接近, combo quality=65.8
[19:46:32]   L136: 5/5 tiers configured
[19:46:32]   L176: 5 probes, judge=不合格, combo quality=101.8
[19:46:32]   L176: 5/5 tiers configured
[19:46:32] [Phase 2/5] apply_probes → write asset
[19:46:32]   probe_configs.json updated: 2 levels
[19:46:32]   CMD [attempt 1/2]: C:\Users\Administrator\AppData\Local\hermes\hermes-agent\venv\Scripts\python.exe -X utf8 D:\download\BlastGame\hermes\tools\apply_probes.py 136,176
[19:46:32]     L136: ✅ Warden 通过 (sd跨度/5槽/ratios多样性)
[19:46:32]     L136: ✅ 写入成功
[19:46:32]     L176: ✅ Warden 通过 (sd跨度/5槽/ratios多样性)
[19:46:32]     L176: ✅ 写入成功
[19:46:32]     ✅ 全部完成
[19:46:32] [Preflight] asset & config check...
[19:46:32]   ✅ Preflight passed
[19:46:32] [Warden] pre-batch check...
[19:46:32]   ✅ Warden passed
[19:46:32] [Phase 3/5] submit_batch_unity → Unity bot batch
[19:46:32]   Submitting Unity batch: 2 levels × 5 tiers, timeout=7200s (120min)
[19:46:32]   CMD [attempt 1/2]: C:\Users\Administrator\AppData\Local\hermes\hermes-agent\venv\Scripts\python.exe -X utf8 D:\download\BlastGame\hermes\scripts\submit_batch_unity.py 136,176 --tiers 1,2,3,4,5 --games 400 --strategy scoring_opt_vg --yes --skip-agent-pipeline
[19:59:49]   FAIL (exit=1) attempt 1/2
[19:59:49]   stderr: Traceback (most recent call last):
  File "D:\download\BlastGame\hermes\scripts\submit_batch_unity.py", line 201, in <module>
    if os.path.exists(agent_data):
                      ^^^^^^^^^^
NameError: name 'agent_data' is not defined

[19:59:49]   Retrying in 5s...
[19:59:54]   CMD [attempt 2/2]: C:\Users\Administrator\AppData\Local\hermes\hermes-agent\venv\Scripts\python.exe -X utf8 D:\download\BlastGame\hermes\scripts\submit_batch_unity.py 136,176 --tiers 1,2,3,4,5 --games 400 --strategy scoring_opt_vg --yes --skip-agent-pipeline
[20:13:09]   FAIL (exit=1) attempt 2/2
[20:13:09]   stderr: Traceback (most recent call last):
  File "D:\download\BlastGame\hermes\scripts\submit_batch_unity.py", line 201, in <module>
    if os.path.exists(agent_data):
                      ^^^^^^^^^^
NameError: name 'agent_data' is not defined

[20:13:09]   All retries exhausted — giving up
[20:13:09]   Unity batch FAILED
[20:13:09]   Unity batch failed — skipping this round
[20:13:09] 
[20:13:09] ————————————————————————————————————————————————————————————
[20:13:09]  ROUND 5/6
[20:13:09]  Pending (2): 136, 176
[20:13:09] ————————————————————————————————————————————————————————————
[20:13:09] 
[20:13:09] [Phase 1/5] agent_analyze → combo + design_probes
[20:13:09]   CMD [attempt 1/2]: C:\Users\Administrator\AppData\Local\hermes\hermes-agent\venv\Scripts\python.exe -X utf8 D:\download\BlastGame\hermes\tools\planner.py --levels 136,176 --output json
[20:13:12]   L136: 5 probes, judge=接近, combo quality=65.8
[20:13:12]   L136: 5/5 tiers configured
[20:13:12]   L176: 5 probes, judge=不合格, combo quality=101.8
[20:13:12]   L176: 5/5 tiers configured
[20:13:12] [Phase 2/5] apply_probes → write asset
[20:13:12]   probe_configs.json updated: 2 levels
[20:13:12]   CMD [attempt 1/2]: C:\Users\Administrator\AppData\Local\hermes\hermes-agent\venv\Scripts\python.exe -X utf8 D:\download\BlastGame\hermes\tools\apply_probes.py 136,176
[20:13:12]     L136: ✅ Warden 通过 (sd跨度/5槽/ratios多样性)
[20:13:12]     L136: ✅ 写入成功
[20:13:12]     L176: ✅ Warden 通过 (sd跨度/5槽/ratios多样性)
[20:13:12]     L176: ✅ 写入成功
[20:13:12]     ✅ 全部完成
[20:13:12] [Preflight] asset & config check...
[20:13:12]   ✅ Preflight passed
[20:13:12] [Warden] pre-batch check...
[20:13:12]   ✅ Warden passed
[20:13:12] [Phase 3/5] submit_batch_unity → Unity bot batch
[20:13:12]   Submitting Unity batch: 2 levels × 5 tiers, timeout=7200s (120min)
[20:13:12]   CMD [attempt 1/2]: C:\Users\Administrator\AppData\Local\hermes\hermes-agent\venv\Scripts\python.exe -X utf8 D:\download\BlastGame\hermes\scripts\submit_batch_unity.py 136,176 --tiers 1,2,3,4,5 --games 400 --strategy scoring_opt_vg --yes --skip-agent-pipeline
[20:26:03]   FAIL (exit=1) attempt 1/2
[20:26:03]   stderr: Traceback (most recent call last):
  File "D:\download\BlastGame\hermes\scripts\submit_batch_unity.py", line 201, in <module>
    if os.path.exists(agent_data):
                      ^^^^^^^^^^
NameError: name 'agent_data' is not defined

[20:26:03]   Retrying in 5s...
[20:26:08]   CMD [attempt 2/2]: C:\Users\Administrator\AppData\Local\hermes\hermes-agent\venv\Scripts\python.exe -X utf8 D:\download\BlastGame\hermes\scripts\submit_batch_unity.py 136,176 --tiers 1,2,3,4,5 --games 400 --strategy scoring_opt_vg --yes --skip-agent-pipeline
[20:39:10]   FAIL (exit=1) attempt 2/2
[20:39:10]   stderr: Traceback (most recent call last):
  File "D:\download\BlastGame\hermes\scripts\submit_batch_unity.py", line 201, in <module>
    if os.path.exists(agent_data):
                      ^^^^^^^^^^
NameError: name 'agent_data' is not defined

[20:39:10]   All retries exhausted — giving up
[20:39:10]   Unity batch FAILED
[20:39:10]   Unity batch failed — skipping this round
[20:39:10] 
[20:39:10] ————————————————————————————————————————————————————————————
[20:39:10]  ROUND 6/6
[20:39:10]  Pending (2): 136, 176
[20:39:10] ————————————————————————————————————————————————————————————
[20:39:10] 
[20:39:10] [Phase 1/5] agent_analyze → combo + design_probes
[20:39:10]   CMD [attempt 1/2]: C:\Users\Administrator\AppData\Local\hermes\hermes-agent\venv\Scripts\python.exe -X utf8 D:\download\BlastGame\hermes\tools\planner.py --levels 136,176 --output json
[20:39:13]   L136: 5 probes, judge=接近, combo quality=65.8
[20:39:13]   L136: 5/5 tiers configured
[20:39:13]   L176: 5 probes, judge=不合格, combo quality=101.8
[20:39:13]   L176: 5/5 tiers configured
[20:39:13] [Phase 2/5] apply_probes → write asset
[20:39:13]   probe_configs.json updated: 2 levels
[20:39:13]   CMD [attempt 1/2]: C:\Users\Administrator\AppData\Local\hermes\hermes-agent\venv\Scripts\python.exe -X utf8 D:\download\BlastGame\hermes\tools\apply_probes.py 136,176
[20:39:13]     L136: ✅ Warden 通过 (sd跨度/5槽/ratios多样性)
[20:39:13]     L136: ✅ 写入成功
[20:39:13]     L176: ✅ Warden 通过 (sd跨度/5槽/ratios多样性)
[20:39:13]     L176: ✅ 写入成功
[20:39:13]     ✅ 全部完成
[20:39:13] [Preflight] asset & config check...
[20:39:14]   ✅ Preflight passed
[20:39:14] [Warden] pre-batch check...
[20:39:14]   ✅ Warden passed
[20:39:14] [Phase 3/5] submit_batch_unity → Unity bot batch
[20:39:14]   Submitting Unity batch: 2 levels × 5 tiers, timeout=7200s (120min)
[20:39:14]   CMD [attempt 1/2]: C:\Users\Administrator\AppData\Local\hermes\hermes-agent\venv\Scripts\python.exe -X utf8 D:\download\BlastGame\hermes\scripts\submit_batch_unity.py 136,176 --tiers 1,2,3,4,5 --games 400 --strategy scoring_opt_vg --yes --skip-agent-pipeline
[20:52:22]   FAIL (exit=1) attempt 1/2
[20:52:22]   stderr: Traceback (most recent call last):
  File "D:\download\BlastGame\hermes\scripts\submit_batch_unity.py", line 201, in <module>
    if os.path.exists(agent_data):
                      ^^^^^^^^^^
NameError: name 'agent_data' is not defined

[20:52:22]   Retrying in 5s...
[20:52:27]   CMD [attempt 2/2]: C:\Users\Administrator\AppData\Local\hermes\hermes-agent\venv\Scripts\python.exe -X utf8 D:\download\BlastGame\hermes\scripts\submit_batch_unity.py 136,176 --tiers 1,2,3,4,5 --games 400 --strategy scoring_opt_vg --yes --skip-agent-pipeline
[21:05:21]   FAIL (exit=1) attempt 2/2
[21:05:21]   stderr: Traceback (most recent call last):
  File "D:\download\BlastGame\hermes\scripts\submit_batch_unity.py", line 201, in <module>
    if os.path.exists(agent_data):
                      ^^^^^^^^^^
NameError: name 'agent_data' is not defined

[21:05:21]   All retries exhausted — giving up
[21:05:21]   Unity batch FAILED
[21:05:21]   Unity batch failed — skipping this round
[21:05:21] 
[21:05:21] ============================================================
[21:05:21]  FINAL SUMMARY
[21:05:21] ============================================================
[21:05:21]  ✅ Passed (入库):  0 levels
[21:05:21]  ❌ Failed (改关卡): 0 levels
[21:05:21]  ⚠ Errors:           0 levels
[21:05:21]  🔄 Still pending:    2 levels
[21:05:21]     L136
[21:05:21]     L176
[21:05:21] 
[21:05:21]  Full log: D:\download\BlastGame\hermes\auto-log\20260731_182634.log
[21:05:21]  Curator: pattern analysis complete
