[18:43:32] ============================================================
[18:43:32]  auto_loop.py — 全自动调优编排器
[18:43:32] ============================================================
[18:43:32]  Log:        D:\download\BlastGame\hermes\auto-log\20260814_184332.log
[18:43:32]  Levels:     [158, 163, 167, 169, 172, 176, 185, 191, 192, 193, 200]
[18:43:32]  Tiers:      [1, 2, 3, 4, 5]
[18:43:32]  Games/tier: 400
[18:43:32]  Strategy:   scoring_opt_vg
[18:43:32]  Max rounds: 6
[18:43:32]  Unity EXE:  C:\Program Files\Unity\Hub\Editor\6000.0.60f1\Editor\Unity.exe
[18:43:32]  Repo:       C:\Users\Administrator\Documents\BlastGame
[18:43:32] 
[18:43:32] [Auto-recovery] 检查 Unity 进程...
[18:43:32]   无 Unity 进程
[18:43:32] 
[18:43:32] ————————————————————————————————————————————————————————————
[18:43:32]  ROUND 1/6
[18:43:32]  Pending (11): 158, 163, 167, 169, 172, 176, 185, 191, 192, 193, 200
[18:43:32] ————————————————————————————————————————————————————————————
[18:43:32] 
[18:43:32] [Phase 1/5] agent_analyze → combo + design_probes
[18:43:32]   CMD [attempt 1/2]: C:\Users\Administrator\AppData\Local\hermes\hermes-agent\venv\Scripts\python.exe -X utf8 D:\download\BlastGame\hermes\tools\planner.py --levels 158,163,167,169,172,176,185,191,192,193,200 --output json
[18:43:40]   L158: 5 probes, judge=接近, combo quality=52.5
[18:43:40]   L158: 5/5 tiers configured
[18:43:40]   L163: 5 probes, judge=不合格, combo quality=404.1
[18:43:40]   L163: 5/5 tiers configured
[18:43:40]   L167: 5 probes, judge=no_combo, combo quality=?
[18:43:40]   L167: 5/5 tiers configured
[18:43:40]   L169: 5 probes, judge=不合格, combo quality=36.5
[18:43:40]   L169: 5/5 tiers configured
[18:43:40]   L172: 5 probes, judge=不合格, combo quality=103.6
[18:43:40]   L172: 5/5 tiers configured
[18:43:40]   L176: 5 probes, judge=no_combo, combo quality=?
[18:43:40]   L176: 5/5 tiers configured
[18:43:40]   L185: 5 probes, judge=接近, combo quality=40.4
[18:43:40]   L185: 5/5 tiers configured
[18:43:40]   L191: 5 probes, judge=不合格, combo quality=65.9
[18:43:40]   L191: 5/5 tiers configured
[18:43:40]   L192: 5 probes, judge=不合格, combo quality=55.0
[18:43:40]   L192: 5/5 tiers configured
[18:43:40]   L193: 5 probes, judge=不合格, combo quality=32.4
[18:43:40]   L193: 5/5 tiers configured
[18:43:40]   L200: 5 probes, judge=no_combo, combo quality=?
[18:43:40]   L200: 5/5 tiers configured
[18:43:40] [Phase 2/5] apply_probes → write asset
[18:43:40]   💾 调优前 asset 备份: 11 关 → pre_tune_backup_20260814/
[18:43:40]   probe_configs.json updated: 11 levels
[18:43:40]   CMD [attempt 1/2]: C:\Users\Administrator\AppData\Local\hermes\hermes-agent\venv\Scripts\python.exe -X utf8 D:\download\BlastGame\hermes\tools\apply_probes.py 158,163,167,169,172,176,185,191,192,193,200
[18:43:40]     L191: ✅ Warden 通过 (5槽完整)
[18:43:40]     L191: ✅ 写入成功
[18:43:40]     L192: ✅ Warden 通过 (5槽完整)
[18:43:40]     L192: ✅ 写入成功
[18:43:40]     L193: ✅ Warden 通过 (5槽完整)
[18:43:40]     L193: ✅ 写入成功
[18:43:40]     L200: ✅ Warden 通过 (5槽完整)
[18:43:40]     L200: ✅ 写入成功
[18:43:40]     ✅ 全部完成
[18:43:40] [Preflight] asset & config check...
[18:43:40]   ✅ Preflight passed
[18:43:40] [Warden] pre-batch check...
[18:43:41]   ✅ Warden passed
[18:43:41] [Phase 3/5] submit_batch_unity → Unity bot batch
[18:43:41]   adaptive_stop=ON (round 1/6)
[18:43:41]   games=200 (探针轮200/验证轮400)
[18:43:41]   Submitting Unity batch: 11 levels × 5 tiers, timeout=16500s (275min)
[18:43:41]   CMD [attempt 1/2]: C:\Users\Administrator\AppData\Local\hermes\hermes-agent\venv\Scripts\python.exe -X utf8 D:\download\BlastGame\hermes\scripts\submit_batch_unity.py 158,163,167,169,172,176,185,191,192,193,200 --tiers 1,2,3,4,5 --games 200 --strategy scoring_opt_vg --yes --skip-agent-pipeline --adaptive-stop
[20:19:52]   FAIL (exit=1) attempt 1/2
[20:19:52]   stderr: "C:\Users\Administrator\AppData\Roaming\uv\python\cpython-3.11-windows-x86_64-none\Lib\subprocess.py", line 1630, in _communicate
    raise TimeoutExpired(self.args, orig_timeout)
subprocess.TimeoutExpired: Command '['C:\\Users\\Administrator\\AppData\\Local\\hermes\\hermes-agent\\venv\\Scripts\\python.exe', '-X', 'utf8', 'D:\\download\\BlastGame\\hermes\\tools\\post_batch_review.py', '--batch', '158_163_167_169_172_176_185_191-193_200-2026-08-14T18-43-58', '--full']' timed out after 60 seconds

[20:19:52]   [stdout]   [Unity] [Bot Batch] 已拷贝关卡 asset → C:/Users/Administrator/Documents/BlastGame/telemetry/bot/158_163_167_169_172_176_185_191-193_200-2026-08-14T18-43-58/level-assets/test/192.asset
[20:19:52]   [stdout]   [Unity] [Bot Batch] Level L192 (8/11): 200 runs × 1 strategy = 200 games
[20:19:52]   [stdout]   [Unity] [Bot Batch] 已拷贝关卡 asset → C:/Users/Administrator/Documents/BlastGame/telemetry/bot/158_163_167_169_172_176_185_191-193_200-2026-08-14T18-43-58/level-assets/test/193.asset
[20:19:52]   [stdout]   [Unity] [Bot Batch] Level L193 (9/11): 200 runs × 1 strategy = 200 games
[20:19:52]   [stdout]   [Unity] [Bot Batch] 已拷贝关卡 asset → C:/Users/Administrator/Documents/BlastGame/telemetry/bot/158_163_167_169_172_176_185_191-193_200-2026-08-14T18-43-58/level-assets/test/200.asset
[20:19:52]   [stdout]   [Unity] [Bot Batch] Level L200 (10/11): 200 runs × 1 strategy = 200 games
[20:19:52]   [stdout]   [Unity] [BlastBotCampaign] summaryCsv=C:/Users/Administrator/Documents/BlastGame/telemetry/bot/158_163_167_169_172_176_185_191-193_200-2026-08-14T18-43-58/L158_163_167_169_172_176_185_191-193_200-T5-2026-08-14T20-18-38.487-batch-range/campaign-summary-T5.csv
[20:19:52]   [stdout]   [Unity] [BlastBotCampaign] 导出完成: C:/Users/Administrator/Documents/BlastGame/telemetry/bot/158_163_167_169_172_176_185_191-193_200-2026-08-14T18-43-58/L158_163_167_169_172_176_185_191-193_200-T5-2026-08-14T20-18-38.487-batch-range，totalElapsedSec=0.019
[20:19:52]   [stdout]   [Unity] [BlastBotCampaign] attemptsCsv=C:/Users/Administrator/Documents/BlastGame/telemetry/bot/158_163_167_169_172_176_185_191-193_200-2026-08-14T18-43-58/L158_163_167_169_172_176_185_191-193_200-T5-2026-08-14T20-18-38.487-batch-range/campaign-attempts-T5.csv
[20:19:52]   [stdout]   [Unity] [Bot Batch Jenkins] 完成，最后导出目录: C:\Users\Administrator\Documents\BlastGame\telemetry\bot\158_163_167_169_172_176_185_191-193_200-2026-08-14T18-43-58
[20:19:52]   [stdout]   Unity exited with code 0
[20:19:52]   [stdout]   Batch dir: 158_163_167_169_172_176_185_191-193_200-2026-08-14T18-43-58
[20:19:52]   [stdout]   ✅ 导出验证: 5 档全部有 campaign-summary CSV
[20:19:52]   [stdout]   Pool refreshed
[20:19:52]   [stdout]   Running post_batch_review...
[20:19:52]   Retrying in 5s...
[20:19:57]   CMD [attempt 2/2]: C:\Users\Administrator\AppData\Local\hermes\hermes-agent\venv\Scripts\python.exe -X utf8 D:\download\BlastGame\hermes\scripts\submit_batch_unity.py 158,163,167,169,172,176,185,191,192,193,200 --tiers 1,2,3,4,5 --games 200 --strategy scoring_opt_vg --yes --skip-agent-pipeline --adaptive-stop
[21:54:54]   FAIL (exit=1) attempt 2/2
[21:54:54]   stderr: "C:\Users\Administrator\AppData\Roaming\uv\python\cpython-3.11-windows-x86_64-none\Lib\subprocess.py", line 1630, in _communicate
    raise TimeoutExpired(self.args, orig_timeout)
subprocess.TimeoutExpired: Command '['C:\\Users\\Administrator\\AppData\\Local\\hermes\\hermes-agent\\venv\\Scripts\\python.exe', '-X', 'utf8', 'D:\\download\\BlastGame\\hermes\\tools\\post_batch_review.py', '--batch', '158_163_167_169_172_176_185_191-193_200-2026-08-14T20-20-28', '--full']' timed out after 60 seconds

[21:54:54]   [stdout]   [Unity] [Bot Batch] 已拷贝关卡 asset → C:/Users/Administrator/Documents/BlastGame/telemetry/bot/158_163_167_169_172_176_185_191-193_200-2026-08-14T20-20-28/level-assets/test/192.asset
[21:54:54]   [stdout]   [Unity] [Bot Batch] Level L192 (8/11): 200 runs × 1 strategy = 200 games
[21:54:54]   [stdout]   [Unity] [Bot Batch] 已拷贝关卡 asset → C:/Users/Administrator/Documents/BlastGame/telemetry/bot/158_163_167_169_172_176_185_191-193_200-2026-08-14T20-20-28/level-assets/test/193.asset
[21:54:54]   [stdout]   [Unity] [Bot Batch] Level L193 (9/11): 200 runs × 1 strategy = 200 games
[21:54:54]   [stdout]   [Unity] [Bot Batch] 已拷贝关卡 asset → C:/Users/Administrator/Documents/BlastGame/telemetry/bot/158_163_167_169_172_176_185_191-193_200-2026-08-14T20-20-28/level-assets/test/200.asset
[21:54:54]   [stdout]   [Unity] [Bot Batch] Level L200 (10/11): 200 runs × 1 strategy = 200 games
[21:54:54]   [stdout]   [Unity] [BlastBotCampaign] summaryCsv=C:/Users/Administrator/Documents/BlastGame/telemetry/bot/158_163_167_169_172_176_185_191-193_200-2026-08-14T20-20-28/L158_163_167_169_172_176_185_191-193_200-T5-2026-08-14T21-53-50.206-batch-range/campaign-summary-T5.csv
[21:54:54]   [stdout]   [Unity] [BlastBotCampaign] 导出完成: C:/Users/Administrator/Documents/BlastGame/telemetry/bot/158_163_167_169_172_176_185_191-193_200-2026-08-14T20-20-28/L158_163_167_169_172_176_185_191-193_200-T5-2026-08-14T21-53-50.206-batch-range，totalElapsedSec=0.019
[21:54:54]   [stdout]   [Unity] [BlastBotCampaign] attemptsCsv=C:/Users/Administrator/Documents/BlastGame/telemetry/bot/158_163_167_169_172_176_185_191-193_200-2026-08-14T20-20-28/L158_163_167_169_172_176_185_191-193_200-T5-2026-08-14T21-53-50.206-batch-range/campaign-attempts-T5.csv
[21:54:54]   [stdout]   [Unity] [Bot Batch Jenkins] 完成，最后导出目录: C:\Users\Administrator\Documents\BlastGame\telemetry\bot\158_163_167_169_172_176_185_191-193_200-2026-08-14T20-20-28
[21:54:54]   [stdout]   Unity exited with code 0
[21:54:54]   [stdout]   Batch dir: 158_163_167_169_172_176_185_191-193_200-2026-08-14T20-20-28
[21:54:54]   [stdout]   ✅ 导出验证: 5 档全部有 campaign-summary CSV
[21:54:54]   [stdout]   Pool refreshed
[21:54:54]   [stdout]   Running post_batch_review...
[21:54:54]   All retries exhausted — giving up
[21:54:54]   Unity batch FAILED
[21:54:54]   Unity batch failed — skipping this round
[21:54:54] 
[21:54:54] ————————————————————————————————————————————————————————————
[21:54:54]  ROUND 2/6
[21:54:54]  Pending (11): 158, 163, 167, 169, 172, 176, 185, 191, 192, 193, 200
[21:54:54] ————————————————————————————————————————————————————————————
[21:54:54] 
[21:54:54] [Phase 1/5] agent_analyze → combo + design_probes
[21:54:54]   CMD [attempt 1/2]: C:\Users\Administrator\AppData\Local\hermes\hermes-agent\venv\Scripts\python.exe -X utf8 D:\download\BlastGame\hermes\tools\planner.py --levels 158,163,167,169,172,176,185,191,192,193,200 --output json
[21:55:01]   L158: 5 probes, judge=接近, combo quality=44.8
[21:55:01]   L158: 5/5 tiers configured
[21:55:01]   L163: 5 probes, judge=合格, combo quality=29.9
[21:55:01]   L163: 5/5 tiers configured
[21:55:01]   L167: 5 probes, judge=不合格, combo quality=114.4
[21:55:01]   L167: 5/5 tiers configured
[21:55:01]   L169: 5 probes, judge=合格, combo quality=26.8
[21:55:01]   L169: 5/5 tiers configured
[21:55:01]   L172: 5 probes, judge=不合格, combo quality=74.1
[21:55:01]   L172: 5/5 tiers configured
[21:55:01]   L176: 5 probes, judge=不合格, combo quality=628.3
[21:55:01]   L176: 5/5 tiers configured
[21:55:01]   L185: 5 probes, judge=接近, combo quality=39.1
[21:55:01]   L185: 5/5 tiers configured
[21:55:01]   L191: 5 probes, judge=合格, combo quality=17.7
[21:55:01]   L191: 5/5 tiers configured
[21:55:01]   L192: 5 probes, judge=合格, combo quality=25.6
[21:55:01]   L192: 5/5 tiers configured
[21:55:01]   L193: 5 probes, judge=合格, combo quality=11.4
[21:55:01]   L193: 5/5 tiers configured
[21:55:01]   L200: 5 probes, judge=不合格, combo quality=63.5
[21:55:01]   L200: 5/5 tiers configured
[21:55:01] [Phase 2/5] apply_probes → write asset
[21:55:01]   probe_configs.json updated: 11 levels
[21:55:01]   CMD [attempt 1/2]: C:\Users\Administrator\AppData\Local\hermes\hermes-agent\venv\Scripts\python.exe -X utf8 D:\download\BlastGame\hermes\tools\apply_probes.py 158,163,167,169,172,176,185,191,192,193,200
[21:55:01]     L191: ✅ Warden 通过 (5槽完整)
[21:55:01]     L191: ✅ 写入成功
[21:55:01]     L192: ✅ Warden 通过 (5槽完整)
[21:55:01]     L192: ✅ 写入成功
[21:55:01]     L193: ✅ Warden 通过 (5槽完整)
[21:55:01]     L193: ✅ 写入成功
[21:55:01]     L200: ✅ Warden 通过 (5槽完整)
[21:55:01]     L200: ✅ 写入成功
[21:55:01]     ✅ 全部完成
[21:55:01] [Preflight] asset & config check...
[21:55:01]   ✅ Preflight passed
[21:55:01] [Warden] pre-batch check...
[21:55:02]   ✅ Warden passed
[21:55:02] [Phase 3/5] submit_batch_unity → Unity bot batch
[21:55:02]   adaptive_stop=ON (round 2/6)
[21:55:02]   games=200 (探针轮200/验证轮400)
[21:55:02]   Submitting Unity batch: 11 levels × 5 tiers, timeout=16500s (275min)
[21:55:02]   CMD [attempt 1/2]: C:\Users\Administrator\AppData\Local\hermes\hermes-agent\venv\Scripts\python.exe -X utf8 D:\download\BlastGame\hermes\scripts\submit_batch_unity.py 158,163,167,169,172,176,185,191,192,193,200 --tiers 1,2,3,4,5 --games 200 --strategy scoring_opt_vg --yes --skip-agent-pipeline --adaptive-stop
[23:32:49]   FAIL (exit=1) attempt 1/2
[23:32:49]   stderr: "C:\Users\Administrator\AppData\Roaming\uv\python\cpython-3.11-windows-x86_64-none\Lib\subprocess.py", line 1630, in _communicate
    raise TimeoutExpired(self.args, orig_timeout)
subprocess.TimeoutExpired: Command '['C:\\Users\\Administrator\\AppData\\Local\\hermes\\hermes-agent\\venv\\Scripts\\python.exe', '-X', 'utf8', 'D:\\download\\BlastGame\\hermes\\tools\\post_batch_review.py', '--batch', '158_163_167_169_172_176_185_191-193_200-2026-08-14T21-55-20', '--full']' timed out after 60 seconds

[23:32:49]   [stdout]   [Unity] [Bot Batch] 已拷贝关卡 asset → C:/Users/Administrator/Documents/BlastGame/telemetry/bot/158_163_167_169_172_176_185_191-193_200-2026-08-14T21-55-20/level-assets/test/192.asset
[23:32:49]   [stdout]   [Unity] [Bot Batch] Level L192 (8/11): 200 runs × 1 strategy = 200 games
[23:32:49]   [stdout]   [Unity] [Bot Batch] 已拷贝关卡 asset → C:/Users/Administrator/Documents/BlastGame/telemetry/bot/158_163_167_169_172_176_185_191-193_200-2026-08-14T21-55-20/level-assets/test/193.asset
[23:32:49]   [stdout]   [Unity] [Bot Batch] Level L193 (9/11): 200 runs × 1 strategy = 200 games
[23:32:49]   [stdout]   [Unity] [Bot Batch] 已拷贝关卡 asset → C:/Users/Administrator/Documents/BlastGame/telemetry/bot/158_163_167_169_172_176_185_191-193_200-2026-08-14T21-55-20/level-assets/test/200.asset
[23:32:49]   [stdout]   [Unity] [Bot Batch] Level L200 (10/11): 200 runs × 1 strategy = 200 games
[23:32:49]   [stdout]   [Unity] [BlastBotCampaign] summaryCsv=C:/Users/Administrator/Documents/BlastGame/telemetry/bot/158_163_167_169_172_176_185_191-193_200-2026-08-14T21-55-20/L158_163_167_169_172_176_185_191-193_200-T5-2026-08-14T23-31-45.462-batch-range/campaign-summary-T5.csv
[23:32:49]   [stdout]   [Unity] [BlastBotCampaign] 导出完成: C:/Users/Administrator/Documents/BlastGame/telemetry/bot/158_163_167_169_172_176_185_191-193_200-2026-08-14T21-55-20/L158_163_167_169_172_176_185_191-193_200-T5-2026-08-14T23-31-45.462-batch-range，totalElapsedSec=0.019
[23:32:49]   [stdout]   [Unity] [BlastBotCampaign] attemptsCsv=C:/Users/Administrator/Documents/BlastGame/telemetry/bot/158_163_167_169_172_176_185_191-193_200-2026-08-14T21-55-20/L158_163_167_169_172_176_185_191-193_200-T5-2026-08-14T23-31-45.462-batch-range/campaign-attempts-T5.csv
[23:32:49]   [stdout]   [Unity] [Bot Batch Jenkins] 完成，最后导出目录: C:\Users\Administrator\Documents\BlastGame\telemetry\bot\158_163_167_169_172_176_185_191-193_200-2026-08-14T21-55-20
[23:32:49]   [stdout]   Unity exited with code 0
[23:32:49]   [stdout]   Batch dir: 158_163_167_169_172_176_185_191-193_200-2026-08-14T21-55-20
[23:32:49]   [stdout]   ✅ 导出验证: 5 档全部有 campaign-summary CSV
[23:32:49]   [stdout]   Pool refreshed
[23:32:49]   [stdout]   Running post_batch_review...
[23:32:49]   Retrying in 5s...
[23:32:54]   CMD [attempt 2/2]: C:\Users\Administrator\AppData\Local\hermes\hermes-agent\venv\Scripts\python.exe -X utf8 D:\download\BlastGame\hermes\scripts\submit_batch_unity.py 158,163,167,169,172,176,185,191,192,193,200 --tiers 1,2,3,4,5 --games 200 --strategy scoring_opt_vg --yes --skip-agent-pipeline --adaptive-stop
[01:09:54]   FAIL (exit=1) attempt 2/2
[01:09:54]   stderr: "C:\Users\Administrator\AppData\Roaming\uv\python\cpython-3.11-windows-x86_64-none\Lib\subprocess.py", line 1630, in _communicate
    raise TimeoutExpired(self.args, orig_timeout)
subprocess.TimeoutExpired: Command '['C:\\Users\\Administrator\\AppData\\Local\\hermes\\hermes-agent\\venv\\Scripts\\python.exe', '-X', 'utf8', 'D:\\download\\BlastGame\\hermes\\tools\\post_batch_review.py', '--batch', '158_163_167_169_172_176_185_191-193_200-2026-08-14T23-33-12', '--full']' timed out after 60 seconds

[01:09:54]   [stdout]   [Unity] [Bot Batch] 已拷贝关卡 asset → C:/Users/Administrator/Documents/BlastGame/telemetry/bot/158_163_167_169_172_176_185_191-193_200-2026-08-14T23-33-12/level-assets/test/192.asset
[01:09:54]   [stdout]   [Unity] [Bot Batch] Level L192 (8/11): 200 runs × 1 strategy = 200 games
[01:09:54]   [stdout]   [Unity] [Bot Batch] 已拷贝关卡 asset → C:/Users/Administrator/Documents/BlastGame/telemetry/bot/158_163_167_169_172_176_185_191-193_200-2026-08-14T23-33-12/level-assets/test/193.asset
[01:09:54]   [stdout]   [Unity] [Bot Batch] Level L193 (9/11): 200 runs × 1 strategy = 200 games
[01:09:54]   [stdout]   [Unity] [Bot Batch] 已拷贝关卡 asset → C:/Users/Administrator/Documents/BlastGame/telemetry/bot/158_163_167_169_172_176_185_191-193_200-2026-08-14T23-33-12/level-assets/test/200.asset
[01:09:54]   [stdout]   [Unity] [Bot Batch] Level L200 (10/11): 200 runs × 1 strategy = 200 games
[01:09:54]   [stdout]   [Unity] [BlastBotCampaign] summaryCsv=C:/Users/Administrator/Documents/BlastGame/telemetry/bot/158_163_167_169_172_176_185_191-193_200-2026-08-14T23-33-12/L158_163_167_169_172_176_185_191-193_200-T5-2026-08-15T01-08-47.477-batch-range/campaign-summary-T5.csv
[01:09:54]   [stdout]   [Unity] [BlastBotCampaign] 导出完成: C:/Users/Administrator/Documents/BlastGame/telemetry/bot/158_163_167_169_172_176_185_191-193_200-2026-08-14T23-33-12/L158_163_167_169_172_176_185_191-193_200-T5-2026-08-15T01-08-47.477-batch-range，totalElapsedSec=0.020
[01:09:54]   [stdout]   [Unity] [BlastBotCampaign] attemptsCsv=C:/Users/Administrator/Documents/BlastGame/telemetry/bot/158_163_167_169_172_176_185_191-193_200-2026-08-14T23-33-12/L158_163_167_169_172_176_185_191-193_200-T5-2026-08-15T01-08-47.477-batch-range/campaign-attempts-T5.csv
[01:09:54]   [stdout]   [Unity] [Bot Batch Jenkins] 完成，最后导出目录: C:\Users\Administrator\Documents\BlastGame\telemetry\bot\158_163_167_169_172_176_185_191-193_200-2026-08-14T23-33-12
[01:09:54]   [stdout]   Unity exited with code 0
[01:09:54]   [stdout]   Batch dir: 158_163_167_169_172_176_185_191-193_200-2026-08-14T23-33-12
[01:09:54]   [stdout]   ✅ 导出验证: 5 档全部有 campaign-summary CSV
[01:09:54]   [stdout]   Pool refreshed
[01:09:54]   [stdout]   Running post_batch_review...
[01:09:54]   All retries exhausted — giving up
[01:09:54]   Unity batch FAILED
[01:09:54]   Unity batch failed — skipping this round
[01:09:54] 
[01:09:54] ————————————————————————————————————————————————————————————
[01:09:54]  ROUND 3/6
[01:09:54]  Pending (11): 158, 163, 167, 169, 172, 176, 185, 191, 192, 193, 200
[01:09:54] ————————————————————————————————————————————————————————————
[01:09:54] 
[01:09:54] [Phase 1/5] agent_analyze → combo + design_probes
[01:09:54]   CMD [attempt 1/2]: C:\Users\Administrator\AppData\Local\hermes\hermes-agent\venv\Scripts\python.exe -X utf8 D:\download\BlastGame\hermes\tools\planner.py --levels 158,163,167,169,172,176,185,191,192,193,200 --output json
[01:10:01]   L158: 5 probes, judge=合格, combo quality=22.5
[01:10:01]   L158: 5/5 tiers configured
[01:10:01]   L163: 5 probes, judge=合格, combo quality=29.9
[01:10:01]   L163: 5/5 tiers configured
[01:10:01]   L167: 5 probes, judge=不合格, combo quality=39.5
[01:10:01]   L167: 5/5 tiers configured
[01:10:01]   L169: 5 probes, judge=合格, combo quality=26.8
[01:10:01]   L169: 5/5 tiers configured
[01:10:01]   L172: 5 probes, judge=合格, combo quality=16.0
[01:10:01]   L172: 5/5 tiers configured
[01:10:01]   L176: 5 probes, judge=不合格, combo quality=506.8
[01:10:01]   L176: 5/5 tiers configured
[01:10:01]   L185: 5 probes, judge=合格, combo quality=10.0
[01:10:01]   L185: 5/5 tiers configured
[01:10:01]   L191: 5 probes, judge=合格, combo quality=15.7
[01:10:01]   L191: 5/5 tiers configured
[01:10:01]   L192: 5 probes, judge=合格, combo quality=25.6
[01:10:01]   L192: 5/5 tiers configured
[01:10:01]   L193: 5 probes, judge=合格, combo quality=9.6
[01:10:01]   L193: 5/5 tiers configured
[01:10:01]   L200: 5 probes, judge=接近, combo quality=57.5
[01:10:01]   L200: 5/5 tiers configured
[01:10:01] [Phase 2/5] apply_probes → write asset
[01:10:01]   probe_configs.json updated: 11 levels
[01:10:01]   CMD [attempt 1/2]: C:\Users\Administrator\AppData\Local\hermes\hermes-agent\venv\Scripts\python.exe -X utf8 D:\download\BlastGame\hermes\tools\apply_probes.py 158,163,167,169,172,176,185,191,192,193,200
[01:10:01]     L191: ✅ Warden 通过 (5槽完整)
[01:10:01]     L191: ✅ 写入成功
[01:10:01]     L192: ✅ Warden 通过 (5槽完整)
[01:10:01]     L192: ✅ 写入成功
[01:10:01]     L193: ✅ Warden 通过 (5槽完整)
[01:10:01]     L193: ✅ 写入成功
[01:10:01]     L200: ✅ Warden 通过 (5槽完整)
[01:10:01]     L200: ✅ 写入成功
[01:10:01]     ✅ 全部完成
[01:10:01] [Preflight] asset & config check...
[01:10:02]   ✅ Preflight passed
[01:10:02] [Warden] pre-batch check...
[01:10:02]   ✅ Warden passed
[01:10:02] [Phase 3/5] submit_batch_unity → Unity bot batch
[01:10:02]   adaptive_stop=ON (round 3/6)
[01:10:02]   games=200 (探针轮200/验证轮400)
[01:10:02]   Submitting Unity batch: 11 levels × 5 tiers, timeout=16500s (275min)
[01:10:02]   CMD [attempt 1/2]: C:\Users\Administrator\AppData\Local\hermes\hermes-agent\venv\Scripts\python.exe -X utf8 D:\download\BlastGame\hermes\scripts\submit_batch_unity.py 158,163,167,169,172,176,185,191,192,193,200 --tiers 1,2,3,4,5 --games 200 --strategy scoring_opt_vg --yes --skip-agent-pipeline --adaptive-stop
[02:45:00]   FAIL (exit=1) attempt 1/2
[02:45:00]   stderr: "C:\Users\Administrator\AppData\Roaming\uv\python\cpython-3.11-windows-x86_64-none\Lib\subprocess.py", line 1630, in _communicate
    raise TimeoutExpired(self.args, orig_timeout)
subprocess.TimeoutExpired: Command '['C:\\Users\\Administrator\\AppData\\Local\\hermes\\hermes-agent\\venv\\Scripts\\python.exe', '-X', 'utf8', 'D:\\download\\BlastGame\\hermes\\tools\\post_batch_review.py', '--batch', '158_163_167_169_172_176_185_191-193_200-2026-08-15T01-10-21', '--full']' timed out after 60 seconds

[02:45:00]   [stdout]   [Unity] [Bot Batch] 已拷贝关卡 asset → C:/Users/Administrator/Documents/BlastGame/telemetry/bot/158_163_167_169_172_176_185_191-193_200-2026-08-15T01-10-21/level-assets/test/192.asset
[02:45:00]   [stdout]   [Unity] [Bot Batch] Level L192 (8/11): 200 runs × 1 strategy = 200 games
[02:45:00]   [stdout]   [Unity] [Bot Batch] 已拷贝关卡 asset → C:/Users/Administrator/Documents/BlastGame/telemetry/bot/158_163_167_169_172_176_185_191-193_200-2026-08-15T01-10-21/level-assets/test/193.asset
[02:45:00]   [stdout]   [Unity] [Bot Batch] Level L193 (9/11): 200 runs × 1 strategy = 200 games
[02:45:00]   [stdout]   [Unity] [Bot Batch] 已拷贝关卡 asset → C:/Users/Administrator/Documents/BlastGame/telemetry/bot/158_163_167_169_172_176_185_191-193_200-2026-08-15T01-10-21/level-assets/test/200.asset
[02:45:00]   [stdout]   [Unity] [Bot Batch] Level L200 (10/11): 200 runs × 1 strategy = 200 games
[02:45:00]   [stdout]   [Unity] [BlastBotCampaign] summaryCsv=C:/Users/Administrator/Documents/BlastGame/telemetry/bot/158_163_167_169_172_176_185_191-193_200-2026-08-15T01-10-21/L158_163_167_169_172_176_185_191-193_200-T5-2026-08-15T02-43-54.216-batch-range/campaign-summary-T5.csv
[02:45:00]   [stdout]   [Unity] [BlastBotCampaign] 导出完成: C:/Users/Administrator/Documents/BlastGame/telemetry/bot/158_163_167_169_172_176_185_191-193_200-2026-08-15T01-10-21/L158_163_167_169_172_176_185_191-193_200-T5-2026-08-15T02-43-54.216-batch-range，totalElapsedSec=0.020
[02:45:00]   [stdout]   [Unity] [BlastBotCampaign] attemptsCsv=C:/Users/Administrator/Documents/BlastGame/telemetry/bot/158_163_167_169_172_176_185_191-193_200-2026-08-15T01-10-21/L158_163_167_169_172_176_185_191-193_200-T5-2026-08-15T02-43-54.216-batch-range/campaign-attempts-T5.csv
[02:45:00]   [stdout]   [Unity] [Bot Batch Jenkins] 完成，最后导出目录: C:\Users\Administrator\Documents\BlastGame\telemetry\bot\158_163_167_169_172_176_185_191-193_200-2026-08-15T01-10-21
[02:45:00]   [stdout]   Unity exited with code 0
[02:45:00]   [stdout]   Batch dir: 158_163_167_169_172_176_185_191-193_200-2026-08-15T01-10-21
[02:45:00]   [stdout]   ✅ 导出验证: 5 档全部有 campaign-summary CSV
[02:45:00]   [stdout]   Pool refreshed
[02:45:00]   [stdout]   Running post_batch_review...
[02:45:00]   Retrying in 5s...
[02:45:05]   CMD [attempt 2/2]: C:\Users\Administrator\AppData\Local\hermes\hermes-agent\venv\Scripts\python.exe -X utf8 D:\download\BlastGame\hermes\scripts\submit_batch_unity.py 158,163,167,169,172,176,185,191,192,193,200 --tiers 1,2,3,4,5 --games 200 --strategy scoring_opt_vg --yes --skip-agent-pipeline --adaptive-stop
[04:20:46]   FAIL (exit=1) attempt 2/2
[04:20:46]   stderr: "C:\Users\Administrator\AppData\Roaming\uv\python\cpython-3.11-windows-x86_64-none\Lib\subprocess.py", line 1630, in _communicate
    raise TimeoutExpired(self.args, orig_timeout)
subprocess.TimeoutExpired: Command '['C:\\Users\\Administrator\\AppData\\Local\\hermes\\hermes-agent\\venv\\Scripts\\python.exe', '-X', 'utf8', 'D:\\download\\BlastGame\\hermes\\tools\\post_batch_review.py', '--batch', '158_163_167_169_172_176_185_191-193_200-2026-08-15T02-45-23', '--full']' timed out after 60 seconds

[04:20:46]   [stdout]   [Unity] [Bot Batch] 已拷贝关卡 asset → C:/Users/Administrator/Documents/BlastGame/telemetry/bot/158_163_167_169_172_176_185_191-193_200-2026-08-15T02-45-23/level-assets/test/192.asset
[04:20:46]   [stdout]   [Unity] [Bot Batch] Level L192 (8/11): 200 runs × 1 strategy = 200 games
[04:20:46]   [stdout]   [Unity] [Bot Batch] 已拷贝关卡 asset → C:/Users/Administrator/Documents/BlastGame/telemetry/bot/158_163_167_169_172_176_185_191-193_200-2026-08-15T02-45-23/level-assets/test/193.asset
[04:20:46]   [stdout]   [Unity] [Bot Batch] Level L193 (9/11): 200 runs × 1 strategy = 200 games
[04:20:46]   [stdout]   [Unity] [Bot Batch] 已拷贝关卡 asset → C:/Users/Administrator/Documents/BlastGame/telemetry/bot/158_163_167_169_172_176_185_191-193_200-2026-08-15T02-45-23/level-assets/test/200.asset
[04:20:46]   [stdout]   [Unity] [Bot Batch] Level L200 (10/11): 200 runs × 1 strategy = 200 games
[04:20:46]   [stdout]   [Unity] [BlastBotCampaign] summaryCsv=C:/Users/Administrator/Documents/BlastGame/telemetry/bot/158_163_167_169_172_176_185_191-193_200-2026-08-15T02-45-23/L158_163_167_169_172_176_185_191-193_200-T5-2026-08-15T04-19-42.492-batch-range/campaign-summary-T5.csv
[04:20:46]   [stdout]   [Unity] [BlastBotCampaign] 导出完成: C:/Users/Administrator/Documents/BlastGame/telemetry/bot/158_163_167_169_172_176_185_191-193_200-2026-08-15T02-45-23/L158_163_167_169_172_176_185_191-193_200-T5-2026-08-15T04-19-42.492-batch-range，totalElapsedSec=0.018
[04:20:46]   [stdout]   [Unity] [BlastBotCampaign] attemptsCsv=C:/Users/Administrator/Documents/BlastGame/telemetry/bot/158_163_167_169_172_176_185_191-193_200-2026-08-15T02-45-23/L158_163_167_169_172_176_185_191-193_200-T5-2026-08-15T04-19-42.492-batch-range/campaign-attempts-T5.csv
[04:20:46]   [stdout]   [Unity] [Bot Batch Jenkins] 完成，最后导出目录: C:\Users\Administrator\Documents\BlastGame\telemetry\bot\158_163_167_169_172_176_185_191-193_200-2026-08-15T02-45-23
[04:20:46]   [stdout]   Unity exited with code 0
[04:20:46]   [stdout]   Batch dir: 158_163_167_169_172_176_185_191-193_200-2026-08-15T02-45-23
[04:20:46]   [stdout]   ✅ 导出验证: 5 档全部有 campaign-summary CSV
[04:20:46]   [stdout]   Pool refreshed
[04:20:46]   [stdout]   Running post_batch_review...
[04:20:46]   All retries exhausted — giving up
[04:20:46]   Unity batch FAILED
[04:20:46]   Unity batch failed — skipping this round
[04:20:46] 
[04:20:46] ————————————————————————————————————————————————————————————
[04:20:46]  ROUND 4/6
[04:20:46]  Pending (11): 158, 163, 167, 169, 172, 176, 185, 191, 192, 193, 200
[04:20:46] ————————————————————————————————————————————————————————————
[04:20:46] 
[04:20:46] [Phase 1/5] agent_analyze → combo + design_probes
[04:20:46]   CMD [attempt 1/2]: C:\Users\Administrator\AppData\Local\hermes\hermes-agent\venv\Scripts\python.exe -X utf8 D:\download\BlastGame\hermes\tools\planner.py --levels 158,163,167,169,172,176,185,191,192,193,200 --output json
[04:20:55]   L158: 5 probes, judge=合格, combo quality=22.5
[04:20:55]   L158: 5/5 tiers configured
[04:20:55]   L163: 5 probes, judge=合格, combo quality=29.9
[04:20:55]   L163: 5/5 tiers configured
[04:20:55]   L167: 5 probes, judge=合格, combo quality=29.1
[04:20:55]   L167: 5/5 tiers configured
[04:20:55]   L169: 5 probes, judge=合格, combo quality=26.8
[04:20:55]   L169: 5/5 tiers configured
[04:20:55]   L172: 5 probes, judge=合格, combo quality=14.5
[04:20:55]   L172: 5/5 tiers configured
[04:20:55]   L176: 5 probes, judge=不合格, combo quality=502.5
[04:20:55]   L176: 5/5 tiers configured
[04:20:55]   L185: 5 probes, judge=合格, combo quality=10.0
[04:20:55]   L185: 5/5 tiers configured
[04:20:55]   L191: 5 probes, judge=合格, combo quality=12.8
[04:20:55]   L191: 5/5 tiers configured
[04:20:55]   L192: 5 probes, judge=不合格, combo quality=39.2
[04:20:55]   L192: 5/5 tiers configured
[04:20:55]   L193: 5 probes, judge=合格, combo quality=9.6
[04:20:55]   L193: 5/5 tiers configured
[04:20:55]   L200: 5 probes, judge=接近, combo quality=57.0
[04:20:55]   L200: 5/5 tiers configured
[04:20:55] [Phase 2/5] apply_probes → write asset
[04:20:55]   probe_configs.json updated: 11 levels
[04:20:55]   CMD [attempt 1/2]: C:\Users\Administrator\AppData\Local\hermes\hermes-agent\venv\Scripts\python.exe -X utf8 D:\download\BlastGame\hermes\tools\apply_probes.py 158,163,167,169,172,176,185,191,192,193,200
[04:20:56]     L191: ✅ Warden 通过 (5槽完整)
[04:20:56]     L191: ✅ 写入成功
[04:20:56]     L192: ✅ Warden 通过 (5槽完整)
[04:20:56]     L192: ✅ 写入成功
[04:20:56]     L193: ✅ Warden 通过 (5槽完整)
[04:20:56]     L193: ✅ 写入成功
[04:20:56]     L200: ✅ Warden 通过 (5槽完整)
[04:20:56]     L200: ✅ 写入成功
[04:20:56]     ✅ 全部完成
[04:20:56] [Preflight] asset & config check...
[04:20:56]   ✅ Preflight passed
[04:20:56] [Warden] pre-batch check...
[04:20:57]   ✅ Warden passed
[04:20:57] [Phase 3/5] submit_batch_unity → Unity bot batch
[04:20:57]   adaptive_stop=ON (round 4/6)
[04:20:57]   games=200 (探针轮200/验证轮400)
[04:20:57]   Submitting Unity batch: 11 levels × 5 tiers, timeout=16500s (275min)
[04:20:57]   CMD [attempt 1/2]: C:\Users\Administrator\AppData\Local\hermes\hermes-agent\venv\Scripts\python.exe -X utf8 D:\download\BlastGame\hermes\scripts\submit_batch_unity.py 158,163,167,169,172,176,185,191,192,193,200 --tiers 1,2,3,4,5 --games 200 --strategy scoring_opt_vg --yes --skip-agent-pipeline --adaptive-stop
[05:51:28]   FAIL (exit=1) attempt 1/2
[05:51:28]   stderr: "C:\Users\Administrator\AppData\Roaming\uv\python\cpython-3.11-windows-x86_64-none\Lib\subprocess.py", line 1630, in _communicate
    raise TimeoutExpired(self.args, orig_timeout)
subprocess.TimeoutExpired: Command '['C:\\Users\\Administrator\\AppData\\Local\\hermes\\hermes-agent\\venv\\Scripts\\python.exe', '-X', 'utf8', 'D:\\download\\BlastGame\\hermes\\tools\\post_batch_review.py', '--batch', '158_163_167_169_172_176_185_191-193_200-2026-08-15T04-21-15', '--full']' timed out after 60 seconds

[05:51:28]   [stdout]   [Unity] [Bot Batch] 已拷贝关卡 asset → C:/Users/Administrator/Documents/BlastGame/telemetry/bot/158_163_167_169_172_176_185_191-193_200-2026-08-15T04-21-15/level-assets/test/192.asset
[05:51:28]   [stdout]   [Unity] [Bot Batch] Level L192 (8/11): 200 runs × 1 strategy = 200 games
[05:51:28]   [stdout]   [Unity] [Bot Batch] 已拷贝关卡 asset → C:/Users/Administrator/Documents/BlastGame/telemetry/bot/158_163_167_169_172_176_185_191-193_200-2026-08-15T04-21-15/level-assets/test/193.asset
[05:51:28]   [stdout]   [Unity] [Bot Batch] Level L193 (9/11): 200 runs × 1 strategy = 200 games
[05:51:28]   [stdout]   [Unity] [Bot Batch] 已拷贝关卡 asset → C:/Users/Administrator/Documents/BlastGame/telemetry/bot/158_163_167_169_172_176_185_191-193_200-2026-08-15T04-21-15/level-assets/test/200.asset
[05:51:28]   [stdout]   [Unity] [Bot Batch] Level L200 (10/11): 200 runs × 1 strategy = 200 games
[05:51:28]   [stdout]   [Unity] [BlastBotCampaign] summaryCsv=C:/Users/Administrator/Documents/BlastGame/telemetry/bot/158_163_167_169_172_176_185_191-193_200-2026-08-15T04-21-15/L158_163_167_169_172_176_185_191-193_200-T5-2026-08-15T05-50-23.008-batch-range/campaign-summary-T5.csv
[05:51:28]   [stdout]   [Unity] [BlastBotCampaign] 导出完成: C:/Users/Administrator/Documents/BlastGame/telemetry/bot/158_163_167_169_172_176_185_191-193_200-2026-08-15T04-21-15/L158_163_167_169_172_176_185_191-193_200-T5-2026-08-15T05-50-23.008-batch-range，totalElapsedSec=0.018
[05:51:28]   [stdout]   [Unity] [BlastBotCampaign] attemptsCsv=C:/Users/Administrator/Documents/BlastGame/telemetry/bot/158_163_167_169_172_176_185_191-193_200-2026-08-15T04-21-15/L158_163_167_169_172_176_185_191-193_200-T5-2026-08-15T05-50-23.008-batch-range/campaign-attempts-T5.csv
[05:51:28]   [stdout]   [Unity] [Bot Batch Jenkins] 完成，最后导出目录: C:\Users\Administrator\Documents\BlastGame\telemetry\bot\158_163_167_169_172_176_185_191-193_200-2026-08-15T04-21-15
[05:51:28]   [stdout]   Unity exited with code 0
[05:51:28]   [stdout]   Batch dir: 158_163_167_169_172_176_185_191-193_200-2026-08-15T04-21-15
[05:51:28]   [stdout]   ✅ 导出验证: 5 档全部有 campaign-summary CSV
[05:51:28]   [stdout]   Pool refreshed
[05:51:28]   [stdout]   Running post_batch_review...
[05:51:28]   Retrying in 5s...
[05:51:33]   CMD [attempt 2/2]: C:\Users\Administrator\AppData\Local\hermes\hermes-agent\venv\Scripts\python.exe -X utf8 D:\download\BlastGame\hermes\scripts\submit_batch_unity.py 158,163,167,169,172,176,185,191,192,193,200 --tiers 1,2,3,4,5 --games 200 --strategy scoring_opt_vg --yes --skip-agent-pipeline --adaptive-stop
[07:24:48]   FAIL (exit=1) attempt 2/2
[07:24:48]   stderr: "C:\Users\Administrator\AppData\Roaming\uv\python\cpython-3.11-windows-x86_64-none\Lib\subprocess.py", line 1630, in _communicate
    raise TimeoutExpired(self.args, orig_timeout)
subprocess.TimeoutExpired: Command '['C:\\Users\\Administrator\\AppData\\Local\\hermes\\hermes-agent\\venv\\Scripts\\python.exe', '-X', 'utf8', 'D:\\download\\BlastGame\\hermes\\tools\\post_batch_review.py', '--batch', '158_163_167_169_172_176_185_191-193_200-2026-08-15T05-51-51', '--full']' timed out after 60 seconds

[07:24:48]   [stdout]   [Unity] [Bot Batch] 已拷贝关卡 asset → C:/Users/Administrator/Documents/BlastGame/telemetry/bot/158_163_167_169_172_176_185_191-193_200-2026-08-15T05-51-51/level-assets/test/192.asset
[07:24:48]   [stdout]   [Unity] [Bot Batch] Level L192 (8/11): 200 runs × 1 strategy = 200 games
[07:24:48]   [stdout]   [Unity] [Bot Batch] 已拷贝关卡 asset → C:/Users/Administrator/Documents/BlastGame/telemetry/bot/158_163_167_169_172_176_185_191-193_200-2026-08-15T05-51-51/level-assets/test/193.asset
[07:24:48]   [stdout]   [Unity] [Bot Batch] Level L193 (9/11): 200 runs × 1 strategy = 200 games
[07:24:48]   [stdout]   [Unity] [Bot Batch] 已拷贝关卡 asset → C:/Users/Administrator/Documents/BlastGame/telemetry/bot/158_163_167_169_172_176_185_191-193_200-2026-08-15T05-51-51/level-assets/test/200.asset
[07:24:48]   [stdout]   [Unity] [Bot Batch] Level L200 (10/11): 200 runs × 1 strategy = 200 games
[07:24:48]   [stdout]   [Unity] [BlastBotCampaign] summaryCsv=C:/Users/Administrator/Documents/BlastGame/telemetry/bot/158_163_167_169_172_176_185_191-193_200-2026-08-15T05-51-51/L158_163_167_169_172_176_185_191-193_200-T5-2026-08-15T07-23-42.934-batch-range/campaign-summary-T5.csv
[07:24:48]   [stdout]   [Unity] [BlastBotCampaign] 导出完成: C:/Users/Administrator/Documents/BlastGame/telemetry/bot/158_163_167_169_172_176_185_191-193_200-2026-08-15T05-51-51/L158_163_167_169_172_176_185_191-193_200-T5-2026-08-15T07-23-42.934-batch-range，totalElapsedSec=0.017
[07:24:48]   [stdout]   [Unity] [BlastBotCampaign] attemptsCsv=C:/Users/Administrator/Documents/BlastGame/telemetry/bot/158_163_167_169_172_176_185_191-193_200-2026-08-15T05-51-51/L158_163_167_169_172_176_185_191-193_200-T5-2026-08-15T07-23-42.934-batch-range/campaign-attempts-T5.csv
[07:24:48]   [stdout]   [Unity] [Bot Batch Jenkins] 完成，最后导出目录: C:\Users\Administrator\Documents\BlastGame\telemetry\bot\158_163_167_169_172_176_185_191-193_200-2026-08-15T05-51-51
[07:24:48]   [stdout]   Unity exited with code 0
[07:24:48]   [stdout]   Batch dir: 158_163_167_169_172_176_185_191-193_200-2026-08-15T05-51-51
[07:24:48]   [stdout]   ✅ 导出验证: 5 档全部有 campaign-summary CSV
[07:24:48]   [stdout]   Pool refreshed
[07:24:48]   [stdout]   Running post_batch_review...
[07:24:48]   All retries exhausted — giving up
[07:24:48]   Unity batch FAILED
[07:24:48]   Unity batch failed — skipping this round
[07:24:48] 
[07:24:48] ————————————————————————————————————————————————————————————
[07:24:48]  ROUND 5/6
[07:24:48]  Pending (11): 158, 163, 167, 169, 172, 176, 185, 191, 192, 193, 200
[07:24:48] ————————————————————————————————————————————————————————————
[07:24:48] 
[07:24:48] [Phase 1/5] agent_analyze → combo + design_probes
[07:24:48]   CMD [attempt 1/2]: C:\Users\Administrator\AppData\Local\hermes\hermes-agent\venv\Scripts\python.exe -X utf8 D:\download\BlastGame\hermes\tools\planner.py --levels 158,163,167,169,172,176,185,191,192,193,200 --output json
[07:24:59]   L158: 5 probes, judge=合格, combo quality=22.5
[07:24:59]   L158: 5/5 tiers configured
[07:24:59]   L163: 5 probes, judge=合格, combo quality=29.9
[07:24:59]   L163: 5/5 tiers configured
[07:24:59]   L167: 5 probes, judge=合格, combo quality=27.9
[07:24:59]   L167: 5/5 tiers configured
[07:24:59]   L169: 5 probes, judge=合格, combo quality=26.8
[07:24:59]   L169: 5/5 tiers configured
[07:24:59]   L172: 5 probes, judge=合格, combo quality=14.5
[07:24:59]   L172: 5/5 tiers configured
[07:24:59]   L176: 5 probes, judge=不合格, combo quality=502.5
[07:24:59]   L176: 5/5 tiers configured
[07:24:59]   L185: 5 probes, judge=合格, combo quality=10.0
[07:24:59]   L185: 5/5 tiers configured
[07:24:59]   L191: 5 probes, judge=合格, combo quality=11.8
[07:24:59]   L191: 5/5 tiers configured
[07:24:59]   L192: 5 probes, judge=合格, combo quality=26.5
[07:24:59]   L192: 5/5 tiers configured
[07:24:59]   L193: 5 probes, judge=合格, combo quality=10.6
[07:24:59]   L193: 5/5 tiers configured
[07:24:59]   L200: 5 probes, judge=接近, combo quality=57.0
[07:24:59]   L200: 5/5 tiers configured
[07:24:59] [Phase 2/5] apply_probes → write asset
[07:24:59]   probe_configs.json updated: 11 levels
[07:24:59]   CMD [attempt 1/2]: C:\Users\Administrator\AppData\Local\hermes\hermes-agent\venv\Scripts\python.exe -X utf8 D:\download\BlastGame\hermes\tools\apply_probes.py 158,163,167,169,172,176,185,191,192,193,200
[07:25:00]     L191: ✅ Warden 通过 (5槽完整)
[07:25:00]     L191: ✅ 写入成功
[07:25:00]     L192: ✅ Warden 通过 (5槽完整)
[07:25:00]     L192: ✅ 写入成功
[07:25:00]     L193: ✅ Warden 通过 (5槽完整)
[07:25:00]     L193: ✅ 写入成功
[07:25:00]     L200: ✅ Warden 通过 (5槽完整)
[07:25:00]     L200: ✅ 写入成功
[07:25:00]     ✅ 全部完成
[07:25:00] [Preflight] asset & config check...
[07:25:00]   ✅ Preflight passed
[07:25:00] [Warden] pre-batch check...
[07:25:01]   ✅ Warden passed
[07:25:01] [Phase 3/5] submit_batch_unity → Unity bot batch
[07:25:01]   adaptive_stop=ON (round 5/6)
[07:25:01]   games=200 (探针轮200/验证轮400)
[07:25:01]   Submitting Unity batch: 11 levels × 5 tiers, timeout=16500s (275min)
[07:25:01]   CMD [attempt 1/2]: C:\Users\Administrator\AppData\Local\hermes\hermes-agent\venv\Scripts\python.exe -X utf8 D:\download\BlastGame\hermes\scripts\submit_batch_unity.py 158,163,167,169,172,176,185,191,192,193,200 --tiers 1,2,3,4,5 --games 200 --strategy scoring_opt_vg --yes --skip-agent-pipeline --adaptive-stop
[08:54:35]   FAIL (exit=1) attempt 1/2
[08:54:35]   stderr: "C:\Users\Administrator\AppData\Roaming\uv\python\cpython-3.11-windows-x86_64-none\Lib\subprocess.py", line 1630, in _communicate
    raise TimeoutExpired(self.args, orig_timeout)
subprocess.TimeoutExpired: Command '['C:\\Users\\Administrator\\AppData\\Local\\hermes\\hermes-agent\\venv\\Scripts\\python.exe', '-X', 'utf8', 'D:\\download\\BlastGame\\hermes\\tools\\post_batch_review.py', '--batch', '158_163_167_169_172_176_185_191-193_200-2026-08-15T07-25-18', '--full']' timed out after 60 seconds

[08:54:35]   [stdout]   [Unity] [Bot Batch] 已拷贝关卡 asset → C:/Users/Administrator/Documents/BlastGame/telemetry/bot/158_163_167_169_172_176_185_191-193_200-2026-08-15T07-25-18/level-assets/test/192.asset
[08:54:35]   [stdout]   [Unity] [Bot Batch] Level L192 (8/11): 200 runs × 1 strategy = 200 games
[08:54:35]   [stdout]   [Unity] [Bot Batch] 已拷贝关卡 asset → C:/Users/Administrator/Documents/BlastGame/telemetry/bot/158_163_167_169_172_176_185_191-193_200-2026-08-15T07-25-18/level-assets/test/193.asset
[08:54:35]   [stdout]   [Unity] [Bot Batch] Level L193 (9/11): 200 runs × 1 strategy = 200 games
[08:54:35]   [stdout]   [Unity] [Bot Batch] 已拷贝关卡 asset → C:/Users/Administrator/Documents/BlastGame/telemetry/bot/158_163_167_169_172_176_185_191-193_200-2026-08-15T07-25-18/level-assets/test/200.asset
[08:54:35]   [stdout]   [Unity] [Bot Batch] Level L200 (10/11): 200 runs × 1 strategy = 200 games
[08:54:35]   [stdout]   [Unity] [BlastBotCampaign] summaryCsv=C:/Users/Administrator/Documents/BlastGame/telemetry/bot/158_163_167_169_172_176_185_191-193_200-2026-08-15T07-25-18/L158_163_167_169_172_176_185_191-193_200-T5-2026-08-15T08-53-18.180-batch-range/campaign-summary-T5.csv
[08:54:35]   [stdout]   [Unity] [BlastBotCampaign] 导出完成: C:/Users/Administrator/Documents/BlastGame/telemetry/bot/158_163_167_169_172_176_185_191-193_200-2026-08-15T07-25-18/L158_163_167_169_172_176_185_191-193_200-T5-2026-08-15T08-53-18.180-batch-range，totalElapsedSec=0.018
[08:54:35]   [stdout]   [Unity] [BlastBotCampaign] attemptsCsv=C:/Users/Administrator/Documents/BlastGame/telemetry/bot/158_163_167_169_172_176_185_191-193_200-2026-08-15T07-25-18/L158_163_167_169_172_176_185_191-193_200-T5-2026-08-15T08-53-18.180-batch-range/campaign-attempts-T5.csv
[08:54:35]   [stdout]   [Unity] [Bot Batch Jenkins] 完成，最后导出目录: C:\Users\Administrator\Documents\BlastGame\telemetry\bot\158_163_167_169_172_176_185_191-193_200-2026-08-15T07-25-18
[08:54:35]   [stdout]   Unity exited with code 0
[08:54:35]   [stdout]   Batch dir: 158_163_167_169_172_176_185_191-193_200-2026-08-15T07-25-18
[08:54:35]   [stdout]   ✅ 导出验证: 5 档全部有 campaign-summary CSV
[08:54:35]   [stdout]   Pool refreshed
[08:54:35]   [stdout]   Running post_batch_review...
[08:54:35]   Retrying in 5s...
[08:54:40]   CMD [attempt 2/2]: C:\Users\Administrator\AppData\Local\hermes\hermes-agent\venv\Scripts\python.exe -X utf8 D:\download\BlastGame\hermes\scripts\submit_batch_unity.py 158,163,167,169,172,176,185,191,192,193,200 --tiers 1,2,3,4,5 --games 200 --strategy scoring_opt_vg --yes --skip-agent-pipeline --adaptive-stop
[10:26:28]   FAIL (exit=1) attempt 2/2
[10:26:28]   stderr: "C:\Users\Administrator\AppData\Roaming\uv\python\cpython-3.11-windows-x86_64-none\Lib\subprocess.py", line 1630, in _communicate
    raise TimeoutExpired(self.args, orig_timeout)
subprocess.TimeoutExpired: Command '['C:\\Users\\Administrator\\AppData\\Local\\hermes\\hermes-agent\\venv\\Scripts\\python.exe', '-X', 'utf8', 'D:\\download\\BlastGame\\hermes\\tools\\post_batch_review.py', '--batch', '158_163_167_169_172_176_185_191-193_200-2026-08-15T08-55-42', '--full']' timed out after 60 seconds

[10:26:28]   [stdout]   [Unity] [Bot Batch] 已拷贝关卡 asset → C:/Users/Administrator/Documents/BlastGame/telemetry/bot/158_163_167_169_172_176_185_191-193_200-2026-08-15T08-55-42/level-assets/test/192.asset
[10:26:28]   [stdout]   [Unity] [Bot Batch] Level L192 (8/11): 200 runs × 1 strategy = 200 games
[10:26:28]   [stdout]   [Unity] [Bot Batch] 已拷贝关卡 asset → C:/Users/Administrator/Documents/BlastGame/telemetry/bot/158_163_167_169_172_176_185_191-193_200-2026-08-15T08-55-42/level-assets/test/193.asset
[10:26:28]   [stdout]   [Unity] [Bot Batch] Level L193 (9/11): 200 runs × 1 strategy = 200 games
[10:26:28]   [stdout]   [Unity] [Bot Batch] 已拷贝关卡 asset → C:/Users/Administrator/Documents/BlastGame/telemetry/bot/158_163_167_169_172_176_185_191-193_200-2026-08-15T08-55-42/level-assets/test/200.asset
[10:26:28]   [stdout]   [Unity] [Bot Batch] Level L200 (10/11): 200 runs × 1 strategy = 200 games
[10:26:28]   [stdout]   [Unity] [BlastBotCampaign] summaryCsv=C:/Users/Administrator/Documents/BlastGame/telemetry/bot/158_163_167_169_172_176_185_191-193_200-2026-08-15T08-55-42/L158_163_167_169_172_176_185_191-193_200-T5-2026-08-15T10-25-21.386-batch-range/campaign-summary-T5.csv
[10:26:28]   [stdout]   [Unity] [BlastBotCampaign] 导出完成: C:/Users/Administrator/Documents/BlastGame/telemetry/bot/158_163_167_169_172_176_185_191-193_200-2026-08-15T08-55-42/L158_163_167_169_172_176_185_191-193_200-T5-2026-08-15T10-25-21.386-batch-range，totalElapsedSec=0.018
[10:26:28]   [stdout]   [Unity] [BlastBotCampaign] attemptsCsv=C:/Users/Administrator/Documents/BlastGame/telemetry/bot/158_163_167_169_172_176_185_191-193_200-2026-08-15T08-55-42/L158_163_167_169_172_176_185_191-193_200-T5-2026-08-15T10-25-21.386-batch-range/campaign-attempts-T5.csv
[10:26:28]   [stdout]   [Unity] [Bot Batch Jenkins] 完成，最后导出目录: C:\Users\Administrator\Documents\BlastGame\telemetry\bot\158_163_167_169_172_176_185_191-193_200-2026-08-15T08-55-42
[10:26:28]   [stdout]   Unity exited with code 0
[10:26:28]   [stdout]   Batch dir: 158_163_167_169_172_176_185_191-193_200-2026-08-15T08-55-42
[10:26:28]   [stdout]   ✅ 导出验证: 5 档全部有 campaign-summary CSV
[10:26:28]   [stdout]   Pool refreshed
[10:26:28]   [stdout]   Running post_batch_review...
[10:26:28]   All retries exhausted — giving up
[10:26:28]   Unity batch FAILED
[10:26:28]   Unity batch failed — skipping this round
[10:26:28] 
[10:26:28] ————————————————————————————————————————————————————————————
[10:26:28]  ROUND 6/6
[10:26:28]  Pending (11): 158, 163, 167, 169, 172, 176, 185, 191, 192, 193, 200
[10:26:28] ————————————————————————————————————————————————————————————
[10:26:28] 
[10:26:28] [Phase 1/5] agent_analyze → combo + design_probes
[10:26:28]   CMD [attempt 1/2]: C:\Users\Administrator\AppData\Local\hermes\hermes-agent\venv\Scripts\python.exe -X utf8 D:\download\BlastGame\hermes\tools\planner.py --levels 158,163,167,169,172,176,185,191,192,193,200 --output json
[10:26:44]   L158: 5 probes, judge=合格, combo quality=22.5
[10:26:44]   L158: 5/5 tiers configured
[10:26:44]   L163: 5 probes, judge=合格, combo quality=29.9
[10:26:44]   L163: 5/5 tiers configured
[10:26:44]   L167: 5 probes, judge=不合格, combo quality=39.8
[10:26:44]   L167: 5/5 tiers configured
[10:26:44]   L169: 5 probes, judge=合格, combo quality=26.8
[10:26:44]   L169: 5/5 tiers configured
[10:26:44]   L172: 5 probes, judge=合格, combo quality=14.5
[10:26:44]   L172: 5/5 tiers configured
[10:26:44]   L176: 5 probes, judge=不合格, combo quality=495.5
[10:26:44]   L176: 5/5 tiers configured
[10:26:44]   L185: 5 probes, judge=合格, combo quality=10.0
[10:26:44]   L185: 5/5 tiers configured
[10:26:44]   L191: 5 probes, judge=合格, combo quality=12.8
[10:26:44]   L191: 5/5 tiers configured
[10:26:44]   L192: 5 probes, judge=不合格, combo quality=39.2
[10:26:44]   L192: 5/5 tiers configured
[10:26:44]   L193: 5 probes, judge=合格, combo quality=9.6
[10:26:44]   L193: 5/5 tiers configured
[10:26:44]   L200: 5 probes, judge=接近, combo quality=54.0
[10:26:44]   L200: 5/5 tiers configured
[10:26:44] [Phase 2/5] apply_probes → write asset
[10:26:44]   probe_configs.json updated: 11 levels
[10:26:44]   CMD [attempt 1/2]: C:\Users\Administrator\AppData\Local\hermes\hermes-agent\venv\Scripts\python.exe -X utf8 D:\download\BlastGame\hermes\tools\apply_probes.py 158,163,167,169,172,176,185,191,192,193,200
[10:26:44]     L191: ✅ Warden 通过 (5槽完整)
[10:26:44]     L191: ✅ 写入成功
[10:26:44]     L192: ✅ Warden 通过 (5槽完整)
[10:26:44]     L192: ✅ 写入成功
[10:26:44]     L193: ✅ Warden 通过 (5槽完整)
[10:26:44]     L193: ✅ 写入成功
[10:26:44]     L200: ✅ Warden 通过 (5槽完整)
[10:26:44]     L200: ✅ 写入成功
[10:26:44]     ✅ 全部完成
[10:26:44] [Preflight] asset & config check...
[10:26:44]   ✅ Preflight passed
[10:26:44] [Warden] pre-batch check...
[10:26:45]   ✅ Warden passed
[10:26:45] [Phase 3/5] submit_batch_unity → Unity bot batch
[10:26:45]   adaptive_stop=OFF (round 6/6)
[10:26:45]   games=400 (探针轮200/验证轮400)
[10:26:45]   Submitting Unity batch: 11 levels × 5 tiers, timeout=16500s (275min)
[10:26:45]   CMD [attempt 1/2]: C:\Users\Administrator\AppData\Local\hermes\hermes-agent\venv\Scripts\python.exe -X utf8 D:\download\BlastGame\hermes\scripts\submit_batch_unity.py 158,163,167,169,172,176,185,191,192,193,200 --tiers 1,2,3,4,5 --games 400 --strategy scoring_opt_vg --yes --skip-agent-pipeline
[14:43:15]   FAIL (exit=1) attempt 1/2
[14:43:15]   stderr: "C:\Users\Administrator\AppData\Roaming\uv\python\cpython-3.11-windows-x86_64-none\Lib\subprocess.py", line 1630, in _communicate
    raise TimeoutExpired(self.args, orig_timeout)
subprocess.TimeoutExpired: Command '['C:\\Users\\Administrator\\AppData\\Local\\hermes\\hermes-agent\\venv\\Scripts\\python.exe', '-X', 'utf8', 'D:\\download\\BlastGame\\hermes\\tools\\post_batch_review.py', '--batch', '158_163_167_169_172_176_185_191-193_200-2026-08-15T10-27-02', '--full']' timed out after 60 seconds

[14:43:15]   [stdout]   [Unity] [Bot Batch] 已拷贝关卡 asset → C:/Users/Administrator/Documents/BlastGame/telemetry/bot/158_163_167_169_172_176_185_191-193_200-2026-08-15T10-27-02/level-assets/test/192.asset
[14:43:15]   [stdout]   [Unity] [Bot Batch] Level L192 (8/11): 400 runs × 1 strategy = 400 games
[14:43:15]   [stdout]   [Unity] [Bot Batch] 已拷贝关卡 asset → C:/Users/Administrator/Documents/BlastGame/telemetry/bot/158_163_167_169_172_176_185_191-193_200-2026-08-15T10-27-02/level-assets/test/193.asset
[14:43:15]   [stdout]   [Unity] [Bot Batch] Level L193 (9/11): 400 runs × 1 strategy = 400 games
[14:43:15]   [stdout]   [Unity] [Bot Batch] 已拷贝关卡 asset → C:/Users/Administrator/Documents/BlastGame/telemetry/bot/158_163_167_169_172_176_185_191-193_200-2026-08-15T10-27-02/level-assets/test/200.asset
[14:43:15]   [stdout]   [Unity] [Bot Batch] Level L200 (10/11): 400 runs × 1 strategy = 400 games
[14:43:15]   [stdout]   [Unity] [BlastBotCampaign] summaryCsv=C:/Users/Administrator/Documents/BlastGame/telemetry/bot/158_163_167_169_172_176_185_191-193_200-2026-08-15T10-27-02/L158_163_167_169_172_176_185_191-193_200-T5-2026-08-15T14-41-59.670-batch-range/campaign-summary-T5.csv
[14:43:15]   [stdout]   [Unity] [BlastBotCampaign] 导出完成: C:/Users/Administrator/Documents/BlastGame/telemetry/bot/158_163_167_169_172_176_185_191-193_200-2026-08-15T10-27-02/L158_163_167_169_172_176_185_191-193_200-T5-2026-08-15T14-41-59.670-batch-range，totalElapsedSec=0.036
[14:43:15]   [stdout]   [Unity] [BlastBotCampaign] attemptsCsv=C:/Users/Administrator/Documents/BlastGame/telemetry/bot/158_163_167_169_172_176_185_191-193_200-2026-08-15T10-27-02/L158_163_167_169_172_176_185_191-193_200-T5-2026-08-15T14-41-59.670-batch-range/campaign-attempts-T5.csv
[14:43:15]   [stdout]   [Unity] [Bot Batch Jenkins] 完成，最后导出目录: C:\Users\Administrator\Documents\BlastGame\telemetry\bot\158_163_167_169_172_176_185_191-193_200-2026-08-15T10-27-02
[14:43:15]   [stdout]   Unity exited with code 0
[14:43:15]   [stdout]   Batch dir: 158_163_167_169_172_176_185_191-193_200-2026-08-15T10-27-02
[14:43:15]   [stdout]   ✅ 导出验证: 5 档全部有 campaign-summary CSV
[14:43:15]   [stdout]   Pool refreshed
[14:43:15]   [stdout]   Running post_batch_review...
[14:43:15]   Retrying in 5s...
[14:43:20]   CMD [attempt 2/2]: C:\Users\Administrator\AppData\Local\hermes\hermes-agent\venv\Scripts\python.exe -X utf8 D:\download\BlastGame\hermes\scripts\submit_batch_unity.py 158,163,167,169,172,176,185,191,192,193,200 --tiers 1,2,3,4,5 --games 400 --strategy scoring_opt_vg --yes --skip-agent-pipeline
[19:08:21]   FAIL (exit=1) attempt 2/2
[19:08:21]   stderr: "C:\Users\Administrator\AppData\Roaming\uv\python\cpython-3.11-windows-x86_64-none\Lib\subprocess.py", line 1630, in _communicate
    raise TimeoutExpired(self.args, orig_timeout)
subprocess.TimeoutExpired: Command '['C:\\Users\\Administrator\\AppData\\Local\\hermes\\hermes-agent\\venv\\Scripts\\python.exe', '-X', 'utf8', 'D:\\download\\BlastGame\\hermes\\tools\\post_batch_review.py', '--batch', '158_163_167_169_172_176_185_191-193_200-2026-08-15T14-44-22', '--full']' timed out after 60 seconds

[19:08:21]   [stdout]   [Unity] [Bot Batch] 已拷贝关卡 asset → C:/Users/Administrator/Documents/BlastGame/telemetry/bot/158_163_167_169_172_176_185_191-193_200-2026-08-15T14-44-22/level-assets/test/192.asset
[19:08:21]   [stdout]   [Unity] [Bot Batch] Level L192 (8/11): 400 runs × 1 strategy = 400 games
[19:08:21]   [stdout]   [Unity] [Bot Batch] 已拷贝关卡 asset → C:/Users/Administrator/Documents/BlastGame/telemetry/bot/158_163_167_169_172_176_185_191-193_200-2026-08-15T14-44-22/level-assets/test/193.asset
[19:08:21]   [stdout]   [Unity] [Bot Batch] Level L193 (9/11): 400 runs × 1 strategy = 400 games
[19:08:21]   [stdout]   [Unity] [Bot Batch] 已拷贝关卡 asset → C:/Users/Administrator/Documents/BlastGame/telemetry/bot/158_163_167_169_172_176_185_191-193_200-2026-08-15T14-44-22/level-assets/test/200.asset
[19:08:21]   [stdout]   [Unity] [Bot Batch] Level L200 (10/11): 400 runs × 1 strategy = 400 games
[19:08:21]   [stdout]   [Unity] [BlastBotCampaign] summaryCsv=C:/Users/Administrator/Documents/BlastGame/telemetry/bot/158_163_167_169_172_176_185_191-193_200-2026-08-15T14-44-22/L158_163_167_169_172_176_185_191-193_200-T5-2026-08-15T19-07-14.793-batch-range/campaign-summary-T5.csv
[19:08:21]   [stdout]   [Unity] [BlastBotCampaign] 导出完成: C:/Users/Administrator/Documents/BlastGame/telemetry/bot/158_163_167_169_172_176_185_191-193_200-2026-08-15T14-44-22/L158_163_167_169_172_176_185_191-193_200-T5-2026-08-15T19-07-14.793-batch-range，totalElapsedSec=0.036
[19:08:21]   [stdout]   [Unity] [BlastBotCampaign] attemptsCsv=C:/Users/Administrator/Documents/BlastGame/telemetry/bot/158_163_167_169_172_176_185_191-193_200-2026-08-15T14-44-22/L158_163_167_169_172_176_185_191-193_200-T5-2026-08-15T19-07-14.793-batch-range/campaign-attempts-T5.csv
[19:08:21]   [stdout]   [Unity] [Bot Batch Jenkins] 完成，最后导出目录: C:\Users\Administrator\Documents\BlastGame\telemetry\bot\158_163_167_169_172_176_185_191-193_200-2026-08-15T14-44-22
[19:08:21]   [stdout]   Unity exited with code 0
[19:08:21]   [stdout]   Batch dir: 158_163_167_169_172_176_185_191-193_200-2026-08-15T14-44-22
[19:08:21]   [stdout]   ✅ 导出验证: 5 档全部有 campaign-summary CSV
[19:08:21]   [stdout]   Pool refreshed
[19:08:21]   [stdout]   Running post_batch_review...
[19:08:21]   All retries exhausted — giving up
[19:08:21]   Unity batch FAILED
[19:08:21]   Unity batch failed — skipping this round
[19:08:21]  FINAL SUMMARY
[19:08:21] ============================================================
[19:08:21]  ✅ Passed (入库):  0 levels
[19:08:21]  ❌ Failed (改关卡): 0 levels
[19:08:21]  ⚠ Errors:           0 levels
[19:08:21]  🔄 Still pending:    11 levels
[19:08:21]     L158
[19:08:21]     L163
[19:08:21]     L167
[19:08:21]     L169
[19:08:21]     L172
[19:08:21]     L176
[19:08:21]     L185
[19:08:21]     L191
[19:08:21]     L192
[19:08:21]     L193
[19:08:21]     L200
[19:08:21] 
[19:08:21]  Full log: D:\download\BlastGame\hermes\auto-log\20260814_184332.log
[19:08:21]  Curator: pattern analysis complete
