[19:39:23] ============================================================
[19:39:23]  auto_loop.py — 全自动调优编排器
[19:39:23] ============================================================
[19:39:23]  Log:        D:\download\BlastGame\hermes\auto-log\20260804_193923.log
[19:39:23]  Levels:     [154, 162, 165, 176, 182, 198]
[19:39:23]  Tiers:      [1, 2, 3, 4, 5]
[19:39:23]  Games/tier: 400
[19:39:23]  Strategy:   scoring_opt_vg
[19:39:23]  Max rounds: 6
[19:39:23]  Unity EXE:  C:\Program Files\Unity\Hub\Editor\6000.0.60f1\Editor\Unity.exe
[19:39:23]  Repo:       C:\Users\Administrator\Documents\BlastGame
[19:39:23] 
[19:39:23] [Auto-recovery] 检查 Unity 进程...
[19:39:23]   无 Unity 进程
[19:39:23] 
[19:39:23] ————————————————————————————————————————————————————————————
[19:39:23]  ROUND 1/6
[19:39:23]  Pending (6): 154, 162, 165, 176, 182, 198
[19:39:23] ————————————————————————————————————————————————————————————
[19:39:23] 
[19:39:23] [Phase 1/5] agent_analyze → combo + design_probes
[19:39:23]   CMD [attempt 1/2]: C:\Users\Administrator\AppData\Local\hermes\hermes-agent\venv\Scripts\python.exe -X utf8 D:\download\BlastGame\hermes\tools\planner.py --levels 154,162,165,176,182,198 --output json
[19:41:23]   TIMEOUT (120s) attempt 1/2
[19:41:23]   Retrying in 5s...
[19:41:28]   CMD [attempt 2/2]: C:\Users\Administrator\AppData\Local\hermes\hermes-agent\venv\Scripts\python.exe -X utf8 D:\download\BlastGame\hermes\tools\planner.py --levels 154,162,165,176,182,198 --output json
[19:43:28]   TIMEOUT (120s) attempt 2/2
[19:43:28]   All retries exhausted — giving up
[19:43:28]   planner FAILED after retries
[19:43:28]   6 level(s) missing probes — running fallback design_probes...
[19:43:28]   CMD [attempt 1/2]: C:\Users\Administrator\AppData\Local\hermes\hermes-agent\venv\Scripts\python.exe -X utf8 D:\download\BlastGame\hermes\tools\design_probes.py 154 --write
[19:44:28]   TIMEOUT (60s) attempt 1/2
[19:44:28]   Retrying in 5s...
[19:44:33]   CMD [attempt 2/2]: C:\Users\Administrator\AppData\Local\hermes\hermes-agent\venv\Scripts\python.exe -X utf8 D:\download\BlastGame\hermes\tools\design_probes.py 154 --write
[19:45:33]   TIMEOUT (60s) attempt 2/2
[19:45:33]   All retries exhausted — giving up
[19:45:33]   L154: design_probes --write FAILED
[19:45:33]   CMD [attempt 1/2]: C:\Users\Administrator\AppData\Local\hermes\hermes-agent\venv\Scripts\python.exe -X utf8 D:\download\BlastGame\hermes\tools\design_probes.py 162 --write
[19:45:33]   L162: design_probes --write OK
[19:45:33]   CMD [attempt 1/2]: C:\Users\Administrator\AppData\Local\hermes\hermes-agent\venv\Scripts\python.exe -X utf8 D:\download\BlastGame\hermes\tools\design_probes.py 165 --write
[19:45:34]   L165: design_probes --write OK
[19:45:34]   CMD [attempt 1/2]: C:\Users\Administrator\AppData\Local\hermes\hermes-agent\venv\Scripts\python.exe -X utf8 D:\download\BlastGame\hermes\tools\design_probes.py 176 --write
[19:45:34]   L176: design_probes --write OK
[19:45:34]   CMD [attempt 1/2]: C:\Users\Administrator\AppData\Local\hermes\hermes-agent\venv\Scripts\python.exe -X utf8 D:\download\BlastGame\hermes\tools\design_probes.py 182 --write
[19:46:32]   L182: design_probes --write OK
[19:46:32]   CMD [attempt 1/2]: C:\Users\Administrator\AppData\Local\hermes\hermes-agent\venv\Scripts\python.exe -X utf8 D:\download\BlastGame\hermes\tools\design_probes.py 198 --write
[19:47:32]   TIMEOUT (60s) attempt 1/2
[19:47:32]   Retrying in 5s...
[19:47:37]   CMD [attempt 2/2]: C:\Users\Administrator\AppData\Local\hermes\hermes-agent\venv\Scripts\python.exe -X utf8 D:\download\BlastGame\hermes\tools\design_probes.py 198 --write
[19:48:37]   TIMEOUT (60s) attempt 2/2
[19:48:37]   All retries exhausted — giving up
[19:48:37]   L198: design_probes --write FAILED
[19:48:37]   CMD [attempt 1/2]: C:\Users\Administrator\AppData\Local\hermes\hermes-agent\venv\Scripts\python.exe -X utf8 D:\download\BlastGame\hermes\tools\planner.py --levels 176,182,165,162 --output json
[19:49:36]   L176: 0 probes, judge=不合格, combo quality=226.2
[19:49:36]   L176: 5/5 tiers configured
[19:49:36]   L182: 5 probes, judge=不合格, combo quality=61.6
[19:49:36]   L182: 5/5 tiers configured
[19:49:36]   L165: 0 probes, judge=不合格, combo quality=182.5
[19:49:36]   L165: 5/5 tiers configured
[19:49:36]   L162: 0 probes, judge=no_combo, combo quality=?
[19:49:36]   L162: 5/5 tiers configured
[19:49:36] [Phase 2/5] apply_probes → write asset
[19:49:36]   probe_configs.json updated: 4 levels
[19:49:36]   CMD [attempt 1/2]: C:\Users\Administrator\AppData\Local\hermes\hermes-agent\venv\Scripts\python.exe -X utf8 D:\download\BlastGame\hermes\tools\apply_probes.py 176,182,165,162
[19:49:36]   FAIL (exit=1) attempt 1/2
[19:49:36]   Retrying in 5s...
[19:49:41]   CMD [attempt 2/2]: C:\Users\Administrator\AppData\Local\hermes\hermes-agent\venv\Scripts\python.exe -X utf8 D:\download\BlastGame\hermes\tools\apply_probes.py 176,182,165,162
[19:49:41]   FAIL (exit=1) attempt 2/2
[19:49:41]   All retries exhausted — giving up
[19:49:41]   apply_probes FAILED
[19:49:41]   apply_probes failed — skipping this round
[19:49:41] 
[19:49:41] ————————————————————————————————————————————————————————————
[19:49:41]  ROUND 2/6
[19:49:41]  Pending (6): 154, 162, 165, 176, 182, 198
[19:49:41] ————————————————————————————————————————————————————————————
[19:49:41] 
[19:49:41] [Phase 1/5] agent_analyze → combo + design_probes
[19:49:41]   CMD [attempt 1/2]: C:\Users\Administrator\AppData\Local\hermes\hermes-agent\venv\Scripts\python.exe -X utf8 D:\download\BlastGame\hermes\tools\planner.py --levels 154,162,165,176,182,198 --output json
[19:51:41]   TIMEOUT (120s) attempt 1/2
[19:51:41]   Retrying in 5s...
[19:51:46]   CMD [attempt 2/2]: C:\Users\Administrator\AppData\Local\hermes\hermes-agent\venv\Scripts\python.exe -X utf8 D:\download\BlastGame\hermes\tools\planner.py --levels 154,162,165,176,182,198 --output json
[19:53:46]   TIMEOUT (120s) attempt 2/2
[19:53:46]   All retries exhausted — giving up
[19:53:46]   planner FAILED after retries
[19:53:46]   6 level(s) missing probes — running fallback design_probes...
[19:53:46]   CMD [attempt 1/2]: C:\Users\Administrator\AppData\Local\hermes\hermes-agent\venv\Scripts\python.exe -X utf8 D:\download\BlastGame\hermes\tools\design_probes.py 154 --write
[19:54:46]   TIMEOUT (60s) attempt 1/2
[19:54:46]   Retrying in 5s...
[19:54:51]   CMD [attempt 2/2]: C:\Users\Administrator\AppData\Local\hermes\hermes-agent\venv\Scripts\python.exe -X utf8 D:\download\BlastGame\hermes\tools\design_probes.py 154 --write
[19:55:51]   TIMEOUT (60s) attempt 2/2
[19:55:51]   All retries exhausted — giving up
[19:55:51]   L154: design_probes --write FAILED
[19:55:51]   CMD [attempt 1/2]: C:\Users\Administrator\AppData\Local\hermes\hermes-agent\venv\Scripts\python.exe -X utf8 D:\download\BlastGame\hermes\tools\design_probes.py 162 --write
[19:55:52]   L162: design_probes --write OK
[19:55:52]   CMD [attempt 1/2]: C:\Users\Administrator\AppData\Local\hermes\hermes-agent\venv\Scripts\python.exe -X utf8 D:\download\BlastGame\hermes\tools\design_probes.py 165 --write
[19:55:52]   L165: design_probes --write OK
[19:55:52]   CMD [attempt 1/2]: C:\Users\Administrator\AppData\Local\hermes\hermes-agent\venv\Scripts\python.exe -X utf8 D:\download\BlastGame\hermes\tools\design_probes.py 176 --write
[19:55:53]   L176: design_probes --write OK
[19:55:53]   CMD [attempt 1/2]: C:\Users\Administrator\AppData\Local\hermes\hermes-agent\venv\Scripts\python.exe -X utf8 D:\download\BlastGame\hermes\tools\design_probes.py 182 --write
[19:56:49]   L182: design_probes --write OK
[19:56:49]   CMD [attempt 1/2]: C:\Users\Administrator\AppData\Local\hermes\hermes-agent\venv\Scripts\python.exe -X utf8 D:\download\BlastGame\hermes\tools\design_probes.py 198 --write
[19:57:49]   TIMEOUT (60s) attempt 1/2
[19:57:49]   Retrying in 5s...
[19:57:54]   CMD [attempt 2/2]: C:\Users\Administrator\AppData\Local\hermes\hermes-agent\venv\Scripts\python.exe -X utf8 D:\download\BlastGame\hermes\tools\design_probes.py 198 --write
[19:58:54]   TIMEOUT (60s) attempt 2/2
[19:58:54]   All retries exhausted — giving up
[19:58:54]   L198: design_probes --write FAILED
[19:58:54]   CMD [attempt 1/2]: C:\Users\Administrator\AppData\Local\hermes\hermes-agent\venv\Scripts\python.exe -X utf8 D:\download\BlastGame\hermes\tools\planner.py --levels 176,182,165,162 --output json
[19:59:54]   L176: 0 probes, judge=不合格, combo quality=226.2
[19:59:54]   L176: 5/5 tiers configured
[19:59:54]   L182: 5 probes, judge=不合格, combo quality=61.6
[19:59:54]   L182: 5/5 tiers configured
[19:59:54]   L165: 0 probes, judge=不合格, combo quality=182.5
[19:59:54]   L165: 5/5 tiers configured
[19:59:54]   L162: 0 probes, judge=no_combo, combo quality=?
[19:59:54]   L162: 5/5 tiers configured
[19:59:54] [Phase 2/5] apply_probes → write asset
[19:59:54]   probe_configs.json updated: 4 levels
[19:59:54]   CMD [attempt 1/2]: C:\Users\Administrator\AppData\Local\hermes\hermes-agent\venv\Scripts\python.exe -X utf8 D:\download\BlastGame\hermes\tools\apply_probes.py 176,182,165,162
[19:59:54]   FAIL (exit=1) attempt 1/2
[19:59:54]   Retrying in 5s...
[19:59:59]   CMD [attempt 2/2]: C:\Users\Administrator\AppData\Local\hermes\hermes-agent\venv\Scripts\python.exe -X utf8 D:\download\BlastGame\hermes\tools\apply_probes.py 176,182,165,162
[19:59:59]   FAIL (exit=1) attempt 2/2
[19:59:59]   All retries exhausted — giving up
[19:59:59]   apply_probes FAILED
[19:59:59]   apply_probes failed — skipping this round
[19:59:59] 
[19:59:59] ————————————————————————————————————————————————————————————
[19:59:59]  ROUND 3/6
[19:59:59]  Pending (6): 154, 162, 165, 176, 182, 198
[19:59:59] ————————————————————————————————————————————————————————————
[19:59:59] 
[19:59:59] [Phase 1/5] agent_analyze → combo + design_probes
[19:59:59]   CMD [attempt 1/2]: C:\Users\Administrator\AppData\Local\hermes\hermes-agent\venv\Scripts\python.exe -X utf8 D:\download\BlastGame\hermes\tools\planner.py --levels 154,162,165,176,182,198 --output json
[20:01:59]   TIMEOUT (120s) attempt 1/2
[20:01:59]   Retrying in 5s...
[20:02:04]   CMD [attempt 2/2]: C:\Users\Administrator\AppData\Local\hermes\hermes-agent\venv\Scripts\python.exe -X utf8 D:\download\BlastGame\hermes\tools\planner.py --levels 154,162,165,176,182,198 --output json
[20:04:04]   TIMEOUT (120s) attempt 2/2
[20:04:04]   All retries exhausted — giving up
[20:04:04]   planner FAILED after retries
[20:04:04]   6 level(s) missing probes — running fallback design_probes...
[20:04:04]   CMD [attempt 1/2]: C:\Users\Administrator\AppData\Local\hermes\hermes-agent\venv\Scripts\python.exe -X utf8 D:\download\BlastGame\hermes\tools\design_probes.py 154 --write
[20:05:04]   TIMEOUT (60s) attempt 1/2
[20:05:04]   Retrying in 5s...
[20:05:09]   CMD [attempt 2/2]: C:\Users\Administrator\AppData\Local\hermes\hermes-agent\venv\Scripts\python.exe -X utf8 D:\download\BlastGame\hermes\tools\design_probes.py 154 --write
[20:06:09]   TIMEOUT (60s) attempt 2/2
[20:06:09]   All retries exhausted — giving up
[20:06:09]   L154: design_probes --write FAILED
[20:06:09]   CMD [attempt 1/2]: C:\Users\Administrator\AppData\Local\hermes\hermes-agent\venv\Scripts\python.exe -X utf8 D:\download\BlastGame\hermes\tools\design_probes.py 162 --write
[20:06:09]   L162: design_probes --write OK
[20:06:09]   CMD [attempt 1/2]: C:\Users\Administrator\AppData\Local\hermes\hermes-agent\venv\Scripts\python.exe -X utf8 D:\download\BlastGame\hermes\tools\design_probes.py 165 --write
[20:06:10]   L165: design_probes --write OK
[20:06:10]   CMD [attempt 1/2]: C:\Users\Administrator\AppData\Local\hermes\hermes-agent\venv\Scripts\python.exe -X utf8 D:\download\BlastGame\hermes\tools\design_probes.py 176 --write
[20:06:10]   L176: design_probes --write OK
[20:06:11]   CMD [attempt 1/2]: C:\Users\Administrator\AppData\Local\hermes\hermes-agent\venv\Scripts\python.exe -X utf8 D:\download\BlastGame\hermes\tools\design_probes.py 182 --write
[20:07:07]   L182: design_probes --write OK
[20:07:07]   CMD [attempt 1/2]: C:\Users\Administrator\AppData\Local\hermes\hermes-agent\venv\Scripts\python.exe -X utf8 D:\download\BlastGame\hermes\tools\design_probes.py 198 --write
[20:08:07]   TIMEOUT (60s) attempt 1/2
[20:08:07]   Retrying in 5s...
[20:08:12]   CMD [attempt 2/2]: C:\Users\Administrator\AppData\Local\hermes\hermes-agent\venv\Scripts\python.exe -X utf8 D:\download\BlastGame\hermes\tools\design_probes.py 198 --write
[20:09:12]   TIMEOUT (60s) attempt 2/2
[20:09:12]   All retries exhausted — giving up
[20:09:12]   L198: design_probes --write FAILED
[20:09:12]   CMD [attempt 1/2]: C:\Users\Administrator\AppData\Local\hermes\hermes-agent\venv\Scripts\python.exe -X utf8 D:\download\BlastGame\hermes\tools\planner.py --levels 176,182,165,162 --output json
[20:10:11]   L176: 0 probes, judge=不合格, combo quality=226.2
[20:10:11]   L176: 5/5 tiers configured
[20:10:11]   L182: 5 probes, judge=不合格, combo quality=61.6
[20:10:11]   L182: 5/5 tiers configured
[20:10:11]   L165: 0 probes, judge=不合格, combo quality=182.5
[20:10:11]   L165: 5/5 tiers configured
[20:10:11]   L162: 0 probes, judge=no_combo, combo quality=?
[20:10:11]   L162: 5/5 tiers configured
[20:10:11] [Phase 2/5] apply_probes → write asset
[20:10:11]   probe_configs.json updated: 4 levels
[20:10:11]   CMD [attempt 1/2]: C:\Users\Administrator\AppData\Local\hermes\hermes-agent\venv\Scripts\python.exe -X utf8 D:\download\BlastGame\hermes\tools\apply_probes.py 176,182,165,162
[20:10:12]   FAIL (exit=1) attempt 1/2
[20:10:12]   Retrying in 5s...
[20:10:17]   CMD [attempt 2/2]: C:\Users\Administrator\AppData\Local\hermes\hermes-agent\venv\Scripts\python.exe -X utf8 D:\download\BlastGame\hermes\tools\apply_probes.py 176,182,165,162
[20:10:17]   FAIL (exit=1) attempt 2/2
[20:10:17]   All retries exhausted — giving up
[20:10:17]   apply_probes FAILED
[20:10:17]   apply_probes failed — skipping this round
[20:10:17] 
[20:10:17] ————————————————————————————————————————————————————————————
[20:10:17]  ROUND 4/6
[20:10:17]  Pending (6): 154, 162, 165, 176, 182, 198
[20:10:17] ————————————————————————————————————————————————————————————
[20:10:17] 
[20:10:17] [Phase 1/5] agent_analyze → combo + design_probes
[20:10:17]   CMD [attempt 1/2]: C:\Users\Administrator\AppData\Local\hermes\hermes-agent\venv\Scripts\python.exe -X utf8 D:\download\BlastGame\hermes\tools\planner.py --levels 154,162,165,176,182,198 --output json
[20:12:17]   TIMEOUT (120s) attempt 1/2
[20:12:17]   Retrying in 5s...
[20:12:22]   CMD [attempt 2/2]: C:\Users\Administrator\AppData\Local\hermes\hermes-agent\venv\Scripts\python.exe -X utf8 D:\download\BlastGame\hermes\tools\planner.py --levels 154,162,165,176,182,198 --output json
[20:14:22]   TIMEOUT (120s) attempt 2/2
[20:14:22]   All retries exhausted — giving up
[20:14:22]   planner FAILED after retries
[20:14:22]   6 level(s) missing probes — running fallback design_probes...
[20:14:22]   CMD [attempt 1/2]: C:\Users\Administrator\AppData\Local\hermes\hermes-agent\venv\Scripts\python.exe -X utf8 D:\download\BlastGame\hermes\tools\design_probes.py 154 --write
[20:15:22]   TIMEOUT (60s) attempt 1/2
[20:15:22]   Retrying in 5s...
[20:15:27]   CMD [attempt 2/2]: C:\Users\Administrator\AppData\Local\hermes\hermes-agent\venv\Scripts\python.exe -X utf8 D:\download\BlastGame\hermes\tools\design_probes.py 154 --write
[20:16:27]   TIMEOUT (60s) attempt 2/2
[20:16:27]   All retries exhausted — giving up
[20:16:27]   L154: design_probes --write FAILED
[20:16:27]   CMD [attempt 1/2]: C:\Users\Administrator\AppData\Local\hermes\hermes-agent\venv\Scripts\python.exe -X utf8 D:\download\BlastGame\hermes\tools\design_probes.py 162 --write
[20:16:27]   L162: design_probes --write OK
[20:16:27]   CMD [attempt 1/2]: C:\Users\Administrator\AppData\Local\hermes\hermes-agent\venv\Scripts\python.exe -X utf8 D:\download\BlastGame\hermes\tools\design_probes.py 165 --write
[20:16:28]   L165: design_probes --write OK
[20:16:28]   CMD [attempt 1/2]: C:\Users\Administrator\AppData\Local\hermes\hermes-agent\venv\Scripts\python.exe -X utf8 D:\download\BlastGame\hermes\tools\design_probes.py 176 --write
[20:16:28]   L176: design_probes --write OK
[20:16:28]   CMD [attempt 1/2]: C:\Users\Administrator\AppData\Local\hermes\hermes-agent\venv\Scripts\python.exe -X utf8 D:\download\BlastGame\hermes\tools\design_probes.py 182 --write
[20:17:25]   L182: design_probes --write OK
[20:17:25]   CMD [attempt 1/2]: C:\Users\Administrator\AppData\Local\hermes\hermes-agent\venv\Scripts\python.exe -X utf8 D:\download\BlastGame\hermes\tools\design_probes.py 198 --write
[20:18:25]   TIMEOUT (60s) attempt 1/2
[20:18:25]   Retrying in 5s...
[20:18:30]   CMD [attempt 2/2]: C:\Users\Administrator\AppData\Local\hermes\hermes-agent\venv\Scripts\python.exe -X utf8 D:\download\BlastGame\hermes\tools\design_probes.py 198 --write
[20:19:30]   TIMEOUT (60s) attempt 2/2
[20:19:30]   All retries exhausted — giving up
[20:19:30]   L198: design_probes --write FAILED
[20:19:30]   CMD [attempt 1/2]: C:\Users\Administrator\AppData\Local\hermes\hermes-agent\venv\Scripts\python.exe -X utf8 D:\download\BlastGame\hermes\tools\planner.py --levels 176,182,165,162 --output json
[20:20:29]   L176: 0 probes, judge=不合格, combo quality=226.2
[20:20:29]   L176: 5/5 tiers configured
[20:20:29]   L182: 5 probes, judge=不合格, combo quality=61.6
[20:20:29]   L182: 5/5 tiers configured
[20:20:29]   L165: 0 probes, judge=不合格, combo quality=182.5
[20:20:29]   L165: 5/5 tiers configured
[20:20:29]   L162: 0 probes, judge=no_combo, combo quality=?
[20:20:29]   L162: 5/5 tiers configured
[20:20:29] [Phase 2/5] apply_probes → write asset
[20:20:29]   probe_configs.json updated: 4 levels
[20:20:29]   CMD [attempt 1/2]: C:\Users\Administrator\AppData\Local\hermes\hermes-agent\venv\Scripts\python.exe -X utf8 D:\download\BlastGame\hermes\tools\apply_probes.py 176,182,165,162
[20:20:29]   FAIL (exit=1) attempt 1/2
[20:20:29]   Retrying in 5s...
[20:20:34]   CMD [attempt 2/2]: C:\Users\Administrator\AppData\Local\hermes\hermes-agent\venv\Scripts\python.exe -X utf8 D:\download\BlastGame\hermes\tools\apply_probes.py 176,182,165,162
[20:20:35]   FAIL (exit=1) attempt 2/2
[20:20:35]   All retries exhausted — giving up
[20:20:35]   apply_probes FAILED
[20:20:35]   apply_probes failed — skipping this round
[20:20:35] 
[20:20:35] ————————————————————————————————————————————————————————————
[20:20:35]  ROUND 5/6
[20:20:35]  Pending (6): 154, 162, 165, 176, 182, 198
[20:20:35] ————————————————————————————————————————————————————————————
[20:20:35] 
[20:20:35] [Phase 1/5] agent_analyze → combo + design_probes
[20:20:35]   CMD [attempt 1/2]: C:\Users\Administrator\AppData\Local\hermes\hermes-agent\venv\Scripts\python.exe -X utf8 D:\download\BlastGame\hermes\tools\planner.py --levels 154,162,165,176,182,198 --output json
[20:22:35]   TIMEOUT (120s) attempt 1/2
[20:22:35]   Retrying in 5s...
[20:22:40]   CMD [attempt 2/2]: C:\Users\Administrator\AppData\Local\hermes\hermes-agent\venv\Scripts\python.exe -X utf8 D:\download\BlastGame\hermes\tools\planner.py --levels 154,162,165,176,182,198 --output json
[20:24:40]   TIMEOUT (120s) attempt 2/2
[20:24:40]   All retries exhausted — giving up
[20:24:40]   planner FAILED after retries
[20:24:40]   6 level(s) missing probes — running fallback design_probes...
[20:24:40]   CMD [attempt 1/2]: C:\Users\Administrator\AppData\Local\hermes\hermes-agent\venv\Scripts\python.exe -X utf8 D:\download\BlastGame\hermes\tools\design_probes.py 154 --write
[20:25:40]   TIMEOUT (60s) attempt 1/2
[20:25:40]   Retrying in 5s...
[20:25:45]   CMD [attempt 2/2]: C:\Users\Administrator\AppData\Local\hermes\hermes-agent\venv\Scripts\python.exe -X utf8 D:\download\BlastGame\hermes\tools\design_probes.py 154 --write
[20:26:45]   TIMEOUT (60s) attempt 2/2
[20:26:45]   All retries exhausted — giving up
[20:26:45]   L154: design_probes --write FAILED
[20:26:45]   CMD [attempt 1/2]: C:\Users\Administrator\AppData\Local\hermes\hermes-agent\venv\Scripts\python.exe -X utf8 D:\download\BlastGame\hermes\tools\design_probes.py 162 --write
[20:26:45]   L162: design_probes --write OK
[20:26:45]   CMD [attempt 1/2]: C:\Users\Administrator\AppData\Local\hermes\hermes-agent\venv\Scripts\python.exe -X utf8 D:\download\BlastGame\hermes\tools\design_probes.py 165 --write
[20:26:46]   L165: design_probes --write OK
[20:26:46]   CMD [attempt 1/2]: C:\Users\Administrator\AppData\Local\hermes\hermes-agent\venv\Scripts\python.exe -X utf8 D:\download\BlastGame\hermes\tools\design_probes.py 176 --write
[20:26:46]   L176: design_probes --write OK
[20:26:46]   CMD [attempt 1/2]: C:\Users\Administrator\AppData\Local\hermes\hermes-agent\venv\Scripts\python.exe -X utf8 D:\download\BlastGame\hermes\tools\design_probes.py 182 --write
[20:27:43]   L182: design_probes --write OK
[20:27:43]   CMD [attempt 1/2]: C:\Users\Administrator\AppData\Local\hermes\hermes-agent\venv\Scripts\python.exe -X utf8 D:\download\BlastGame\hermes\tools\design_probes.py 198 --write
[20:28:43]   TIMEOUT (60s) attempt 1/2
[20:28:43]   Retrying in 5s...
[20:28:48]   CMD [attempt 2/2]: C:\Users\Administrator\AppData\Local\hermes\hermes-agent\venv\Scripts\python.exe -X utf8 D:\download\BlastGame\hermes\tools\design_probes.py 198 --write
[20:29:48]   TIMEOUT (60s) attempt 2/2
[20:29:48]   All retries exhausted — giving up
[20:29:48]   L198: design_probes --write FAILED
[20:29:48]   CMD [attempt 1/2]: C:\Users\Administrator\AppData\Local\hermes\hermes-agent\venv\Scripts\python.exe -X utf8 D:\download\BlastGame\hermes\tools\planner.py --levels 176,182,165,162 --output json
[20:30:47]   L176: 0 probes, judge=不合格, combo quality=226.2
[20:30:47]   L176: 5/5 tiers configured
[20:30:47]   L182: 5 probes, judge=不合格, combo quality=61.6
[20:30:47]   L182: 5/5 tiers configured
[20:30:47]   L165: 0 probes, judge=不合格, combo quality=182.5
[20:30:47]   L165: 5/5 tiers configured
[20:30:47]   L162: 0 probes, judge=no_combo, combo quality=?
[20:30:47]   L162: 5/5 tiers configured
[20:30:47] [Phase 2/5] apply_probes → write asset
[20:30:47]   probe_configs.json updated: 4 levels
[20:30:47]   CMD [attempt 1/2]: C:\Users\Administrator\AppData\Local\hermes\hermes-agent\venv\Scripts\python.exe -X utf8 D:\download\BlastGame\hermes\tools\apply_probes.py 176,182,165,162
[20:30:47]   FAIL (exit=1) attempt 1/2
[20:30:47]   Retrying in 5s...
[20:30:52]   CMD [attempt 2/2]: C:\Users\Administrator\AppData\Local\hermes\hermes-agent\venv\Scripts\python.exe -X utf8 D:\download\BlastGame\hermes\tools\apply_probes.py 176,182,165,162
[20:30:52]   FAIL (exit=1) attempt 2/2
[20:30:52]   All retries exhausted — giving up
[20:30:52]   apply_probes FAILED
[20:30:52]   apply_probes failed — skipping this round
[20:30:52] 
[20:30:52] ————————————————————————————————————————————————————————————
[20:30:52]  ROUND 6/6
[20:30:52]  Pending (6): 154, 162, 165, 176, 182, 198
[20:30:52] ————————————————————————————————————————————————————————————
[20:30:52] 
[20:30:52] [Phase 1/5] agent_analyze → combo + design_probes
[20:30:52]   CMD [attempt 1/2]: C:\Users\Administrator\AppData\Local\hermes\hermes-agent\venv\Scripts\python.exe -X utf8 D:\download\BlastGame\hermes\tools\planner.py --levels 154,162,165,176,182,198 --output json
[20:32:52]   TIMEOUT (120s) attempt 1/2
[20:32:52]   Retrying in 5s...
[20:32:57]   CMD [attempt 2/2]: C:\Users\Administrator\AppData\Local\hermes\hermes-agent\venv\Scripts\python.exe -X utf8 D:\download\BlastGame\hermes\tools\planner.py --levels 154,162,165,176,182,198 --output json
[20:34:57]   TIMEOUT (120s) attempt 2/2
[20:34:57]   All retries exhausted — giving up
[20:34:57]   planner FAILED after retries
[20:34:57]   6 level(s) missing probes — running fallback design_probes...
[20:34:57]   CMD [attempt 1/2]: C:\Users\Administrator\AppData\Local\hermes\hermes-agent\venv\Scripts\python.exe -X utf8 D:\download\BlastGame\hermes\tools\design_probes.py 154 --write
[20:35:57]   TIMEOUT (60s) attempt 1/2
[20:35:57]   Retrying in 5s...
[20:36:02]   CMD [attempt 2/2]: C:\Users\Administrator\AppData\Local\hermes\hermes-agent\venv\Scripts\python.exe -X utf8 D:\download\BlastGame\hermes\tools\design_probes.py 154 --write
[20:37:02]   TIMEOUT (60s) attempt 2/2
[20:37:02]   All retries exhausted — giving up
[20:37:02]   L154: design_probes --write FAILED
[20:37:02]   CMD [attempt 1/2]: C:\Users\Administrator\AppData\Local\hermes\hermes-agent\venv\Scripts\python.exe -X utf8 D:\download\BlastGame\hermes\tools\design_probes.py 162 --write
[20:37:03]   L162: design_probes --write OK
[20:37:03]   CMD [attempt 1/2]: C:\Users\Administrator\AppData\Local\hermes\hermes-agent\venv\Scripts\python.exe -X utf8 D:\download\BlastGame\hermes\tools\design_probes.py 165 --write
[20:37:03]   L165: design_probes --write OK
[20:37:03]   CMD [attempt 1/2]: C:\Users\Administrator\AppData\Local\hermes\hermes-agent\venv\Scripts\python.exe -X utf8 D:\download\BlastGame\hermes\tools\design_probes.py 176 --write
[20:37:04]   L176: design_probes --write OK
[20:37:04]   CMD [attempt 1/2]: C:\Users\Administrator\AppData\Local\hermes\hermes-agent\venv\Scripts\python.exe -X utf8 D:\download\BlastGame\hermes\tools\design_probes.py 182 --write
[20:38:00]   L182: design_probes --write OK
[20:38:00]   CMD [attempt 1/2]: C:\Users\Administrator\AppData\Local\hermes\hermes-agent\venv\Scripts\python.exe -X utf8 D:\download\BlastGame\hermes\tools\design_probes.py 198 --write
[20:39:00]   TIMEOUT (60s) attempt 1/2
[20:39:00]   Retrying in 5s...
[20:39:05]   CMD [attempt 2/2]: C:\Users\Administrator\AppData\Local\hermes\hermes-agent\venv\Scripts\python.exe -X utf8 D:\download\BlastGame\hermes\tools\design_probes.py 198 --write
[20:40:05]   TIMEOUT (60s) attempt 2/2
[20:40:05]   All retries exhausted — giving up
[20:40:05]   L198: design_probes --write FAILED
[20:40:05]   CMD [attempt 1/2]: C:\Users\Administrator\AppData\Local\hermes\hermes-agent\venv\Scripts\python.exe -X utf8 D:\download\BlastGame\hermes\tools\planner.py --levels 176,182,165,162 --output json
[20:41:05]   L176: 0 probes, judge=不合格, combo quality=226.2
[20:41:05]   L176: 5/5 tiers configured
[20:41:05]   L182: 5 probes, judge=不合格, combo quality=61.6
[20:41:05]   L182: 5/5 tiers configured
[20:41:05]   L165: 0 probes, judge=不合格, combo quality=182.5
[20:41:05]   L165: 5/5 tiers configured
[20:41:05]   L162: 0 probes, judge=no_combo, combo quality=?
[20:41:05]   L162: 5/5 tiers configured
[20:41:05] [Phase 2/5] apply_probes → write asset
[20:41:05]   probe_configs.json updated: 4 levels
[20:41:05]   CMD [attempt 1/2]: C:\Users\Administrator\AppData\Local\hermes\hermes-agent\venv\Scripts\python.exe -X utf8 D:\download\BlastGame\hermes\tools\apply_probes.py 176,182,165,162
[20:41:05]   FAIL (exit=1) attempt 1/2
[20:41:05]   Retrying in 5s...
[20:41:10]   CMD [attempt 2/2]: C:\Users\Administrator\AppData\Local\hermes\hermes-agent\venv\Scripts\python.exe -X utf8 D:\download\BlastGame\hermes\tools\apply_probes.py 176,182,165,162
[20:41:10]   FAIL (exit=1) attempt 2/2
[20:41:10]   All retries exhausted — giving up
[20:41:10]   apply_probes FAILED
[20:41:10]   apply_probes failed — skipping this round
[20:41:10] 
[20:41:10] ============================================================
[20:41:10]  FINAL SUMMARY
[20:41:10] ============================================================
[20:41:10]  ✅ Passed (入库):  0 levels
[20:41:10]  ❌ Failed (改关卡): 0 levels
[20:41:10]  ⚠ Errors:           0 levels
[20:41:10]  🔄 Still pending:    6 levels
[20:41:10]     L154
[20:41:10]     L162
[20:41:10]     L165
[20:41:10]     L176
[20:41:10]     L182
[20:41:10]     L198
[20:41:10] 
[20:41:10]  Full log: D:\download\BlastGame\hermes\auto-log\20260804_193923.log
[20:41:10]  Curator: pattern analysis complete
