[19:04:25] ============================================================
[19:04:25]  auto_loop.py — 全自动调优编排器
[19:04:25] ============================================================
[19:04:25]  Log:        D:\download\BlastGame\hermes\auto-log\20260730_190425.log
[19:04:25]  Levels:     [136, 176, 178, 184]
[19:04:25]  Tiers:      [1, 2, 3, 4, 5]
[19:04:25]  Games/tier: 400
[19:04:25]  Strategy:   scoring_opt_vg
[19:04:25]  Max rounds: 6
[19:04:25]  Unity EXE:  C:\Program Files\Unity\Hub\Editor\6000.0.60f1\Editor\Unity.exe
[19:04:25]  Repo:       C:\Users\Administrator\Documents\BlastGame
[19:04:25] 
[19:04:25] 
[19:04:25] ————————————————————————————————————————————————————————————
[19:04:25]  ROUND 1/6
[19:04:25]  Pending (4): 136, 176, 178, 184
[19:04:25] ————————————————————————————————————————————————————————————
[19:04:25] 
[19:04:25] [Phase 1/5] agent_analyze → combo + design_probes
[19:04:25]   CMD [attempt 1/2]: C:\Users\Administrator\AppData\Local\hermes\hermes-agent\venv\Scripts\python.exe -X utf8 D:\download\BlastGame\hermes\tools\agent_analyze.py --levels 136,176,178,184 --filter-verified --output json
[19:04:26]   L136: 5 probes, combo quality=60.8
[19:04:26]   L136: 5/5 tiers configured
[19:04:26]   L176: 5 probes, combo quality=44.0
[19:04:26]   L176: 5/5 tiers configured
[19:04:26]   L178: 5 probes, combo quality=58.2
[19:04:26]   L178: 5/5 tiers configured
[19:04:26]   L184: 5 probes, combo quality=24.7
[19:04:26]   L184: 5/5 tiers configured
[19:04:26] [Phase 2/5] apply_probes → write asset
[19:04:26]   probe_configs.json updated: 4 levels
[19:04:26]   CMD [attempt 1/2]: C:\Users\Administrator\AppData\Local\hermes\hermes-agent\venv\Scripts\python.exe -X utf8 D:\download\BlastGame\hermes\tools\apply_probes.py 136,176,178,184
[19:04:26]     L136: ✅ 写入成功
[19:04:26]     L176: ✅ 写入成功
[19:04:26]     L178: ✅ 写入成功
[19:04:26]     L184: ✅ 写入成功
[19:04:26]     ✅ 全部完成
[19:04:26] [Phase 3/5] submit_batch_unity → Unity bot batch
[19:04:26]   Submitting Unity batch: 4 levels × 5 tiers, timeout=7200s (120min)
[19:04:26]   CMD [attempt 1/2]: C:\Users\Administrator\AppData\Local\hermes\hermes-agent\venv\Scripts\python.exe -X utf8 D:\download\BlastGame\hermes\scripts\submit_batch_unity.py 136,176,178,184 --tiers 1,2,3,4,5 --games 400 --strategy scoring_opt_vg --yes
[19:43:44]   Unity batch completed
[19:43:44]     === DONE ===
[19:43:44] [Phase 4/5] dump_level_pools → refresh stage-data
[19:43:44]   CMD [attempt 1/2]: C:\Users\Administrator\AppData\Local\hermes\hermes-agent\venv\Scripts\python.exe -X utf8 D:\download\BlastGame\hermes\tools\dump_level_pools.py
[19:43:47]     可靠池覆盖分布:
[19:43:47]     ✅ D:\download\BlastGame\hermes\stage-data\_summary.json
[19:43:47]     总计: 150 关, 1327 条可靠, 1827 条参考
[19:43:47]     ✅ 完成！stage-data 已更新。
[19:43:47] [Phase 5/5] judge_level → review & verdict
[19:43:48]   🔄 L136 [normal] r2/6: 不合格 — 下一轮(2/6) — 93.1% → 93.1% → 78.0% → 66.4% → 66.4%
[19:43:48]     • T3→T5 gap=11.6<15pp
[19:43:48]   🔄 L176 [normal] r2/6: 不合格 — 下一轮(2/6) — 83.8% → 83.8% → 72.2% → 59.0% → 59.0%
[19:43:48]     • T1→T3 gap=11.5<15pp
[19:43:48]     • T3→T5 gap=13.2<15pp
[19:43:48]   🔄 L178 [superhard] r2/6: 不合格 — 下一轮(2/6) — 71.2% → 45.2% → 36.0% → 27.8% → 17.8%
[19:43:48]     • T2-T3 gap=9.2<10pp
[19:43:48]     • T3-T4 gap=8.2<10pp
[19:43:48]   ✅ L184 [normal] r1/6: 合格 — 入库 — 90.2% → 90.2% → 74.5% → 42.2% → 42.2%
[19:43:48]   ✅ L184 PASSED → 已入库 (round 1)
[19:43:48]   Round 1 done: 1 passed, 3 pending, 0 failed
[19:43:48] 
[19:43:48] ————————————————————————————————————————————————————————————
[19:43:48]  ROUND 2/6
[19:43:48]  Pending (3): 136, 176, 178
[19:43:48] ————————————————————————————————————————————————————————————
[19:43:48] 
[19:43:48] [Phase 1/5] agent_analyze → combo + design_probes
[19:43:48]   CMD [attempt 1/2]: C:\Users\Administrator\AppData\Local\hermes\hermes-agent\venv\Scripts\python.exe -X utf8 D:\download\BlastGame\hermes\tools\agent_analyze.py --levels 136,176,178 --filter-verified --output json
[19:43:49]   L136: 5 probes, combo quality=60.7
[19:43:49]   L136: 5/5 tiers configured
[19:43:49]   L176: 5 probes, combo quality=43.8
[19:43:49]   L176: 5/5 tiers configured
[19:43:49]   L178: 5 probes, combo quality=35.5
[19:43:49]   L178: 5/5 tiers configured
[19:43:49] [Phase 2/5] apply_probes → write asset
[19:43:49]   probe_configs.json updated: 3 levels
[19:43:49]   CMD [attempt 1/2]: C:\Users\Administrator\AppData\Local\hermes\hermes-agent\venv\Scripts\python.exe -X utf8 D:\download\BlastGame\hermes\tools\apply_probes.py 136,176,178
[19:43:49]     L136: ✅ 写入成功
[19:43:49]     L176: ✅ 写入成功
[19:43:49]     L178: ✅ 写入成功
[19:43:49]     ✅ 全部完成
[19:43:49] [Phase 3/5] submit_batch_unity → Unity bot batch
[19:43:49]   Submitting Unity batch: 3 levels × 5 tiers, timeout=7200s (120min)
[19:43:49]   CMD [attempt 1/2]: C:\Users\Administrator\AppData\Local\hermes\hermes-agent\venv\Scripts\python.exe -X utf8 D:\download\BlastGame\hermes\scripts\submit_batch_unity.py 136,176,178 --tiers 1,2,3,4,5 --games 400 --strategy scoring_opt_vg --yes
[20:08:14]   Unity batch completed
[20:08:14]     === DONE ===
[20:08:14] [Phase 4/5] dump_level_pools → refresh stage-data
[20:08:14]   CMD [attempt 1/2]: C:\Users\Administrator\AppData\Local\hermes\hermes-agent\venv\Scripts\python.exe -X utf8 D:\download\BlastGame\hermes\tools\dump_level_pools.py
[20:08:16]     可靠池覆盖分布:
[20:08:16]     ✅ D:\download\BlastGame\hermes\stage-data\_summary.json
[20:08:16]     总计: 150 关, 1332 条可靠, 1824 条参考
[20:08:16]     ✅ 完成！stage-data 已更新。
[20:08:16] [Phase 5/5] judge_level → review & verdict
[20:08:16]   🔄 L136 [normal] r3/6: 不合格 — 下一轮(3/6) — 93.1% → 93.1% → 78.0% → 66.4% → 66.4%
[20:08:16]     • T3→T5 gap=11.6<15pp
[20:08:16]   🔄 L176 [normal] r3/6: 不合格 — 下一轮(3/6) — 83.8% → 83.8% → 72.2% → 59.0% → 59.0%
[20:08:16]     • T1→T3 gap=11.5<15pp
[20:08:16]     • T3→T5 gap=13.2<15pp
[20:08:16]   ✅ L178 [superhard] r2/6: 合格 — 入库 — 71.2% → 59.2% → 43.0% → 29.5% → 17.8%
[20:08:16]   ✅ L178 PASSED → 已入库 (round 2)
[20:08:16]   Round 2 done: 2 passed, 2 pending, 0 failed
[20:08:16] 
[20:08:16] ————————————————————————————————————————————————————————————
[20:08:16]  ROUND 3/6
[20:08:16]  Pending (2): 136, 176
[20:08:16] ————————————————————————————————————————————————————————————
[20:08:16] 
[20:08:16] [Phase 1/5] agent_analyze → combo + design_probes
[20:08:16]   CMD [attempt 1/2]: C:\Users\Administrator\AppData\Local\hermes\hermes-agent\venv\Scripts\python.exe -X utf8 D:\download\BlastGame\hermes\tools\agent_analyze.py --levels 136,176 --filter-verified --output json
[20:08:17]   L136: 5 probes, combo quality=60.7
[20:08:17]   L136: 5/5 tiers configured
[20:08:17]   L176: 5 probes, combo quality=43.8
[20:08:17]   L176: 5/5 tiers configured
[20:08:17] [Phase 2/5] apply_probes → write asset
[20:08:17]   probe_configs.json updated: 2 levels
[20:08:17]   CMD [attempt 1/2]: C:\Users\Administrator\AppData\Local\hermes\hermes-agent\venv\Scripts\python.exe -X utf8 D:\download\BlastGame\hermes\tools\apply_probes.py 136,176
[20:08:17]     L136: ✅ 写入成功
[20:08:17]     L176: ✅ 写入成功
[20:08:17]     ✅ 全部完成
[20:08:17] [Phase 3/5] submit_batch_unity → Unity bot batch
[20:08:17]   Submitting Unity batch: 2 levels × 5 tiers, timeout=7200s (120min)
[20:08:17]   CMD [attempt 1/2]: C:\Users\Administrator\AppData\Local\hermes\hermes-agent\venv\Scripts\python.exe -X utf8 D:\download\BlastGame\hermes\scripts\submit_batch_unity.py 136,176 --tiers 1,2,3,4,5 --games 400 --strategy scoring_opt_vg --yes
[20:23:45]   Unity batch completed
[20:23:45]     === DONE ===
[20:23:45] [Phase 4/5] dump_level_pools → refresh stage-data
[20:23:45]   CMD [attempt 1/2]: C:\Users\Administrator\AppData\Local\hermes\hermes-agent\venv\Scripts\python.exe -X utf8 D:\download\BlastGame\hermes\tools\dump_level_pools.py
[20:23:47]     可靠池覆盖分布:
[20:23:47]     ✅ D:\download\BlastGame\hermes\stage-data\_summary.json
[20:23:47]     总计: 150 关, 1334 条可靠, 1823 条参考
[20:23:47]     ✅ 完成！stage-data 已更新。
[20:23:47] [Phase 5/5] judge_level → review & verdict
[20:23:47]   🔄 L136 [normal] r4/6: 不合格 — 下一轮(4/6) — 97.0% → 97.0% → 83.5% → 67.5% → 67.5%
[20:23:47]     • T1→T3 gap=13.5<15pp
[20:23:48]   🔄 L176 [normal] r4/6: 不合格 — 下一轮(4/6) — 83.8% → 83.8% → 72.2% → 59.0% → 59.0%
[20:23:48]     • T1→T3 gap=11.5<15pp
[20:23:48]     • T3→T5 gap=13.2<15pp
[20:23:48]   Round 3 done: 2 passed, 2 pending, 0 failed
[20:23:48] 
[20:23:48] ————————————————————————————————————————————————————————————
[20:23:48]  ROUND 4/6
[20:23:48]  Pending (2): 136, 176
[20:23:48] ————————————————————————————————————————————————————————————
[20:23:48] 
[20:23:48] [Phase 1/5] agent_analyze → combo + design_probes
[20:23:48]   CMD [attempt 1/2]: C:\Users\Administrator\AppData\Local\hermes\hermes-agent\venv\Scripts\python.exe -X utf8 D:\download\BlastGame\hermes\tools\agent_analyze.py --levels 136,176 --filter-verified --output json
[20:23:48]   L136: 5 probes, combo quality=55.5
[20:23:48]   L136: 5/5 tiers configured
[20:23:48]   L176: 5 probes, combo quality=43.8
[20:23:48]   L176: 5/5 tiers configured
[20:23:48] [Phase 2/5] apply_probes → write asset
[20:23:48]   probe_configs.json updated: 2 levels
[20:23:48]   CMD [attempt 1/2]: C:\Users\Administrator\AppData\Local\hermes\hermes-agent\venv\Scripts\python.exe -X utf8 D:\download\BlastGame\hermes\tools\apply_probes.py 136,176
[20:23:48]     L136: ✅ 写入成功
[20:23:48]     L176: ✅ 写入成功
[20:23:48]     ✅ 全部完成
[20:23:48] [Phase 3/5] submit_batch_unity → Unity bot batch
[20:23:48]   Submitting Unity batch: 2 levels × 5 tiers, timeout=7200s (120min)
[20:23:48]   CMD [attempt 1/2]: C:\Users\Administrator\AppData\Local\hermes\hermes-agent\venv\Scripts\python.exe -X utf8 D:\download\BlastGame\hermes\scripts\submit_batch_unity.py 136,176 --tiers 1,2,3,4,5 --games 400 --strategy scoring_opt_vg --yes
[20:38:49]   Unity batch completed
[20:38:49]     === DONE ===
[20:38:49] [Phase 4/5] dump_level_pools → refresh stage-data
[20:38:49]   CMD [attempt 1/2]: C:\Users\Administrator\AppData\Local\hermes\hermes-agent\venv\Scripts\python.exe -X utf8 D:\download\BlastGame\hermes\tools\dump_level_pools.py
[20:38:51]     可靠池覆盖分布:
[20:38:51]     ✅ D:\download\BlastGame\hermes\stage-data\_summary.json
[20:38:51]     总计: 150 关, 1334 条可靠, 1823 条参考
[20:38:51]     ✅ 完成！stage-data 已更新。
[20:38:51] [Phase 5/5] judge_level → review & verdict
[20:38:51]   🔄 L136 [normal] r5/6: 不合格 — 下一轮(5/6) — 97.0% → 97.0% → 79.8% → 67.2% → 67.2%
[20:38:51]     • T3→T5 gap=12.5<15pp
[20:38:52]   🔄 L176 [normal] r5/6: 不合格 — 下一轮(5/6) — 84.2% → 84.2% → 72.2% → 60.0% → 60.0%
[20:38:52]     • T1→T3 gap=12.0<15pp
[20:38:52]     • T3→T5 gap=12.2<15pp
[20:38:52]   Round 4 done: 2 passed, 2 pending, 0 failed
[20:38:52] 
[20:38:52] ————————————————————————————————————————————————————————————
[20:38:52]  ROUND 5/6
[20:38:52]  Pending (2): 136, 176
[20:38:52] ————————————————————————————————————————————————————————————
[20:38:52] 
[20:38:52] [Phase 1/5] agent_analyze → combo + design_probes
[20:38:52]   CMD [attempt 1/2]: C:\Users\Administrator\AppData\Local\hermes\hermes-agent\venv\Scripts\python.exe -X utf8 D:\download\BlastGame\hermes\tools\agent_analyze.py --levels 136,176 --filter-verified --output json
[20:38:52]   L136: 5 probes, combo quality=56.5
[20:38:52]   L136: 5/5 tiers configured
[20:38:52]   L176: 5 probes, combo quality=46.8
[20:38:52]   L176: 5/5 tiers configured
[20:38:52] [Phase 2/5] apply_probes → write asset
[20:38:52]   probe_configs.json updated: 2 levels
[20:38:52]   CMD [attempt 1/2]: C:\Users\Administrator\AppData\Local\hermes\hermes-agent\venv\Scripts\python.exe -X utf8 D:\download\BlastGame\hermes\tools\apply_probes.py 136,176
[20:38:52]     L136: ✅ 写入成功
[20:38:52]     L176: ✅ 写入成功
[20:38:52]     ✅ 全部完成
[20:38:52] [Phase 3/5] submit_batch_unity → Unity bot batch
[20:38:52]   Submitting Unity batch: 2 levels × 5 tiers, timeout=7200s (120min)
[20:38:52]   CMD [attempt 1/2]: C:\Users\Administrator\AppData\Local\hermes\hermes-agent\venv\Scripts\python.exe -X utf8 D:\download\BlastGame\hermes\scripts\submit_batch_unity.py 136,176 --tiers 1,2,3,4,5 --games 400 --strategy scoring_opt_vg --yes
[20:53:59]   Unity batch completed
[20:53:59]     === DONE ===
[20:53:59] [Phase 4/5] dump_level_pools → refresh stage-data
[20:53:59]   CMD [attempt 1/2]: C:\Users\Administrator\AppData\Local\hermes\hermes-agent\venv\Scripts\python.exe -X utf8 D:\download\BlastGame\hermes\tools\dump_level_pools.py
[20:54:01]     可靠池覆盖分布:
[20:54:01]     ✅ D:\download\BlastGame\hermes\stage-data\_summary.json
[20:54:01]     总计: 150 关, 1334 条可靠, 1823 条参考
[20:54:01]     ✅ 完成！stage-data 已更新。
[20:54:01] [Phase 5/5] judge_level → review & verdict
[20:54:02]   🔄 L136 [normal] r5/6: 不合格 — 改关卡 — 96.8% → 96.8% → 79.8% → 67.0% → 67.0%
[20:54:02]     • T3→T5 gap=12.8<15pp
[20:54:02]   🔄 L176 [normal] r5/6: 不合格 — 改关卡 — 84.2% → 84.2% → 72.2% → 60.0% → 60.0%
[20:54:02]     • T1→T3 gap=12.0<15pp
[20:54:02]     • T3→T5 gap=12.2<15pp
[20:54:02]   Round 5 done: 2 passed, 2 pending, 0 failed
[20:54:02] 
[20:54:02] ————————————————————————————————————————————————————————————
[20:54:02]  ROUND 6/6
[20:54:02]  Pending (2): 136, 176
[20:54:02] ————————————————————————————————————————————————————————————
[20:54:02] 
[20:54:02] [Phase 1/5] agent_analyze → combo + design_probes
[20:54:02]   CMD [attempt 1/2]: C:\Users\Administrator\AppData\Local\hermes\hermes-agent\venv\Scripts\python.exe -X utf8 D:\download\BlastGame\hermes\tools\agent_analyze.py --levels 136,176 --filter-verified --output json
[20:54:02]   L136: 5 probes, combo quality=54.8
[20:54:02]   L136: 5/5 tiers configured
[20:54:02]   L176: 5 probes, combo quality=46.8
[20:54:02]   L176: 5/5 tiers configured
[20:54:02] [Phase 2/5] apply_probes → write asset
[20:54:02]   probe_configs.json updated: 2 levels
[20:54:02]   CMD [attempt 1/2]: C:\Users\Administrator\AppData\Local\hermes\hermes-agent\venv\Scripts\python.exe -X utf8 D:\download\BlastGame\hermes\tools\apply_probes.py 136,176
[20:54:02]     L136: ✅ 写入成功
[20:54:02]     L176: ✅ 写入成功
[20:54:02]     ✅ 全部完成
[20:54:02] [Phase 3/5] submit_batch_unity → Unity bot batch
[20:54:02]   Submitting Unity batch: 2 levels × 5 tiers, timeout=7200s (120min)
[20:54:02]   CMD [attempt 1/2]: C:\Users\Administrator\AppData\Local\hermes\hermes-agent\venv\Scripts\python.exe -X utf8 D:\download\BlastGame\hermes\scripts\submit_batch_unity.py 136,176 --tiers 1,2,3,4,5 --games 400 --strategy scoring_opt_vg --yes
[21:09:10]   Unity batch completed
[21:09:10]     === DONE ===
[21:09:10] [Phase 4/5] dump_level_pools → refresh stage-data
[21:09:10]   CMD [attempt 1/2]: C:\Users\Administrator\AppData\Local\hermes\hermes-agent\venv\Scripts\python.exe -X utf8 D:\download\BlastGame\hermes\tools\dump_level_pools.py
[21:09:12]     可靠池覆盖分布:
[21:09:12]     ✅ D:\download\BlastGame\hermes\stage-data\_summary.json
[21:09:12]     总计: 150 关, 1334 条可靠, 1823 条参考
[21:09:12]     ✅ 完成！stage-data 已更新。
[21:09:12] [Phase 5/5] judge_level → review & verdict
[21:09:12]   🔄 L136 [normal] r6/6: 不合格 — 改关卡 — 97.0% → 97.0% → 79.2% → 66.8% → 66.8%
[21:09:12]     • T3→T5 gap=12.5<15pp
[21:09:13]   🔄 L176 [normal] r6/6: 不合格 — 改关卡 — 84.2% → 84.2% → 72.2% → 60.0% → 60.0%
[21:09:13]     • T1→T3 gap=12.0<15pp
[21:09:13]     • T3→T5 gap=12.2<15pp
[21:09:13]   ❌ L136 MAX ROUNDS (6) → 改关卡标记
[21:09:13]   ❌ L176 MAX ROUNDS (6) → 改关卡标记
[21:09:13]   Round 6 done: 2 passed, 0 pending, 2 failed
[21:09:13] 
[21:09:13] ============================================================
[21:09:13]  FINAL SUMMARY
[21:09:13] ============================================================
[21:09:13]  ✅ Passed (入库):  2 levels
[21:09:13]     L178 [superhard] r2  71.2% → 59.2% → 43.0% → 29.5% → 17.8%
[21:09:13]     L184 [normal] r1  90.2% → 90.2% → 74.5% → 42.2% → 42.2%
[21:09:13]  ❌ Failed (改关卡): 2 levels
[21:09:13]     L136 [normal] r6 — 97.0% → 97.0% → 79.2% → 66.8% → 66.8%
[21:09:13]         T3→T5 gap=12.5<15pp
[21:09:13]     L176 [normal] r6 — 84.2% → 84.2% → 72.2% → 60.0% → 60.0%
[21:09:13]         T1→T3 gap=12.0<15pp; T3→T5 gap=12.2<15pp
[21:09:13]  ⚠ Errors:           0 levels
[21:09:13]  🔄 Still pending:    0 levels
[21:09:13] 
[21:09:13]  Full log: D:\download\BlastGame\hermes\auto-log\20260730_190425.log
