[23:21:19] ============================================================
[23:21:19]  auto_loop.py — 全自动调优编排器
[23:21:19] ============================================================
[23:21:19]  Log:        D:\download\BlastGame\hermes\auto-log\20260805_232119.log
[23:21:19]  Levels:     [154, 165, 182, 198]
[23:21:19]  Tiers:      [1, 2, 3, 4, 5]
[23:21:19]  Games/tier: 400
[23:21:19]  Strategy:   scoring_opt_vg
[23:21:19]  Max rounds: 6
[23:21:19]  Unity EXE:  C:\Program Files\Unity\Hub\Editor\6000.0.60f1\Editor\Unity.exe
[23:21:19]  Repo:       C:\Users\Administrator\Documents\BlastGame
[23:21:19] 
[23:21:19] [Auto-recovery] 检查 Unity 进程...
[23:21:19]   无 Unity 进程
[23:21:19] 
[23:21:19] ————————————————————————————————————————————————————————————
[23:21:19]  ROUND 1/6
[23:21:19]  Pending (4): 154, 165, 182, 198
[23:21:19] ————————————————————————————————————————————————————————————
[23:21:19] 
[23:21:19] [Phase 1/5] agent_analyze → combo + design_probes
[23:21:19]   CMD [attempt 1/2]: C:\Users\Administrator\AppData\Local\hermes\hermes-agent\venv\Scripts\python.exe -X utf8 D:\download\BlastGame\hermes\tools\planner.py --levels 154,165,182,198 --output json
[23:30:39]   L154: 5 probes, judge=接近, combo quality=47.9
[23:30:39]   L154: 5/5 tiers configured
[23:30:39]   L165: 5 probes, judge=不合格, combo quality=57.3
[23:30:39]   L165: 5/5 tiers configured
[23:30:39]   L182: 5 probes, judge=不合格, combo quality=177.0
[23:30:39]   L182: 5/5 tiers configured
[23:30:39]   L198: 5 probes, judge=不合格, combo quality=104.4
[23:30:39]   L198: 5/5 tiers configured
[23:30:39] [Phase 2/5] apply_probes → write asset
[23:30:39]   probe_configs.json updated: 4 levels
[23:30:39]   CMD [attempt 1/2]: C:\Users\Administrator\AppData\Local\hermes\hermes-agent\venv\Scripts\python.exe -X utf8 D:\download\BlastGame\hermes\tools\apply_probes.py 154,165,182,198
[23:30:39]     L154: ✅ Warden 通过 (sd跨度/5槽/ratios多样性)
[23:30:39]     L154: ✅ 写入成功
[23:30:39]     L165: ✅ Warden 通过 (sd跨度/5槽/ratios多样性)
[23:30:39]     L165: ✅ 写入成功
[23:30:39]     L182: ✅ Warden 通过 (sd跨度/5槽/ratios多样性)
[23:30:39]     L182: ✅ 写入成功
[23:30:39]     L198: ✅ Warden 通过 (sd跨度/5槽/ratios多样性)
[23:30:39]     L198: ✅ 写入成功
[23:30:39]     ✅ 全部完成
[23:30:39] [Preflight] asset & config check...
[23:30:39]   ✅ Preflight passed
[23:30:39] [Warden] pre-batch check...
[23:30:40]   ✅ Warden passed
[23:30:40] [Phase 3/5] submit_batch_unity → Unity bot batch
[23:30:40]   adaptive_stop=ON (round 1/6)
[23:30:40]   Submitting Unity batch: 4 levels × 5 tiers, timeout=7200s (120min)
[23:30:40]   CMD [attempt 1/2]: C:\Users\Administrator\AppData\Local\hermes\hermes-agent\venv\Scripts\python.exe -X utf8 D:\download\BlastGame\hermes\scripts\submit_batch_unity.py 154,165,182,198 --tiers 1,2,3,4,5 --games 400 --strategy scoring_opt_vg --yes --skip-agent-pipeline --adaptive-stop
[23:30:51]   Unity batch completed
[23:30:51]     === DONE ===
[23:30:51] [Phase 4/5] dump_level_pools → refresh stage-data
[23:30:51]   CMD [attempt 1/2]: C:\Users\Administrator\AppData\Local\hermes\hermes-agent\venv\Scripts\python.exe -X utf8 D:\download\BlastGame\hermes\tools\dump_level_pools.py
[23:30:55]     可靠池覆盖分布:
[23:30:55]     ✅ D:\download\BlastGame\hermes\stage-data\_summary.json
[23:30:55]     总计: 150 关, 2075 条可靠, 2234 条参考
[23:30:55]     ✅ 完成！stage-data 已更新。
[23:30:55] [Phase 5/5] judge_level → review & verdict
[23:30:55]   🔄 L154 [superhard] r5/6: 不合格 — 改关卡 — 42.6% → 31.2% → 22.1% → 14.3% → 5.0%
[23:30:55]     • T1→T2 gap=11.3<15pp (接近)
[23:30:55]     • T2→T3 gap=9.1<15pp (接近)
[23:30:55]     • T3→T4 gap=7.9<10pp (接近)
[23:30:55]   🔄 L165 [normal] r5/6: 不合格 — 改关卡 — 76.2% → 76.2% → 54.8% → 42.8% → 42.8%
[23:30:55]     • 硬性违规: Normal T3=54.8<60%
[23:30:55]     • T3→T5 gap=11.9<15pp (接近)
[23:30:56]   🔄 L182 [normal] r5/6: 不合格 — 改关卡 — 66.5% → 66.5% → 52.8% → 39.5% → 39.5%
[23:30:56]     • 硬性违规: Normal T3=52.8<60%
[23:30:56]     • T1→T3 gap=13.8<20pp (接近)
[23:30:56]     • 硬性违规: 目标偏差超标 — T1=66.5% 离目标85%偏差18.5pp>15.0pp; T2=66.5% 离目标85%偏差18.5pp>15.0pp
[23:30:56]   🔄 L198 [normal] r5/6: 不合格 — 改关卡 — 75.3% → 75.3% → 56.7% → 33.1% → 33.1%
[23:30:56]     • 硬性违规: Normal T3=56.7<60%
[23:30:56]     • 硬性违规: 目标偏差超标 — T4=33.1% 离目标50%偏差16.9pp>15.0pp; T5=33.1% 离目标50%偏差16.9pp>15.0pp
[23:30:56]   Round 1 done: 0 passed, 4 pending, 0 failed
[23:30:56] 
[23:30:56] ————————————————————————————————————————————————————————————
[23:30:56]  ROUND 2/6
[23:30:56]  Pending (4): 154, 165, 182, 198
[23:30:56] ————————————————————————————————————————————————————————————
[23:30:56] 
[23:30:56] [Phase 1/5] agent_analyze → combo + design_probes
[23:30:56]   CMD [attempt 1/2]: C:\Users\Administrator\AppData\Local\hermes\hermes-agent\venv\Scripts\python.exe -X utf8 D:\download\BlastGame\hermes\tools\planner.py --levels 154,165,182,198 --output json
