[16:47:03] ============================================================
[16:47:03]  auto_loop.py — 全自动调优编排器
[16:47:03] ============================================================
[16:47:03]  Log:        D:\download\BlastGame\hermes\auto-log\20260808_164703.log
[16:47:03]  Levels:     [85, 119, 120]
[16:47:03]  Tiers:      [1, 2, 3, 4, 5]
[16:47:03]  Games/tier: 400
[16:47:03]  Strategy:   scoring_opt_vg
[16:47:03]  Max rounds: 6
[16:47:03]  Unity EXE:  C:\Program Files\Unity\Hub\Editor\6000.0.60f1\Editor\Unity.exe
[16:47:03]  Repo:       C:\Users\Administrator\Documents\BlastGame
[16:47:03] 
[16:47:03] [Auto-recovery] 检查 Unity 进程...
[16:47:03]   无 Unity 进程
[16:47:03] 
[16:47:03] ————————————————————————————————————————————————————————————
[16:47:03]  ROUND 1/6
[16:47:03]  Pending (3): 85, 119, 120
[16:47:03] ————————————————————————————————————————————————————————————
[16:47:03] 
[16:47:03] [Phase 1/5] agent_analyze → combo + design_probes
[16:47:03]   CMD [attempt 1/2]: D:\software\Python 3.13.2\python.exe -X utf8 D:\download\BlastGame\hermes\tools\planner.py --levels 85,119,120 --output json
[16:47:05]   L85: 5 probes, judge=不合格, combo quality=282.2
[16:47:05]   L85: 5/5 tiers configured
[16:47:05]   L119: 5 probes, judge=不合格, combo quality=454.5
[16:47:05]   L119: 5/5 tiers configured
[16:47:05]   L120: 5 probes, judge=no_combo, combo quality=?
[16:47:05]   L120: 5/5 tiers configured
[16:47:05] [Phase 2/5] apply_probes → write asset
[16:47:05]   probe_configs.json updated: 3 levels
[16:47:05]   CMD [attempt 1/2]: D:\software\Python 3.13.2\python.exe -X utf8 D:\download\BlastGame\hermes\tools\apply_probes.py 85,119,120
[16:47:05]     L85: ✅ Warden 通过 (5槽完整)
[16:47:05]     L85: ✅ 写入成功
[16:47:05]     L119: ✅ Warden 通过 (5槽完整)
[16:47:05]     L119: ✅ 写入成功
[16:47:05]     L120: ✅ Warden 通过 (5槽完整)
[16:47:05]     L120: ✅ 写入成功
[16:47:05]     ✅ 全部完成
[16:47:05] [Preflight] asset & config check...
[16:47:05]   ✅ Preflight passed
[16:47:05] [Warden] pre-batch check...
[16:47:06]   ✅ Warden passed
[16:47:06] [Phase 3/5] submit_batch_unity → Unity bot batch
[16:47:06]   adaptive_stop=ON (round 1/6)
[16:47:06]   Submitting Unity batch: 3 levels × 5 tiers, timeout=7200s (120min)
[16:47:06]   CMD [attempt 1/2]: D:\software\Python 3.13.2\python.exe -X utf8 D:\download\BlastGame\hermes\scripts\submit_batch_unity.py 85,119,120 --tiers 1,2,3,4,5 --games 400 --strategy scoring_opt_vg --yes --skip-agent-pipeline --adaptive-stop
[17:25:07]   Unity batch completed
[17:25:07]     === DONE ===
[17:25:07] [Phase 4/5] dump_level_pools → refresh stage-data
[17:25:07]   CMD [attempt 1/2]: D:\software\Python 3.13.2\python.exe -X utf8 D:\download\BlastGame\hermes\tools\dump_level_pools.py
[17:25:11]     可靠池覆盖分布:
[17:25:11]     ✅ D:\download\BlastGame\hermes\stage-data\_summary.json
[17:25:11]     总计: 150 关, 2507 条可靠, 2266 条参考
[17:25:11]     ✅ 完成！stage-data 已更新。
[17:25:11] [Phase 5/5] judge_level → review & verdict
[17:25:11]   🔄 L85 [normal] r1/6: 不合格 — 下一轮(1/6) — 72.5% → 72.5% → 61.8% → 44.8% → 44.8%
[17:25:11]     • T1→T3 gap=10.7<15.0pp (接近)
[17:25:11]     • 硬性违规: 目标偏差超标 — T1=72.5% 离目标90.0%偏差17.5pp>15.0pp; T2=72.5% 离目标90.0%偏差17.5pp>15.0pp; T4=44.8% 离目标60.0%偏差15.2pp>15.0pp; T5=44.8% 离目标60.0%偏差15.2pp>15.0pp
[17:25:11]   🔄 L119 [normal] r2/6: 不合格 — 下一轮(2/6) — 61.8% → 61.8% → 54.2% → 50.2% → 50.2%
[17:25:11]     • 硬性违规: Normal T3=54.2<60%
[17:25:11]     • T1→T3 gap=7.6<14pp
[17:25:11]     • T3→T5 gap=4.0<10pp
[17:25:11]   ❓ L120 [normal] r1/6: 接近 — 入库(接近) — 88.3% → 88.3% → 60.8% → 49.0% → 49.0%
[17:25:11]     • T3→T5 gap=11.8<15pp (接近)
[17:25:11]   ✅ L120 PASSED → 入库(接近) (round 1)
[17:25:11]     ⏳ L120 合格待确认入库（未落盘）: WR=['88.3%', '88.3%', '60.8%', '49.0%', '49.0%']
[17:25:11]     ⏳   配置: sd31/3/1,1,4/of0.11 | sd31/3/1,1,4/of0.11 | sd34/3/1,1,4/of0.14 | sd10/5/1,10,10,10,1/of0.5 | sd10/5/1,10,10,10,1/of0.5
[17:25:11]     ⏳   难度=normal 目标=[85.0, 85.0, 65.0, 50.0, 50.0]
[17:25:11]     ⏳   确认后由主 agent 用 reimport.py 落盘 asset/Excel/board
[17:25:11]   Round 1 done: 1 passed, 2 pending, 0 failed
[17:25:11] 
[17:25:11] ————————————————————————————————————————————————————————————
[17:25:11]  ROUND 2/6
[17:25:11]  Pending (2): 85, 119
[17:25:11] ————————————————————————————————————————————————————————————
[17:25:11] 
[17:25:11] [Phase 1/5] agent_analyze → combo + design_probes
[17:25:11]   CMD [attempt 1/2]: D:\software\Python 3.13.2\python.exe -X utf8 D:\download\BlastGame\hermes\tools\planner.py --levels 85,119 --output json
[17:25:14]   L85: 5 probes, judge=不合格, combo quality=184.1
[17:25:14]   L85: 5/5 tiers configured
[17:25:14]   L119: 5 probes, judge=不合格, combo quality=454.5
[17:25:14]   L119: 5/5 tiers configured
[17:25:14] [Phase 2/5] apply_probes → write asset
[17:25:14]   probe_configs.json updated: 2 levels
[17:25:14]   CMD [attempt 1/2]: D:\software\Python 3.13.2\python.exe -X utf8 D:\download\BlastGame\hermes\tools\apply_probes.py 85,119
[17:25:15]     L85: ✅ Warden 通过 (5槽完整)
[17:25:15]     L85: ✅ 写入成功
[17:25:15]     L119: ✅ Warden 通过 (5槽完整)
[17:25:15]     L119: ✅ 写入成功
[17:25:15]     ✅ 全部完成
[17:25:15] [Preflight] asset & config check...
[17:25:15]   ✅ Preflight passed
[17:25:15] [Warden] pre-batch check...
[17:25:15]   ✅ Warden passed
[17:25:15] [Phase 3/5] submit_batch_unity → Unity bot batch
[17:25:15]   adaptive_stop=ON (round 2/6)
[17:25:15]   Submitting Unity batch: 2 levels × 5 tiers, timeout=7200s (120min)
[17:25:15]   CMD [attempt 1/2]: D:\software\Python 3.13.2\python.exe -X utf8 D:\download\BlastGame\hermes\scripts\submit_batch_unity.py 85,119 --tiers 1,2,3,4,5 --games 400 --strategy scoring_opt_vg --yes --skip-agent-pipeline --adaptive-stop
[17:48:24]   Unity batch completed
[17:48:24]     === DONE ===
[17:48:24] [Phase 4/5] dump_level_pools → refresh stage-data
[17:48:24]   CMD [attempt 1/2]: D:\software\Python 3.13.2\python.exe -X utf8 D:\download\BlastGame\hermes\tools\dump_level_pools.py
[17:48:29]     可靠池覆盖分布:
[17:48:29]     ✅ D:\download\BlastGame\hermes\stage-data\_summary.json
[17:48:29]     总计: 150 关, 2514 条可靠, 2266 条参考
[17:48:29]     ✅ 完成！stage-data 已更新。
[17:48:29] [Phase 5/5] judge_level → review & verdict
[17:48:29]   🔄 L85 [normal] r2/6: 不合格 — 下一轮(2/6) — 72.5% → 72.5% → 61.8% → 44.8% → 44.8%
[17:48:29]     • T1→T3 gap=10.7<15.0pp (接近)
[17:48:29]     • 硬性违规: 目标偏差超标 — T1=72.5% 离目标90.0%偏差17.5pp>15.0pp; T2=72.5% 离目标90.0%偏差17.5pp>15.0pp; T4=44.8% 离目标60.0%偏差15.2pp>15.0pp; T5=44.8% 离目标60.0%偏差15.2pp>15.0pp
[17:48:29]   🔄 L119 [normal] r3/6: 不合格 — 下一轮(3/6) — 61.8% → 61.8% → 54.2% → 50.2% → 50.2%
[17:48:29]     • 硬性违规: Normal T3=54.2<60%
[17:48:29]     • T1→T3 gap=7.6<14pp
[17:48:29]     • T3→T5 gap=4.0<10pp
[17:48:29]   Round 2 done: 1 passed, 2 pending, 0 failed
[17:48:29] 
[17:48:29] ————————————————————————————————————————————————————————————
[17:48:29]  ROUND 3/6
[17:48:29]  Pending (2): 85, 119
[17:48:29] ————————————————————————————————————————————————————————————
[17:48:29] 
[17:48:29] [Phase 1/5] agent_analyze → combo + design_probes
[17:48:29]   CMD [attempt 1/2]: D:\software\Python 3.13.2\python.exe -X utf8 D:\download\BlastGame\hermes\tools\planner.py --levels 85,119 --output json
[17:48:32]   L85: 5 probes, judge=不合格, combo quality=184.1
[17:48:32]   L85: 5/5 tiers configured
[17:48:32]   L119: 5 probes, judge=不合格, combo quality=454.5
[17:48:32]   L119: 5/5 tiers configured
[17:48:32] [Phase 2/5] apply_probes → write asset
[17:48:32]   probe_configs.json updated: 2 levels
[17:48:32]   CMD [attempt 1/2]: D:\software\Python 3.13.2\python.exe -X utf8 D:\download\BlastGame\hermes\tools\apply_probes.py 85,119
[17:48:32]     L85: ✅ Warden 通过 (5槽完整)
[17:48:32]     L85: ✅ 写入成功
[17:48:32]     L119: ✅ Warden 通过 (5槽完整)
[17:48:32]     L119: ✅ 写入成功
[17:48:32]     ✅ 全部完成
[17:48:32] [Preflight] asset & config check...
[17:48:32]   ✅ Preflight passed
[17:48:32] [Warden] pre-batch check...
[17:48:32]   ✅ Warden passed
[17:48:32] [Phase 3/5] submit_batch_unity → Unity bot batch
[17:48:32]   adaptive_stop=ON (round 3/6)
[17:48:32]   Submitting Unity batch: 2 levels × 5 tiers, timeout=7200s (120min)
[17:48:32]   CMD [attempt 1/2]: D:\software\Python 3.13.2\python.exe -X utf8 D:\download\BlastGame\hermes\scripts\submit_batch_unity.py 85,119 --tiers 1,2,3,4,5 --games 400 --strategy scoring_opt_vg --yes --skip-agent-pipeline --adaptive-stop
[18:11:43]   Unity batch completed
[18:11:43]     === DONE ===
[18:11:43] [Phase 4/5] dump_level_pools → refresh stage-data
[18:11:43]   CMD [attempt 1/2]: D:\software\Python 3.13.2\python.exe -X utf8 D:\download\BlastGame\hermes\tools\dump_level_pools.py
[18:11:47]     可靠池覆盖分布:
[18:11:47]     ✅ D:\download\BlastGame\hermes\stage-data\_summary.json
[18:11:47]     总计: 150 关, 2517 条可靠, 2266 条参考
[18:11:47]     ✅ 完成！stage-data 已更新。
[18:11:47] [Phase 5/5] judge_level → review & verdict
[18:11:47]   🔄 L85 [normal] r3/6: 不合格 — 下一轮(3/6) — 72.5% → 72.5% → 61.8% → 44.8% → 44.8%
[18:11:47]     • T1→T3 gap=10.7<15.0pp (接近)
[18:11:47]     • 硬性违规: 目标偏差超标 — T1=72.5% 离目标90.0%偏差17.5pp>15.0pp; T2=72.5% 离目标90.0%偏差17.5pp>15.0pp; T4=44.8% 离目标60.0%偏差15.2pp>15.0pp; T5=44.8% 离目标60.0%偏差15.2pp>15.0pp
[18:11:47]   🔄 L119 [normal] r4/6: 不合格 — 下一轮(4/6) — 61.8% → 61.8% → 57.7% → 50.2% → 50.2%
[18:11:47]     • 硬性违规: Normal T3=57.7<60%
[18:11:47]     • T1→T3 gap=4.2<14pp
[18:11:47]     • T3→T5 gap=7.4<10pp
[18:11:47]   Round 3 done: 1 passed, 2 pending, 0 failed
[18:11:47] 
[18:11:47] ————————————————————————————————————————————————————————————
[18:11:47]  ROUND 4/6
[18:11:47]  Pending (2): 85, 119
[18:11:47] ————————————————————————————————————————————————————————————
[18:11:47] 
[18:11:47] [Phase 1/5] agent_analyze → combo + design_probes
[18:11:47]   CMD [attempt 1/2]: D:\software\Python 3.13.2\python.exe -X utf8 D:\download\BlastGame\hermes\tools\planner.py --levels 85,119 --output json
[18:11:49]   L85: 5 probes, judge=不合格, combo quality=184.1
[18:11:49]   L85: 5/5 tiers configured
[18:11:49]   L119: 5 probes, judge=不合格, combo quality=446.5
[18:11:49]   L119: 5/5 tiers configured
[18:11:49] [Phase 2/5] apply_probes → write asset
[18:11:49]   probe_configs.json updated: 2 levels
[18:11:49]   CMD [attempt 1/2]: D:\software\Python 3.13.2\python.exe -X utf8 D:\download\BlastGame\hermes\tools\apply_probes.py 85,119
[18:11:49]     L85: ✅ Warden 通过 (5槽完整)
[18:11:49]     L85: ✅ 写入成功
[18:11:49]     L119: ✅ Warden 通过 (5槽完整)
[18:11:49]     L119: ✅ 写入成功
[18:11:49]     ✅ 全部完成
[18:11:49] [Preflight] asset & config check...
[18:11:50]   ✅ Preflight passed
[18:11:50] [Warden] pre-batch check...
[18:11:50]   ✅ Warden passed
[18:11:50] [Phase 3/5] submit_batch_unity → Unity bot batch
[18:11:50]   adaptive_stop=ON (round 4/6)
[18:11:50]   Submitting Unity batch: 2 levels × 5 tiers, timeout=7200s (120min)
[18:11:50]   CMD [attempt 1/2]: D:\software\Python 3.13.2\python.exe -X utf8 D:\download\BlastGame\hermes\scripts\submit_batch_unity.py 85,119 --tiers 1,2,3,4,5 --games 400 --strategy scoring_opt_vg --yes --skip-agent-pipeline --adaptive-stop
[18:35:13]   Unity batch completed
[18:35:13]     === DONE ===
[18:35:13] [Phase 4/5] dump_level_pools → refresh stage-data
[18:35:13]   CMD [attempt 1/2]: D:\software\Python 3.13.2\python.exe -X utf8 D:\download\BlastGame\hermes\tools\dump_level_pools.py
[18:35:17]     可靠池覆盖分布:
[18:35:17]     ✅ D:\download\BlastGame\hermes\stage-data\_summary.json
[18:35:17]     总计: 150 关, 2517 条可靠, 2266 条参考
[18:35:17]     ✅ 完成！stage-data 已更新。
[18:35:17] [Phase 5/5] judge_level → review & verdict
[18:35:17]   🔄 L85 [normal] r4/6: 不合格 — 下一轮(4/6) — 72.5% → 72.5% → 61.8% → 44.8% → 44.8%
[18:35:17]     • T1→T3 gap=10.7<15.0pp (接近)
[18:35:17]     • 硬性违规: 目标偏差超标 — T1=72.5% 离目标90.0%偏差17.5pp>15.0pp; T2=72.5% 离目标90.0%偏差17.5pp>15.0pp; T4=44.8% 离目标60.0%偏差15.2pp>15.0pp; T5=44.8% 离目标60.0%偏差15.2pp>15.0pp
[18:35:18]   🔄 L119 [normal] r5/6: 不合格 — 下一轮(5/6) — 61.8% → 61.8% → 57.7% → 50.2% → 50.2%
[18:35:18]     • 硬性违规: Normal T3=57.7<60%
[18:35:18]     • T1→T3 gap=4.2<14pp
[18:35:18]     • T3→T5 gap=7.4<10pp
[18:35:18]   Round 4 done: 1 passed, 2 pending, 0 failed
[18:35:18] 
[18:35:18] ————————————————————————————————————————————————————————————
[18:35:18]  ROUND 5/6
[18:35:18]  Pending (2): 85, 119
[18:35:18] ————————————————————————————————————————————————————————————
[18:35:18] 
[18:35:18] [Phase 1/5] agent_analyze → combo + design_probes
[18:35:18]   CMD [attempt 1/2]: D:\software\Python 3.13.2\python.exe -X utf8 D:\download\BlastGame\hermes\tools\planner.py --levels 85,119 --output json
[18:35:20]   L85: 5 probes, judge=不合格, combo quality=184.1
[18:35:20]   L85: 5/5 tiers configured
[18:35:20]   L119: 5 probes, judge=不合格, combo quality=446.5
[18:35:20]   L119: 5/5 tiers configured
[18:35:20] [Phase 2/5] apply_probes → write asset
[18:35:20]   probe_configs.json updated: 2 levels
[18:35:20]   CMD [attempt 1/2]: D:\software\Python 3.13.2\python.exe -X utf8 D:\download\BlastGame\hermes\tools\apply_probes.py 85,119
[18:35:20]     L85: ✅ Warden 通过 (5槽完整)
[18:35:20]     L85: ✅ 写入成功
[18:35:20]     L119: ✅ Warden 通过 (5槽完整)
[18:35:20]     L119: ✅ 写入成功
[18:35:20]     ✅ 全部完成
[18:35:20] [Preflight] asset & config check...
[18:35:20]   ✅ Preflight passed
[18:35:20] [Warden] pre-batch check...
[18:35:20]   ✅ Warden passed
[18:35:20] [Phase 3/5] submit_batch_unity → Unity bot batch
[18:35:20]   adaptive_stop=ON (round 5/6)
[18:35:20]   Submitting Unity batch: 2 levels × 5 tiers, timeout=7200s (120min)
[18:35:20]   CMD [attempt 1/2]: D:\software\Python 3.13.2\python.exe -X utf8 D:\download\BlastGame\hermes\scripts\submit_batch_unity.py 85,119 --tiers 1,2,3,4,5 --games 400 --strategy scoring_opt_vg --yes --skip-agent-pipeline --adaptive-stop
[18:58:01]   Unity batch completed
[18:58:01]     === DONE ===
[18:58:01] [Phase 4/5] dump_level_pools → refresh stage-data
[18:58:01]   CMD [attempt 1/2]: D:\software\Python 3.13.2\python.exe -X utf8 D:\download\BlastGame\hermes\tools\dump_level_pools.py
[18:58:05]     可靠池覆盖分布:
[18:58:05]     ✅ D:\download\BlastGame\hermes\stage-data\_summary.json
[18:58:05]     总计: 150 关, 2519 条可靠, 2266 条参考
[18:58:05]     ✅ 完成！stage-data 已更新。
[18:58:05] [Phase 5/5] judge_level → review & verdict
[18:58:05]   🔄 L85 [normal] r5/6: 不合格 — 下一轮(5/6) — 72.5% → 72.5% → 61.8% → 44.8% → 44.8%
[18:58:05]     • T1→T3 gap=10.7<15.0pp (接近)
[18:58:05]     • 硬性违规: 目标偏差超标 — T1=72.5% 离目标90.0%偏差17.5pp>15.0pp; T2=72.5% 离目标90.0%偏差17.5pp>15.0pp; T4=44.8% 离目标60.0%偏差15.2pp>15.0pp; T5=44.8% 离目标60.0%偏差15.2pp>15.0pp
[18:58:05]   🔄 L119 [normal] r5/6: 不合格 — 改关卡 — 61.8% → 61.8% → 57.7% → 50.2% → 50.2%
[18:58:05]     • 硬性违规: Normal T3=57.7<60%
[18:58:05]     • T1→T3 gap=4.2<14pp
[18:58:05]     • T3→T5 gap=7.4<10pp
[18:58:05]   Round 5 done: 1 passed, 2 pending, 0 failed
[18:58:05] 
[18:58:05] ————————————————————————————————————————————————————————————
[18:58:05]  ROUND 6/6
[18:58:05]  Pending (2): 85, 119
[18:58:05] ————————————————————————————————————————————————————————————
[18:58:05] 
[18:58:05] [Phase 1/5] agent_analyze → combo + design_probes
[18:58:05]   CMD [attempt 1/2]: D:\software\Python 3.13.2\python.exe -X utf8 D:\download\BlastGame\hermes\tools\planner.py --levels 85,119 --output json
[18:58:07]   L85: 5 probes, judge=不合格, combo quality=184.1
[18:58:07]   L85: 5/5 tiers configured
[18:58:07]   L119: 5 probes, judge=不合格, combo quality=446.5
[18:58:07]   L119: 5/5 tiers configured
[18:58:07] [Phase 2/5] apply_probes → write asset
[18:58:07]   probe_configs.json updated: 2 levels
[18:58:07]   CMD [attempt 1/2]: D:\software\Python 3.13.2\python.exe -X utf8 D:\download\BlastGame\hermes\tools\apply_probes.py 85,119
[18:58:07]     L85: ✅ Warden 通过 (5槽完整)
[18:58:07]     L85: ✅ 写入成功
[18:58:07]     L119: ✅ Warden 通过 (5槽完整)
[18:58:07]     L119: ✅ 写入成功
[18:58:07]     ✅ 全部完成
[18:58:07] [Preflight] asset & config check...
[18:58:08]   ✅ Preflight passed
[18:58:08] [Warden] pre-batch check...
[18:58:08]   ✅ Warden passed
[18:58:08] [Phase 3/5] submit_batch_unity → Unity bot batch
[18:58:08]   adaptive_stop=OFF (round 6/6)
[18:58:08]   Submitting Unity batch: 2 levels × 5 tiers, timeout=7200s (120min)
[18:58:08]   CMD [attempt 1/2]: D:\software\Python 3.13.2\python.exe -X utf8 D:\download\BlastGame\hermes\scripts\submit_batch_unity.py 85,119 --tiers 1,2,3,4,5 --games 400 --strategy scoring_opt_vg --yes --skip-agent-pipeline
[19:18:16]   Unity batch completed
[19:18:16]     === DONE ===
[19:18:16] [Phase 4/5] dump_level_pools → refresh stage-data
[19:18:16]   CMD [attempt 1/2]: D:\software\Python 3.13.2\python.exe -X utf8 D:\download\BlastGame\hermes\tools\dump_level_pools.py
[19:18:20]     可靠池覆盖分布:
[19:18:20]     ✅ D:\download\BlastGame\hermes\stage-data\_summary.json
[19:18:20]     总计: 150 关, 2520 条可靠, 2266 条参考
[19:18:20]     ✅ 完成！stage-data 已更新。
[19:18:20] [Phase 5/5] judge_level → review & verdict
[19:18:20]   🔄 L85 [normal] r5/6: 不合格 — 改关卡 — 72.5% → 72.5% → 61.8% → 44.8% → 44.8%
[19:18:20]     • T1→T3 gap=10.7<15.0pp (接近)
[19:18:20]     • 硬性违规: 目标偏差超标 — T1=72.5% 离目标90.0%偏差17.5pp>15.0pp; T2=72.5% 离目标90.0%偏差17.5pp>15.0pp; T4=44.8% 离目标60.0%偏差15.2pp>15.0pp; T5=44.8% 离目标60.0%偏差15.2pp>15.0pp
[19:18:20]   🔄 L119 [normal] r6/6: 不合格 — 改关卡 — 61.8% → 61.8% → 57.7% → 50.2% → 50.2%
[19:18:20]     • 硬性违规: Normal T3=57.7<60%
[19:18:20]     • T1→T3 gap=4.2<14pp
[19:18:20]     • T3→T5 gap=7.4<10pp
[19:18:20]   ❌ L119 MAX ROUNDS (6) → 待用户确认改关卡
[19:18:20]     ⏳ L119 满 6 轮仍不合格，待用户确认是否改关卡
[19:18:20]     ⏳   判定原因: 硬性违规: Normal T3=57.7<60%; T1→T3 gap=4.2<14pp; T3→T5 gap=7.4<10pp
[19:18:20]     ⏳   需要时由主 agent 手动 retire_level 设时间防线
[19:18:20]   Round 6 done: 1 passed, 1 pending, 1 failed
[19:18:20]  FINAL SUMMARY
[19:18:20] ============================================================
[19:18:20]  ✅ Passed (入库):  1 levels
[19:18:20]     L120 [normal] r1  88.3% → 88.3% → 60.8% → 49.0% → 49.0%
[19:18:20]  ❌ Failed (改关卡): 1 levels
[19:18:20]     L119 [normal] r6 — 61.8% → 61.8% → 57.7% → 50.2% → 50.2%
[19:18:20]         硬性违规: Normal T3=57.7<60%; T1→T3 gap=4.2<14pp
[19:18:20]  ⚠ Errors:           0 levels
[19:18:20]  🔄 Still pending:    1 levels
[19:18:20]     L85
[19:18:20] 
[19:18:20]  Full log: D:\download\BlastGame\hermes\auto-log\20260808_164703.log
[19:18:20]  Curator: pattern analysis complete
