[09:58:14] ============================================================
[09:58:14]  auto_loop.py — 全自动调优编排器
[09:58:14] ============================================================
[09:58:14]  Log:        D:\download\BlastGame\hermes\auto-log\20260805_095814.log
[09:58:14]  Levels:     [154, 162, 165, 176, 182, 198]
[09:58:14]  Tiers:      [1, 2, 3, 4, 5]
[09:58:14]  Games/tier: 400
[09:58:14]  Strategy:   scoring_opt_vg
[09:58:14]  Max rounds: 6
[09:58:14]  Unity EXE:  C:\Program Files\Unity\Hub\Editor\6000.0.60f1\Editor\Unity.exe
[09:58:14]  Repo:       C:\Users\Administrator\Documents\BlastGame
[09:58:14] 
[09:58:14] [Auto-recovery] 检查 Unity 进程...
[09:58:14]   无 Unity 进程
[09:58:14] 
[09:58:14] ————————————————————————————————————————————————————————————
[09:58:14]  ROUND 1/6
[09:58:14]  Pending (6): 154, 162, 165, 176, 182, 198
[09:58:14] ————————————————————————————————————————————————————————————
[09:58:14] 
[09:58:14] [Phase 1/5] agent_analyze → combo + design_probes
[09:58:14]   CMD [attempt 1/2]: C:\Users\Administrator\AppData\Local\hermes\hermes-agent\venv\Scripts\python.exe -X utf8 D:\download\BlastGame\hermes\tools\planner.py --levels 154,162,165,176,182,198 --output json
[10:03:41]   L154: 5 probes, judge=接近, combo quality=56.5
[10:03:41]   L154: 5/5 tiers configured
[10:03:41]   L162: 5 probes, judge=no_combo, combo quality=?
[10:03:41]   L162: 5/5 tiers configured
[10:03:41]   L165: 5 probes, judge=不合格, combo quality=182.5
[10:03:41]   L165: 5/5 tiers configured
[10:03:41]   L176: 5 probes, judge=不合格, combo quality=226.2
[10:03:41]   L176: 5/5 tiers configured
[10:03:41]   L182: 5 probes, judge=不合格, combo quality=61.6
[10:03:41]   L182: 5/5 tiers configured
[10:03:41]   L198: 5 probes, judge=不合格, combo quality=46.2
[10:03:41]   L198: 5/5 tiers configured
[10:03:41] [Phase 2/5] apply_probes → write asset
[10:03:41]   probe_configs.json updated: 6 levels
[10:03:41]   CMD [attempt 1/2]: C:\Users\Administrator\AppData\Local\hermes\hermes-agent\venv\Scripts\python.exe -X utf8 D:\download\BlastGame\hermes\tools\apply_probes.py 154,162,165,176,182,198
[10:03:41]   FAIL (exit=1) attempt 1/2
[10:03:41]   Retrying in 5s...
[10:03:46]   CMD [attempt 2/2]: C:\Users\Administrator\AppData\Local\hermes\hermes-agent\venv\Scripts\python.exe -X utf8 D:\download\BlastGame\hermes\tools\apply_probes.py 154,162,165,176,182,198
[10:03:46]   FAIL (exit=1) attempt 2/2
[10:03:46]   All retries exhausted — giving up
[10:03:46]   apply_probes FAILED
[10:03:46]   apply_probes failed — skipping this round
[10:03:46] 
[10:03:46] ————————————————————————————————————————————————————————————
[10:03:46]  ROUND 2/6
[10:03:46]  Pending (6): 154, 162, 165, 176, 182, 198
[10:03:46] ————————————————————————————————————————————————————————————
[10:03:46] 
[10:03:46] [Phase 1/5] agent_analyze → combo + design_probes
[10:03:46]   CMD [attempt 1/2]: C:\Users\Administrator\AppData\Local\hermes\hermes-agent\venv\Scripts\python.exe -X utf8 D:\download\BlastGame\hermes\tools\planner.py --levels 154,162,165,176,182,198 --output json
[10:09:16]   L154: 5 probes, judge=接近, combo quality=56.5
[10:09:16]   L154: 5/5 tiers configured
[10:09:16]   L162: 5 probes, judge=no_combo, combo quality=?
[10:09:16]   L162: 5/5 tiers configured
[10:09:16]   L165: 5 probes, judge=不合格, combo quality=182.5
[10:09:16]   L165: 5/5 tiers configured
[10:09:16]   L176: 5 probes, judge=不合格, combo quality=226.2
[10:09:16]   L176: 5/5 tiers configured
[10:09:16]   L182: 5 probes, judge=不合格, combo quality=61.6
[10:09:16]   L182: 5/5 tiers configured
[10:09:16]   L198: 5 probes, judge=不合格, combo quality=46.2
[10:09:16]   L198: 5/5 tiers configured
[10:09:16] [Phase 2/5] apply_probes → write asset
[10:09:16]   probe_configs.json updated: 6 levels
[10:09:16]   CMD [attempt 1/2]: C:\Users\Administrator\AppData\Local\hermes\hermes-agent\venv\Scripts\python.exe -X utf8 D:\download\BlastGame\hermes\tools\apply_probes.py 154,162,165,176,182,198
[10:09:17]   FAIL (exit=1) attempt 1/2
[10:09:17]   Retrying in 5s...
[10:09:22]   CMD [attempt 2/2]: C:\Users\Administrator\AppData\Local\hermes\hermes-agent\venv\Scripts\python.exe -X utf8 D:\download\BlastGame\hermes\tools\apply_probes.py 154,162,165,176,182,198
[10:09:22]   FAIL (exit=1) attempt 2/2
[10:09:22]   All retries exhausted — giving up
[10:09:22]   apply_probes FAILED
[10:09:22]   apply_probes failed — skipping this round
[10:09:22] 
[10:09:22] ————————————————————————————————————————————————————————————
[10:09:22]  ROUND 3/6
[10:09:22]  Pending (6): 154, 162, 165, 176, 182, 198
[10:09:22] ————————————————————————————————————————————————————————————
[10:09:22] 
[10:09:22] [Phase 1/5] agent_analyze → combo + design_probes
[10:09:22]   CMD [attempt 1/2]: C:\Users\Administrator\AppData\Local\hermes\hermes-agent\venv\Scripts\python.exe -X utf8 D:\download\BlastGame\hermes\tools\planner.py --levels 154,162,165,176,182,198 --output json
[10:14:41]   L154: 5 probes, judge=接近, combo quality=56.5
[10:14:41]   L154: 5/5 tiers configured
[10:14:41]   L162: 5 probes, judge=no_combo, combo quality=?
[10:14:41]   L162: 5/5 tiers configured
[10:14:41]   L165: 5 probes, judge=不合格, combo quality=182.5
[10:14:41]   L165: 5/5 tiers configured
[10:14:41]   L176: 5 probes, judge=不合格, combo quality=226.2
[10:14:41]   L176: 5/5 tiers configured
[10:14:41]   L182: 5 probes, judge=不合格, combo quality=61.6
[10:14:41]   L182: 5/5 tiers configured
[10:14:41]   L198: 5 probes, judge=不合格, combo quality=46.2
[10:14:41]   L198: 5/5 tiers configured
[10:14:41] [Phase 2/5] apply_probes → write asset
[10:14:41]   probe_configs.json updated: 6 levels
[10:14:41]   CMD [attempt 1/2]: C:\Users\Administrator\AppData\Local\hermes\hermes-agent\venv\Scripts\python.exe -X utf8 D:\download\BlastGame\hermes\tools\apply_probes.py 154,162,165,176,182,198
[10:14:41]   FAIL (exit=1) attempt 1/2
[10:14:41]   Retrying in 5s...
[10:14:46]   CMD [attempt 2/2]: C:\Users\Administrator\AppData\Local\hermes\hermes-agent\venv\Scripts\python.exe -X utf8 D:\download\BlastGame\hermes\tools\apply_probes.py 154,162,165,176,182,198
[10:14:46]   FAIL (exit=1) attempt 2/2
[10:14:46]   All retries exhausted — giving up
[10:14:46]   apply_probes FAILED
[10:14:46]   apply_probes failed — skipping this round
[10:14:46] 
[10:14:46] ————————————————————————————————————————————————————————————
[10:14:46]  ROUND 4/6
[10:14:46]  Pending (6): 154, 162, 165, 176, 182, 198
[10:14:46] ————————————————————————————————————————————————————————————
[10:14:46] 
[10:14:46] [Phase 1/5] agent_analyze → combo + design_probes
[10:14:46]   CMD [attempt 1/2]: C:\Users\Administrator\AppData\Local\hermes\hermes-agent\venv\Scripts\python.exe -X utf8 D:\download\BlastGame\hermes\tools\planner.py --levels 154,162,165,176,182,198 --output json
[10:20:04]   L154: 5 probes, judge=接近, combo quality=56.5
[10:20:04]   L154: 5/5 tiers configured
[10:20:04]   L162: 5 probes, judge=no_combo, combo quality=?
[10:20:04]   L162: 5/5 tiers configured
[10:20:04]   L165: 5 probes, judge=不合格, combo quality=182.5
[10:20:04]   L165: 5/5 tiers configured
[10:20:04]   L176: 5 probes, judge=不合格, combo quality=226.2
[10:20:04]   L176: 5/5 tiers configured
[10:20:04]   L182: 5 probes, judge=不合格, combo quality=61.6
[10:20:04]   L182: 5/5 tiers configured
[10:20:04]   L198: 5 probes, judge=不合格, combo quality=46.2
[10:20:04]   L198: 5/5 tiers configured
[10:20:04] [Phase 2/5] apply_probes → write asset
[10:20:04]   probe_configs.json updated: 6 levels
[10:20:04]   CMD [attempt 1/2]: C:\Users\Administrator\AppData\Local\hermes\hermes-agent\venv\Scripts\python.exe -X utf8 D:\download\BlastGame\hermes\tools\apply_probes.py 154,162,165,176,182,198
[10:20:04]   FAIL (exit=1) attempt 1/2
[10:20:04]   Retrying in 5s...
[10:20:09]   CMD [attempt 2/2]: C:\Users\Administrator\AppData\Local\hermes\hermes-agent\venv\Scripts\python.exe -X utf8 D:\download\BlastGame\hermes\tools\apply_probes.py 154,162,165,176,182,198
[10:20:09]   FAIL (exit=1) attempt 2/2
[10:20:09]   All retries exhausted — giving up
[10:20:09]   apply_probes FAILED
[10:20:09]   apply_probes failed — skipping this round
[10:20:09] 
[10:20:09] ————————————————————————————————————————————————————————————
[10:20:09]  ROUND 5/6
[10:20:09]  Pending (6): 154, 162, 165, 176, 182, 198
[10:20:09] ————————————————————————————————————————————————————————————
[10:20:09] 
[10:20:09] [Phase 1/5] agent_analyze → combo + design_probes
[10:20:09]   CMD [attempt 1/2]: C:\Users\Administrator\AppData\Local\hermes\hermes-agent\venv\Scripts\python.exe -X utf8 D:\download\BlastGame\hermes\tools\planner.py --levels 154,162,165,176,182,198 --output json
[10:25:26]   L154: 5 probes, judge=接近, combo quality=56.5
[10:25:26]   L154: 5/5 tiers configured
[10:25:26]   L162: 5 probes, judge=no_combo, combo quality=?
[10:25:26]   L162: 5/5 tiers configured
[10:25:26]   L165: 5 probes, judge=不合格, combo quality=182.5
[10:25:26]   L165: 5/5 tiers configured
[10:25:26]   L176: 5 probes, judge=不合格, combo quality=226.2
[10:25:26]   L176: 5/5 tiers configured
[10:25:26]   L182: 5 probes, judge=不合格, combo quality=61.6
[10:25:26]   L182: 5/5 tiers configured
[10:25:26]   L198: 5 probes, judge=不合格, combo quality=46.2
[10:25:26]   L198: 5/5 tiers configured
[10:25:26] [Phase 2/5] apply_probes → write asset
[10:25:26]   probe_configs.json updated: 6 levels
[10:25:26]   CMD [attempt 1/2]: C:\Users\Administrator\AppData\Local\hermes\hermes-agent\venv\Scripts\python.exe -X utf8 D:\download\BlastGame\hermes\tools\apply_probes.py 154,162,165,176,182,198
[10:25:27]   FAIL (exit=1) attempt 1/2
[10:25:27]   Retrying in 5s...
[10:25:32]   CMD [attempt 2/2]: C:\Users\Administrator\AppData\Local\hermes\hermes-agent\venv\Scripts\python.exe -X utf8 D:\download\BlastGame\hermes\tools\apply_probes.py 154,162,165,176,182,198
[10:25:32]   FAIL (exit=1) attempt 2/2
[10:25:32]   All retries exhausted — giving up
[10:25:32]   apply_probes FAILED
[10:25:32]   apply_probes failed — skipping this round
[10:25:32] 
[10:25:32] ————————————————————————————————————————————————————————————
[10:25:32]  ROUND 6/6
[10:25:32]  Pending (6): 154, 162, 165, 176, 182, 198
[10:25:32] ————————————————————————————————————————————————————————————
[10:25:32] 
[10:25:32] [Phase 1/5] agent_analyze → combo + design_probes
[10:25:32]   CMD [attempt 1/2]: C:\Users\Administrator\AppData\Local\hermes\hermes-agent\venv\Scripts\python.exe -X utf8 D:\download\BlastGame\hermes\tools\planner.py --levels 154,162,165,176,182,198 --output json
[10:30:50]   L154: 5 probes, judge=接近, combo quality=56.5
[10:30:50]   L154: 5/5 tiers configured
[10:30:50]   L162: 5 probes, judge=no_combo, combo quality=?
[10:30:50]   L162: 5/5 tiers configured
[10:30:50]   L165: 5 probes, judge=不合格, combo quality=182.5
[10:30:50]   L165: 5/5 tiers configured
[10:30:50]   L176: 5 probes, judge=不合格, combo quality=226.2
[10:30:50]   L176: 5/5 tiers configured
[10:30:50]   L182: 5 probes, judge=不合格, combo quality=61.6
[10:30:50]   L182: 5/5 tiers configured
[10:30:50]   L198: 5 probes, judge=不合格, combo quality=46.2
[10:30:50]   L198: 5/5 tiers configured
[10:30:50] [Phase 2/5] apply_probes → write asset
[10:30:50]   probe_configs.json updated: 6 levels
[10:30:50]   CMD [attempt 1/2]: C:\Users\Administrator\AppData\Local\hermes\hermes-agent\venv\Scripts\python.exe -X utf8 D:\download\BlastGame\hermes\tools\apply_probes.py 154,162,165,176,182,198
[10:30:51]   FAIL (exit=1) attempt 1/2
[10:30:51]   Retrying in 5s...
[10:30:56]   CMD [attempt 2/2]: C:\Users\Administrator\AppData\Local\hermes\hermes-agent\venv\Scripts\python.exe -X utf8 D:\download\BlastGame\hermes\tools\apply_probes.py 154,162,165,176,182,198
[10:30:56]   FAIL (exit=1) attempt 2/2
[10:30:56]   All retries exhausted — giving up
[10:30:56]   apply_probes FAILED
[10:30:56]   apply_probes failed — skipping this round
[10:30:56] 
[10:30:56] ============================================================
[10:30:56]  FINAL SUMMARY
[10:30:56] ============================================================
[10:30:56]  ✅ Passed (入库):  0 levels
[10:30:56]  ❌ Failed (改关卡): 0 levels
[10:30:56]  ⚠ Errors:           0 levels
[10:30:56]  🔄 Still pending:    6 levels
[10:30:56]     L154
[10:30:56]     L162
[10:30:56]     L165
[10:30:56]     L176
[10:30:56]     L182
[10:30:56]     L198
[10:30:56] 
[10:30:56]  Full log: D:\download\BlastGame\hermes\auto-log\20260805_095814.log
[10:30:56]  Curator: pattern analysis complete
