[16:14:02] ============================================================
[16:14:02]  auto_loop.py — 全自动调优编排器
[16:14:02] ============================================================
[16:14:02]  Log:        D:\download\BlastGame\hermes\auto-log\20260814_161402.log
[16:14:02]  Levels:     [158, 163, 167, 169, 172, 176, 185, 191, 192, 193, 200]
[16:14:02]  Tiers:      [1, 2, 3, 4, 5]
[16:14:02]  Games/tier: 400
[16:14:02]  Strategy:   scoring_opt_vg
[16:14:02]  Max rounds: 6
[16:14:02]  Unity EXE:  C:\Program Files\Unity\Hub\Editor\6000.0.60f1\Editor\Unity.exe
[16:14:02]  Repo:       C:\Users\Administrator\Documents\BlastGame
[16:14:02] 
[16:14:02] [Auto-recovery] 检查 Unity 进程...
[16:14:02]   无 Unity 进程
[16:14:02] 
[16:14:02] ————————————————————————————————————————————————————————————
[16:14:02]  ROUND 1/6
[16:14:02]  Pending (11): 158, 163, 167, 169, 172, 176, 185, 191, 192, 193, 200
[16:14:02] ————————————————————————————————————————————————————————————
[16:14:02] 
[16:14:02] [Phase 1/5] agent_analyze → combo + design_probes
[16:14:02]   CMD [attempt 1/2]: C:\Users\Administrator\AppData\Local\hermes\hermes-agent\venv\Scripts\python.exe -X utf8 D:\download\BlastGame\hermes\tools\planner.py --levels 158,163,167,169,172,176,185,191,192,193,200 --output json
[16:14:09]   L158: 5 probes, judge=接近, combo quality=52.5
[16:14:09]   L158: 5/5 tiers configured
[16:14:09]   L163: 5 probes, judge=不合格, combo quality=404.1
[16:14:09]   L163: 5/5 tiers configured
[16:14:09]   L167: 5 probes, judge=no_combo, combo quality=?
[16:14:09]   L167: 5/5 tiers configured
[16:14:09]   L169: 5 probes, judge=不合格, combo quality=36.5
[16:14:09]   L169: 5/5 tiers configured
[16:14:09]   L172: 5 probes, judge=不合格, combo quality=103.6
[16:14:09]   L172: 5/5 tiers configured
[16:14:09]   L176: 5 probes, judge=no_combo, combo quality=?
[16:14:09]   L176: 5/5 tiers configured
[16:14:09]   L185: 5 probes, judge=不合格, combo quality=40.4
[16:14:09]   L185: 5/5 tiers configured
[16:14:09]   L191: 5 probes, judge=不合格, combo quality=65.9
[16:14:09]   L191: 5/5 tiers configured
[16:14:09]   L192: 5 probes, judge=不合格, combo quality=55.0
[16:14:09]   L192: 5/5 tiers configured
[16:14:09]   L193: 5 probes, judge=不合格, combo quality=32.4
[16:14:09]   L193: 5/5 tiers configured
[16:14:09]   L200: 5 probes, judge=no_combo, combo quality=?
[16:14:09]   L200: 5/5 tiers configured
[16:14:09] [Phase 2/5] apply_probes → write asset
[16:14:09]   💾 调优前 asset 备份: 11 关 → pre_tune_backup_20260814/
[16:14:09]   probe_configs.json updated: 11 levels
[16:14:09]   CMD [attempt 1/2]: C:\Users\Administrator\AppData\Local\hermes\hermes-agent\venv\Scripts\python.exe -X utf8 D:\download\BlastGame\hermes\tools\apply_probes.py 158,163,167,169,172,176,185,191,192,193,200
[16:14:09]     L191: ✅ Warden 通过 (5槽完整)
[16:14:09]     L191: ✅ 写入成功
[16:14:09]     L192: ✅ Warden 通过 (5槽完整)
[16:14:09]     L192: ✅ 写入成功
[16:14:09]     L193: ✅ Warden 通过 (5槽完整)
[16:14:09]     L193: ✅ 写入成功
[16:14:09]     L200: ✅ Warden 通过 (5槽完整)
[16:14:09]     L200: ✅ 写入成功
[16:14:09]     ✅ 全部完成
[16:14:09] [Preflight] asset & config check...
[16:14:10]   ✅ Preflight passed
[16:14:10] [Warden] pre-batch check...
[16:14:10]   ✅ Warden passed
[16:14:10] [Phase 3/5] submit_batch_unity → Unity bot batch
[16:14:10]   adaptive_stop=ON (round 1/6)
[16:14:10]   games=200 (探针轮200/验证轮400)
[16:14:10]   Submitting Unity batch: 11 levels × 5 tiers, timeout=16500s (275min)
[16:14:10]   CMD [attempt 1/2]: C:\Users\Administrator\AppData\Local\hermes\hermes-agent\venv\Scripts\python.exe -X utf8 D:\download\BlastGame\hermes\scripts\submit_batch_unity.py 158,163,167,169,172,176,185,191,192,193,200 --tiers 1,2,3,4,5 --games 200 --strategy scoring_opt_vg --yes --skip-agent-pipeline --adaptive-stop
[17:49:44]   Unity batch completed
[17:49:44]     === DONE ===
[17:49:44] [Phase 4/5] dump_level_pools → refresh stage-data
[17:49:44]   CMD [attempt 1/2]: C:\Users\Administrator\AppData\Local\hermes\hermes-agent\venv\Scripts\python.exe -X utf8 D:\download\BlastGame\hermes\tools\dump_level_pools.py
[17:49:44]     可靠池覆盖分布:
[17:49:44]     ✅ D:\download\BlastGame\hermes\stage-data\_summary.json
[17:49:44]     总计: 150 关, 806 条可靠, 1240 条参考
[17:49:44]     ✅ 完成！stage-data 已更新。
[17:49:44] [Phase 5/5] judge_level → review & verdict
[17:49:45]   ❓ L158 [normal] r0/6: 接近 — 入库(接近) — 74.8% → 74.8% → 60.3% → 35.0% → 35.0%
[17:49:45]     • T1→T3 gap=14.6<20pp (接近)
[17:49:45]   🔄 L163 [normal] r2/6: 不合格 — 下一轮(2/6) — 94.5% → 94.5% → 84.8% → 66.4% → 66.4%
[17:49:45]     • T1→T3 gap=9.8<15pp
[17:49:45]     • 硬性违规: 目标偏差超标 — T1=94.5% 离目标80.0%偏差14.5pp>10.0pp; T2=94.5% 离目标80.0%偏差14.5pp>10.0pp; T3=84.8% 离目标60.0%偏差24.8pp>10.0pp; T4=66.4% 离目标45.0%偏差21.4pp>10.0pp; T5=66.4% 离目标45.0%偏差21.4pp>10.0pp
[17:49:45]   🔄 L167 [normal] r2/6: 不合格 — 下一轮(2/6) — N/A
[17:49:45]     • 无法拼出单调递减组合
[17:49:45]   🔄 L169 [normal] r2/6: 不合格 — 下一轮(2/6) — 90.7% → 90.7% → 65.0% → 36.5% → 36.5%
[17:49:45]     • 硬性违规: 目标偏差超标 — T1=90.7% 离目标80.0%偏差10.7pp>10.0pp; T2=90.7% 离目标80.0%偏差10.7pp>10.0pp
[17:49:45]   🔄 L172 [normal] r2/6: 不合格 — 下一轮(2/6) — 87.0% → 87.0% → 74.2% → 51.5% → 51.5%
[17:49:45]     • T1→T3 gap=12.8<15pp
[17:49:45]     • 硬性违规: 目标偏差超标 — T3=74.2% 离目标60.0%偏差14.2pp>10.0pp
[17:49:45]   🔄 L176 [normal] r2/6: 不合格 — 下一轮(2/6) — N/A
[17:49:45]     • 无法拼出单调递减组合
[17:49:45]   ❓ L185 [normal] r1/6: 接近 — 入库(接近) — 78.9% → 78.9% → 50.0% → 39.2% → 39.2%
[17:49:45]     • T3→T5 gap=10.8<15pp (接近)
[17:49:45]   🔄 L191 [normal] r2/6: 不合格 — 下一轮(2/6) — 83.5% → 83.5% → 51.0% → 29.4% → 29.4%
[17:49:45]     • 硬性违规: 目标偏差超标 — T4=29.4% 离目标45.0%偏差15.6pp>10.0pp; T5=29.4% 离目标45.0%偏差15.6pp>10.0pp
[17:49:45]   🔄 L192 [normal] r2/6: 不合格 — 下一轮(2/6) — 92.3% → 92.3% → 73.4% → 40.0% → 40.0%
[17:49:45]     • 硬性违规: 目标偏差超标 — T1=92.3% 离目标80.0%偏差12.3pp>10.0pp; T2=92.3% 离目标80.0%偏差12.3pp>10.0pp; T3=73.4% 离目标60.0%偏差13.4pp>10.0pp
[17:49:45]   🔄 L193 [normal] r2/6: 不合格 — 下一轮(2/6) — 92.3% → 92.3% → 64.0% → 45.2% → 45.2%
[17:49:45]     • 硬性违规: 目标偏差超标 — T1=92.3% 离目标80.0%偏差12.3pp>10.0pp; T2=92.3% 离目标80.0%偏差12.3pp>10.0pp
[17:49:45]   🔄 L200 [superhard] r2/6: 不合格 — 下一轮(2/6) — N/A
[17:49:45]     • 无法拼出单调递减组合
[17:49:45]   ✅ L158 PASSED → 入库(接近) (round 0)
[17:49:45]     ⏳ L158 合格待确认入库（未落盘）: WR=['74.8%', '74.8%', '60.3%', '35.0%', '35.0%']
[17:49:45]     ⏳   配置: sd17/5/10,10,1,1,1/of0.5 | sd17/5/10,10,1,1,1/of0.5 | sd25/3/6,1,1/of0.05 | sd8/6/1,0,1,0,1,0/of0.0 | sd8/6/1,0,1,0,1,0/of0.0
[17:49:45]     ⏳   难度=normal 目标=[80.0, 80.0, 60.0, 45.0, 45.0]
[17:49:45]     ⏳   确认后由主 agent 用 reimport.py 落盘 asset/Excel/board
[17:49:45]   ✅ L185 PASSED → 入库(接近) (round 1)
[17:49:45]     ⏳ L185 合格待确认入库（未落盘）: WR=['78.9%', '78.9%', '50.0%', '39.2%', '39.2%']
[17:49:45]     ⏳   配置: sd33/3/5,0,2/of0.13 | sd33/3/5,0,2/of0.13 | sd40/5/0,0,0,0,10/of0.5 | sd24/3/2,1,1/of0.04 | sd24/3/2,1,1/of0.04
[17:49:45]     ⏳   难度=normal 目标=[80.0, 80.0, 60.0, 45.0, 45.0]
[17:49:45]     ⏳   确认后由主 agent 用 reimport.py 落盘 asset/Excel/board
[17:49:45]   Round 1 done: 2 passed, 9 pending, 0 failed
[17:49:45]   💾 checkpoint saved: round 1, pending=9
[17:49:45] 
[17:49:45] ————————————————————————————————————————————————————————————
[17:49:45]  ROUND 2/6
[17:49:45]  Pending (9): 163, 167, 169, 172, 176, 191, 192, 193, 200
[17:49:45] ————————————————————————————————————————————————————————————
[17:49:45] 
[17:49:45] [Phase 1/5] agent_analyze → combo + design_probes
[17:49:45]   CMD [attempt 1/2]: C:\Users\Administrator\AppData\Local\hermes\hermes-agent\venv\Scripts\python.exe -X utf8 D:\download\BlastGame\hermes\tools\planner.py --levels 163,167,169,172,176,191,192,193,200 --output json
[17:49:50]   L163: 5 probes, judge=不合格, combo quality=404.1
[17:49:50]   L163: 5/5 tiers configured
[17:49:50]   L167: 5 probes, judge=no_combo, combo quality=?
[17:49:50]   L167: 5/5 tiers configured
[17:49:50]   L169: 5 probes, judge=不合格, combo quality=36.5
[17:49:50]   L169: 5/5 tiers configured
[17:49:50]   L172: 5 probes, judge=不合格, combo quality=103.6
[17:49:50]   L172: 5/5 tiers configured
[17:49:50]   L176: 5 probes, judge=no_combo, combo quality=?
[17:49:50]   L176: 5/5 tiers configured
[17:49:50]   L191: 5 probes, judge=不合格, combo quality=65.9
[17:49:50]   L191: 5/5 tiers configured
[17:49:50]   L192: 5 probes, judge=不合格, combo quality=55.0
[17:49:50]   L192: 5/5 tiers configured
[17:49:50]   L193: 5 probes, judge=不合格, combo quality=32.4
[17:49:50]   L193: 5/5 tiers configured
[17:49:50]   L200: 5 probes, judge=no_combo, combo quality=?
[17:49:50]   L200: 5/5 tiers configured
[17:49:50] [Phase 2/5] apply_probes → write asset
[17:49:50]   probe_configs.json updated: 9 levels
[17:49:50]   CMD [attempt 1/2]: C:\Users\Administrator\AppData\Local\hermes\hermes-agent\venv\Scripts\python.exe -X utf8 D:\download\BlastGame\hermes\tools\apply_probes.py 163,167,169,172,176,191,192,193,200
[17:49:50]     L191: ✅ Warden 通过 (5槽完整)
[17:49:50]     L191: ✅ 写入成功
[17:49:50]     L192: ✅ Warden 通过 (5槽完整)
[17:49:50]     L192: ✅ 写入成功
[17:49:50]     L193: ✅ Warden 通过 (5槽完整)
[17:49:50]     L193: ✅ 写入成功
[17:49:50]     L200: ✅ Warden 通过 (5槽完整)
[17:49:50]     L200: ✅ 写入成功
[17:49:50]     ✅ 全部完成
[17:49:50] [Preflight] asset & config check...
[17:49:50]   ✅ Preflight passed
[17:49:50] [Warden] pre-batch check...
[17:49:51]   ✅ Warden passed
[17:49:51] [Phase 3/5] submit_batch_unity → Unity bot batch
[17:49:51]   adaptive_stop=ON (round 2/6)
[17:49:51]   games=200 (探针轮200/验证轮400)
[17:49:51]   Submitting Unity batch: 9 levels × 5 tiers, timeout=13500s (225min)
[17:49:51]   CMD [attempt 1/2]: C:\Users\Administrator\AppData\Local\hermes\hermes-agent\venv\Scripts\python.exe -X utf8 D:\download\BlastGame\hermes\scripts\submit_batch_unity.py 163,167,169,172,176,191,192,193,200 --tiers 1,2,3,4,5 --games 200 --strategy scoring_opt_vg --yes --skip-agent-pipeline --adaptive-stop
