[09:57:05] ============================================================
[09:57:05]  auto_loop.py — 全自动调优编排器
[09:57:05] ============================================================
[09:57:05]  Log:        D:\download\BlastGame\hermes\auto-log\20260804_095705.log
[09:57:05]  Levels:     [159, 174, 186, 197]
[09:57:05]  Tiers:      [1, 2, 3, 4, 5]
[09:57:05]  Games/tier: 400
[09:57:05]  Strategy:   scoring_opt_vg
[09:57:05]  Max rounds: 6
[09:57:05]  Unity EXE:  C:\Program Files\Unity\Hub\Editor\6000.0.60f1\Editor\Unity.exe
[09:57:05]  Repo:       C:\Users\Administrator\Documents\BlastGame
[09:57:05] 
[09:57:05] [Auto-recovery] 检查 Unity 进程...
[09:57:05]   无 Unity 进程
[09:57:05] 
[09:57:05] ————————————————————————————————————————————————————————————
[09:57:05]  ROUND 1/6
[09:57:05]  Pending (4): 159, 174, 186, 197
[09:57:05] ————————————————————————————————————————————————————————————
[09:57:05] 
[09:57:05] [Phase 1/5] agent_analyze → combo + design_probes
[09:57:05]   CMD [attempt 1/2]: C:\Users\Administrator\AppData\Local\hermes\hermes-agent\venv\Scripts\python.exe -X utf8 D:\download\BlastGame\hermes\tools\planner.py --levels 159,174,186,197 --output json
[09:57:08]   L159: 5 probes, judge=不合格, combo quality=55.1
[09:57:08]   L159: 5/5 tiers configured
[09:57:08]   L174: 5 probes, judge=不合格, combo quality=100.6
[09:57:08]   L174: 5/5 tiers configured
[09:57:08]   L186: 5 probes, judge=不合格, combo quality=95.6
[09:57:08]   L186: 5/5 tiers configured
[09:57:08]   L197: 5 probes, judge=不合格, combo quality=139.7
[09:57:08]   L197: 5/5 tiers configured
[09:57:08] [Phase 2/5] apply_probes → write asset
[09:57:08]   probe_configs.json updated: 4 levels
[09:57:08]   CMD [attempt 1/2]: C:\Users\Administrator\AppData\Local\hermes\hermes-agent\venv\Scripts\python.exe -X utf8 D:\download\BlastGame\hermes\tools\apply_probes.py 159,174,186,197
[09:57:08]   FAIL (exit=1) attempt 1/2
[09:57:08]   Retrying in 5s...
[09:57:13]   CMD [attempt 2/2]: C:\Users\Administrator\AppData\Local\hermes\hermes-agent\venv\Scripts\python.exe -X utf8 D:\download\BlastGame\hermes\tools\apply_probes.py 159,174,186,197
[09:57:13]   FAIL (exit=1) attempt 2/2
[09:57:13]   All retries exhausted — giving up
[09:57:13]   apply_probes FAILED
[09:57:13]   apply_probes failed — skipping this round
[09:57:13] 
[09:57:13] ————————————————————————————————————————————————————————————
[09:57:13]  ROUND 2/6
[09:57:13]  Pending (4): 159, 174, 186, 197
[09:57:13] ————————————————————————————————————————————————————————————
[09:57:13] 
[09:57:13] [Phase 1/5] agent_analyze → combo + design_probes
[09:57:13]   CMD [attempt 1/2]: C:\Users\Administrator\AppData\Local\hermes\hermes-agent\venv\Scripts\python.exe -X utf8 D:\download\BlastGame\hermes\tools\planner.py --levels 159,174,186,197 --output json
[09:57:16]   L159: 5 probes, judge=不合格, combo quality=55.1
[09:57:16]   L159: 5/5 tiers configured
[09:57:16]   L174: 5 probes, judge=不合格, combo quality=100.6
[09:57:16]   L174: 5/5 tiers configured
[09:57:16]   L186: 5 probes, judge=不合格, combo quality=95.6
[09:57:16]   L186: 5/5 tiers configured
[09:57:16]   L197: 5 probes, judge=不合格, combo quality=139.7
[09:57:16]   L197: 5/5 tiers configured
[09:57:16] [Phase 2/5] apply_probes → write asset
[09:57:16]   probe_configs.json updated: 4 levels
[09:57:16]   CMD [attempt 1/2]: C:\Users\Administrator\AppData\Local\hermes\hermes-agent\venv\Scripts\python.exe -X utf8 D:\download\BlastGame\hermes\tools\apply_probes.py 159,174,186,197
[09:57:16]   FAIL (exit=1) attempt 1/2
[09:57:16]   Retrying in 5s...
[09:57:21]   CMD [attempt 2/2]: C:\Users\Administrator\AppData\Local\hermes\hermes-agent\venv\Scripts\python.exe -X utf8 D:\download\BlastGame\hermes\tools\apply_probes.py 159,174,186,197
[09:57:21]   FAIL (exit=1) attempt 2/2
[09:57:21]   All retries exhausted — giving up
[09:57:21]   apply_probes FAILED
[09:57:21]   apply_probes failed — skipping this round
[09:57:21] 
[09:57:21] ————————————————————————————————————————————————————————————
[09:57:21]  ROUND 3/6
[09:57:21]  Pending (4): 159, 174, 186, 197
[09:57:21] ————————————————————————————————————————————————————————————
[09:57:21] 
[09:57:21] [Phase 1/5] agent_analyze → combo + design_probes
[09:57:21]   CMD [attempt 1/2]: C:\Users\Administrator\AppData\Local\hermes\hermes-agent\venv\Scripts\python.exe -X utf8 D:\download\BlastGame\hermes\tools\planner.py --levels 159,174,186,197 --output json
[09:57:24]   L159: 5 probes, judge=不合格, combo quality=55.1
[09:57:24]   L159: 5/5 tiers configured
[09:57:24]   L174: 5 probes, judge=不合格, combo quality=100.6
[09:57:24]   L174: 5/5 tiers configured
[09:57:24]   L186: 5 probes, judge=不合格, combo quality=95.6
[09:57:24]   L186: 5/5 tiers configured
[09:57:24]   L197: 5 probes, judge=不合格, combo quality=139.7
[09:57:24]   L197: 5/5 tiers configured
[09:57:24] [Phase 2/5] apply_probes → write asset
[09:57:24]   probe_configs.json updated: 4 levels
[09:57:24]   CMD [attempt 1/2]: C:\Users\Administrator\AppData\Local\hermes\hermes-agent\venv\Scripts\python.exe -X utf8 D:\download\BlastGame\hermes\tools\apply_probes.py 159,174,186,197
[09:57:24]   FAIL (exit=1) attempt 1/2
[09:57:24]   Retrying in 5s...
[09:57:29]   CMD [attempt 2/2]: C:\Users\Administrator\AppData\Local\hermes\hermes-agent\venv\Scripts\python.exe -X utf8 D:\download\BlastGame\hermes\tools\apply_probes.py 159,174,186,197
[09:57:30]   FAIL (exit=1) attempt 2/2
[09:57:30]   All retries exhausted — giving up
[09:57:30]   apply_probes FAILED
[09:57:30]   apply_probes failed — skipping this round
[09:57:30] 
[09:57:30] ————————————————————————————————————————————————————————————
[09:57:30]  ROUND 4/6
[09:57:30]  Pending (4): 159, 174, 186, 197
[09:57:30] ————————————————————————————————————————————————————————————
[09:57:30] 
[09:57:30] [Phase 1/5] agent_analyze → combo + design_probes
[09:57:30]   CMD [attempt 1/2]: C:\Users\Administrator\AppData\Local\hermes\hermes-agent\venv\Scripts\python.exe -X utf8 D:\download\BlastGame\hermes\tools\planner.py --levels 159,174,186,197 --output json
[09:57:32]   L159: 5 probes, judge=不合格, combo quality=55.1
[09:57:32]   L159: 5/5 tiers configured
[09:57:32]   L174: 5 probes, judge=不合格, combo quality=100.6
[09:57:32]   L174: 5/5 tiers configured
[09:57:32]   L186: 5 probes, judge=不合格, combo quality=95.6
[09:57:32]   L186: 5/5 tiers configured
[09:57:32]   L197: 5 probes, judge=不合格, combo quality=139.7
[09:57:32]   L197: 5/5 tiers configured
[09:57:32] [Phase 2/5] apply_probes → write asset
[09:57:32]   probe_configs.json updated: 4 levels
[09:57:32]   CMD [attempt 1/2]: C:\Users\Administrator\AppData\Local\hermes\hermes-agent\venv\Scripts\python.exe -X utf8 D:\download\BlastGame\hermes\tools\apply_probes.py 159,174,186,197
[09:57:32]   FAIL (exit=1) attempt 1/2
[09:57:32]   Retrying in 5s...
[09:57:37]   CMD [attempt 2/2]: C:\Users\Administrator\AppData\Local\hermes\hermes-agent\venv\Scripts\python.exe -X utf8 D:\download\BlastGame\hermes\tools\apply_probes.py 159,174,186,197
[09:57:38]   FAIL (exit=1) attempt 2/2
[09:57:38]   All retries exhausted — giving up
[09:57:38]   apply_probes FAILED
[09:57:38]   apply_probes failed — skipping this round
[09:57:38] 
[09:57:38] ————————————————————————————————————————————————————————————
[09:57:38]  ROUND 5/6
[09:57:38]  Pending (4): 159, 174, 186, 197
[09:57:38] ————————————————————————————————————————————————————————————
[09:57:38] 
[09:57:38] [Phase 1/5] agent_analyze → combo + design_probes
[09:57:38]   CMD [attempt 1/2]: C:\Users\Administrator\AppData\Local\hermes\hermes-agent\venv\Scripts\python.exe -X utf8 D:\download\BlastGame\hermes\tools\planner.py --levels 159,174,186,197 --output json
[09:57:41]   L159: 5 probes, judge=不合格, combo quality=55.1
[09:57:41]   L159: 5/5 tiers configured
[09:57:41]   L174: 5 probes, judge=不合格, combo quality=100.6
[09:57:41]   L174: 5/5 tiers configured
[09:57:41]   L186: 5 probes, judge=不合格, combo quality=95.6
[09:57:41]   L186: 5/5 tiers configured
[09:57:41]   L197: 5 probes, judge=不合格, combo quality=139.7
[09:57:41]   L197: 5/5 tiers configured
[09:57:41] [Phase 2/5] apply_probes → write asset
[09:57:41]   probe_configs.json updated: 4 levels
[09:57:41]   CMD [attempt 1/2]: C:\Users\Administrator\AppData\Local\hermes\hermes-agent\venv\Scripts\python.exe -X utf8 D:\download\BlastGame\hermes\tools\apply_probes.py 159,174,186,197
[09:57:41]   FAIL (exit=1) attempt 1/2
[09:57:41]   Retrying in 5s...
[09:57:46]   CMD [attempt 2/2]: C:\Users\Administrator\AppData\Local\hermes\hermes-agent\venv\Scripts\python.exe -X utf8 D:\download\BlastGame\hermes\tools\apply_probes.py 159,174,186,197
[09:57:46]   FAIL (exit=1) attempt 2/2
[09:57:46]   All retries exhausted — giving up
[09:57:46]   apply_probes FAILED
[09:57:46]   apply_probes failed — skipping this round
[09:57:46] 
[09:57:46] ————————————————————————————————————————————————————————————
[09:57:46]  ROUND 6/6
[09:57:46]  Pending (4): 159, 174, 186, 197
[09:57:46] ————————————————————————————————————————————————————————————
[09:57:46] 
[09:57:46] [Phase 1/5] agent_analyze → combo + design_probes
[09:57:46]   CMD [attempt 1/2]: C:\Users\Administrator\AppData\Local\hermes\hermes-agent\venv\Scripts\python.exe -X utf8 D:\download\BlastGame\hermes\tools\planner.py --levels 159,174,186,197 --output json
[09:57:49]   L159: 5 probes, judge=不合格, combo quality=55.1
[09:57:49]   L159: 5/5 tiers configured
[09:57:49]   L174: 5 probes, judge=不合格, combo quality=100.6
[09:57:49]   L174: 5/5 tiers configured
[09:57:49]   L186: 5 probes, judge=不合格, combo quality=95.6
[09:57:49]   L186: 5/5 tiers configured
[09:57:49]   L197: 5 probes, judge=不合格, combo quality=139.7
[09:57:49]   L197: 5/5 tiers configured
[09:57:49] [Phase 2/5] apply_probes → write asset
[09:57:49]   probe_configs.json updated: 4 levels
[09:57:49]   CMD [attempt 1/2]: C:\Users\Administrator\AppData\Local\hermes\hermes-agent\venv\Scripts\python.exe -X utf8 D:\download\BlastGame\hermes\tools\apply_probes.py 159,174,186,197
[09:57:49]   FAIL (exit=1) attempt 1/2
[09:57:49]   Retrying in 5s...
[09:57:54]   CMD [attempt 2/2]: C:\Users\Administrator\AppData\Local\hermes\hermes-agent\venv\Scripts\python.exe -X utf8 D:\download\BlastGame\hermes\tools\apply_probes.py 159,174,186,197
[09:57:54]   FAIL (exit=1) attempt 2/2
[09:57:54]   All retries exhausted — giving up
[09:57:54]   apply_probes FAILED
[09:57:54]   apply_probes failed — skipping this round
[09:57:54] 
[09:57:54] ============================================================
[09:57:54]  FINAL SUMMARY
[09:57:54] ============================================================
[09:57:54]  ✅ Passed (入库):  0 levels
[09:57:54]  ❌ Failed (改关卡): 0 levels
[09:57:54]  ⚠ Errors:           0 levels
[09:57:54]  🔄 Still pending:    4 levels
[09:57:54]     L159
[09:57:54]     L174
[09:57:54]     L186
[09:57:54]     L197
[09:57:54] 
[09:57:54]  Full log: D:\download\BlastGame\hermes\auto-log\20260804_095705.log
[09:57:54]  Curator: pattern analysis complete
