[13:03:41] ============================================================
[13:03:41]  auto_loop.py — 全自动调优编排器
[13:03:41] ============================================================
[13:03:41]  Log:        D:\download\BlastGame\hermes\auto-log\20260810_130341.log
[13:03:41]  Levels:     [57]
[13:03:41]  Tiers:      [1, 2, 3, 4, 5]
[13:03:41]  Games/tier: 400
[13:03:41]  Strategy:   scoring_opt_vg
[13:03:41]  Max rounds: 6
[13:03:41]  Unity EXE:  C:\Program Files\Unity\Hub\Editor\6000.0.60f1\Editor\Unity.exe
[13:03:41]  Repo:       C:\Users\Administrator\Documents\BlastGame
[13:03:41] 
[13:03:41] [Auto-recovery] 检查 Unity 进程...
[13:03:41]   无 Unity 进程
[13:03:41] 
[13:03:41] ————————————————————————————————————————————————————————————
[13:03:41]  ROUND 1/6
[13:03:41]  Pending (1): 57
[13:03:41] ————————————————————————————————————————————————————————————
[13:03:41] 
[13:03:41] [Phase 1/5] agent_analyze → combo + design_probes
[13:03:41]   CMD [attempt 1/2]: D:\software\Python 3.13.2\python.exe -X utf8 D:\download\BlastGame\hermes\tools\planner.py --levels 57 --output json
[13:03:44]   L57: 5 probes, judge=不合格, combo quality=30.4
[13:03:44]   L57: 5/5 tiers configured
[13:03:44] [Phase 2/5] apply_probes → write asset
[13:03:44]   💾 调优前 asset 备份: 1 关 → pre_tune_backup_20260810/
[13:03:44]   probe_configs.json updated: 1 levels
[13:03:44]   CMD [attempt 1/2]: D:\software\Python 3.13.2\python.exe -X utf8 D:\download\BlastGame\hermes\tools\apply_probes.py 57
[13:03:45]     L57: ✅ Warden 通过 (5槽完整)
[13:03:45]     L57: ✅ 写入成功
[13:03:45]     ✅ 全部完成
[13:03:45] [Preflight] asset & config check...
[13:03:45]   ✅ Preflight passed
[13:03:45] [Warden] pre-batch check...
[13:03:45]   ✅ Warden passed
[13:03:45] [Phase 3/5] submit_batch_unity → Unity bot batch
[13:03:45]   adaptive_stop=ON (round 1/6)
[13:03:45]   games=200 (探针轮200/验证轮400)
[13:03:45]   Submitting Unity batch: 1 levels × 5 tiers, timeout=7200s (120min)
[13:03:45]   CMD [attempt 1/2]: D:\software\Python 3.13.2\python.exe -X utf8 D:\download\BlastGame\hermes\scripts\submit_batch_unity.py 57 --tiers 1,2,3,4,5 --games 200 --strategy scoring_opt_vg --yes --skip-agent-pipeline --adaptive-stop
[13:11:17]   Unity batch completed
[13:11:17]     === DONE ===
[13:11:17] [Phase 4/5] dump_level_pools → refresh stage-data
[13:11:17]   CMD [attempt 1/2]: D:\software\Python 3.13.2\python.exe -X utf8 D:\download\BlastGame\hermes\tools\dump_level_pools.py
[13:11:22]     可靠池覆盖分布:
[13:11:22]     ✅ D:\download\BlastGame\hermes\stage-data\_summary.json
[13:11:22]     总计: 150 关, 2878 条可靠, 2436 条参考
[13:11:22]     ✅ 完成！stage-data 已更新。
[13:11:22] [Phase 5/5] judge_level → review & verdict
[13:11:22]   🔄 L57 [normal] r1/6: 不合格 — 下一轮(1/6) — 93.3% → 93.3% → 64.0% → 51.0% → 51.0%
[13:11:22]     • 硬性违规: 目标偏差超标 — T3=64.0% 离目标75.0%偏差11.0pp>10.0pp
[13:11:22]   Round 1 done: 0 passed, 1 pending, 0 failed
[13:11:22]   💾 checkpoint saved: round 1, pending=1
[13:11:22] 
[13:11:22] ————————————————————————————————————————————————————————————
[13:11:22]  ROUND 2/6
[13:11:22]  Pending (1): 57
[13:11:22] ————————————————————————————————————————————————————————————
[13:11:22] 
[13:11:22] [Phase 1/5] agent_analyze → combo + design_probes
[13:11:22]   CMD [attempt 1/2]: D:\software\Python 3.13.2\python.exe -X utf8 D:\download\BlastGame\hermes\tools\planner.py --levels 57 --output json
[13:11:25]   L57: 5 probes, judge=不合格, combo quality=30.4
[13:11:25]   L57: 5/5 tiers configured
[13:11:25] [Phase 2/5] apply_probes → write asset
[13:11:25]   probe_configs.json updated: 1 levels
[13:11:25]   CMD [attempt 1/2]: D:\software\Python 3.13.2\python.exe -X utf8 D:\download\BlastGame\hermes\tools\apply_probes.py 57
[13:11:25]     L57: ✅ Warden 通过 (5槽完整)
[13:11:25]     L57: ✅ 写入成功
[13:11:25]     ✅ 全部完成
[13:11:25] [Preflight] asset & config check...
[13:11:25]   ✅ Preflight passed
[13:11:25] [Warden] pre-batch check...
[13:11:25]   ✅ Warden passed
[13:11:25] [Phase 3/5] submit_batch_unity → Unity bot batch
[13:11:25]   adaptive_stop=ON (round 2/6)
[13:11:25]   games=200 (探针轮200/验证轮400)
[13:11:25]   Submitting Unity batch: 1 levels × 5 tiers, timeout=7200s (120min)
[13:11:25]   CMD [attempt 1/2]: D:\software\Python 3.13.2\python.exe -X utf8 D:\download\BlastGame\hermes\scripts\submit_batch_unity.py 57 --tiers 1,2,3,4,5 --games 200 --strategy scoring_opt_vg --yes --skip-agent-pipeline --adaptive-stop
[13:17:40]   Unity batch completed
[13:17:40]     === DONE ===
[13:17:40] [Phase 4/5] dump_level_pools → refresh stage-data
[13:17:40]   CMD [attempt 1/2]: D:\software\Python 3.13.2\python.exe -X utf8 D:\download\BlastGame\hermes\tools\dump_level_pools.py
[13:17:45]     可靠池覆盖分布:
[13:17:45]     ✅ D:\download\BlastGame\hermes\stage-data\_summary.json
[13:17:45]     总计: 150 关, 2879 条可靠, 2436 条参考
[13:17:45]     ✅ 完成！stage-data 已更新。
[13:17:45] [Phase 5/5] judge_level → review & verdict
[13:17:45]   🔄 L57 [normal] r2/6: 不合格 — 下一轮(2/6) — 93.3% → 93.3% → 64.0% → 51.0% → 51.0%
[13:17:45]     • 硬性违规: 目标偏差超标 — T3=64.0% 离目标75.0%偏差11.0pp>10.0pp
[13:17:45]   Round 2 done: 0 passed, 1 pending, 0 failed
[13:17:45]   💾 checkpoint saved: round 2, pending=1
[13:17:45] 
[13:17:45] ————————————————————————————————————————————————————————————
[13:17:45]  ROUND 3/6
[13:17:45]  Pending (1): 57
[13:17:45] ————————————————————————————————————————————————————————————
[13:17:45] 
[13:17:45] [Phase 1/5] agent_analyze → combo + design_probes
[13:17:45]   CMD [attempt 1/2]: D:\software\Python 3.13.2\python.exe -X utf8 D:\download\BlastGame\hermes\tools\planner.py --levels 57 --output json
[13:17:47]   L57: 5 probes, judge=不合格, combo quality=30.4
[13:17:47]   L57: 5/5 tiers configured
[13:17:47] [Phase 2/5] apply_probes → write asset
[13:17:47]   probe_configs.json updated: 1 levels
[13:17:47]   CMD [attempt 1/2]: D:\software\Python 3.13.2\python.exe -X utf8 D:\download\BlastGame\hermes\tools\apply_probes.py 57
[13:17:47]     L57: ✅ Warden 通过 (5槽完整)
[13:17:47]     L57: ✅ 写入成功
[13:17:47]     ✅ 全部完成
[13:17:47] [Preflight] asset & config check...
[13:17:47]   ✅ Preflight passed
[13:17:47] [Warden] pre-batch check...
[13:17:48]   ✅ Warden passed
[13:17:48] [Phase 3/5] submit_batch_unity → Unity bot batch
[13:17:48]   adaptive_stop=ON (round 3/6)
[13:17:48]   games=200 (探针轮200/验证轮400)
[13:17:48]   Submitting Unity batch: 1 levels × 5 tiers, timeout=7200s (120min)
[13:17:48]   CMD [attempt 1/2]: D:\software\Python 3.13.2\python.exe -X utf8 D:\download\BlastGame\hermes\scripts\submit_batch_unity.py 57 --tiers 1,2,3,4,5 --games 200 --strategy scoring_opt_vg --yes --skip-agent-pipeline --adaptive-stop
[13:24:08]   Unity batch completed
[13:24:08]     === DONE ===
[13:24:08] [Phase 4/5] dump_level_pools → refresh stage-data
[13:24:08]   CMD [attempt 1/2]: D:\software\Python 3.13.2\python.exe -X utf8 D:\download\BlastGame\hermes\tools\dump_level_pools.py
[13:24:13]     可靠池覆盖分布:
[13:24:13]     ✅ D:\download\BlastGame\hermes\stage-data\_summary.json
[13:24:13]     总计: 150 关, 2879 条可靠, 2436 条参考
[13:24:13]     ✅ 完成！stage-data 已更新。
[13:24:13] [Phase 5/5] judge_level → review & verdict
[13:24:13]   🔄 L57 [normal] r3/6: 不合格 — 下一轮(3/6) — 93.3% → 93.3% → 64.0% → 51.0% → 51.0%
[13:24:13]     • 硬性违规: 目标偏差超标 — T3=64.0% 离目标75.0%偏差11.0pp>10.0pp
[13:24:13]   Round 3 done: 0 passed, 1 pending, 0 failed
[13:24:13]   💾 checkpoint saved: round 3, pending=1
[13:24:13] 
[13:24:13] ————————————————————————————————————————————————————————————
[13:24:13]  ROUND 4/6
[13:24:13]  Pending (1): 57
[13:24:13] ————————————————————————————————————————————————————————————
[13:24:13] 
[13:24:13] [Phase 1/5] agent_analyze → combo + design_probes
[13:24:13]   CMD [attempt 1/2]: D:\software\Python 3.13.2\python.exe -X utf8 D:\download\BlastGame\hermes\tools\planner.py --levels 57 --output json
[13:24:15]   L57: 5 probes, judge=不合格, combo quality=30.4
[13:24:15]   L57: 5/5 tiers configured
[13:24:15] [Phase 2/5] apply_probes → write asset
[13:24:15]   probe_configs.json updated: 1 levels
[13:24:15]   CMD [attempt 1/2]: D:\software\Python 3.13.2\python.exe -X utf8 D:\download\BlastGame\hermes\tools\apply_probes.py 57
[13:24:15]     L57: ✅ Warden 通过 (5槽完整)
[13:24:15]     L57: ✅ 写入成功
[13:24:15]     ✅ 全部完成
[13:24:15] [Preflight] asset & config check...
[13:24:15]   ✅ Preflight passed
[13:24:15] [Warden] pre-batch check...
[13:24:16]   ✅ Warden passed
[13:24:16] [Phase 3/5] submit_batch_unity → Unity bot batch
[13:24:16]   adaptive_stop=ON (round 4/6)
[13:24:16]   games=200 (探针轮200/验证轮400)
[13:24:16]   Submitting Unity batch: 1 levels × 5 tiers, timeout=7200s (120min)
[13:24:16]   CMD [attempt 1/2]: D:\software\Python 3.13.2\python.exe -X utf8 D:\download\BlastGame\hermes\scripts\submit_batch_unity.py 57 --tiers 1,2,3,4,5 --games 200 --strategy scoring_opt_vg --yes --skip-agent-pipeline --adaptive-stop
[13:30:30]   Unity batch completed
[13:30:30]     === DONE ===
[13:30:30] [Phase 4/5] dump_level_pools → refresh stage-data
[13:30:30]   CMD [attempt 1/2]: D:\software\Python 3.13.2\python.exe -X utf8 D:\download\BlastGame\hermes\tools\dump_level_pools.py
[13:30:35]     可靠池覆盖分布:
[13:30:35]     ✅ D:\download\BlastGame\hermes\stage-data\_summary.json
[13:30:35]     总计: 150 关, 2879 条可靠, 2436 条参考
[13:30:35]     ✅ 完成！stage-data 已更新。
[13:30:35] [Phase 5/5] judge_level → review & verdict
[13:30:35]   🔄 L57 [normal] r4/6: 不合格 — 下一轮(4/6) — 93.3% → 93.3% → 64.0% → 51.0% → 51.0%
[13:30:35]     • 硬性违规: 目标偏差超标 — T3=64.0% 离目标75.0%偏差11.0pp>10.0pp
[13:30:35]   Round 4 done: 0 passed, 1 pending, 0 failed
[13:30:35]   💾 checkpoint saved: round 4, pending=1
[13:30:35] 
[13:30:35] ————————————————————————————————————————————————————————————
[13:30:35]  ROUND 5/6
[13:30:35]  Pending (1): 57
[13:30:35] ————————————————————————————————————————————————————————————
[13:30:35] 
[13:30:35] [Phase 1/5] agent_analyze → combo + design_probes
[13:30:35]   CMD [attempt 1/2]: D:\software\Python 3.13.2\python.exe -X utf8 D:\download\BlastGame\hermes\tools\planner.py --levels 57 --output json
[13:30:37]   L57: 5 probes, judge=不合格, combo quality=30.4
[13:30:37]   L57: 5/5 tiers configured
[13:30:37] [Phase 2/5] apply_probes → write asset
[13:30:37]   probe_configs.json updated: 1 levels
[13:30:37]   CMD [attempt 1/2]: D:\software\Python 3.13.2\python.exe -X utf8 D:\download\BlastGame\hermes\tools\apply_probes.py 57
[13:30:38]     L57: ✅ Warden 通过 (5槽完整)
[13:30:38]     L57: ✅ 写入成功
[13:30:38]     ✅ 全部完成
[13:30:38] [Preflight] asset & config check...
[13:30:38]   ✅ Preflight passed
[13:30:38] [Warden] pre-batch check...
[13:30:38]   ✅ Warden passed
[13:30:38] [Phase 3/5] submit_batch_unity → Unity bot batch
[13:30:38]   adaptive_stop=ON (round 5/6)
[13:30:38]   games=200 (探针轮200/验证轮400)
[13:30:38]   Submitting Unity batch: 1 levels × 5 tiers, timeout=7200s (120min)
[13:30:38]   CMD [attempt 1/2]: D:\software\Python 3.13.2\python.exe -X utf8 D:\download\BlastGame\hermes\scripts\submit_batch_unity.py 57 --tiers 1,2,3,4,5 --games 200 --strategy scoring_opt_vg --yes --skip-agent-pipeline --adaptive-stop
[13:36:59]   Unity batch completed
[13:36:59]     === DONE ===
[13:36:59] [Phase 4/5] dump_level_pools → refresh stage-data
[13:36:59]   CMD [attempt 1/2]: D:\software\Python 3.13.2\python.exe -X utf8 D:\download\BlastGame\hermes\tools\dump_level_pools.py
[13:37:04]     可靠池覆盖分布:
[13:37:04]     ✅ D:\download\BlastGame\hermes\stage-data\_summary.json
[13:37:04]     总计: 150 关, 2879 条可靠, 2436 条参考
[13:37:04]     ✅ 完成！stage-data 已更新。
[13:37:04] [Phase 5/5] judge_level → review & verdict
[13:37:04]   🔄 L57 [normal] r5/6: 不合格 — 下一轮(5/6) — 93.3% → 93.3% → 64.0% → 51.0% → 51.0%
[13:37:04]     • 硬性违规: 目标偏差超标 — T3=64.0% 离目标75.0%偏差11.0pp>10.0pp
[13:37:04]   Round 5 done: 0 passed, 1 pending, 0 failed
[13:37:04]   💾 checkpoint saved: round 5, pending=1
[13:37:04] 
[13:37:04] ————————————————————————————————————————————————————————————
[13:37:04]  ROUND 6/6
[13:37:04]  Pending (1): 57
[13:37:04] ————————————————————————————————————————————————————————————
[13:37:04] 
[13:37:04] [Phase 1/5] agent_analyze → combo + design_probes
[13:37:04]   CMD [attempt 1/2]: D:\software\Python 3.13.2\python.exe -X utf8 D:\download\BlastGame\hermes\tools\planner.py --levels 57 --output json
[13:37:06]   L57: 5 probes, judge=不合格, combo quality=30.4
[13:37:06]   L57: 5/5 tiers configured
[13:37:06] [Phase 2/5] apply_probes → write asset
[13:37:06]   probe_configs.json updated: 1 levels
[13:37:06]   CMD [attempt 1/2]: D:\software\Python 3.13.2\python.exe -X utf8 D:\download\BlastGame\hermes\tools\apply_probes.py 57
[13:37:06]     L57: ✅ Warden 通过 (5槽完整)
[13:37:06]     L57: ✅ 写入成功
[13:37:06]     ✅ 全部完成
[13:37:06] [Preflight] asset & config check...
[13:37:06]   ✅ Preflight passed
[13:37:06] [Warden] pre-batch check...
[13:37:06]   ✅ Warden passed
[13:37:06] [Phase 3/5] submit_batch_unity → Unity bot batch
[13:37:06]   adaptive_stop=OFF (round 6/6)
[13:37:06]   games=400 (探针轮200/验证轮400)
[13:37:06]   Submitting Unity batch: 1 levels × 5 tiers, timeout=7200s (120min)
[13:37:06]   CMD [attempt 1/2]: D:\software\Python 3.13.2\python.exe -X utf8 D:\download\BlastGame\hermes\scripts\submit_batch_unity.py 57 --tiers 1,2,3,4,5 --games 400 --strategy scoring_opt_vg --yes --skip-agent-pipeline
[13:47:42]   Unity batch completed
[13:47:42]     === DONE ===
[13:47:42] [Phase 4/5] dump_level_pools → refresh stage-data
[13:47:42]   CMD [attempt 1/2]: D:\software\Python 3.13.2\python.exe -X utf8 D:\download\BlastGame\hermes\tools\dump_level_pools.py
[13:47:47]     可靠池覆盖分布:
[13:47:47]     ✅ D:\download\BlastGame\hermes\stage-data\_summary.json
[13:47:47]     总计: 150 关, 2879 条可靠, 2436 条参考
[13:47:47]     ✅ 完成！stage-data 已更新。
[13:47:47] [Phase 5/5] judge_level → review & verdict
[13:47:47]   🔄 L57 [normal] r6/6: 不合格 — 改关卡 — 93.3% → 93.3% → 64.0% → 51.0% → 51.0%
[13:47:47]     • 硬性违规: 目标偏差超标 — T3=64.0% 离目标75.0%偏差11.0pp>10.0pp
[13:47:47]   ❌ L57 MAX ROUNDS (6) → 待用户确认改关卡
[13:47:47]     ⏳ L57 满 6 轮仍不合格，待用户确认是否改关卡
[13:47:47]     ⏳   判定原因: 硬性违规: 目标偏差超标 — T3=64.0% 离目标75.0%偏差11.0pp>10.0pp
[13:47:47]     ⏳   需要时由主 agent 手动 retire_level 设时间防线
[13:47:47]   Round 6 done: 0 passed, 0 pending, 1 failed
[13:47:47]   💾 checkpoint saved: round 6, pending=0
[13:47:47]  FINAL SUMMARY
[13:47:47] ============================================================
[13:47:47]  ✅ Passed (入库):  0 levels
[13:47:47]  ❌ Failed (改关卡): 1 levels
[13:47:47]     L57 [normal] r6 — 93.3% → 93.3% → 64.0% → 51.0% → 51.0%
[13:47:47]         硬性违规: 目标偏差超标 — T3=64.0% 离目标75.0%偏差11.0pp>10.0pp
[13:47:47]  ⚠ Errors:           0 levels
[13:47:47]  🔄 Still pending:    0 levels
[13:47:47] 
[13:47:47]  Full log: D:\download\BlastGame\hermes\auto-log\20260810_130341.log
[13:47:47]  Curator: pattern analysis complete
