[21:38:33] ============================================================
[21:38:33]  auto_loop.py — 全自动调优编排器
[21:38:33] ============================================================
[21:38:33]  Log:        D:\download\BlastGame\hermes\auto-log\20260806_213833.log
[21:38:33]  Levels:     [132]
[21:38:33]  Tiers:      [1, 2, 3, 4, 5]
[21:38:33]  Games/tier: 400
[21:38:33]  Strategy:   scoring_opt_vg
[21:38:33]  Max rounds: 6
[21:38:33]  Unity EXE:  C:\Program Files\Unity\Hub\Editor\6000.0.60f1\Editor\Unity.exe
[21:38:33]  Repo:       C:\Users\Administrator\Documents\BlastGame
[21:38:33] 
[21:38:33] [Auto-recovery] 检查 Unity 进程...
[21:38:33]   无 Unity 进程
[21:38:33] 
[21:38:33] ————————————————————————————————————————————————————————————
[21:38:33]  ROUND 1/6
[21:38:33]  Pending (1): 132
[21:38:33] ————————————————————————————————————————————————————————————
[21:38:33] 
[21:38:33] [Phase 1/5] agent_analyze → combo + design_probes
[21:38:33]   CMD [attempt 1/2]: D:\software\Python 3.13.2\python.exe -X utf8 D:\download\BlastGame\hermes\tools\planner.py --levels 132 --output json
[21:38:35]   L132: 5 probes, judge=不合格, combo quality=23.9
[21:38:35]   L132: 5/5 tiers configured
[21:38:35] [Phase 2/5] apply_probes → write asset
[21:38:35]   probe_configs.json updated: 1 levels
[21:38:35]   CMD [attempt 1/2]: D:\software\Python 3.13.2\python.exe -X utf8 D:\download\BlastGame\hermes\tools\apply_probes.py 132
[21:38:35]     L132: ✅ Warden 通过 (5槽完整)
[21:38:35]     L132: ✅ 写入成功
[21:38:35]     ✅ 全部完成
[21:38:35] [Preflight] asset & config check...
[21:38:36]   ✅ Preflight passed
[21:38:36] [Warden] pre-batch check...
[21:38:36]   ✅ Warden passed
[21:38:36] [Phase 3/5] submit_batch_unity → Unity bot batch
[21:38:36]   adaptive_stop=ON (round 1/6)
[21:38:36]   Submitting Unity batch: 1 levels × 5 tiers, timeout=7200s (120min)
[21:38:36]   CMD [attempt 1/2]: D:\software\Python 3.13.2\python.exe -X utf8 D:\download\BlastGame\hermes\scripts\submit_batch_unity.py 132 --tiers 1,2,3,4,5 --games 400 --strategy scoring_opt_vg --yes --skip-agent-pipeline --adaptive-stop
[21:47:11]   Unity batch completed
[21:47:11]     === DONE ===
[21:47:11] [Phase 4/5] dump_level_pools → refresh stage-data
[21:47:11]   CMD [attempt 1/2]: D:\software\Python 3.13.2\python.exe -X utf8 D:\download\BlastGame\hermes\tools\dump_level_pools.py
[21:47:15]     可靠池覆盖分布:
[21:47:15]     ✅ D:\download\BlastGame\hermes\stage-data\_summary.json
[21:47:15]     总计: 150 关, 2218 条可靠, 1823 条参考
[21:47:15]     ✅ 完成！stage-data 已更新。
[21:47:15] [Phase 5/5] judge_level → review & verdict
[21:47:15]   🔄 L132 [normal] r4/6: 不合格 — 下一轮(4/6) — 83.0% → 83.0% → 58.0% → 43.9% → 43.9%
[21:47:15]     • 硬性违规: Normal T3=58.0<60%
[21:47:15]   Round 1 done: 0 passed, 1 pending, 0 failed
[21:47:15] 
[21:47:15] ————————————————————————————————————————————————————————————
[21:47:15]  ROUND 2/6
[21:47:15]  Pending (1): 132
[21:47:15] ————————————————————————————————————————————————————————————
[21:47:15] 
[21:47:15] [Phase 1/5] agent_analyze → combo + design_probes
[21:47:15]   CMD [attempt 1/2]: D:\software\Python 3.13.2\python.exe -X utf8 D:\download\BlastGame\hermes\tools\planner.py --levels 132 --output json
[21:47:17]   L132: 5 probes, judge=不合格, combo quality=20.7
[21:47:17]   L132: 5/5 tiers configured
[21:47:17] [Phase 2/5] apply_probes → write asset
[21:47:17]   probe_configs.json updated: 1 levels
[21:47:17]   CMD [attempt 1/2]: D:\software\Python 3.13.2\python.exe -X utf8 D:\download\BlastGame\hermes\tools\apply_probes.py 132
[21:47:17]     L132: ✅ Warden 通过 (5槽完整)
[21:47:17]     L132: ✅ 写入成功
[21:47:17]     ✅ 全部完成
[21:47:17] [Preflight] asset & config check...
[21:47:17]   ✅ Preflight passed
[21:47:17] [Warden] pre-batch check...
[21:47:18]   ✅ Warden passed
[21:47:18] [Phase 3/5] submit_batch_unity → Unity bot batch
[21:47:18]   adaptive_stop=ON (round 2/6)
[21:47:18]   Submitting Unity batch: 1 levels × 5 tiers, timeout=7200s (120min)
[21:47:18]   CMD [attempt 1/2]: D:\software\Python 3.13.2\python.exe -X utf8 D:\download\BlastGame\hermes\scripts\submit_batch_unity.py 132 --tiers 1,2,3,4,5 --games 400 --strategy scoring_opt_vg --yes --skip-agent-pipeline --adaptive-stop
[21:56:23]   Unity batch completed
[21:56:23]     === DONE ===
[21:56:23] [Phase 4/5] dump_level_pools → refresh stage-data
[21:56:23]   CMD [attempt 1/2]: D:\software\Python 3.13.2\python.exe -X utf8 D:\download\BlastGame\hermes\tools\dump_level_pools.py
[21:56:27]     可靠池覆盖分布:
[21:56:27]     ✅ D:\download\BlastGame\hermes\stage-data\_summary.json
[21:56:27]     总计: 150 关, 2219 条可靠, 1823 条参考
[21:56:27]     ✅ 完成！stage-data 已更新。
[21:56:27] [Phase 5/5] judge_level → review & verdict
[21:56:27]   🔄 L132 [normal] r5/6: 不合格 — 下一轮(5/6) — 83.0% → 83.0% → 58.0% → 44.0% → 44.0%
[21:56:27]     • 硬性违规: Normal T3=58.0<60%
[21:56:27]   Round 2 done: 0 passed, 1 pending, 0 failed
[21:56:27] 
[21:56:27] ————————————————————————————————————————————————————————————
[21:56:27]  ROUND 3/6
[21:56:27]  Pending (1): 132
[21:56:27] ————————————————————————————————————————————————————————————
[21:56:27] 
[21:56:27] [Phase 1/5] agent_analyze → combo + design_probes
[21:56:27]   CMD [attempt 1/2]: D:\software\Python 3.13.2\python.exe -X utf8 D:\download\BlastGame\hermes\tools\planner.py --levels 132 --output json
[21:56:29]   L132: 5 probes, judge=不合格, combo quality=20.4
[21:56:29]   L132: 5/5 tiers configured
[21:56:29] [Phase 2/5] apply_probes → write asset
[21:56:29]   probe_configs.json updated: 1 levels
[21:56:29]   CMD [attempt 1/2]: D:\software\Python 3.13.2\python.exe -X utf8 D:\download\BlastGame\hermes\tools\apply_probes.py 132
[21:56:29]     L132: ✅ Warden 通过 (5槽完整)
[21:56:29]     L132: ✅ 写入成功
[21:56:29]     ✅ 全部完成
[21:56:29] [Preflight] asset & config check...
[21:56:29]   ✅ Preflight passed
[21:56:29] [Warden] pre-batch check...
[21:56:29]   ✅ Warden passed
[21:56:29] [Phase 3/5] submit_batch_unity → Unity bot batch
[21:56:29]   adaptive_stop=ON (round 3/6)
[21:56:29]   Submitting Unity batch: 1 levels × 5 tiers, timeout=7200s (120min)
[21:56:29]   CMD [attempt 1/2]: D:\software\Python 3.13.2\python.exe -X utf8 D:\download\BlastGame\hermes\scripts\submit_batch_unity.py 132 --tiers 1,2,3,4,5 --games 400 --strategy scoring_opt_vg --yes --skip-agent-pipeline --adaptive-stop
[22:05:44]   Unity batch completed
[22:05:44]     === DONE ===
[22:05:44] [Phase 4/5] dump_level_pools → refresh stage-data
[22:05:44]   CMD [attempt 1/2]: D:\software\Python 3.13.2\python.exe -X utf8 D:\download\BlastGame\hermes\tools\dump_level_pools.py
[22:05:48]     可靠池覆盖分布:
[22:05:48]     ✅ D:\download\BlastGame\hermes\stage-data\_summary.json
[22:05:48]     总计: 150 关, 2219 条可靠, 1823 条参考
[22:05:48]     ✅ 完成！stage-data 已更新。
[22:05:48] [Phase 5/5] judge_level → review & verdict
[22:05:48]   🔄 L132 [normal] r5/6: 不合格 — 改关卡 — 83.0% → 83.0% → 58.0% → 43.9% → 43.9%
[22:05:48]     • 硬性违规: Normal T3=58.0<60%
[22:05:48]   Round 3 done: 0 passed, 1 pending, 0 failed
[22:05:48] 
[22:05:48] ————————————————————————————————————————————————————————————
[22:05:48]  ROUND 4/6
[22:05:48]  Pending (1): 132
[22:05:48] ————————————————————————————————————————————————————————————
[22:05:48] 
[22:05:48] [Phase 1/5] agent_analyze → combo + design_probes
[22:05:48]   CMD [attempt 1/2]: D:\software\Python 3.13.2\python.exe -X utf8 D:\download\BlastGame\hermes\tools\planner.py --levels 132 --output json
[22:05:50]   L132: 5 probes, judge=不合格, combo quality=20.7
[22:05:50]   L132: 5/5 tiers configured
[22:05:50] [Phase 2/5] apply_probes → write asset
[22:05:50]   probe_configs.json updated: 1 levels
[22:05:50]   CMD [attempt 1/2]: D:\software\Python 3.13.2\python.exe -X utf8 D:\download\BlastGame\hermes\tools\apply_probes.py 132
[22:05:50]     L132: ✅ Warden 通过 (5槽完整)
[22:05:50]     L132: ✅ 写入成功
[22:05:50]     ✅ 全部完成
[22:05:50] [Preflight] asset & config check...
[22:05:50]   ✅ Preflight passed
[22:05:50] [Warden] pre-batch check...
[22:05:50]   ✅ Warden passed
[22:05:50] [Phase 3/5] submit_batch_unity → Unity bot batch
[22:05:50]   adaptive_stop=ON (round 4/6)
[22:05:50]   Submitting Unity batch: 1 levels × 5 tiers, timeout=7200s (120min)
[22:05:50]   CMD [attempt 1/2]: D:\software\Python 3.13.2\python.exe -X utf8 D:\download\BlastGame\hermes\scripts\submit_batch_unity.py 132 --tiers 1,2,3,4,5 --games 400 --strategy scoring_opt_vg --yes --skip-agent-pipeline --adaptive-stop
