[11:22:17] ============================================================
[11:22:17]  auto_loop.py — 全自动调优编排器
[11:22:17] ============================================================
[11:22:17]  Log:        D:\download\BlastGame\hermes\auto-log\20260803_112217.log
[11:22:17]  Levels:     [153, 154, 182, 198]
[11:22:17]  Tiers:      [1, 2, 3, 4, 5]
[11:22:17]  Games/tier: 400
[11:22:17]  Strategy:   scoring_opt_vg
[11:22:17]  Max rounds: 6
[11:22:17]  Unity EXE:  C:\Program Files\Unity\Hub\Editor\6000.0.60f1\Editor\Unity.exe
[11:22:17]  Repo:       C:\Users\Administrator\Documents\BlastGame
[11:22:17] 
[11:22:17] 
[11:22:17] ————————————————————————————————————————————————————————————
[11:22:17]  ROUND 1/6
[11:22:17]  Pending (4): 153, 154, 182, 198
[11:22:17] ————————————————————————————————————————————————————————————
[11:22:17] 
[11:22:17] [Phase 1/5] agent_analyze → combo + design_probes
[11:22:17]   CMD [attempt 1/2]: C:\Users\Administrator\AppData\Local\hermes\hermes-agent\venv\Scripts\python.exe -X utf8 D:\download\BlastGame\hermes\tools\planner.py --levels 153,154,182,198 --output json
[11:22:21]   L153: 0 probes, judge=不合格, combo quality=65.8
[11:22:21]   L153: 5/5 tiers configured
[11:22:21]   L154: 0 probes, judge=不合格, combo quality=107.2
[11:22:21]   L154: 5/5 tiers configured
[11:22:21]   L182: 0 probes, judge=不合格, combo quality=158.6
[11:22:21]   L182: 5/5 tiers configured
[11:22:21]   L198: 0 probes, judge=不合格, combo quality=20.7
[11:22:21]   L198: 5/5 tiers configured
[11:22:21] [Phase 2/5] apply_probes → write asset
[11:22:21]   probe_configs.json updated: 4 levels
[11:22:21]   CMD [attempt 1/2]: C:\Users\Administrator\AppData\Local\hermes\hermes-agent\venv\Scripts\python.exe -X utf8 D:\download\BlastGame\hermes\tools\apply_probes.py 153,154,182,198
[11:22:21]     L153: ✅ Warden 通过 (sd跨度/5槽/ratios多样性)
[11:22:21]     L153: ✅ 写入成功
[11:22:21]     L154: ✅ Warden 通过 (sd跨度/5槽/ratios多样性)
[11:22:21]     L154: ✅ 写入成功
[11:22:21]     L182: ✅ Warden 通过 (sd跨度/5槽/ratios多样性)
[11:22:21]     L182: ✅ 写入成功
[11:22:21]     L198: ✅ Warden 通过 (sd跨度/5槽/ratios多样性)
[11:22:21]     L198: ✅ 写入成功
[11:22:21]     ✅ 全部完成
[11:22:21] [Preflight] asset & config check...
[11:22:21]   ✅ Preflight passed
[11:22:21] [Warden] pre-batch check...
[11:22:22]   ⛔ Warden BLOCKED batch. Fix violations before retry.
[11:22:22]     [WARDEN] BLOCKED:
[11:22:22]     [W04] unity_lock — Unity.exe 仍在运行，先关闭
[11:22:22] 
[11:22:22] ————————————————————————————————————————————————————————————
[11:22:22]  ROUND 2/6
[11:22:22]  Pending (4): 153, 154, 182, 198
[11:22:22] ————————————————————————————————————————————————————————————
[11:22:22] 
[11:22:22] [Phase 1/5] agent_analyze → combo + design_probes
[11:22:22]   CMD [attempt 1/2]: C:\Users\Administrator\AppData\Local\hermes\hermes-agent\venv\Scripts\python.exe -X utf8 D:\download\BlastGame\hermes\tools\planner.py --levels 153,154,182,198 --output json
[11:22:25]   L153: 0 probes, judge=不合格, combo quality=65.8
[11:22:25]   L153: 5/5 tiers configured
[11:22:25]   L154: 0 probes, judge=不合格, combo quality=107.2
[11:22:25]   L154: 5/5 tiers configured
[11:22:25]   L182: 0 probes, judge=不合格, combo quality=158.6
[11:22:25]   L182: 5/5 tiers configured
[11:22:25]   L198: 0 probes, judge=不合格, combo quality=20.7
[11:22:25]   L198: 5/5 tiers configured
[11:22:25] [Phase 2/5] apply_probes → write asset
[11:22:25]   probe_configs.json updated: 4 levels
[11:22:25]   CMD [attempt 1/2]: C:\Users\Administrator\AppData\Local\hermes\hermes-agent\venv\Scripts\python.exe -X utf8 D:\download\BlastGame\hermes\tools\apply_probes.py 153,154,182,198
[11:22:25]     L153: ✅ Warden 通过 (sd跨度/5槽/ratios多样性)
[11:22:25]     L153: ✅ 写入成功
[11:22:25]     L154: ✅ Warden 通过 (sd跨度/5槽/ratios多样性)
[11:22:25]     L154: ✅ 写入成功
[11:22:25]     L182: ✅ Warden 通过 (sd跨度/5槽/ratios多样性)
[11:22:25]     L182: ✅ 写入成功
[11:22:25]     L198: ✅ Warden 通过 (sd跨度/5槽/ratios多样性)
[11:22:25]     L198: ✅ 写入成功
[11:22:25]     ✅ 全部完成
[11:22:25] [Preflight] asset & config check...
[11:22:25]   ✅ Preflight passed
[11:22:25] [Warden] pre-batch check...
[11:22:25]   ⛔ Warden BLOCKED batch. Fix violations before retry.
[11:22:25]     [WARDEN] BLOCKED:
[11:22:25]     [W04] unity_lock — Unity.exe 仍在运行，先关闭
[11:22:25] 
[11:22:25] ————————————————————————————————————————————————————————————
[11:22:25]  ROUND 3/6
[11:22:25]  Pending (4): 153, 154, 182, 198
[11:22:25] ————————————————————————————————————————————————————————————
[11:22:25] 
[11:22:25] [Phase 1/5] agent_analyze → combo + design_probes
[11:22:25]   CMD [attempt 1/2]: C:\Users\Administrator\AppData\Local\hermes\hermes-agent\venv\Scripts\python.exe -X utf8 D:\download\BlastGame\hermes\tools\planner.py --levels 153,154,182,198 --output json
[11:22:28]   L153: 0 probes, judge=不合格, combo quality=65.8
[11:22:28]   L153: 5/5 tiers configured
[11:22:28]   L154: 0 probes, judge=不合格, combo quality=107.2
[11:22:28]   L154: 5/5 tiers configured
[11:22:28]   L182: 0 probes, judge=不合格, combo quality=158.6
[11:22:28]   L182: 5/5 tiers configured
[11:22:28]   L198: 0 probes, judge=不合格, combo quality=20.7
[11:22:28]   L198: 5/5 tiers configured
[11:22:28] [Phase 2/5] apply_probes → write asset
[11:22:28]   probe_configs.json updated: 4 levels
[11:22:28]   CMD [attempt 1/2]: C:\Users\Administrator\AppData\Local\hermes\hermes-agent\venv\Scripts\python.exe -X utf8 D:\download\BlastGame\hermes\tools\apply_probes.py 153,154,182,198
[11:22:28]     L153: ✅ Warden 通过 (sd跨度/5槽/ratios多样性)
[11:22:28]     L153: ✅ 写入成功
[11:22:28]     L154: ✅ Warden 通过 (sd跨度/5槽/ratios多样性)
[11:22:28]     L154: ✅ 写入成功
[11:22:28]     L182: ✅ Warden 通过 (sd跨度/5槽/ratios多样性)
[11:22:28]     L182: ✅ 写入成功
[11:22:28]     L198: ✅ Warden 通过 (sd跨度/5槽/ratios多样性)
[11:22:28]     L198: ✅ 写入成功
[11:22:28]     ✅ 全部完成
[11:22:28] [Preflight] asset & config check...
[11:22:28]   ✅ Preflight passed
[11:22:28] [Warden] pre-batch check...
[11:22:29]   ⛔ Warden BLOCKED batch. Fix violations before retry.
[11:22:29]     [WARDEN] BLOCKED:
[11:22:29]     [W04] unity_lock — Unity.exe 仍在运行，先关闭
[11:22:29] 
[11:22:29] ————————————————————————————————————————————————————————————
[11:22:29]  ROUND 4/6
[11:22:29]  Pending (4): 153, 154, 182, 198
[11:22:29] ————————————————————————————————————————————————————————————
[11:22:29] 
[11:22:29] [Phase 1/5] agent_analyze → combo + design_probes
[11:22:29]   CMD [attempt 1/2]: C:\Users\Administrator\AppData\Local\hermes\hermes-agent\venv\Scripts\python.exe -X utf8 D:\download\BlastGame\hermes\tools\planner.py --levels 153,154,182,198 --output json
[11:22:31]   L153: 0 probes, judge=不合格, combo quality=65.8
[11:22:31]   L153: 5/5 tiers configured
[11:22:31]   L154: 0 probes, judge=不合格, combo quality=107.2
[11:22:31]   L154: 5/5 tiers configured
[11:22:31]   L182: 0 probes, judge=不合格, combo quality=158.6
[11:22:31]   L182: 5/5 tiers configured
[11:22:31]   L198: 0 probes, judge=不合格, combo quality=20.7
[11:22:31]   L198: 5/5 tiers configured
[11:22:31] [Phase 2/5] apply_probes → write asset
[11:22:31]   probe_configs.json updated: 4 levels
[11:22:31]   CMD [attempt 1/2]: C:\Users\Administrator\AppData\Local\hermes\hermes-agent\venv\Scripts\python.exe -X utf8 D:\download\BlastGame\hermes\tools\apply_probes.py 153,154,182,198
[11:22:32]     L153: ✅ Warden 通过 (sd跨度/5槽/ratios多样性)
[11:22:32]     L153: ✅ 写入成功
[11:22:32]     L154: ✅ Warden 通过 (sd跨度/5槽/ratios多样性)
[11:22:32]     L154: ✅ 写入成功
[11:22:32]     L182: ✅ Warden 通过 (sd跨度/5槽/ratios多样性)
[11:22:32]     L182: ✅ 写入成功
[11:22:32]     L198: ✅ Warden 通过 (sd跨度/5槽/ratios多样性)
[11:22:32]     L198: ✅ 写入成功
[11:22:32]     ✅ 全部完成
[11:22:32] [Preflight] asset & config check...
[11:22:32]   ✅ Preflight passed
[11:22:32] [Warden] pre-batch check...
[11:22:32]   ⛔ Warden BLOCKED batch. Fix violations before retry.
[11:22:32]     [WARDEN] BLOCKED:
[11:22:32]     [W04] unity_lock — Unity.exe 仍在运行，先关闭
[11:22:32] 
[11:22:32] ————————————————————————————————————————————————————————————
[11:22:32]  ROUND 5/6
[11:22:32]  Pending (4): 153, 154, 182, 198
[11:22:32] ————————————————————————————————————————————————————————————
[11:22:32] 
[11:22:32] [Phase 1/5] agent_analyze → combo + design_probes
[11:22:32]   CMD [attempt 1/2]: C:\Users\Administrator\AppData\Local\hermes\hermes-agent\venv\Scripts\python.exe -X utf8 D:\download\BlastGame\hermes\tools\planner.py --levels 153,154,182,198 --output json
[11:22:35]   L153: 0 probes, judge=不合格, combo quality=65.8
[11:22:35]   L153: 5/5 tiers configured
[11:22:35]   L154: 0 probes, judge=不合格, combo quality=107.2
[11:22:35]   L154: 5/5 tiers configured
[11:22:35]   L182: 0 probes, judge=不合格, combo quality=158.6
[11:22:35]   L182: 5/5 tiers configured
[11:22:35]   L198: 0 probes, judge=不合格, combo quality=20.7
[11:22:35]   L198: 5/5 tiers configured
[11:22:35] [Phase 2/5] apply_probes → write asset
[11:22:35]   probe_configs.json updated: 4 levels
[11:22:35]   CMD [attempt 1/2]: C:\Users\Administrator\AppData\Local\hermes\hermes-agent\venv\Scripts\python.exe -X utf8 D:\download\BlastGame\hermes\tools\apply_probes.py 153,154,182,198
[11:22:35]     L153: ✅ Warden 通过 (sd跨度/5槽/ratios多样性)
[11:22:35]     L153: ✅ 写入成功
[11:22:35]     L154: ✅ Warden 通过 (sd跨度/5槽/ratios多样性)
[11:22:35]     L154: ✅ 写入成功
[11:22:35]     L182: ✅ Warden 通过 (sd跨度/5槽/ratios多样性)
[11:22:35]     L182: ✅ 写入成功
[11:22:35]     L198: ✅ Warden 通过 (sd跨度/5槽/ratios多样性)
[11:22:35]     L198: ✅ 写入成功
[11:22:35]     ✅ 全部完成
[11:22:35] [Preflight] asset & config check...
[11:22:35]   ✅ Preflight passed
[11:22:35] [Warden] pre-batch check...
[11:22:36]   ⛔ Warden BLOCKED batch. Fix violations before retry.
[11:22:36]     [WARDEN] BLOCKED:
[11:22:36]     [W04] unity_lock — Unity.exe 仍在运行，先关闭
[11:22:36] 
[11:22:36] ————————————————————————————————————————————————————————————
[11:22:36]  ROUND 6/6
[11:22:36]  Pending (4): 153, 154, 182, 198
[11:22:36] ————————————————————————————————————————————————————————————
[11:22:36] 
[11:22:36] [Phase 1/5] agent_analyze → combo + design_probes
[11:22:36]   CMD [attempt 1/2]: C:\Users\Administrator\AppData\Local\hermes\hermes-agent\venv\Scripts\python.exe -X utf8 D:\download\BlastGame\hermes\tools\planner.py --levels 153,154,182,198 --output json
[11:22:39]   L153: 0 probes, judge=不合格, combo quality=65.8
[11:22:39]   L153: 5/5 tiers configured
[11:22:39]   L154: 0 probes, judge=不合格, combo quality=107.2
[11:22:39]   L154: 5/5 tiers configured
[11:22:39]   L182: 0 probes, judge=不合格, combo quality=158.6
[11:22:39]   L182: 5/5 tiers configured
[11:22:39]   L198: 0 probes, judge=不合格, combo quality=20.7
[11:22:39]   L198: 5/5 tiers configured
[11:22:39] [Phase 2/5] apply_probes → write asset
[11:22:39]   probe_configs.json updated: 4 levels
[11:22:39]   CMD [attempt 1/2]: C:\Users\Administrator\AppData\Local\hermes\hermes-agent\venv\Scripts\python.exe -X utf8 D:\download\BlastGame\hermes\tools\apply_probes.py 153,154,182,198
[11:22:39]     L153: ✅ Warden 通过 (sd跨度/5槽/ratios多样性)
[11:22:39]     L153: ✅ 写入成功
[11:22:39]     L154: ✅ Warden 通过 (sd跨度/5槽/ratios多样性)
[11:22:39]     L154: ✅ 写入成功
[11:22:39]     L182: ✅ Warden 通过 (sd跨度/5槽/ratios多样性)
[11:22:39]     L182: ✅ 写入成功
[11:22:39]     L198: ✅ Warden 通过 (sd跨度/5槽/ratios多样性)
[11:22:39]     L198: ✅ 写入成功
[11:22:39]     ✅ 全部完成
[11:22:39] [Preflight] asset & config check...
[11:22:39]   ✅ Preflight passed
[11:22:39] [Warden] pre-batch check...
[11:22:39]   ⛔ Warden BLOCKED batch. Fix violations before retry.
[11:22:39]     [WARDEN] BLOCKED:
[11:22:39]     [W04] unity_lock — Unity.exe 仍在运行，先关闭
[11:22:39] 
[11:22:39] ============================================================
[11:22:39]  FINAL SUMMARY
[11:22:39] ============================================================
[11:22:39]  ✅ Passed (入库):  0 levels
[11:22:39]  ❌ Failed (改关卡): 0 levels
[11:22:39]  ⚠ Errors:           0 levels
[11:22:39]  🔄 Still pending:    4 levels
[11:22:39]     L153
[11:22:39]     L154
[11:22:39]     L182
[11:22:39]     L198
[11:22:39] 
[11:22:39]  Full log: D:\download\BlastGame\hermes\auto-log\20260803_112217.log
[11:22:39]  Curator: pattern analysis complete
