[19:37:18] ============================================================
[19:37:18]  auto_loop.py — 全自动调优编排器
[19:37:18] ============================================================
[19:37:18]  Log:        D:\download\BlastGame\hermes\auto-log\20260803_193718.log
[19:37:18]  Levels:     [159, 174, 186, 197]
[19:37:18]  Tiers:      [1, 2, 3, 4, 5]
[19:37:18]  Games/tier: 400
[19:37:18]  Strategy:   scoring_opt_vg
[19:37:18]  Max rounds: 6
[19:37:18]  Unity EXE:  C:\Program Files\Unity\Hub\Editor\6000.0.60f1\Editor\Unity.exe
[19:37:18]  Repo:       C:\Users\Administrator\Documents\BlastGame
[19:37:18] 
[19:37:18] 
[19:37:18] ————————————————————————————————————————————————————————————
[19:37:18]  ROUND 1/6
[19:37:18]  Pending (4): 159, 174, 186, 197
[19:37:18] ————————————————————————————————————————————————————————————
[19:37:18] 
[19:37:18] [Phase 1/5] agent_analyze → combo + design_probes
[19:37:18]   CMD [attempt 1/2]: C:\Users\Administrator\AppData\Local\hermes\hermes-agent\venv\Scripts\python.exe -X utf8 D:\download\BlastGame\hermes\tools\planner.py --levels 159,174,186,197 --output json
[19:37:21]   L159: planner error — agent_analyze JSON parse failed
[19:37:21]   L174: planner error — agent_analyze JSON parse failed
[19:37:21]   L186: planner error — agent_analyze JSON parse failed
[19:37:21]   L197: planner error — agent_analyze JSON parse failed
[19:37:21]   4 level(s) missing probes — running fallback design_probes...
[19:37:21]   CMD [attempt 1/2]: C:\Users\Administrator\AppData\Local\hermes\hermes-agent\venv\Scripts\python.exe -X utf8 D:\download\BlastGame\hermes\tools\design_probes.py 159 --write
[19:37:21]   L159: design_probes --write OK
[19:37:21]   CMD [attempt 1/2]: C:\Users\Administrator\AppData\Local\hermes\hermes-agent\venv\Scripts\python.exe -X utf8 D:\download\BlastGame\hermes\tools\design_probes.py 174 --write
[19:37:22]   L174: design_probes --write OK
[19:37:22]   CMD [attempt 1/2]: C:\Users\Administrator\AppData\Local\hermes\hermes-agent\venv\Scripts\python.exe -X utf8 D:\download\BlastGame\hermes\tools\design_probes.py 186 --write
[19:37:22]   L186: design_probes --write OK
[19:37:22]   CMD [attempt 1/2]: C:\Users\Administrator\AppData\Local\hermes\hermes-agent\venv\Scripts\python.exe -X utf8 D:\download\BlastGame\hermes\tools\design_probes.py 197 --write
[19:37:23]   L197: design_probes --write OK
[19:37:23]   CMD [attempt 1/2]: C:\Users\Administrator\AppData\Local\hermes\hermes-agent\venv\Scripts\python.exe -X utf8 D:\download\BlastGame\hermes\tools\planner.py --levels 174,186,159,197 --output json
[19:37:25]   L174: planner error — agent_analyze JSON parse failed
[19:37:25]   L186: planner error — agent_analyze JSON parse failed
[19:37:25]   L159: planner error — agent_analyze JSON parse failed
[19:37:25]   L197: planner error — agent_analyze JSON parse failed
[19:37:25]   ❌ 4 level(s) still missing probes after fallback: ['174', '186', '159', '197']
[19:37:25]   No pending levels remain after probe design — stopping
[19:37:25] 
[19:37:25] ============================================================
[19:37:25]  FINAL SUMMARY
[19:37:25] ============================================================
[19:37:25]  ✅ Passed (入库):  0 levels
[19:37:25]  ❌ Failed (改关卡): 0 levels
[19:37:25]  ⚠ Errors:           4 levels
[19:37:25]     L159: probe_design_failed_r1
[19:37:25]     L174: probe_design_failed_r1
[19:37:25]     L186: probe_design_failed_r1
[19:37:25]     L197: probe_design_failed_r1
[19:37:25]  🔄 Still pending:    0 levels
[19:37:25] 
[19:37:25]  Full log: D:\download\BlastGame\hermes\auto-log\20260803_193718.log
[19:37:26]  Curator: pattern analysis complete
