[02:55:11] ============================================================
[02:55:11]  auto_loop.py — 全自动调优编排器
[02:55:11] ============================================================
[02:55:11]  Log:        D:\download\BlastGame\hermes\auto-log\20260809_025511.log
[02:55:11]  Levels:     [83, 93]
[02:55:11]  Tiers:      [1, 2, 3, 4, 5]
[02:55:11]  Games/tier: 400
[02:55:11]  Strategy:   scoring_opt_vg
[02:55:11]  Max rounds: 6
[02:55:11]  Unity EXE:  C:\Program Files\Unity\Hub\Editor\6000.0.60f1\Editor\Unity.exe
[02:55:11]  Repo:       C:\Users\Administrator\Documents\BlastGame
[02:55:11] 
[02:55:11] [Auto-recovery] 检查 Unity 进程...
[02:55:11]   无 Unity 进程
[02:55:11] 
[02:55:11] ————————————————————————————————————————————————————————————
[02:55:11]  ROUND 1/6
[02:55:11]  Pending (2): 83, 93
[02:55:11] ————————————————————————————————————————————————————————————
[02:55:11] 
[02:55:11] [Phase 1/5] agent_analyze → combo + design_probes
[02:55:11]   CMD [attempt 1/2]: D:\software\Python 3.13.2\python.exe -X utf8 D:\download\BlastGame\hermes\tools\planner.py --levels 83,93 --output json
[02:55:15]   L83: 5 probes, judge=接近, combo quality=46.5
[02:55:15]   L83: 5/5 tiers configured
[02:55:15]   L93: 5 probes, judge=接近, combo quality=89.2
[02:55:15]   L93: 5/5 tiers configured
[02:55:15] [Phase 2/5] apply_probes → write asset
[02:55:15]   probe_configs.json updated: 2 levels
[02:55:15]   CMD [attempt 1/2]: D:\software\Python 3.13.2\python.exe -X utf8 D:\download\BlastGame\hermes\tools\apply_probes.py 83,93
[02:55:16]     L83: ✅ Warden 通过 (5槽完整)
[02:55:16]     L83: ✅ 写入成功
[02:55:16]     L93: ✅ Warden 通过 (5槽完整)
[02:55:16]     L93: ✅ 写入成功
[02:55:16]     ✅ 全部完成
[02:55:16] [Preflight] asset & config check...
[02:55:16]   ✅ Preflight passed
[02:55:16] [Warden] pre-batch check...
[02:55:17]   ✅ Warden passed
[02:55:17] [Phase 3/5] submit_batch_unity → Unity bot batch
[02:55:17]   adaptive_stop=ON (round 1/6)
[02:55:17]   Submitting Unity batch: 2 levels × 5 tiers, timeout=7200s (120min)
[02:55:17]   CMD [attempt 1/2]: D:\software\Python 3.13.2\python.exe -X utf8 D:\download\BlastGame\hermes\scripts\submit_batch_unity.py 83,93 --tiers 1,2,3,4,5 --games 400 --strategy scoring_opt_vg --yes --skip-agent-pipeline --adaptive-stop
[03:08:52]   Unity batch completed
[03:08:52]     === DONE ===
[03:08:52] [Phase 4/5] dump_level_pools → refresh stage-data
[03:08:52]   CMD [attempt 1/2]: D:\software\Python 3.13.2\python.exe -X utf8 D:\download\BlastGame\hermes\tools\dump_level_pools.py
[03:08:56]     可靠池覆盖分布:
[03:08:56]     ✅ D:\download\BlastGame\hermes\stage-data\_summary.json
[03:08:56]     总计: 150 关, 2598 条可靠, 2305 条参考
[03:08:56]     ✅ 完成！stage-data 已更新。
[03:08:56] [Phase 5/5] judge_level → review & verdict
[03:08:56]   🔄 L83 [hard] r1/6: 不合格 — 下一轮(1/6) — 58.2% → 53.5% → 47.8% → 25.2% → 15.2%
[03:08:56]     • T1→T2 gap=4.7<10pp
[03:08:56]     • T2→T3 gap=5.8<10pp
[03:08:56]     • 硬性违规: 目标偏差超标 — T1=58.2% 离目标80.0%偏差21.8pp>15.0pp
[03:08:57]   🔄 L93 [normal] r1/6: 不合格 — 下一轮(1/6) — 83.9% → 83.9% → 61.3% → 43.1% → 43.1%
[03:08:57]     • 硬性违规: 目标偏差超标 — T4=43.1% 离目标60.0%偏差16.9pp>15.0pp; T5=43.1% 离目标60.0%偏差16.9pp>15.0pp
[03:08:57]   Round 1 done: 0 passed, 2 pending, 0 failed
[03:08:57] 
[03:08:57] ————————————————————————————————————————————————————————————
[03:08:57]  ROUND 2/6
[03:08:57]  Pending (2): 83, 93
[03:08:57] ————————————————————————————————————————————————————————————
[03:08:57] 
[03:08:57] [Phase 1/5] agent_analyze → combo + design_probes
[03:08:57]   CMD [attempt 1/2]: D:\software\Python 3.13.2\python.exe -X utf8 D:\download\BlastGame\hermes\tools\planner.py --levels 83,93 --output json
[03:09:00]   L83: 5 probes, judge=不合格, combo quality=340.5
[03:09:00]   L83: 5/5 tiers configured
[03:09:00]   L93: 5 probes, judge=不合格, combo quality=108.5
[03:09:00]   L93: 5/5 tiers configured
[03:09:00] [Phase 2/5] apply_probes → write asset
[03:09:00]   probe_configs.json updated: 2 levels
[03:09:00]   CMD [attempt 1/2]: D:\software\Python 3.13.2\python.exe -X utf8 D:\download\BlastGame\hermes\tools\apply_probes.py 83,93
[03:09:00]     L83: ✅ Warden 通过 (5槽完整)
[03:09:00]     L83: ✅ 写入成功
[03:09:00]     L93: ✅ Warden 通过 (5槽完整)
[03:09:00]     L93: ✅ 写入成功
[03:09:00]     ✅ 全部完成
[03:09:00] [Preflight] asset & config check...
[03:09:00]   ✅ Preflight passed
[03:09:00] [Warden] pre-batch check...
[03:09:00]   ✅ Warden passed
[03:09:00] [Phase 3/5] submit_batch_unity → Unity bot batch
[03:09:00]   adaptive_stop=ON (round 2/6)
[03:09:00]   Submitting Unity batch: 2 levels × 5 tiers, timeout=7200s (120min)
[03:09:00]   CMD [attempt 1/2]: D:\software\Python 3.13.2\python.exe -X utf8 D:\download\BlastGame\hermes\scripts\submit_batch_unity.py 83,93 --tiers 1,2,3,4,5 --games 400 --strategy scoring_opt_vg --yes --skip-agent-pipeline --adaptive-stop
[03:21:00]   Unity batch completed
[03:21:00]     === DONE ===
[03:21:00] [Phase 4/5] dump_level_pools → refresh stage-data
[03:21:00]   CMD [attempt 1/2]: D:\software\Python 3.13.2\python.exe -X utf8 D:\download\BlastGame\hermes\tools\dump_level_pools.py
[03:21:04]     可靠池覆盖分布:
[03:21:04]     ✅ D:\download\BlastGame\hermes\stage-data\_summary.json
[03:21:04]     总计: 150 关, 2606 条可靠, 2304 条参考
[03:21:04]     ✅ 完成！stage-data 已更新。
[03:21:04] [Phase 5/5] judge_level → review & verdict
[03:21:04]   🔄 L83 [hard] r2/6: 不合格 — 下一轮(2/6) — 58.2% → 52.0% → 42.3% → 33.3% → 25.2%
[03:21:04]     • T1→T2 gap=6.2<10pp
[03:21:04]     • T2→T3 gap=9.7<15pp (接近)
[03:21:04]     • 硬性违规: 目标偏差超标 — T1=58.2% 离目标80.0%偏差21.8pp>15.0pp
[03:21:04]   🔄 L93 [normal] r2/6: 不合格 — 下一轮(2/6) — 83.9% → 83.9% → 61.3% → 43.1% → 43.1%
[03:21:04]     • 硬性违规: 目标偏差超标 — T4=43.1% 离目标60.0%偏差16.9pp>15.0pp; T5=43.1% 离目标60.0%偏差16.9pp>15.0pp
[03:21:04]   Round 2 done: 0 passed, 2 pending, 0 failed
[03:21:04] 
[03:21:04] ————————————————————————————————————————————————————————————
[03:21:04]  ROUND 3/6
[03:21:04]  Pending (2): 83, 93
[03:21:04] ————————————————————————————————————————————————————————————
[03:21:04] 
[03:21:04] [Phase 1/5] agent_analyze → combo + design_probes
[03:21:04]   CMD [attempt 1/2]: D:\software\Python 3.13.2\python.exe -X utf8 D:\download\BlastGame\hermes\tools\planner.py --levels 83,93 --output json
[03:21:07]   L83: 5 probes, judge=不合格, combo quality=228.9
[03:21:07]   L83: 5/5 tiers configured
[03:21:07]   L93: 5 probes, judge=不合格, combo quality=108.5
[03:21:07]   L93: 5/5 tiers configured
[03:21:07] [Phase 2/5] apply_probes → write asset
[03:21:07]   probe_configs.json updated: 2 levels
[03:21:07]   CMD [attempt 1/2]: D:\software\Python 3.13.2\python.exe -X utf8 D:\download\BlastGame\hermes\tools\apply_probes.py 83,93
[03:21:07]     L83: ✅ Warden 通过 (5槽完整)
[03:21:07]     L83: ✅ 写入成功
[03:21:07]     L93: ✅ Warden 通过 (5槽完整)
[03:21:07]     L93: ✅ 写入成功
[03:21:07]     ✅ 全部完成
[03:21:07] [Preflight] asset & config check...
[03:21:07]   ✅ Preflight passed
[03:21:07] [Warden] pre-batch check...
[03:21:07]   ✅ Warden passed
[03:21:07] [Phase 3/5] submit_batch_unity → Unity bot batch
[03:21:07]   adaptive_stop=ON (round 3/6)
[03:21:07]   Submitting Unity batch: 2 levels × 5 tiers, timeout=7200s (120min)
[03:21:07]   CMD [attempt 1/2]: D:\software\Python 3.13.2\python.exe -X utf8 D:\download\BlastGame\hermes\scripts\submit_batch_unity.py 83,93 --tiers 1,2,3,4,5 --games 400 --strategy scoring_opt_vg --yes --skip-agent-pipeline --adaptive-stop
[03:33:07]   Unity batch completed
[03:33:07]     === DONE ===
[03:33:07] [Phase 4/5] dump_level_pools → refresh stage-data
[03:33:07]   CMD [attempt 1/2]: D:\software\Python 3.13.2\python.exe -X utf8 D:\download\BlastGame\hermes\tools\dump_level_pools.py
[03:33:11]     可靠池覆盖分布:
[03:33:11]     ✅ D:\download\BlastGame\hermes\stage-data\_summary.json
[03:33:11]     总计: 150 关, 2610 条可靠, 2302 条参考
[03:33:11]     ✅ 完成！stage-data 已更新。
[03:33:11] [Phase 5/5] judge_level → review & verdict
[03:33:12]   ✅ L83 [hard] r2/6: 合格 — 入库 — 78.5% → 58.5% → 44.2% → 33.3% → 25.2%
[03:33:12]   🔄 L93 [normal] r3/6: 不合格 — 下一轮(3/6) — 83.9% → 83.9% → 61.3% → 43.1% → 43.1%
[03:33:12]     • 硬性违规: 目标偏差超标 — T4=43.1% 离目标60.0%偏差16.9pp>15.0pp; T5=43.1% 离目标60.0%偏差16.9pp>15.0pp
[03:33:12]   ✅ L83 PASSED → 已入库 (round 2)
[03:33:12]     ⏳ L83 合格待确认入库（未落盘）: WR=['78.5%', '58.5%', '44.2%', '33.3%', '25.2%']
[03:33:12]     ⏳   配置: sd5/2/0,10/of0.1 | sd20/5/0,10,0,10,0/of0.5 | sd40/5/0,10,10,10,0/of1.0 | sd39/5/0,10,0,0,1/of0.5 | sd20/5/1,1,1,10,1/of0.5
[03:33:12]     ⏳   难度=hard 目标=[80.0, 65.0, 50.0, 40.0, 30.0]
[03:33:12]     ⏳   确认后由主 agent 用 reimport.py 落盘 asset/Excel/board
[03:33:12]   Round 3 done: 1 passed, 1 pending, 0 failed
[03:33:12] 
[03:33:12] ————————————————————————————————————————————————————————————
[03:33:12]  ROUND 4/6
[03:33:12]  Pending (1): 93
[03:33:12] ————————————————————————————————————————————————————————————
[03:33:12] 
[03:33:12] [Phase 1/5] agent_analyze → combo + design_probes
[03:33:12]   CMD [attempt 1/2]: D:\software\Python 3.13.2\python.exe -X utf8 D:\download\BlastGame\hermes\tools\planner.py --levels 93 --output json
[03:33:14]   L93: 5 probes, judge=不合格, combo quality=108.5
[03:33:14]   L93: 5/5 tiers configured
[03:33:14] [Phase 2/5] apply_probes → write asset
[03:33:14]   probe_configs.json updated: 1 levels
[03:33:14]   CMD [attempt 1/2]: D:\software\Python 3.13.2\python.exe -X utf8 D:\download\BlastGame\hermes\tools\apply_probes.py 93
[03:33:14]     L93: ✅ Warden 通过 (5槽完整)
[03:33:14]     L93: ✅ 写入成功
[03:33:14]     ✅ 全部完成
[03:33:14] [Preflight] asset & config check...
[03:33:14]   ✅ Preflight passed
[03:33:14] [Warden] pre-batch check...
[03:33:14]   ✅ Warden passed
[03:33:14] [Phase 3/5] submit_batch_unity → Unity bot batch
[03:33:14]   adaptive_stop=ON (round 4/6)
[03:33:14]   Submitting Unity batch: 1 levels × 5 tiers, timeout=7200s (120min)
[03:33:14]   CMD [attempt 1/2]: D:\software\Python 3.13.2\python.exe -X utf8 D:\download\BlastGame\hermes\scripts\submit_batch_unity.py 93 --tiers 1,2,3,4,5 --games 400 --strategy scoring_opt_vg --yes --skip-agent-pipeline --adaptive-stop
[03:39:39]   Unity batch completed
[03:39:39]     === DONE ===
[03:39:39] [Phase 4/5] dump_level_pools → refresh stage-data
[03:39:39]   CMD [attempt 1/2]: D:\software\Python 3.13.2\python.exe -X utf8 D:\download\BlastGame\hermes\tools\dump_level_pools.py
[03:39:44]     可靠池覆盖分布:
[03:39:44]     ✅ D:\download\BlastGame\hermes\stage-data\_summary.json
[03:39:44]     总计: 150 关, 2610 条可靠, 2302 条参考
[03:39:44]     ✅ 完成！stage-data 已更新。
[03:39:44] [Phase 5/5] judge_level → review & verdict
[03:39:44]   🔄 L93 [normal] r4/6: 不合格 — 下一轮(4/6) — 83.9% → 83.9% → 61.3% → 43.1% → 43.1%
[03:39:44]     • 硬性违规: 目标偏差超标 — T4=43.1% 离目标60.0%偏差16.9pp>15.0pp; T5=43.1% 离目标60.0%偏差16.9pp>15.0pp
[03:39:44]   Round 4 done: 1 passed, 1 pending, 0 failed
[03:39:44] 
[03:39:44] ————————————————————————————————————————————————————————————
[03:39:44]  ROUND 5/6
[03:39:44]  Pending (1): 93
[03:39:44] ————————————————————————————————————————————————————————————
[03:39:44] 
[03:39:44] [Phase 1/5] agent_analyze → combo + design_probes
[03:39:44]   CMD [attempt 1/2]: D:\software\Python 3.13.2\python.exe -X utf8 D:\download\BlastGame\hermes\tools\planner.py --levels 93 --output json
[03:39:45]   L93: 5 probes, judge=不合格, combo quality=108.5
[03:39:45]   L93: 5/5 tiers configured
[03:39:45] [Phase 2/5] apply_probes → write asset
[03:39:45]   probe_configs.json updated: 1 levels
[03:39:45]   CMD [attempt 1/2]: D:\software\Python 3.13.2\python.exe -X utf8 D:\download\BlastGame\hermes\tools\apply_probes.py 93
[03:39:45]     L93: ✅ Warden 通过 (5槽完整)
[03:39:45]     L93: ✅ 写入成功
[03:39:45]     ✅ 全部完成
[03:39:45] [Preflight] asset & config check...
[03:39:46]   ✅ Preflight passed
[03:39:46] [Warden] pre-batch check...
[03:39:46]   ✅ Warden passed
[03:39:46] [Phase 3/5] submit_batch_unity → Unity bot batch
[03:39:46]   adaptive_stop=ON (round 5/6)
[03:39:46]   Submitting Unity batch: 1 levels × 5 tiers, timeout=7200s (120min)
[03:39:46]   CMD [attempt 1/2]: D:\software\Python 3.13.2\python.exe -X utf8 D:\download\BlastGame\hermes\scripts\submit_batch_unity.py 93 --tiers 1,2,3,4,5 --games 400 --strategy scoring_opt_vg --yes --skip-agent-pipeline --adaptive-stop
[03:46:23]   Unity batch completed
[03:46:23]     === DONE ===
[03:46:23] [Phase 4/5] dump_level_pools → refresh stage-data
[03:46:23]   CMD [attempt 1/2]: D:\software\Python 3.13.2\python.exe -X utf8 D:\download\BlastGame\hermes\tools\dump_level_pools.py
[03:46:27]     可靠池覆盖分布:
[03:46:27]     ✅ D:\download\BlastGame\hermes\stage-data\_summary.json
[03:46:27]     总计: 150 关, 2610 条可靠, 2302 条参考
[03:46:27]     ✅ 完成！stage-data 已更新。
[03:46:27] [Phase 5/5] judge_level → review & verdict
[03:46:27]   🔄 L93 [normal] r5/6: 不合格 — 下一轮(5/6) — 83.9% → 83.9% → 61.3% → 43.1% → 43.1%
[03:46:27]     • 硬性违规: 目标偏差超标 — T4=43.1% 离目标60.0%偏差16.9pp>15.0pp; T5=43.1% 离目标60.0%偏差16.9pp>15.0pp
[03:46:27]   Round 5 done: 1 passed, 1 pending, 0 failed
[03:46:27] 
[03:46:27] ————————————————————————————————————————————————————————————
[03:46:27]  ROUND 6/6
[03:46:27]  Pending (1): 93
[03:46:27] ————————————————————————————————————————————————————————————
[03:46:27] 
[03:46:27] [Phase 1/5] agent_analyze → combo + design_probes
[03:46:27]   CMD [attempt 1/2]: D:\software\Python 3.13.2\python.exe -X utf8 D:\download\BlastGame\hermes\tools\planner.py --levels 93 --output json
[03:46:29]   L93: 5 probes, judge=不合格, combo quality=108.5
[03:46:29]   L93: 5/5 tiers configured
[03:46:29] [Phase 2/5] apply_probes → write asset
[03:46:29]   probe_configs.json updated: 1 levels
[03:46:29]   CMD [attempt 1/2]: D:\software\Python 3.13.2\python.exe -X utf8 D:\download\BlastGame\hermes\tools\apply_probes.py 93
[03:46:29]     L93: ✅ Warden 通过 (5槽完整)
[03:46:29]     L93: ✅ 写入成功
[03:46:29]     ✅ 全部完成
[03:46:29] [Preflight] asset & config check...
[03:46:29]   ✅ Preflight passed
[03:46:29] [Warden] pre-batch check...
[03:46:30]   ✅ Warden passed
[03:46:30] [Phase 3/5] submit_batch_unity → Unity bot batch
[03:46:30]   adaptive_stop=OFF (round 6/6)
[03:46:30]   Submitting Unity batch: 1 levels × 5 tiers, timeout=7200s (120min)
[03:46:30]   CMD [attempt 1/2]: D:\software\Python 3.13.2\python.exe -X utf8 D:\download\BlastGame\hermes\scripts\submit_batch_unity.py 93 --tiers 1,2,3,4,5 --games 400 --strategy scoring_opt_vg --yes --skip-agent-pipeline
[03:53:30]   Unity batch completed
[03:53:30]     === DONE ===
[03:53:30] [Phase 4/5] dump_level_pools → refresh stage-data
[03:53:30]   CMD [attempt 1/2]: D:\software\Python 3.13.2\python.exe -X utf8 D:\download\BlastGame\hermes\tools\dump_level_pools.py
[03:53:35]     可靠池覆盖分布:
[03:53:35]     ✅ D:\download\BlastGame\hermes\stage-data\_summary.json
[03:53:35]     总计: 150 关, 2610 条可靠, 2302 条参考
[03:53:35]     ✅ 完成！stage-data 已更新。
[03:53:35] [Phase 5/5] judge_level → review & verdict
[03:53:35]   🔄 L93 [normal] r6/6: 不合格 — 改关卡 — 83.9% → 83.9% → 61.3% → 43.1% → 43.1%
[03:53:35]     • 硬性违规: 目标偏差超标 — T4=43.1% 离目标60.0%偏差16.9pp>15.0pp; T5=43.1% 离目标60.0%偏差16.9pp>15.0pp
[03:53:35]   ❌ L93 MAX ROUNDS (6) → 待用户确认改关卡
[03:53:35]     ⏳ L93 满 6 轮仍不合格，待用户确认是否改关卡
[03:53:35]     ⏳   判定原因: 硬性违规: 目标偏差超标 — T4=43.1% 离目标60.0%偏差16.9pp>15.0pp; T5=43.1% 离目标60.0%偏差16.9pp>15.0pp
[03:53:35]     ⏳   需要时由主 agent 手动 retire_level 设时间防线
[03:53:35]   Round 6 done: 1 passed, 0 pending, 1 failed
[03:53:35]  FINAL SUMMARY
[03:53:35] ============================================================
[03:53:35]  ✅ Passed (入库):  1 levels
[03:53:35]     L83 [hard] r2  78.5% → 58.5% → 44.2% → 33.3% → 25.2%
[03:53:35]  ❌ Failed (改关卡): 1 levels
[03:53:35]     L93 [normal] r6 — 83.9% → 83.9% → 61.3% → 43.1% → 43.1%
[03:53:35]         硬性违规: 目标偏差超标 — T4=43.1% 离目标60.0%偏差16.9pp>15.0pp; T5=43.1% 离目标60.0%偏差16.9pp>15.0pp
[03:53:35]  ⚠ Errors:           0 levels
[03:53:35]  🔄 Still pending:    0 levels
[03:53:35] 
[03:53:35]  Full log: D:\download\BlastGame\hermes\auto-log\20260809_025511.log
[03:53:35]  Curator: pattern analysis complete
