[18:26:47] ============================================================
[18:26:47]  auto_loop.py — 全自动调优编排器
[18:26:47] ============================================================
[18:26:47]  Log:        D:\download\BlastGame\hermes\auto-log\20260730_182647.log
[18:26:47]  Levels:     [136, 176, 178, 184]
[18:26:47]  Tiers:      [1, 2, 3, 4, 5]
[18:26:47]  Games/tier: 400
[18:26:47]  Strategy:   scoring_opt_vg
[18:26:47]  Max rounds: 6
[18:26:47]  Unity EXE:  C:\Program Files\Unity\Hub\Editor\6000.0.60f1\Editor\Unity.exe
[18:26:47]  Repo:       C:\Users\Administrator\Documents\BlastGame
[18:26:47] 
[18:26:47] 
[18:26:47] ————————————————————————————————————————————————————————————
[18:26:47]  ROUND 1/6
[18:26:47]  Pending (4): 136, 176, 178, 184
[18:26:47] ————————————————————————————————————————————————————————————
[18:26:47] 
[18:26:47] [Phase 1/5] agent_analyze → combo + design_probes
[18:26:47]   CMD [attempt 1/2]: C:\Users\Administrator\AppData\Local\hermes\hermes-agent\venv\Scripts\python.exe -X utf8 D:\download\BlastGame\hermes\tools\agent_analyze.py --levels 136,176,178,184 --filter-verified --output json
[18:26:48]   agent_analyze: could not parse JSON output
[18:26:48]   stdout preview: L136: bot400=3条 WR范围=72~84%
  baseline score=52 WRs=84 84 72 72 72 gaps=0 12 0 0
  phase2候选: 6个有用
    sd= 24 rat=         10,10,1,1,1 of=0.500 WR≈60% (范围外) +24分
    sd= 20 rat=       10,10,1,10,10 of=0.500 WR≈62% (范围外) +22分
    sd= 17 rat=         10,10,1,1,1 of=0.500 WR≈67% (范围外) +13分
    sd= 27 rat=         10,10,1,1,1 of=0.500 WR≈85% (范围外) +3分
    sd= 20 rat=        1,1,10,10,10 of=0.500 WR≈86% (范围外) +1分
    sd= 28 rat=       10,10,1,10,10 of=0.500 WR≈84% (范围外) +1分
L176: bot400=4条 WR范围=59~84%
[18:26:48]   4 level(s) missing probes — running fallback design_probes...
[18:26:48]   CMD [attempt 1/2]: C:\Users\Administrator\AppData\Local\hermes\hermes-agent\venv\Scripts\python.exe -X utf8 D:\download\BlastGame\hermes\tools\design_probes.py 136 --write
[18:26:49]   L136: design_probes --write OK
[18:26:49]   CMD [attempt 1/2]: C:\Users\Administrator\AppData\Local\hermes\hermes-agent\venv\Scripts\python.exe -X utf8 D:\download\BlastGame\hermes\tools\design_probes.py 176 --write
[18:26:49]   L176: design_probes --write OK
[18:26:49]   CMD [attempt 1/2]: C:\Users\Administrator\AppData\Local\hermes\hermes-agent\venv\Scripts\python.exe -X utf8 D:\download\BlastGame\hermes\tools\design_probes.py 178 --write
[18:26:50]   L178: design_probes --write OK
[18:26:50]   CMD [attempt 1/2]: C:\Users\Administrator\AppData\Local\hermes\hermes-agent\venv\Scripts\python.exe -X utf8 D:\download\BlastGame\hermes\tools\design_probes.py 184 --write
[18:26:50]   L184: design_probes --write OK
[18:26:50]   CMD [attempt 1/2]: C:\Users\Administrator\AppData\Local\hermes\hermes-agent\venv\Scripts\python.exe -X utf8 D:\download\BlastGame\hermes\tools\agent_analyze.py --levels 176,136,184,178 --filter-verified --output json
[18:26:51]   agent_analyze: could not parse JSON output
[18:26:51]   stdout preview: L176: bot400=4条 WR范围=59~84%
  baseline score=26 WRs=84 84 59 59 59 gaps=0 25 0 0
  phase2候选: 5个有用
    sd= 24 rat=       10,10,1,10,10 of=0.500 WR≈85% (范围外) +2分
    sd= 35 rat=           2,2,4,0,1 of=0.500 WR≈86% (范围外) +0分
    sd= 19 rat=           5,5,1,5,5 of=0.500 WR≈86% (范围外) +0分
    sd= 19 rat=       10,10,1,10,10 of=0.500 WR≈86% (范围外) +0分
    sd= 26 rat=           2,2,4,0,1 of=0.500 WR≈84% (范围外) +0分
L136: bot400=3条 WR范围=72~84%
  baseline score=52 WRs=84 84 72 72 72 gaps=0 12 0 0
  phase2候选:
[18:26:51]   ❌ 4 level(s) still missing probes after fallback: ['176', '136', '184', '178']
[18:26:51]   No pending levels remain after probe design — stopping
[18:26:51] 
[18:26:51] ============================================================
[18:26:51]  FINAL SUMMARY
[18:26:51] ============================================================
[18:26:51]  ✅ Passed (入库):  0 levels
[18:26:51]  ❌ Failed (改关卡): 0 levels
[18:26:51]  ⚠ Errors:           4 levels
[18:26:51]     L136: probe_design_failed_r1
[18:26:51]     L176: probe_design_failed_r1
[18:26:51]     L178: probe_design_failed_r1
[18:26:51]     L184: probe_design_failed_r1
[18:26:51]  🔄 Still pending:    0 levels
[18:26:51] 
[18:26:51]  Full log: D:\download\BlastGame\hermes\auto-log\20260730_182647.log
