[20:17:29] ============================================================
[20:17:29]  auto_loop.py — 全自动调优编排器
[20:17:29] ============================================================
[20:17:29]  Log:        D:\download\BlastGame\hermes\auto-log\20260805_201729.log
[20:17:29]  Levels:     [154, 162, 165, 182, 198]
[20:17:29]  Tiers:      [1, 2, 3, 4, 5]
[20:17:29]  Games/tier: 400
[20:17:29]  Strategy:   scoring_opt_vg
[20:17:29]  Max rounds: 6
[20:17:29]  Unity EXE:  C:\Program Files\Unity\Hub\Editor\6000.0.60f1\Editor\Unity.exe
[20:17:29]  Repo:       C:\Users\Administrator\Documents\BlastGame
[20:17:29] 
[20:17:29] [Auto-recovery] 检查 Unity 进程...
[20:17:29]   无 Unity 进程
[20:17:29] 
[20:17:29] ————————————————————————————————————————————————————————————
[20:17:29]  ROUND 1/6
[20:17:29]  Pending (5): 154, 162, 165, 182, 198
[20:17:29] ————————————————————————————————————————————————————————————
[20:17:29] 
[20:17:29] [Phase 1/5] agent_analyze → combo + design_probes
[20:17:29]   CMD [attempt 1/2]: D:\software\Python 3.13.2\python.exe -X utf8 D:\download\BlastGame\hermes\tools\planner.py --levels 154,162,165,182,198 --output json
[20:25:48]   L154: 5 probes, judge=接近, combo quality=47.9
[20:25:48]   L154: 5/5 tiers configured
[20:25:48]   L162: 5 probes, judge=接近, combo quality=50.7
[20:25:48]   L162: 5/5 tiers configured
[20:25:48]   L165: 5 probes, judge=不合格, combo quality=57.3
[20:25:48]   L165: 5/5 tiers configured
[20:25:48]   L182: 5 probes, judge=不合格, combo quality=177.0
[20:25:48]   L182: 5/5 tiers configured
[20:25:48]   L198: 5 probes, judge=不合格, combo quality=104.4
[20:25:48]   L198: 5/5 tiers configured
[20:25:48] [Phase 2/5] apply_probes → write asset
[20:25:48]   probe_configs.json updated: 5 levels
[20:25:48]   CMD [attempt 1/2]: D:\software\Python 3.13.2\python.exe -X utf8 D:\download\BlastGame\hermes\tools\apply_probes.py 154,162,165,182,198
[20:25:48]     L162: ✅ Warden 通过 (sd跨度/5槽/ratios多样性)
[20:25:48]     L162: ✅ 写入成功
[20:25:48]     L165: ✅ Warden 通过 (sd跨度/5槽/ratios多样性)
[20:25:48]     L165: ✅ 写入成功
[20:25:48]     L182: ✅ Warden 通过 (sd跨度/5槽/ratios多样性)
[20:25:48]     L182: ✅ 写入成功
[20:25:48]     L198: ✅ Warden 通过 (sd跨度/5槽/ratios多样性)
[20:25:48]     L198: ✅ 写入成功
[20:25:48]     ✅ 全部完成
[20:25:48] [Preflight] asset & config check...
[20:25:48]   ✅ Preflight passed
[20:25:48] [Warden] pre-batch check...
[20:25:48]   ✅ Warden passed
[20:25:48] [Phase 3/5] submit_batch_unity → Unity bot batch
[20:25:48]   adaptive_stop=ON (round 1/6)
[20:25:48]   Submitting Unity batch: 5 levels × 5 tiers, timeout=7500s (125min)
[20:25:48]   CMD [attempt 1/2]: D:\software\Python 3.13.2\python.exe -X utf8 D:\download\BlastGame\hermes\scripts\submit_batch_unity.py 154,162,165,182,198 --tiers 1,2,3,4,5 --games 400 --strategy scoring_opt_vg --yes --skip-agent-pipeline --adaptive-stop
[20:28:49]   FAIL (exit=1) attempt 1/2
[20:28:49]   stderr:  = self._communicate(input, endtime, timeout)
                     ~~~~~~~~~~~~~~~~~^^^^^^^^^^^^^^^^^^^^^^^^^
  File "D:\software\Python 3.13.2\Lib\subprocess.py", line 1642, in _communicate
    raise TimeoutExpired(self.args, orig_timeout)
subprocess.TimeoutExpired: Command '['D:\\software\\Python 3.13.2\\python.exe', '-X', 'utf8', 'D:\\download\\BlastGame\\hermes\\tools\\agent_analyze.py', '--levels', '154,162,165,182,198', '--filter-verified', '--output', 'json']' timed out after 120 seconds

[20:28:49]   Retrying in 5s...
[20:28:54]   CMD [attempt 2/2]: D:\software\Python 3.13.2\python.exe -X utf8 D:\download\BlastGame\hermes\scripts\submit_batch_unity.py 154,162,165,182,198 --tiers 1,2,3,4,5 --games 400 --strategy scoring_opt_vg --yes --skip-agent-pipeline --adaptive-stop
[20:31:02]   FAIL (exit=1) attempt 2/2
[20:31:02]   stderr:  = self._communicate(input, endtime, timeout)
                     ~~~~~~~~~~~~~~~~~^^^^^^^^^^^^^^^^^^^^^^^^^
  File "D:\software\Python 3.13.2\Lib\subprocess.py", line 1642, in _communicate
    raise TimeoutExpired(self.args, orig_timeout)
subprocess.TimeoutExpired: Command '['D:\\software\\Python 3.13.2\\python.exe', '-X', 'utf8', 'D:\\download\\BlastGame\\hermes\\tools\\agent_analyze.py', '--levels', '154,162,165,182,198', '--filter-verified', '--output', 'json']' timed out after 120 seconds

[20:31:02]   All retries exhausted — giving up
[20:31:02]   Unity batch FAILED
[20:31:02]   Unity batch failed — skipping this round
[20:31:02] 
[20:31:02] ————————————————————————————————————————————————————————————
[20:31:02]  ROUND 2/6
[20:31:02]  Pending (5): 154, 162, 165, 182, 198
[20:31:02] ————————————————————————————————————————————————————————————
[20:31:02] 
[20:31:02] [Phase 1/5] agent_analyze → combo + design_probes
[20:31:02]   CMD [attempt 1/2]: D:\software\Python 3.13.2\python.exe -X utf8 D:\download\BlastGame\hermes\tools\planner.py --levels 154,162,165,182,198 --output json
[20:39:22]   L154: 5 probes, judge=接近, combo quality=47.9
[20:39:22]   L154: 5/5 tiers configured
[20:39:22]   L162: 5 probes, judge=接近, combo quality=50.7
[20:39:22]   L162: 5/5 tiers configured
[20:39:22]   L165: 5 probes, judge=不合格, combo quality=57.3
[20:39:22]   L165: 5/5 tiers configured
[20:39:22]   L182: 5 probes, judge=不合格, combo quality=177.0
[20:39:22]   L182: 5/5 tiers configured
[20:39:22]   L198: 5 probes, judge=不合格, combo quality=104.4
[20:39:22]   L198: 5/5 tiers configured
[20:39:22] [Phase 2/5] apply_probes → write asset
[20:39:22]   probe_configs.json updated: 5 levels
[20:39:22]   CMD [attempt 1/2]: D:\software\Python 3.13.2\python.exe -X utf8 D:\download\BlastGame\hermes\tools\apply_probes.py 154,162,165,182,198
[20:39:22]     L162: ✅ Warden 通过 (sd跨度/5槽/ratios多样性)
[20:39:22]     L162: ✅ 写入成功
[20:39:22]     L165: ✅ Warden 通过 (sd跨度/5槽/ratios多样性)
[20:39:22]     L165: ✅ 写入成功
[20:39:22]     L182: ✅ Warden 通过 (sd跨度/5槽/ratios多样性)
[20:39:22]     L182: ✅ 写入成功
[20:39:22]     L198: ✅ Warden 通过 (sd跨度/5槽/ratios多样性)
[20:39:22]     L198: ✅ 写入成功
[20:39:22]     ✅ 全部完成
[20:39:22] [Preflight] asset & config check...
[20:39:22]   ✅ Preflight passed
[20:39:22] [Warden] pre-batch check...
[20:39:22]   ✅ Warden passed
[20:39:22] [Phase 3/5] submit_batch_unity → Unity bot batch
[20:39:22]   adaptive_stop=ON (round 2/6)
[20:39:22]   Submitting Unity batch: 5 levels × 5 tiers, timeout=7500s (125min)
[20:39:22]   CMD [attempt 1/2]: D:\software\Python 3.13.2\python.exe -X utf8 D:\download\BlastGame\hermes\scripts\submit_batch_unity.py 154,162,165,182,198 --tiers 1,2,3,4,5 --games 400 --strategy scoring_opt_vg --yes --skip-agent-pipeline --adaptive-stop
[20:39:33]   Unity batch completed
[20:39:33]     === DONE ===
[20:39:33] [Phase 4/5] dump_level_pools → refresh stage-data
[20:39:33]   CMD [attempt 1/2]: D:\software\Python 3.13.2\python.exe -X utf8 D:\download\BlastGame\hermes\tools\dump_level_pools.py
[20:39:36]     可靠池覆盖分布:
[20:39:36]     ✅ D:\download\BlastGame\hermes\stage-data\_summary.json
[20:39:36]     总计: 150 关, 2075 条可靠, 2234 条参考
[20:39:36]     ✅ 完成！stage-data 已更新。
[20:39:36] [Phase 5/5] judge_level → review & verdict
[20:39:37]   🔄 L154 [superhard] r1/6: 不合格 — 下一轮(1/6) — 42.6% → 31.2% → 22.1% → 14.3% → 5.0%
[20:39:37]     • T1→T2 gap=11.3<15pp (接近)
[20:39:37]     • T2→T3 gap=9.1<15pp (接近)
[20:39:37]     • T3→T4 gap=7.9<10pp (接近)
[20:39:37]   ❓ L162 [hard] r0/6: 接近 — 入库(接近) — 65.8% → 47.0% → 30.3% → 18.8% → 11.2%
[20:39:37]     • T4→T5 gap=7.6<10pp (接近)
[20:39:37]   🔄 L165 [normal] r1/6: 不合格 — 下一轮(1/6) — 76.2% → 76.2% → 54.8% → 42.8% → 42.8%
[20:39:37]     • 硬性违规: Normal T3=54.8<60%
[20:39:37]     • T3→T5 gap=11.9<15pp (接近)
[20:39:38]   🔄 L182 [normal] r1/6: 不合格 — 下一轮(1/6) — 66.5% → 66.5% → 52.8% → 39.5% → 39.5%
[20:39:38]     • 硬性违规: Normal T3=52.8<60%
[20:39:38]     • T1→T3 gap=13.8<20pp (接近)
[20:39:38]     • 硬性违规: 目标偏差超标 — T1=66.5% 离目标85%偏差18.5pp>15.0pp; T2=66.5% 离目标85%偏差18.5pp>15.0pp
[20:39:38]   🔄 L198 [normal] r1/6: 不合格 — 下一轮(1/6) — 75.3% → 75.3% → 56.7% → 33.1% → 33.1%
[20:39:38]     • 硬性违规: Normal T3=56.7<60%
[20:39:38]     • 硬性违规: 目标偏差超标 — T4=33.1% 离目标50%偏差16.9pp>15.0pp; T5=33.1% 离目标50%偏差16.9pp>15.0pp
[20:39:38]   ✅ L162 PASSED → 入库(接近) (round 0)
[20:39:38]     asset: write=True verify=True
[20:39:38]     🔄 L162 入库前 bot 400 局验证...
[20:39:38]   CMD [attempt 1/2]: D:\software\Python 3.13.2\python.exe -X utf8 D:\download\BlastGame\hermes\scripts\submit_batch_unity.py 162 --tiers 1,2,3,4,5 --games 400 --strategy scoring_opt_vg --yes --skip-agent-pipeline
[20:39:46]     ✅ L162 bot 400 局验证完成
[20:39:46]   CMD [attempt 1/2]: D:\software\Python 3.13.2\python.exe -X utf8 D:\download\BlastGame\hermes\tools\dump_level_pools.py
[20:39:50]     可靠池覆盖分布:
[20:39:50]     ✅ D:\download\BlastGame\hermes\stage-data\_summary.json
[20:39:50]     总计: 150 关, 2075 条可靠, 2234 条参考
[20:39:50]     ✅ 完成！stage-data 已更新。
[20:39:50]   Round 2 done: 1 passed, 4 pending, 0 failed
[20:39:50] 
[20:39:50] ————————————————————————————————————————————————————————————
[20:39:50]  ROUND 3/6
[20:39:50]  Pending (4): 154, 165, 182, 198
[20:39:50] ————————————————————————————————————————————————————————————
[20:39:50] 
[20:39:50] [Phase 1/5] agent_analyze → combo + design_probes
[20:39:50]   CMD [attempt 1/2]: D:\software\Python 3.13.2\python.exe -X utf8 D:\download\BlastGame\hermes\tools\planner.py --levels 154,165,182,198 --output json
[20:48:11]   L154: 5 probes, judge=接近, combo quality=47.9
[20:48:11]   L154: 5/5 tiers configured
[20:48:11]   L165: 5 probes, judge=不合格, combo quality=57.3
[20:48:11]   L165: 5/5 tiers configured
[20:48:11]   L182: 5 probes, judge=不合格, combo quality=177.0
[20:48:11]   L182: 5/5 tiers configured
[20:48:11]   L198: 5 probes, judge=不合格, combo quality=104.4
[20:48:11]   L198: 5/5 tiers configured
[20:48:11] [Phase 2/5] apply_probes → write asset
[20:48:11]   probe_configs.json updated: 4 levels
[20:48:11]   CMD [attempt 1/2]: D:\software\Python 3.13.2\python.exe -X utf8 D:\download\BlastGame\hermes\tools\apply_probes.py 154,165,182,198
[20:48:11]     L154: ✅ Warden 通过 (sd跨度/5槽/ratios多样性)
[20:48:11]     L154: ✅ 写入成功
[20:48:11]     L165: ✅ Warden 通过 (sd跨度/5槽/ratios多样性)
[20:48:11]     L165: ✅ 写入成功
[20:48:11]     L182: ✅ Warden 通过 (sd跨度/5槽/ratios多样性)
[20:48:11]     L182: ✅ 写入成功
[20:48:11]     L198: ✅ Warden 通过 (sd跨度/5槽/ratios多样性)
[20:48:11]     L198: ✅ 写入成功
[20:48:11]     ✅ 全部完成
[20:48:11] [Preflight] asset & config check...
[20:48:11]   ✅ Preflight passed
[20:48:11] [Warden] pre-batch check...
[20:48:11]   ✅ Warden passed
[20:48:11] [Phase 3/5] submit_batch_unity → Unity bot batch
[20:48:11]   adaptive_stop=ON (round 3/6)
[20:48:11]   Submitting Unity batch: 4 levels × 5 tiers, timeout=7200s (120min)
[20:48:11]   CMD [attempt 1/2]: D:\software\Python 3.13.2\python.exe -X utf8 D:\download\BlastGame\hermes\scripts\submit_batch_unity.py 154,165,182,198 --tiers {'sd': 20, 'sc': 5, 'ratios': '1,1,1,1,1', 'of': 0.5},{'sd': 40, 'sc': 5, 'ratios': '10,10,1,1,1', 'of': 0.5},{'sd': 50, 'sc': 5, 'ratios': '1,1,1,1,1', 'of': 0.7},{'sd': 40, 'sc': 5, 'ratios': '10,1,1,1,10', 'of': 0.5},{'sd': 45, 'sc': 5, 'ratios': '1,1,10,1,1', 'of': 0.7} --games 400 --strategy scoring_opt_vg --yes --skip-agent-pipeline --adaptive-stop
[20:48:20]   Unity batch completed
[20:48:20]     === DONE ===
[20:48:20] [Phase 4/5] dump_level_pools → refresh stage-data
[20:48:20]   CMD [attempt 1/2]: D:\software\Python 3.13.2\python.exe -X utf8 D:\download\BlastGame\hermes\tools\dump_level_pools.py
[20:48:24]     可靠池覆盖分布:
[20:48:24]     ✅ D:\download\BlastGame\hermes\stage-data\_summary.json
[20:48:24]     总计: 150 关, 2075 条可靠, 2234 条参考
[20:48:24]     ✅ 完成！stage-data 已更新。
[20:48:24] [Phase 5/5] judge_level → review & verdict
[20:48:24]   🔄 L154 [superhard] r2/6: 不合格 — 下一轮(2/6) — 42.6% → 31.2% → 22.1% → 14.3% → 5.0%
[20:48:24]     • T1→T2 gap=11.3<15pp (接近)
[20:48:24]     • T2→T3 gap=9.1<15pp (接近)
[20:48:24]     • T3→T4 gap=7.9<10pp (接近)
[20:48:24]   🔄 L165 [normal] r2/6: 不合格 — 下一轮(2/6) — 76.2% → 76.2% → 54.8% → 42.8% → 42.8%
[20:48:24]     • 硬性违规: Normal T3=54.8<60%
[20:48:24]     • T3→T5 gap=11.9<15pp (接近)
[20:48:25]   🔄 L182 [normal] r2/6: 不合格 — 下一轮(2/6) — 66.5% → 66.5% → 52.8% → 39.5% → 39.5%
[20:48:25]     • 硬性违规: Normal T3=52.8<60%
[20:48:25]     • T1→T3 gap=13.8<20pp (接近)
[20:48:25]     • 硬性违规: 目标偏差超标 — T1=66.5% 离目标85%偏差18.5pp>15.0pp; T2=66.5% 离目标85%偏差18.5pp>15.0pp
[20:48:25]   🔄 L198 [normal] r2/6: 不合格 — 下一轮(2/6) — 75.3% → 75.3% → 56.7% → 33.1% → 33.1%
[20:48:25]     • 硬性违规: Normal T3=56.7<60%
[20:48:25]     • 硬性违规: 目标偏差超标 — T4=33.1% 离目标50%偏差16.9pp>15.0pp; T5=33.1% 离目标50%偏差16.9pp>15.0pp
[20:48:25]   Round 3 done: 1 passed, 4 pending, 0 failed
[20:48:25] 
[20:48:25] ————————————————————————————————————————————————————————————
[20:48:25]  ROUND 4/6
[20:48:25]  Pending (4): 154, 165, 182, 198
[20:48:25] ————————————————————————————————————————————————————————————
[20:48:25] 
[20:48:25] [Phase 1/5] agent_analyze → combo + design_probes
[20:48:25]   CMD [attempt 1/2]: D:\software\Python 3.13.2\python.exe -X utf8 D:\download\BlastGame\hermes\tools\planner.py --levels 154,165,182,198 --output json
[20:56:44]   L154: 5 probes, judge=接近, combo quality=47.9
[20:56:44]   L154: 5/5 tiers configured
[20:56:44]   L165: 5 probes, judge=不合格, combo quality=57.3
[20:56:44]   L165: 5/5 tiers configured
[20:56:44]   L182: 5 probes, judge=不合格, combo quality=177.0
[20:56:44]   L182: 5/5 tiers configured
[20:56:44]   L198: 5 probes, judge=不合格, combo quality=104.4
[20:56:44]   L198: 5/5 tiers configured
[20:56:44] [Phase 2/5] apply_probes → write asset
[20:56:44]   probe_configs.json updated: 4 levels
[20:56:44]   CMD [attempt 1/2]: D:\software\Python 3.13.2\python.exe -X utf8 D:\download\BlastGame\hermes\tools\apply_probes.py 154,165,182,198
[20:56:44]     L154: ✅ Warden 通过 (sd跨度/5槽/ratios多样性)
[20:56:44]     L154: ✅ 写入成功
[20:56:44]     L165: ✅ Warden 通过 (sd跨度/5槽/ratios多样性)
[20:56:44]     L165: ✅ 写入成功
[20:56:44]     L182: ✅ Warden 通过 (sd跨度/5槽/ratios多样性)
[20:56:44]     L182: ✅ 写入成功
[20:56:44]     L198: ✅ Warden 通过 (sd跨度/5槽/ratios多样性)
[20:56:44]     L198: ✅ 写入成功
[20:56:44]     ✅ 全部完成
[20:56:44] [Preflight] asset & config check...
[20:56:44]   ✅ Preflight passed
[20:56:44] [Warden] pre-batch check...
[20:56:45]   ✅ Warden passed
[20:56:45] [Phase 3/5] submit_batch_unity → Unity bot batch
[20:56:45]   adaptive_stop=ON (round 4/6)
[20:56:45]   Submitting Unity batch: 4 levels × 5 tiers, timeout=7200s (120min)
[20:56:45]   CMD [attempt 1/2]: D:\software\Python 3.13.2\python.exe -X utf8 D:\download\BlastGame\hermes\scripts\submit_batch_unity.py 154,165,182,198 --tiers {'sd': 20, 'sc': 5, 'ratios': '1,1,1,1,1', 'of': 0.5},{'sd': 40, 'sc': 5, 'ratios': '10,10,1,1,1', 'of': 0.5},{'sd': 50, 'sc': 5, 'ratios': '1,1,1,1,1', 'of': 0.7},{'sd': 40, 'sc': 5, 'ratios': '10,1,1,1,10', 'of': 0.5},{'sd': 45, 'sc': 5, 'ratios': '1,1,10,1,1', 'of': 0.7} --games 400 --strategy scoring_opt_vg --yes --skip-agent-pipeline --adaptive-stop
[20:56:54]   Unity batch completed
[20:56:54]     === DONE ===
[20:56:54] [Phase 4/5] dump_level_pools → refresh stage-data
[20:56:54]   CMD [attempt 1/2]: D:\software\Python 3.13.2\python.exe -X utf8 D:\download\BlastGame\hermes\tools\dump_level_pools.py
[20:56:58]     可靠池覆盖分布:
[20:56:58]     ✅ D:\download\BlastGame\hermes\stage-data\_summary.json
[20:56:58]     总计: 150 关, 2075 条可靠, 2234 条参考
[20:56:58]     ✅ 完成！stage-data 已更新。
[20:56:58] [Phase 5/5] judge_level → review & verdict
[20:56:58]   🔄 L154 [superhard] r3/6: 不合格 — 下一轮(3/6) — 42.6% → 31.2% → 22.1% → 14.3% → 5.0%
[20:56:58]     • T1→T2 gap=11.3<15pp (接近)
[20:56:58]     • T2→T3 gap=9.1<15pp (接近)
[20:56:58]     • T3→T4 gap=7.9<10pp (接近)
[20:56:58]   🔄 L165 [normal] r3/6: 不合格 — 下一轮(3/6) — 76.2% → 76.2% → 54.8% → 42.8% → 42.8%
[20:56:58]     • 硬性违规: Normal T3=54.8<60%
[20:56:58]     • T3→T5 gap=11.9<15pp (接近)
[20:56:59]   🔄 L182 [normal] r3/6: 不合格 — 下一轮(3/6) — 66.5% → 66.5% → 52.8% → 39.5% → 39.5%
[20:56:59]     • 硬性违规: Normal T3=52.8<60%
[20:56:59]     • T1→T3 gap=13.8<20pp (接近)
[20:56:59]     • 硬性违规: 目标偏差超标 — T1=66.5% 离目标85%偏差18.5pp>15.0pp; T2=66.5% 离目标85%偏差18.5pp>15.0pp
[20:56:59]   🔄 L198 [normal] r3/6: 不合格 — 下一轮(3/6) — 75.3% → 75.3% → 56.7% → 33.1% → 33.1%
[20:56:59]     • 硬性违规: Normal T3=56.7<60%
[20:56:59]     • 硬性违规: 目标偏差超标 — T4=33.1% 离目标50%偏差16.9pp>15.0pp; T5=33.1% 离目标50%偏差16.9pp>15.0pp
[20:56:59]   Round 4 done: 1 passed, 4 pending, 0 failed
[20:56:59] 
[20:56:59] ————————————————————————————————————————————————————————————
[20:56:59]  ROUND 5/6
[20:56:59]  Pending (4): 154, 165, 182, 198
[20:56:59] ————————————————————————————————————————————————————————————
[20:56:59] 
[20:56:59] [Phase 1/5] agent_analyze → combo + design_probes
[20:56:59]   CMD [attempt 1/2]: D:\software\Python 3.13.2\python.exe -X utf8 D:\download\BlastGame\hermes\tools\planner.py --levels 154,165,182,198 --output json
[21:05:18]   L154: 5 probes, judge=接近, combo quality=47.9
[21:05:18]   L154: 5/5 tiers configured
[21:05:18]   L165: 5 probes, judge=不合格, combo quality=57.3
[21:05:18]   L165: 5/5 tiers configured
[21:05:18]   L182: 5 probes, judge=不合格, combo quality=177.0
[21:05:18]   L182: 5/5 tiers configured
[21:05:18]   L198: 5 probes, judge=不合格, combo quality=104.4
[21:05:18]   L198: 5/5 tiers configured
[21:05:18] [Phase 2/5] apply_probes → write asset
[21:05:18]   probe_configs.json updated: 4 levels
[21:05:18]   CMD [attempt 1/2]: D:\software\Python 3.13.2\python.exe -X utf8 D:\download\BlastGame\hermes\tools\apply_probes.py 154,165,182,198
[21:05:18]     L154: ✅ Warden 通过 (sd跨度/5槽/ratios多样性)
[21:05:18]     L154: ✅ 写入成功
[21:05:18]     L165: ✅ Warden 通过 (sd跨度/5槽/ratios多样性)
[21:05:18]     L165: ✅ 写入成功
[21:05:18]     L182: ✅ Warden 通过 (sd跨度/5槽/ratios多样性)
[21:05:18]     L182: ✅ 写入成功
[21:05:18]     L198: ✅ Warden 通过 (sd跨度/5槽/ratios多样性)
[21:05:18]     L198: ✅ 写入成功
[21:05:18]     ✅ 全部完成
[21:05:18] [Preflight] asset & config check...
[21:05:18]   ✅ Preflight passed
[21:05:18] [Warden] pre-batch check...
[21:05:18]   ✅ Warden passed
[21:05:18] [Phase 3/5] submit_batch_unity → Unity bot batch
[21:05:18]   adaptive_stop=ON (round 5/6)
[21:05:18]   Submitting Unity batch: 4 levels × 5 tiers, timeout=7200s (120min)
[21:05:18]   CMD [attempt 1/2]: D:\software\Python 3.13.2\python.exe -X utf8 D:\download\BlastGame\hermes\scripts\submit_batch_unity.py 154,165,182,198 --tiers {'sd': 20, 'sc': 5, 'ratios': '1,1,1,1,1', 'of': 0.5},{'sd': 40, 'sc': 5, 'ratios': '10,10,1,1,1', 'of': 0.5},{'sd': 50, 'sc': 5, 'ratios': '1,1,1,1,1', 'of': 0.7},{'sd': 40, 'sc': 5, 'ratios': '10,1,1,1,10', 'of': 0.5},{'sd': 45, 'sc': 5, 'ratios': '1,1,10,1,1', 'of': 0.7} --games 400 --strategy scoring_opt_vg --yes --skip-agent-pipeline --adaptive-stop
[21:05:27]   Unity batch completed
[21:05:27]     === DONE ===
[21:05:27] [Phase 4/5] dump_level_pools → refresh stage-data
[21:05:27]   CMD [attempt 1/2]: D:\software\Python 3.13.2\python.exe -X utf8 D:\download\BlastGame\hermes\tools\dump_level_pools.py
[21:05:31]     可靠池覆盖分布:
[21:05:31]     ✅ D:\download\BlastGame\hermes\stage-data\_summary.json
[21:05:31]     总计: 150 关, 2075 条可靠, 2234 条参考
[21:05:31]     ✅ 完成！stage-data 已更新。
[21:05:31] [Phase 5/5] judge_level → review & verdict
[21:05:31]   🔄 L154 [superhard] r4/6: 不合格 — 下一轮(4/6) — 42.6% → 31.2% → 22.1% → 14.3% → 5.0%
[21:05:31]     • T1→T2 gap=11.3<15pp (接近)
[21:05:31]     • T2→T3 gap=9.1<15pp (接近)
[21:05:31]     • T3→T4 gap=7.9<10pp (接近)
[21:05:31]   🔄 L165 [normal] r4/6: 不合格 — 下一轮(4/6) — 76.2% → 76.2% → 54.8% → 42.8% → 42.8%
[21:05:31]     • 硬性违规: Normal T3=54.8<60%
[21:05:31]     • T3→T5 gap=11.9<15pp (接近)
[21:05:32]   🔄 L182 [normal] r4/6: 不合格 — 下一轮(4/6) — 66.5% → 66.5% → 52.8% → 39.5% → 39.5%
[21:05:32]     • 硬性违规: Normal T3=52.8<60%
[21:05:32]     • T1→T3 gap=13.8<20pp (接近)
[21:05:32]     • 硬性违规: 目标偏差超标 — T1=66.5% 离目标85%偏差18.5pp>15.0pp; T2=66.5% 离目标85%偏差18.5pp>15.0pp
[21:05:32]   🔄 L198 [normal] r4/6: 不合格 — 下一轮(4/6) — 75.3% → 75.3% → 56.7% → 33.1% → 33.1%
[21:05:32]     • 硬性违规: Normal T3=56.7<60%
[21:05:32]     • 硬性违规: 目标偏差超标 — T4=33.1% 离目标50%偏差16.9pp>15.0pp; T5=33.1% 离目标50%偏差16.9pp>15.0pp
[21:05:32]   Round 5 done: 1 passed, 4 pending, 0 failed
[21:05:32] 
[21:05:32] ————————————————————————————————————————————————————————————
[21:05:32]  ROUND 6/6
[21:05:32]  Pending (4): 154, 165, 182, 198
[21:05:32] ————————————————————————————————————————————————————————————
[21:05:32] 
[21:05:32] [Phase 1/5] agent_analyze → combo + design_probes
[21:05:32]   CMD [attempt 1/2]: D:\software\Python 3.13.2\python.exe -X utf8 D:\download\BlastGame\hermes\tools\planner.py --levels 154,165,182,198 --output json
[21:13:52]   L154: 5 probes, judge=接近, combo quality=47.9
[21:13:52]   L154: 5/5 tiers configured
[21:13:52]   L165: 5 probes, judge=不合格, combo quality=57.3
[21:13:52]   L165: 5/5 tiers configured
[21:13:52]   L182: 5 probes, judge=不合格, combo quality=177.0
[21:13:52]   L182: 5/5 tiers configured
[21:13:52]   L198: 5 probes, judge=不合格, combo quality=104.4
[21:13:52]   L198: 5/5 tiers configured
[21:13:52] [Phase 2/5] apply_probes → write asset
[21:13:52]   probe_configs.json updated: 4 levels
[21:13:52]   CMD [attempt 1/2]: D:\software\Python 3.13.2\python.exe -X utf8 D:\download\BlastGame\hermes\tools\apply_probes.py 154,165,182,198
[21:13:52]     L154: ✅ Warden 通过 (sd跨度/5槽/ratios多样性)
[21:13:52]     L154: ✅ 写入成功
[21:13:52]     L165: ✅ Warden 通过 (sd跨度/5槽/ratios多样性)
[21:13:52]     L165: ✅ 写入成功
[21:13:52]     L182: ✅ Warden 通过 (sd跨度/5槽/ratios多样性)
[21:13:52]     L182: ✅ 写入成功
[21:13:52]     L198: ✅ Warden 通过 (sd跨度/5槽/ratios多样性)
[21:13:52]     L198: ✅ 写入成功
[21:13:52]     ✅ 全部完成
[21:13:52] [Preflight] asset & config check...
[21:13:52]   ✅ Preflight passed
[21:13:52] [Warden] pre-batch check...
[21:13:52]   ✅ Warden passed
[21:13:52] [Phase 3/5] submit_batch_unity → Unity bot batch
[21:13:52]   adaptive_stop=OFF (round 6/6)
[21:13:52]   Submitting Unity batch: 4 levels × 5 tiers, timeout=7200s (120min)
[21:13:52]   CMD [attempt 1/2]: D:\software\Python 3.13.2\python.exe -X utf8 D:\download\BlastGame\hermes\scripts\submit_batch_unity.py 154,165,182,198 --tiers {'sd': 20, 'sc': 5, 'ratios': '1,1,1,1,1', 'of': 0.5},{'sd': 40, 'sc': 5, 'ratios': '10,10,1,1,1', 'of': 0.5},{'sd': 50, 'sc': 5, 'ratios': '1,1,1,1,1', 'of': 0.7},{'sd': 40, 'sc': 5, 'ratios': '10,1,1,1,10', 'of': 0.5},{'sd': 45, 'sc': 5, 'ratios': '1,1,10,1,1', 'of': 0.7} --games 400 --strategy scoring_opt_vg --yes --skip-agent-pipeline
[21:14:01]   Unity batch completed
[21:14:01]     === DONE ===
[21:14:01] [Phase 4/5] dump_level_pools → refresh stage-data
[21:14:01]   CMD [attempt 1/2]: D:\software\Python 3.13.2\python.exe -X utf8 D:\download\BlastGame\hermes\tools\dump_level_pools.py
[21:14:05]     可靠池覆盖分布:
[21:14:05]     ✅ D:\download\BlastGame\hermes\stage-data\_summary.json
[21:14:05]     总计: 150 关, 2075 条可靠, 2234 条参考
[21:14:05]     ✅ 完成！stage-data 已更新。
[21:14:05] [Phase 5/5] judge_level → review & verdict
[21:14:05]   🔄 L154 [superhard] r5/6: 不合格 — 下一轮(5/6) — 42.6% → 31.2% → 22.1% → 14.3% → 5.0%
[21:14:05]     • T1→T2 gap=11.3<15pp (接近)
[21:14:05]     • T2→T3 gap=9.1<15pp (接近)
[21:14:05]     • T3→T4 gap=7.9<10pp (接近)
[21:14:05]   🔄 L165 [normal] r5/6: 不合格 — 下一轮(5/6) — 76.2% → 76.2% → 54.8% → 42.8% → 42.8%
[21:14:05]     • 硬性违规: Normal T3=54.8<60%
[21:14:05]     • T3→T5 gap=11.9<15pp (接近)
[21:14:06]   🔄 L182 [normal] r5/6: 不合格 — 下一轮(5/6) — 66.5% → 66.5% → 52.8% → 39.5% → 39.5%
[21:14:06]     • 硬性违规: Normal T3=52.8<60%
[21:14:06]     • T1→T3 gap=13.8<20pp (接近)
[21:14:06]     • 硬性违规: 目标偏差超标 — T1=66.5% 离目标85%偏差18.5pp>15.0pp; T2=66.5% 离目标85%偏差18.5pp>15.0pp
[21:14:06]   🔄 L198 [normal] r5/6: 不合格 — 下一轮(5/6) — 75.3% → 75.3% → 56.7% → 33.1% → 33.1%
[21:14:06]     • 硬性违规: Normal T3=56.7<60%
[21:14:06]     • 硬性违规: 目标偏差超标 — T4=33.1% 离目标50%偏差16.9pp>15.0pp; T5=33.1% 离目标50%偏差16.9pp>15.0pp
[21:14:06]   Round 6 done: 1 passed, 4 pending, 0 failed
[21:14:06] 
[21:14:06] ============================================================
[21:14:06]  FINAL SUMMARY
[21:14:06] ============================================================
[21:14:06]  ✅ Passed (入库):  1 levels
[21:14:06]     L162 [hard] r0  65.8% → 47.0% → 30.3% → 18.8% → 11.2%
[21:14:06]  ❌ Failed (改关卡): 0 levels
[21:14:06]  ⚠ Errors:           0 levels
[21:14:06]  🔄 Still pending:    4 levels
[21:14:06]     L154
[21:14:06]     L165
[21:14:06]     L182
[21:14:06]     L198
[21:14:06] 
[21:14:06]  Full log: D:\download\BlastGame\hermes\auto-log\20260805_201729.log
[21:14:06]  Curator: pattern analysis complete
